ARM GAS  /var/folders/2r/mdtt8xvd351gdc398t28_m2m0000gn/T//cc4OEAqb.s 			page 1


   1              		.cpu cortex-m7
   2              		.arch armv7e-m
   3              		.fpu fpv5-d16
   4              		.eabi_attribute 20, 1
   5              		.eabi_attribute 21, 1
   6              		.eabi_attribute 23, 3
   7              		.eabi_attribute 24, 1
   8              		.eabi_attribute 25, 1
   9              		.eabi_attribute 26, 1
  10              		.eabi_attribute 30, 1
  11              		.eabi_attribute 34, 1
  12              		.eabi_attribute 18, 4
  13              		.file	"clock_gettime.c"
  14              		.text
  15              	.Ltext0:
  16              		.cfi_sections	.debug_frame
  17              		.file 1 "../../micro_ros_stm32cubemx_utils/extra_sources/clock_gettime.c"
  18              		.section	.text.clock_gettime,"ax",%progbits
  19              		.align	1
  20              		.global	clock_gettime
  21              		.syntax unified
  22              		.thumb
  23              		.thumb_func
  25              	clock_gettime:
  26              	.LVL0:
  27              	.LFB4:
   1:../../micro_ros_stm32cubemx_utils/extra_sources/clock_gettime.c **** #include <time.h>
   2:../../micro_ros_stm32cubemx_utils/extra_sources/clock_gettime.c **** #include <errno.h>
   3:../../micro_ros_stm32cubemx_utils/extra_sources/clock_gettime.c **** #include "FreeRTOS.h"
   4:../../micro_ros_stm32cubemx_utils/extra_sources/clock_gettime.c **** #include "task.h"
   5:../../micro_ros_stm32cubemx_utils/extra_sources/clock_gettime.c **** 
   6:../../micro_ros_stm32cubemx_utils/extra_sources/clock_gettime.c **** // Implement POSIX clock_gettime() for micro-ROS
   7:../../micro_ros_stm32cubemx_utils/extra_sources/clock_gettime.c **** int clock_gettime(clockid_t clk_id, struct timespec *tp) {
  28              		.loc 1 7 58 view -0
  29              		.cfi_startproc
  30              		@ args = 0, pretend = 0, frame = 0
  31              		@ frame_needed = 0, uses_anonymous_args = 0
  32              		.loc 1 7 58 is_stmt 0 view .LVU1
  33 0000 10B5     		push	{r4, lr}
  34              	.LCFI0:
  35              		.cfi_def_cfa_offset 8
  36              		.cfi_offset 4, -8
  37              		.cfi_offset 14, -4
   8:../../micro_ros_stm32cubemx_utils/extra_sources/clock_gettime.c ****     (void)clk_id;
  38              		.loc 1 8 5 is_stmt 1 view .LVU2
   9:../../micro_ros_stm32cubemx_utils/extra_sources/clock_gettime.c ****     
  10:../../micro_ros_stm32cubemx_utils/extra_sources/clock_gettime.c ****     if (tp == NULL) {
  39              		.loc 1 10 5 view .LVU3
  40              		.loc 1 10 8 is_stmt 0 view .LVU4
  41 0002 B1B1     		cbz	r1, .L5
  42 0004 0C46     		mov	r4, r1
  11:../../micro_ros_stm32cubemx_utils/extra_sources/clock_gettime.c ****         errno = EFAULT;
  12:../../micro_ros_stm32cubemx_utils/extra_sources/clock_gettime.c ****         return -1;
  13:../../micro_ros_stm32cubemx_utils/extra_sources/clock_gettime.c ****     }
  14:../../micro_ros_stm32cubemx_utils/extra_sources/clock_gettime.c ****     
  15:../../micro_ros_stm32cubemx_utils/extra_sources/clock_gettime.c ****     // Get FreeRTOS tick count
  16:../../micro_ros_stm32cubemx_utils/extra_sources/clock_gettime.c ****     TickType_t ticks = xTaskGetTickCount();
ARM GAS  /var/folders/2r/mdtt8xvd351gdc398t28_m2m0000gn/T//cc4OEAqb.s 			page 2


  43              		.loc 1 16 5 is_stmt 1 view .LVU5
  44              		.loc 1 16 24 is_stmt 0 view .LVU6
  45 0006 FFF7FEFF 		bl	xTaskGetTickCount
  46              	.LVL1:
  47              		.loc 1 16 24 view .LVU7
  48 000a 0346     		mov	r3, r0
  49              	.LVL2:
  17:../../micro_ros_stm32cubemx_utils/extra_sources/clock_gettime.c ****     
  18:../../micro_ros_stm32cubemx_utils/extra_sources/clock_gettime.c ****     // Convert ticks to seconds and nanoseconds
  19:../../micro_ros_stm32cubemx_utils/extra_sources/clock_gettime.c ****     // Assuming configTICK_RATE_HZ = 1000 (1ms per tick)
  20:../../micro_ros_stm32cubemx_utils/extra_sources/clock_gettime.c ****     uint32_t tick_rate = configTICK_RATE_HZ;
  50              		.loc 1 20 5 is_stmt 1 view .LVU8
  21:../../micro_ros_stm32cubemx_utils/extra_sources/clock_gettime.c ****     
  22:../../micro_ros_stm32cubemx_utils/extra_sources/clock_gettime.c ****     tp->tv_sec = ticks / tick_rate;
  51              		.loc 1 22 5 view .LVU9
  52              		.loc 1 22 24 is_stmt 0 view .LVU10
  53 000c 0C49     		ldr	r1, .L6
  54 000e A1FB0302 		umull	r0, r2, r1, r3
  55              	.LVL3:
  56              		.loc 1 22 24 view .LVU11
  57 0012 9209     		lsrs	r2, r2, #6
  58 0014 0020     		movs	r0, #0
  59              		.loc 1 22 16 view .LVU12
  60 0016 2260     		str	r2, [r4]
  61 0018 6060     		str	r0, [r4, #4]
  23:../../micro_ros_stm32cubemx_utils/extra_sources/clock_gettime.c ****     tp->tv_nsec = ((ticks % tick_rate) * 1000000000UL) / tick_rate;
  62              		.loc 1 23 5 is_stmt 1 view .LVU13
  63              		.loc 1 23 27 is_stmt 0 view .LVU14
  64 001a 4FF47A7C 		mov	ip, #1000
  65 001e 0CFB1233 		mls	r3, ip, r2, r3
  66              	.LVL4:
  67              		.loc 1 23 40 view .LVU15
  68 0022 084A     		ldr	r2, .L6+4
  69 0024 02FB03F3 		mul	r3, r2, r3
  70              		.loc 1 23 56 view .LVU16
  71 0028 A1FB0313 		umull	r1, r3, r1, r3
  72 002c 9B09     		lsrs	r3, r3, #6
  73              		.loc 1 23 17 view .LVU17
  74 002e A360     		str	r3, [r4, #8]
  24:../../micro_ros_stm32cubemx_utils/extra_sources/clock_gettime.c ****     
  25:../../micro_ros_stm32cubemx_utils/extra_sources/clock_gettime.c ****     return 0;
  75              		.loc 1 25 5 is_stmt 1 view .LVU18
  76              	.LVL5:
  77              	.L1:
  26:../../micro_ros_stm32cubemx_utils/extra_sources/clock_gettime.c **** }
  78              		.loc 1 26 1 is_stmt 0 view .LVU19
  79 0030 10BD     		pop	{r4, pc}
  80              	.LVL6:
  81              	.L5:
  11:../../micro_ros_stm32cubemx_utils/extra_sources/clock_gettime.c ****         return -1;
  82              		.loc 1 11 9 is_stmt 1 view .LVU20
  83 0032 FFF7FEFF 		bl	__errno
  84              	.LVL7:
  11:../../micro_ros_stm32cubemx_utils/extra_sources/clock_gettime.c ****         return -1;
  85              		.loc 1 11 15 is_stmt 0 discriminator 1 view .LVU21
  86 0036 0E23     		movs	r3, #14
  87 0038 0360     		str	r3, [r0]
ARM GAS  /var/folders/2r/mdtt8xvd351gdc398t28_m2m0000gn/T//cc4OEAqb.s 			page 3


  12:../../micro_ros_stm32cubemx_utils/extra_sources/clock_gettime.c ****     }
  88              		.loc 1 12 9 is_stmt 1 view .LVU22
  12:../../micro_ros_stm32cubemx_utils/extra_sources/clock_gettime.c ****     }
  89              		.loc 1 12 16 is_stmt 0 view .LVU23
  90 003a 4FF0FF30 		mov	r0, #-1
  91 003e F7E7     		b	.L1
  92              	.L7:
  93              		.align	2
  94              	.L6:
  95 0040 D34D6210 		.word	274877907
  96 0044 00CA9A3B 		.word	1000000000
  97              		.cfi_endproc
  98              	.LFE4:
 100              		.text
 101              	.Letext0:
 102              		.file 2 "/Applications/ArmGNUToolchain/14.3.rel1/arm-none-eabi/arm-none-eabi/include/machine/_defa
 103              		.file 3 "/Applications/ArmGNUToolchain/14.3.rel1/arm-none-eabi/arm-none-eabi/include/sys/_types.h"
 104              		.file 4 "/Applications/ArmGNUToolchain/14.3.rel1/arm-none-eabi/arm-none-eabi/include/sys/_stdint.h
 105              		.file 5 "/Applications/ArmGNUToolchain/14.3.rel1/arm-none-eabi/arm-none-eabi/include/sys/_timeval.
 106              		.file 6 "/Applications/ArmGNUToolchain/14.3.rel1/arm-none-eabi/arm-none-eabi/include/sys/_timespec
 107              		.file 7 "/Applications/ArmGNUToolchain/14.3.rel1/arm-none-eabi/arm-none-eabi/include/sys/types.h"
 108              		.file 8 "../../Middlewares/Third_Party/FreeRTOS/Source/portable/GCC/ARM_CM4F/portmacro.h"
 109              		.file 9 "../../Middlewares/Third_Party/FreeRTOS/Source/include/task.h"
 110              		.file 10 "/Applications/ArmGNUToolchain/14.3.rel1/arm-none-eabi/arm-none-eabi/include/sys/errno.h"
ARM GAS  /var/folders/2r/mdtt8xvd351gdc398t28_m2m0000gn/T//cc4OEAqb.s 			page 4


DEFINED SYMBOLS
                            *ABS*:00000000 clock_gettime.c
/var/folders/2r/mdtt8xvd351gdc398t28_m2m0000gn/T//cc4OEAqb.s:19     .text.clock_gettime:00000000 $t
/var/folders/2r/mdtt8xvd351gdc398t28_m2m0000gn/T//cc4OEAqb.s:25     .text.clock_gettime:00000000 clock_gettime
/var/folders/2r/mdtt8xvd351gdc398t28_m2m0000gn/T//cc4OEAqb.s:95     .text.clock_gettime:00000040 $d

UNDEFINED SYMBOLS
xTaskGetTickCount
__errno
