ARM GAS  /var/folders/2r/mdtt8xvd351gdc398t28_m2m0000gn/T//ccRtZzv8.s 			page 1


   1              		.cpu cortex-m7
   2              		.arch armv7e-m
   3              		.fpu fpv5-d16
   4              		.eabi_attribute 20, 1
   5              		.eabi_attribute 21, 1
   6              		.eabi_attribute 23, 3
   7              		.eabi_attribute 24, 1
   8              		.eabi_attribute 25, 1
   9              		.eabi_attribute 26, 1
  10              		.eabi_attribute 30, 1
  11              		.eabi_attribute 34, 1
  12              		.eabi_attribute 18, 4
  13              		.file	"custom_transport.c"
  14              		.text
  15              	.Ltext0:
  16              		.cfi_sections	.debug_frame
  17              		.file 1 "../../micro_ros_stm32cubemx_utils/extra_sources/microros_transports/custom_transport.c"
  18              		.section	.text.udp_recv_callback,"ax",%progbits
  19              		.align	1
  20              		.syntax unified
  21              		.thumb
  22              		.thumb_func
  24              	udp_recv_callback:
  25              	.LVL0:
  26              	.LFB174:
   1:../../micro_ros_stm32cubemx_utils/extra_sources/microros_transports/custom_transport.c **** //============================================================================
   2:../../micro_ros_stm32cubemx_utils/extra_sources/microros_transports/custom_transport.c **** // OPTIMIZED TRANSPORT - RAW UDP API
   3:../../micro_ros_stm32cubemx_utils/extra_sources/microros_transports/custom_transport.c **** //============================================================================
   4:../../micro_ros_stm32cubemx_utils/extra_sources/microros_transports/custom_transport.c **** 
   5:../../micro_ros_stm32cubemx_utils/extra_sources/microros_transports/custom_transport.c **** #include <uxr/client/profile/transport/custom/custom_transport.h>
   6:../../micro_ros_stm32cubemx_utils/extra_sources/microros_transports/custom_transport.c **** #include "lwip/udp.h"
   7:../../micro_ros_stm32cubemx_utils/extra_sources/microros_transports/custom_transport.c **** #include "lwip/ip_addr.h"
   8:../../micro_ros_stm32cubemx_utils/extra_sources/microros_transports/custom_transport.c **** #include <string.h>
   9:../../micro_ros_stm32cubemx_utils/extra_sources/microros_transports/custom_transport.c **** #include "cmsis_os.h"
  10:../../micro_ros_stm32cubemx_utils/extra_sources/microros_transports/custom_transport.c **** 
  11:../../micro_ros_stm32cubemx_utils/extra_sources/microros_transports/custom_transport.c **** #define AGENT_IP_ADDR   "192.168.0.8"
  12:../../micro_ros_stm32cubemx_utils/extra_sources/microros_transports/custom_transport.c **** #define AGENT_PORT      8888
  13:../../micro_ros_stm32cubemx_utils/extra_sources/microros_transports/custom_transport.c **** #define LOCAL_PORT      8888
  14:../../micro_ros_stm32cubemx_utils/extra_sources/microros_transports/custom_transport.c **** 
  15:../../micro_ros_stm32cubemx_utils/extra_sources/microros_transports/custom_transport.c **** static struct udp_pcb *uros_pcb = NULL;
  16:../../micro_ros_stm32cubemx_utils/extra_sources/microros_transports/custom_transport.c **** static uint8_t rx_buffer[2048];
  17:../../micro_ros_stm32cubemx_utils/extra_sources/microros_transports/custom_transport.c **** static volatile uint16_t rx_data_len = 0;
  18:../../micro_ros_stm32cubemx_utils/extra_sources/microros_transports/custom_transport.c **** static volatile bool rx_data_ready = false;
  19:../../micro_ros_stm32cubemx_utils/extra_sources/microros_transports/custom_transport.c **** 
  20:../../micro_ros_stm32cubemx_utils/extra_sources/microros_transports/custom_transport.c **** // UDP receive callback
  21:../../micro_ros_stm32cubemx_utils/extra_sources/microros_transports/custom_transport.c **** static void udp_recv_callback(void *arg, struct udp_pcb *pcb,
  22:../../micro_ros_stm32cubemx_utils/extra_sources/microros_transports/custom_transport.c ****                                struct pbuf *p, const ip_addr_t *addr, u16_t port)
  23:../../micro_ros_stm32cubemx_utils/extra_sources/microros_transports/custom_transport.c **** {
  27              		.loc 1 23 1 view -0
  28              		.cfi_startproc
  29              		@ args = 4, pretend = 0, frame = 0
  30              		@ frame_needed = 0, uses_anonymous_args = 0
  24:../../micro_ros_stm32cubemx_utils/extra_sources/microros_transports/custom_transport.c ****     if (p != NULL && p->tot_len <= sizeof(rx_buffer)) {
  31              		.loc 1 24 5 view .LVU1
  32              		.loc 1 24 8 is_stmt 0 view .LVU2
  33 0000 C2B1     		cbz	r2, .L5
  23:../../micro_ros_stm32cubemx_utils/extra_sources/microros_transports/custom_transport.c ****     if (p != NULL && p->tot_len <= sizeof(rx_buffer)) {
ARM GAS  /var/folders/2r/mdtt8xvd351gdc398t28_m2m0000gn/T//ccRtZzv8.s 			page 2


  34              		.loc 1 23 1 view .LVU3
  35 0002 10B5     		push	{r4, lr}
  36              	.LCFI0:
  37              		.cfi_def_cfa_offset 8
  38              		.cfi_offset 4, -8
  39              		.cfi_offset 14, -4
  40 0004 1446     		mov	r4, r2
  41              		.loc 1 24 23 discriminator 1 view .LVU4
  42 0006 1289     		ldrh	r2, [r2, #8]
  43              	.LVL1:
  44              		.loc 1 24 19 discriminator 1 view .LVU5
  45 0008 B2F5006F 		cmp	r2, #2048
  46 000c 0ED8     		bhi	.L3
  25:../../micro_ros_stm32cubemx_utils/extra_sources/microros_transports/custom_transport.c ****         pbuf_copy_partial(p, (void*)rx_buffer, p->tot_len, 0);
  47              		.loc 1 25 9 is_stmt 1 view .LVU6
  48 000e 0023     		movs	r3, #0
  49              	.LVL2:
  50              		.loc 1 25 9 is_stmt 0 view .LVU7
  51 0010 0949     		ldr	r1, .L8
  52              	.LVL3:
  53              		.loc 1 25 9 view .LVU8
  54 0012 2046     		mov	r0, r4
  55              	.LVL4:
  56              		.loc 1 25 9 view .LVU9
  57 0014 FFF7FEFF 		bl	pbuf_copy_partial
  58              	.LVL5:
  26:../../micro_ros_stm32cubemx_utils/extra_sources/microros_transports/custom_transport.c ****         rx_data_len = p->tot_len;
  59              		.loc 1 26 9 is_stmt 1 view .LVU10
  60              		.loc 1 26 24 is_stmt 0 view .LVU11
  61 0018 2289     		ldrh	r2, [r4, #8]
  62              		.loc 1 26 21 view .LVU12
  63 001a 084B     		ldr	r3, .L8+4
  64 001c 1A80     		strh	r2, [r3]	@ movhi
  27:../../micro_ros_stm32cubemx_utils/extra_sources/microros_transports/custom_transport.c ****         rx_data_ready = true;
  65              		.loc 1 27 9 is_stmt 1 view .LVU13
  66              		.loc 1 27 23 is_stmt 0 view .LVU14
  67 001e 084B     		ldr	r3, .L8+8
  68 0020 0122     		movs	r2, #1
  69 0022 1A70     		strb	r2, [r3]
  28:../../micro_ros_stm32cubemx_utils/extra_sources/microros_transports/custom_transport.c ****         pbuf_free(p);
  70              		.loc 1 28 9 is_stmt 1 view .LVU15
  71 0024 2046     		mov	r0, r4
  72 0026 FFF7FEFF 		bl	pbuf_free
  73              	.LVL6:
  74              	.L1:
  29:../../micro_ros_stm32cubemx_utils/extra_sources/microros_transports/custom_transport.c ****     } else if (p != NULL) {
  30:../../micro_ros_stm32cubemx_utils/extra_sources/microros_transports/custom_transport.c ****         pbuf_free(p);
  31:../../micro_ros_stm32cubemx_utils/extra_sources/microros_transports/custom_transport.c ****     }
  32:../../micro_ros_stm32cubemx_utils/extra_sources/microros_transports/custom_transport.c **** }
  75              		.loc 1 32 1 is_stmt 0 view .LVU16
  76 002a 10BD     		pop	{r4, pc}
  77              	.LVL7:
  78              	.L3:
  29:../../micro_ros_stm32cubemx_utils/extra_sources/microros_transports/custom_transport.c ****     } else if (p != NULL) {
  79              		.loc 1 29 12 is_stmt 1 view .LVU17
  30:../../micro_ros_stm32cubemx_utils/extra_sources/microros_transports/custom_transport.c ****     }
  80              		.loc 1 30 9 view .LVU18
ARM GAS  /var/folders/2r/mdtt8xvd351gdc398t28_m2m0000gn/T//ccRtZzv8.s 			page 3


  81 002c 2046     		mov	r0, r4
  82              	.LVL8:
  30:../../micro_ros_stm32cubemx_utils/extra_sources/microros_transports/custom_transport.c ****     }
  83              		.loc 1 30 9 is_stmt 0 view .LVU19
  84 002e FFF7FEFF 		bl	pbuf_free
  85              	.LVL9:
  86              		.loc 1 32 1 view .LVU20
  87 0032 FAE7     		b	.L1
  88              	.LVL10:
  89              	.L5:
  90              	.LCFI1:
  91              		.cfi_def_cfa_offset 0
  92              		.cfi_restore 4
  93              		.cfi_restore 14
  94              		.loc 1 32 1 view .LVU21
  95 0034 7047     		bx	lr
  96              	.L9:
  97 0036 00BF     		.align	2
  98              	.L8:
  99 0038 00000000 		.word	rx_buffer
 100 003c 00000000 		.word	rx_data_len
 101 0040 00000000 		.word	rx_data_ready
 102              		.cfi_endproc
 103              	.LFE174:
 105              		.section	.rodata.cubemx_transport_open.str1.4,"aMS",%progbits,1
 106              		.align	2
 107              	.LC0:
 108 0000 3139322E 		.ascii	"192.168.0.8\000"
 108      3136382E 
 108      302E3800 
 109              		.section	.text.cubemx_transport_open,"ax",%progbits
 110              		.align	1
 111              		.global	cubemx_transport_open
 112              		.syntax unified
 113              		.thumb
 114              		.thumb_func
 116              	cubemx_transport_open:
 117              	.LVL11:
 118              	.LFB175:
  33:../../micro_ros_stm32cubemx_utils/extra_sources/microros_transports/custom_transport.c **** 
  34:../../micro_ros_stm32cubemx_utils/extra_sources/microros_transports/custom_transport.c **** bool cubemx_transport_open(struct uxrCustomTransport * transport)
  35:../../micro_ros_stm32cubemx_utils/extra_sources/microros_transports/custom_transport.c **** {
 119              		.loc 1 35 1 is_stmt 1 view -0
 120              		.cfi_startproc
 121              		@ args = 0, pretend = 0, frame = 8
 122              		@ frame_needed = 0, uses_anonymous_args = 0
 123              		.loc 1 35 1 is_stmt 0 view .LVU23
 124 0000 10B5     		push	{r4, lr}
 125              	.LCFI2:
 126              		.cfi_def_cfa_offset 8
 127              		.cfi_offset 4, -8
 128              		.cfi_offset 14, -4
 129 0002 82B0     		sub	sp, sp, #8
 130              	.LCFI3:
 131              		.cfi_def_cfa_offset 16
  36:../../micro_ros_stm32cubemx_utils/extra_sources/microros_transports/custom_transport.c ****     uros_pcb = udp_new();
 132              		.loc 1 36 5 is_stmt 1 view .LVU24
ARM GAS  /var/folders/2r/mdtt8xvd351gdc398t28_m2m0000gn/T//ccRtZzv8.s 			page 4


 133              		.loc 1 36 16 is_stmt 0 view .LVU25
 134 0004 FFF7FEFF 		bl	udp_new
 135              	.LVL12:
 136              		.loc 1 36 14 discriminator 1 view .LVU26
 137 0008 194B     		ldr	r3, .L18
 138 000a 1860     		str	r0, [r3]
  37:../../micro_ros_stm32cubemx_utils/extra_sources/microros_transports/custom_transport.c ****     if (uros_pcb == NULL) return false;
 139              		.loc 1 37 5 is_stmt 1 view .LVU27
 140              		.loc 1 37 8 is_stmt 0 view .LVU28
 141 000c 68B3     		cbz	r0, .L14
  38:../../micro_ros_stm32cubemx_utils/extra_sources/microros_transports/custom_transport.c **** 
  39:../../micro_ros_stm32cubemx_utils/extra_sources/microros_transports/custom_transport.c ****     if (udp_bind(uros_pcb, IP_ADDR_ANY, LOCAL_PORT) != ERR_OK) {
 142              		.loc 1 39 5 is_stmt 1 view .LVU29
 143              		.loc 1 39 9 is_stmt 0 view .LVU30
 144 000e 42F2B822 		movw	r2, #8888
 145 0012 1849     		ldr	r1, .L18+4
 146 0014 FFF7FEFF 		bl	udp_bind
 147              	.LVL13:
 148              		.loc 1 39 8 discriminator 1 view .LVU31
 149 0018 C8B9     		cbnz	r0, .L16
  40:../../micro_ros_stm32cubemx_utils/extra_sources/microros_transports/custom_transport.c ****         udp_remove(uros_pcb);
  41:../../micro_ros_stm32cubemx_utils/extra_sources/microros_transports/custom_transport.c ****         uros_pcb = NULL;
  42:../../micro_ros_stm32cubemx_utils/extra_sources/microros_transports/custom_transport.c ****         return false;
  43:../../micro_ros_stm32cubemx_utils/extra_sources/microros_transports/custom_transport.c ****     }
  44:../../micro_ros_stm32cubemx_utils/extra_sources/microros_transports/custom_transport.c **** 
  45:../../micro_ros_stm32cubemx_utils/extra_sources/microros_transports/custom_transport.c ****     ip_addr_t agent_ip;
 150              		.loc 1 45 5 is_stmt 1 view .LVU32
  46:../../micro_ros_stm32cubemx_utils/extra_sources/microros_transports/custom_transport.c ****     ipaddr_aton(AGENT_IP_ADDR, &agent_ip);
 151              		.loc 1 46 5 view .LVU33
 152 001a 01AC     		add	r4, sp, #4
 153 001c 2146     		mov	r1, r4
 154 001e 1648     		ldr	r0, .L18+8
 155 0020 FFF7FEFF 		bl	ip4addr_aton
 156              	.LVL14:
  47:../../micro_ros_stm32cubemx_utils/extra_sources/microros_transports/custom_transport.c **** 
  48:../../micro_ros_stm32cubemx_utils/extra_sources/microros_transports/custom_transport.c ****     if (udp_connect(uros_pcb, &agent_ip, AGENT_PORT) != ERR_OK) {
 157              		.loc 1 48 5 view .LVU34
 158              		.loc 1 48 9 is_stmt 0 view .LVU35
 159 0024 42F2B822 		movw	r2, #8888
 160 0028 2146     		mov	r1, r4
 161 002a 114B     		ldr	r3, .L18
 162 002c 1868     		ldr	r0, [r3]
 163 002e FFF7FEFF 		bl	udp_connect
 164              	.LVL15:
 165              		.loc 1 48 8 discriminator 1 view .LVU36
 166 0032 98B9     		cbnz	r0, .L17
  49:../../micro_ros_stm32cubemx_utils/extra_sources/microros_transports/custom_transport.c ****         udp_remove(uros_pcb);
  50:../../micro_ros_stm32cubemx_utils/extra_sources/microros_transports/custom_transport.c ****         uros_pcb = NULL;
  51:../../micro_ros_stm32cubemx_utils/extra_sources/microros_transports/custom_transport.c ****         return false;
  52:../../micro_ros_stm32cubemx_utils/extra_sources/microros_transports/custom_transport.c ****     }
  53:../../micro_ros_stm32cubemx_utils/extra_sources/microros_transports/custom_transport.c **** 
  54:../../micro_ros_stm32cubemx_utils/extra_sources/microros_transports/custom_transport.c ****     udp_recv(uros_pcb, udp_recv_callback, NULL);
 167              		.loc 1 54 5 is_stmt 1 view .LVU37
 168 0034 0022     		movs	r2, #0
 169 0036 1149     		ldr	r1, .L18+12
 170 0038 0D4B     		ldr	r3, .L18
 171 003a 1868     		ldr	r0, [r3]
ARM GAS  /var/folders/2r/mdtt8xvd351gdc398t28_m2m0000gn/T//ccRtZzv8.s 			page 5


 172 003c FFF7FEFF 		bl	udp_recv
 173              	.LVL16:
  55:../../micro_ros_stm32cubemx_utils/extra_sources/microros_transports/custom_transport.c ****     rx_data_ready = false;
 174              		.loc 1 55 5 view .LVU38
 175              		.loc 1 55 19 is_stmt 0 view .LVU39
 176 0040 0023     		movs	r3, #0
 177 0042 0F4A     		ldr	r2, .L18+16
 178 0044 1370     		strb	r3, [r2]
  56:../../micro_ros_stm32cubemx_utils/extra_sources/microros_transports/custom_transport.c ****     rx_data_len = 0;
 179              		.loc 1 56 5 is_stmt 1 view .LVU40
 180              		.loc 1 56 17 is_stmt 0 view .LVU41
 181 0046 0F4A     		ldr	r2, .L18+20
 182 0048 1380     		strh	r3, [r2]	@ movhi
  57:../../micro_ros_stm32cubemx_utils/extra_sources/microros_transports/custom_transport.c **** 
  58:../../micro_ros_stm32cubemx_utils/extra_sources/microros_transports/custom_transport.c ****     return true;
 183              		.loc 1 58 5 is_stmt 1 view .LVU42
 184              		.loc 1 58 12 is_stmt 0 view .LVU43
 185 004a 0120     		movs	r0, #1
 186 004c 0EE0     		b	.L11
 187              	.L16:
  40:../../micro_ros_stm32cubemx_utils/extra_sources/microros_transports/custom_transport.c ****         uros_pcb = NULL;
 188              		.loc 1 40 9 is_stmt 1 view .LVU44
 189 004e 084C     		ldr	r4, .L18
 190 0050 2068     		ldr	r0, [r4]
 191 0052 FFF7FEFF 		bl	udp_remove
 192              	.LVL17:
  41:../../micro_ros_stm32cubemx_utils/extra_sources/microros_transports/custom_transport.c ****         return false;
 193              		.loc 1 41 9 view .LVU45
  41:../../micro_ros_stm32cubemx_utils/extra_sources/microros_transports/custom_transport.c ****         return false;
 194              		.loc 1 41 18 is_stmt 0 view .LVU46
 195 0056 0020     		movs	r0, #0
 196 0058 2060     		str	r0, [r4]
  42:../../micro_ros_stm32cubemx_utils/extra_sources/microros_transports/custom_transport.c ****     }
 197              		.loc 1 42 9 is_stmt 1 view .LVU47
  42:../../micro_ros_stm32cubemx_utils/extra_sources/microros_transports/custom_transport.c ****     }
 198              		.loc 1 42 16 is_stmt 0 view .LVU48
 199 005a 07E0     		b	.L11
 200              	.L17:
  49:../../micro_ros_stm32cubemx_utils/extra_sources/microros_transports/custom_transport.c ****         uros_pcb = NULL;
 201              		.loc 1 49 9 is_stmt 1 view .LVU49
 202 005c 044C     		ldr	r4, .L18
 203 005e 2068     		ldr	r0, [r4]
 204 0060 FFF7FEFF 		bl	udp_remove
 205              	.LVL18:
  50:../../micro_ros_stm32cubemx_utils/extra_sources/microros_transports/custom_transport.c ****         return false;
 206              		.loc 1 50 9 view .LVU50
  50:../../micro_ros_stm32cubemx_utils/extra_sources/microros_transports/custom_transport.c ****         return false;
 207              		.loc 1 50 18 is_stmt 0 view .LVU51
 208 0064 0020     		movs	r0, #0
 209 0066 2060     		str	r0, [r4]
  51:../../micro_ros_stm32cubemx_utils/extra_sources/microros_transports/custom_transport.c ****     }
 210              		.loc 1 51 9 is_stmt 1 view .LVU52
  51:../../micro_ros_stm32cubemx_utils/extra_sources/microros_transports/custom_transport.c ****     }
 211              		.loc 1 51 16 is_stmt 0 view .LVU53
 212 0068 00E0     		b	.L11
 213              	.L14:
  37:../../micro_ros_stm32cubemx_utils/extra_sources/microros_transports/custom_transport.c **** 
ARM GAS  /var/folders/2r/mdtt8xvd351gdc398t28_m2m0000gn/T//ccRtZzv8.s 			page 6


 214              		.loc 1 37 34 discriminator 1 view .LVU54
 215 006a 0020     		movs	r0, #0
 216              	.L11:
  59:../../micro_ros_stm32cubemx_utils/extra_sources/microros_transports/custom_transport.c **** }
 217              		.loc 1 59 1 view .LVU55
 218 006c 02B0     		add	sp, sp, #8
 219              	.LCFI4:
 220              		.cfi_def_cfa_offset 8
 221              		@ sp needed
 222 006e 10BD     		pop	{r4, pc}
 223              	.L19:
 224              		.align	2
 225              	.L18:
 226 0070 00000000 		.word	uros_pcb
 227 0074 00000000 		.word	ip_addr_any
 228 0078 00000000 		.word	.LC0
 229 007c 00000000 		.word	udp_recv_callback
 230 0080 00000000 		.word	rx_data_ready
 231 0084 00000000 		.word	rx_data_len
 232              		.cfi_endproc
 233              	.LFE175:
 235              		.section	.text.cubemx_transport_close,"ax",%progbits
 236              		.align	1
 237              		.global	cubemx_transport_close
 238              		.syntax unified
 239              		.thumb
 240              		.thumb_func
 242              	cubemx_transport_close:
 243              	.LVL19:
 244              	.LFB176:
  60:../../micro_ros_stm32cubemx_utils/extra_sources/microros_transports/custom_transport.c **** 
  61:../../micro_ros_stm32cubemx_utils/extra_sources/microros_transports/custom_transport.c **** bool cubemx_transport_close(struct uxrCustomTransport * transport)
  62:../../micro_ros_stm32cubemx_utils/extra_sources/microros_transports/custom_transport.c **** {
 245              		.loc 1 62 1 is_stmt 1 view -0
 246              		.cfi_startproc
 247              		@ args = 0, pretend = 0, frame = 0
 248              		@ frame_needed = 0, uses_anonymous_args = 0
 249              		.loc 1 62 1 is_stmt 0 view .LVU57
 250 0000 08B5     		push	{r3, lr}
 251              	.LCFI5:
 252              		.cfi_def_cfa_offset 8
 253              		.cfi_offset 3, -8
 254              		.cfi_offset 14, -4
  63:../../micro_ros_stm32cubemx_utils/extra_sources/microros_transports/custom_transport.c ****     if (uros_pcb != NULL) {
 255              		.loc 1 63 5 is_stmt 1 view .LVU58
 256              		.loc 1 63 18 is_stmt 0 view .LVU59
 257 0002 054B     		ldr	r3, .L23
 258 0004 1868     		ldr	r0, [r3]
 259              	.LVL20:
 260              		.loc 1 63 8 view .LVU60
 261 0006 20B1     		cbz	r0, .L21
  64:../../micro_ros_stm32cubemx_utils/extra_sources/microros_transports/custom_transport.c ****         udp_remove(uros_pcb);
 262              		.loc 1 64 9 is_stmt 1 view .LVU61
 263 0008 FFF7FEFF 		bl	udp_remove
 264              	.LVL21:
  65:../../micro_ros_stm32cubemx_utils/extra_sources/microros_transports/custom_transport.c ****         uros_pcb = NULL;
 265              		.loc 1 65 9 view .LVU62
ARM GAS  /var/folders/2r/mdtt8xvd351gdc398t28_m2m0000gn/T//ccRtZzv8.s 			page 7


 266              		.loc 1 65 18 is_stmt 0 view .LVU63
 267 000c 024B     		ldr	r3, .L23
 268 000e 0022     		movs	r2, #0
 269 0010 1A60     		str	r2, [r3]
 270              	.L21:
  66:../../micro_ros_stm32cubemx_utils/extra_sources/microros_transports/custom_transport.c ****     }
  67:../../micro_ros_stm32cubemx_utils/extra_sources/microros_transports/custom_transport.c ****     return true;
 271              		.loc 1 67 5 is_stmt 1 view .LVU64
  68:../../micro_ros_stm32cubemx_utils/extra_sources/microros_transports/custom_transport.c **** }
 272              		.loc 1 68 1 is_stmt 0 view .LVU65
 273 0012 0120     		movs	r0, #1
 274 0014 08BD     		pop	{r3, pc}
 275              	.L24:
 276 0016 00BF     		.align	2
 277              	.L23:
 278 0018 00000000 		.word	uros_pcb
 279              		.cfi_endproc
 280              	.LFE176:
 282              		.section	.text.cubemx_transport_write,"ax",%progbits
 283              		.align	1
 284              		.global	cubemx_transport_write
 285              		.syntax unified
 286              		.thumb
 287              		.thumb_func
 289              	cubemx_transport_write:
 290              	.LVL22:
 291              	.LFB177:
  69:../../micro_ros_stm32cubemx_utils/extra_sources/microros_transports/custom_transport.c **** 
  70:../../micro_ros_stm32cubemx_utils/extra_sources/microros_transports/custom_transport.c **** size_t cubemx_transport_write(struct uxrCustomTransport* transport,
  71:../../micro_ros_stm32cubemx_utils/extra_sources/microros_transports/custom_transport.c ****                                const uint8_t *buf, size_t len, uint8_t *err)
  72:../../micro_ros_stm32cubemx_utils/extra_sources/microros_transports/custom_transport.c **** {
 292              		.loc 1 72 1 is_stmt 1 view -0
 293              		.cfi_startproc
 294              		@ args = 0, pretend = 0, frame = 0
 295              		@ frame_needed = 0, uses_anonymous_args = 0
 296              		.loc 1 72 1 is_stmt 0 view .LVU67
 297 0000 F8B5     		push	{r3, r4, r5, r6, r7, lr}
 298              	.LCFI6:
 299              		.cfi_def_cfa_offset 24
 300              		.cfi_offset 3, -24
 301              		.cfi_offset 4, -20
 302              		.cfi_offset 5, -16
 303              		.cfi_offset 6, -12
 304              		.cfi_offset 7, -8
 305              		.cfi_offset 14, -4
 306 0002 1446     		mov	r4, r2
 307 0004 1E46     		mov	r6, r3
  73:../../micro_ros_stm32cubemx_utils/extra_sources/microros_transports/custom_transport.c ****     if (uros_pcb == NULL) {
 308              		.loc 1 73 5 is_stmt 1 view .LVU68
 309              		.loc 1 73 18 is_stmt 0 view .LVU69
 310 0006 154A     		ldr	r2, .L34
 311              	.LVL23:
 312              		.loc 1 73 18 view .LVU70
 313 0008 1268     		ldr	r2, [r2]
 314              		.loc 1 73 8 view .LVU71
 315 000a DAB1     		cbz	r2, .L31
 316 000c 0F46     		mov	r7, r1
ARM GAS  /var/folders/2r/mdtt8xvd351gdc398t28_m2m0000gn/T//ccRtZzv8.s 			page 8


  74:../../micro_ros_stm32cubemx_utils/extra_sources/microros_transports/custom_transport.c ****         *err = 1;
  75:../../micro_ros_stm32cubemx_utils/extra_sources/microros_transports/custom_transport.c ****         return 0;
  76:../../micro_ros_stm32cubemx_utils/extra_sources/microros_transports/custom_transport.c ****     }
  77:../../micro_ros_stm32cubemx_utils/extra_sources/microros_transports/custom_transport.c **** 
  78:../../micro_ros_stm32cubemx_utils/extra_sources/microros_transports/custom_transport.c ****     struct pbuf *p = pbuf_alloc(PBUF_TRANSPORT, len, PBUF_RAM);
 317              		.loc 1 78 5 is_stmt 1 view .LVU72
 318              		.loc 1 78 22 is_stmt 0 view .LVU73
 319 000e 4FF42072 		mov	r2, #640
 320 0012 A1B2     		uxth	r1, r4
 321              	.LVL24:
 322              		.loc 1 78 22 view .LVU74
 323 0014 3620     		movs	r0, #54
 324              	.LVL25:
 325              		.loc 1 78 22 view .LVU75
 326 0016 FFF7FEFF 		bl	pbuf_alloc
 327              	.LVL26:
  79:../../micro_ros_stm32cubemx_utils/extra_sources/microros_transports/custom_transport.c ****     if (p == NULL) {
 328              		.loc 1 79 5 is_stmt 1 view .LVU76
 329              		.loc 1 79 8 is_stmt 0 view .LVU77
 330 001a 0546     		mov	r5, r0
 331 001c B0B1     		cbz	r0, .L32
  80:../../micro_ros_stm32cubemx_utils/extra_sources/microros_transports/custom_transport.c ****         *err = 1;
  81:../../micro_ros_stm32cubemx_utils/extra_sources/microros_transports/custom_transport.c ****         return 0;
  82:../../micro_ros_stm32cubemx_utils/extra_sources/microros_transports/custom_transport.c ****     }
  83:../../micro_ros_stm32cubemx_utils/extra_sources/microros_transports/custom_transport.c **** 
  84:../../micro_ros_stm32cubemx_utils/extra_sources/microros_transports/custom_transport.c ****     memcpy(p->payload, buf, len);
 332              		.loc 1 84 5 is_stmt 1 view .LVU78
 333 001e 2246     		mov	r2, r4
 334 0020 3946     		mov	r1, r7
 335 0022 4068     		ldr	r0, [r0, #4]
 336              	.LVL27:
 337              		.loc 1 84 5 is_stmt 0 view .LVU79
 338 0024 FFF7FEFF 		bl	memcpy
 339              	.LVL28:
  85:../../micro_ros_stm32cubemx_utils/extra_sources/microros_transports/custom_transport.c ****     err_t result = udp_send(uros_pcb, p);
 340              		.loc 1 85 5 is_stmt 1 view .LVU80
 341              		.loc 1 85 20 is_stmt 0 view .LVU81
 342 0028 2946     		mov	r1, r5
 343 002a 0C4B     		ldr	r3, .L34
 344 002c 1868     		ldr	r0, [r3]
 345 002e FFF7FEFF 		bl	udp_send
 346              	.LVL29:
 347 0032 0746     		mov	r7, r0
 348              	.LVL30:
  86:../../micro_ros_stm32cubemx_utils/extra_sources/microros_transports/custom_transport.c ****     pbuf_free(p);
 349              		.loc 1 86 5 is_stmt 1 view .LVU82
 350 0034 2846     		mov	r0, r5
 351 0036 FFF7FEFF 		bl	pbuf_free
 352              	.LVL31:
  87:../../micro_ros_stm32cubemx_utils/extra_sources/microros_transports/custom_transport.c **** 
  88:../../micro_ros_stm32cubemx_utils/extra_sources/microros_transports/custom_transport.c ****     if (result != ERR_OK) {
 353              		.loc 1 88 5 view .LVU83
 354              		.loc 1 88 8 is_stmt 0 view .LVU84
 355 003a 57B9     		cbnz	r7, .L33
  89:../../micro_ros_stm32cubemx_utils/extra_sources/microros_transports/custom_transport.c ****         *err = 1;
  90:../../micro_ros_stm32cubemx_utils/extra_sources/microros_transports/custom_transport.c ****         return 0;
  91:../../micro_ros_stm32cubemx_utils/extra_sources/microros_transports/custom_transport.c ****     }
ARM GAS  /var/folders/2r/mdtt8xvd351gdc398t28_m2m0000gn/T//ccRtZzv8.s 			page 9


  92:../../micro_ros_stm32cubemx_utils/extra_sources/microros_transports/custom_transport.c **** 
  93:../../micro_ros_stm32cubemx_utils/extra_sources/microros_transports/custom_transport.c ****     *err = 0;
 356              		.loc 1 93 5 is_stmt 1 view .LVU85
 357              		.loc 1 93 10 is_stmt 0 view .LVU86
 358 003c 0023     		movs	r3, #0
 359 003e 3370     		strb	r3, [r6]
  94:../../micro_ros_stm32cubemx_utils/extra_sources/microros_transports/custom_transport.c ****     return len;
 360              		.loc 1 94 5 is_stmt 1 view .LVU87
 361              		.loc 1 94 12 is_stmt 0 view .LVU88
 362 0040 2046     		mov	r0, r4
 363              	.LVL32:
 364              	.L25:
  95:../../micro_ros_stm32cubemx_utils/extra_sources/microros_transports/custom_transport.c **** }
 365              		.loc 1 95 1 view .LVU89
 366 0042 F8BD     		pop	{r3, r4, r5, r6, r7, pc}
 367              	.LVL33:
 368              	.L31:
  74:../../micro_ros_stm32cubemx_utils/extra_sources/microros_transports/custom_transport.c ****         return 0;
 369              		.loc 1 74 9 is_stmt 1 view .LVU90
  74:../../micro_ros_stm32cubemx_utils/extra_sources/microros_transports/custom_transport.c ****         return 0;
 370              		.loc 1 74 14 is_stmt 0 view .LVU91
 371 0044 0123     		movs	r3, #1
 372              	.LVL34:
  74:../../micro_ros_stm32cubemx_utils/extra_sources/microros_transports/custom_transport.c ****         return 0;
 373              		.loc 1 74 14 view .LVU92
 374 0046 3370     		strb	r3, [r6]
  75:../../micro_ros_stm32cubemx_utils/extra_sources/microros_transports/custom_transport.c ****     }
 375              		.loc 1 75 9 is_stmt 1 view .LVU93
  75:../../micro_ros_stm32cubemx_utils/extra_sources/microros_transports/custom_transport.c ****     }
 376              		.loc 1 75 16 is_stmt 0 view .LVU94
 377 0048 0020     		movs	r0, #0
 378              	.LVL35:
  75:../../micro_ros_stm32cubemx_utils/extra_sources/microros_transports/custom_transport.c ****     }
 379              		.loc 1 75 16 view .LVU95
 380 004a FAE7     		b	.L25
 381              	.LVL36:
 382              	.L32:
  80:../../micro_ros_stm32cubemx_utils/extra_sources/microros_transports/custom_transport.c ****         return 0;
 383              		.loc 1 80 9 is_stmt 1 view .LVU96
  80:../../micro_ros_stm32cubemx_utils/extra_sources/microros_transports/custom_transport.c ****         return 0;
 384              		.loc 1 80 14 is_stmt 0 view .LVU97
 385 004c 0123     		movs	r3, #1
 386 004e 3370     		strb	r3, [r6]
  81:../../micro_ros_stm32cubemx_utils/extra_sources/microros_transports/custom_transport.c ****     }
 387              		.loc 1 81 9 is_stmt 1 view .LVU98
  81:../../micro_ros_stm32cubemx_utils/extra_sources/microros_transports/custom_transport.c ****     }
 388              		.loc 1 81 16 is_stmt 0 view .LVU99
 389 0050 F7E7     		b	.L25
 390              	.LVL37:
 391              	.L33:
  89:../../micro_ros_stm32cubemx_utils/extra_sources/microros_transports/custom_transport.c ****         return 0;
 392              		.loc 1 89 9 is_stmt 1 view .LVU100
  89:../../micro_ros_stm32cubemx_utils/extra_sources/microros_transports/custom_transport.c ****         return 0;
 393              		.loc 1 89 14 is_stmt 0 view .LVU101
 394 0052 0123     		movs	r3, #1
 395 0054 3370     		strb	r3, [r6]
  90:../../micro_ros_stm32cubemx_utils/extra_sources/microros_transports/custom_transport.c ****     }
ARM GAS  /var/folders/2r/mdtt8xvd351gdc398t28_m2m0000gn/T//ccRtZzv8.s 			page 10


 396              		.loc 1 90 9 is_stmt 1 view .LVU102
  90:../../micro_ros_stm32cubemx_utils/extra_sources/microros_transports/custom_transport.c ****     }
 397              		.loc 1 90 16 is_stmt 0 view .LVU103
 398 0056 0020     		movs	r0, #0
 399 0058 F3E7     		b	.L25
 400              	.L35:
 401 005a 00BF     		.align	2
 402              	.L34:
 403 005c 00000000 		.word	uros_pcb
 404              		.cfi_endproc
 405              	.LFE177:
 407              		.section	.text.cubemx_transport_read,"ax",%progbits
 408              		.align	1
 409              		.global	cubemx_transport_read
 410              		.syntax unified
 411              		.thumb
 412              		.thumb_func
 414              	cubemx_transport_read:
 415              	.LVL38:
 416              	.LFB178:
  96:../../micro_ros_stm32cubemx_utils/extra_sources/microros_transports/custom_transport.c **** 
  97:../../micro_ros_stm32cubemx_utils/extra_sources/microros_transports/custom_transport.c **** size_t cubemx_transport_read(struct uxrCustomTransport* transport,
  98:../../micro_ros_stm32cubemx_utils/extra_sources/microros_transports/custom_transport.c ****                               uint8_t *buf, size_t len, int timeout, uint8_t *err)
  99:../../micro_ros_stm32cubemx_utils/extra_sources/microros_transports/custom_transport.c **** {
 417              		.loc 1 99 1 is_stmt 1 view -0
 418              		.cfi_startproc
 419              		@ args = 4, pretend = 0, frame = 0
 420              		@ frame_needed = 0, uses_anonymous_args = 0
 421              		.loc 1 99 1 is_stmt 0 view .LVU105
 422 0000 2DE9F041 		push	{r4, r5, r6, r7, r8, lr}
 423              	.LCFI7:
 424              		.cfi_def_cfa_offset 24
 425              		.cfi_offset 4, -24
 426              		.cfi_offset 5, -20
 427              		.cfi_offset 6, -16
 428              		.cfi_offset 7, -12
 429              		.cfi_offset 8, -8
 430              		.cfi_offset 14, -4
 431 0004 1D46     		mov	r5, r3
 100:../../micro_ros_stm32cubemx_utils/extra_sources/microros_transports/custom_transport.c ****     if (uros_pcb == NULL) {
 432              		.loc 1 100 5 is_stmt 1 view .LVU106
 433              		.loc 1 100 18 is_stmt 0 view .LVU107
 434 0006 1C4B     		ldr	r3, .L50
 435              	.LVL39:
 436              		.loc 1 100 18 view .LVU108
 437 0008 1B68     		ldr	r3, [r3]
 438              		.loc 1 100 8 view .LVU109
 439 000a 93B1     		cbz	r3, .L46
 440 000c 8846     		mov	r8, r1
 441 000e 1746     		mov	r7, r2
 101:../../micro_ros_stm32cubemx_utils/extra_sources/microros_transports/custom_transport.c ****         *err = 1;
 102:../../micro_ros_stm32cubemx_utils/extra_sources/microros_transports/custom_transport.c ****         return 0;
 103:../../micro_ros_stm32cubemx_utils/extra_sources/microros_transports/custom_transport.c ****     }
 104:../../micro_ros_stm32cubemx_utils/extra_sources/microros_transports/custom_transport.c **** 
 105:../../micro_ros_stm32cubemx_utils/extra_sources/microros_transports/custom_transport.c ****     uint32_t start_time = osKernelGetTickCount();
 442              		.loc 1 105 5 is_stmt 1 view .LVU110
 443              		.loc 1 105 27 is_stmt 0 view .LVU111
ARM GAS  /var/folders/2r/mdtt8xvd351gdc398t28_m2m0000gn/T//ccRtZzv8.s 			page 11


 444 0010 FFF7FEFF 		bl	osKernelGetTickCount
 445              	.LVL40:
 446              		.loc 1 105 27 view .LVU112
 447 0014 0646     		mov	r6, r0
 448              	.LVL41:
 106:../../micro_ros_stm32cubemx_utils/extra_sources/microros_transports/custom_transport.c ****     uint32_t timeout_ms = (timeout > 0) ? timeout : 100;
 449              		.loc 1 106 5 is_stmt 1 view .LVU113
 450              		.loc 1 106 51 is_stmt 0 view .LVU114
 451 0016 002D     		cmp	r5, #0
 452 0018 10DD     		ble	.L47
 453              	.LVL42:
 454              	.L40:
 107:../../micro_ros_stm32cubemx_utils/extra_sources/microros_transports/custom_transport.c **** 
 108:../../micro_ros_stm32cubemx_utils/extra_sources/microros_transports/custom_transport.c ****     while (!rx_data_ready) {
 455              		.loc 1 108 12 is_stmt 1 view .LVU115
 456 001a 184B     		ldr	r3, .L50+4
 457 001c 1C78     		ldrb	r4, [r3]	@ zero_extendqisi2
 458 001e A4B9     		cbnz	r4, .L48
 109:../../micro_ros_stm32cubemx_utils/extra_sources/microros_transports/custom_transport.c ****         if ((osKernelGetTickCount() - start_time) > timeout_ms) {
 459              		.loc 1 109 9 view .LVU116
 460              		.loc 1 109 14 is_stmt 0 view .LVU117
 461 0020 FFF7FEFF 		bl	osKernelGetTickCount
 462              	.LVL43:
 463              		.loc 1 109 37 discriminator 1 view .LVU118
 464 0024 801B     		subs	r0, r0, r6
 465              		.loc 1 109 12 discriminator 1 view .LVU119
 466 0026 A842     		cmp	r0, r5
 467 0028 0AD8     		bhi	.L49
 110:../../micro_ros_stm32cubemx_utils/extra_sources/microros_transports/custom_transport.c ****             *err = 1;
 111:../../micro_ros_stm32cubemx_utils/extra_sources/microros_transports/custom_transport.c ****             return 0;
 112:../../micro_ros_stm32cubemx_utils/extra_sources/microros_transports/custom_transport.c ****         }
 113:../../micro_ros_stm32cubemx_utils/extra_sources/microros_transports/custom_transport.c ****         osDelay(1);
 468              		.loc 1 113 9 is_stmt 1 view .LVU120
 469 002a 0120     		movs	r0, #1
 470 002c FFF7FEFF 		bl	osDelay
 471              	.LVL44:
 472 0030 F3E7     		b	.L40
 473              	.LVL45:
 474              	.L46:
 101:../../micro_ros_stm32cubemx_utils/extra_sources/microros_transports/custom_transport.c ****         return 0;
 475              		.loc 1 101 9 view .LVU121
 101:../../micro_ros_stm32cubemx_utils/extra_sources/microros_transports/custom_transport.c ****         return 0;
 476              		.loc 1 101 14 is_stmt 0 view .LVU122
 477 0032 0123     		movs	r3, #1
 478 0034 069A     		ldr	r2, [sp, #24]
 479              	.LVL46:
 101:../../micro_ros_stm32cubemx_utils/extra_sources/microros_transports/custom_transport.c ****         return 0;
 480              		.loc 1 101 14 view .LVU123
 481 0036 1370     		strb	r3, [r2]
 102:../../micro_ros_stm32cubemx_utils/extra_sources/microros_transports/custom_transport.c ****     }
 482              		.loc 1 102 9 is_stmt 1 view .LVU124
 102:../../micro_ros_stm32cubemx_utils/extra_sources/microros_transports/custom_transport.c ****     }
 483              		.loc 1 102 16 is_stmt 0 view .LVU125
 484 0038 0020     		movs	r0, #0
 485              	.LVL47:
 102:../../micro_ros_stm32cubemx_utils/extra_sources/microros_transports/custom_transport.c ****     }
 486              		.loc 1 102 16 view .LVU126
ARM GAS  /var/folders/2r/mdtt8xvd351gdc398t28_m2m0000gn/T//ccRtZzv8.s 			page 12


 487 003a 1BE0     		b	.L36
 488              	.LVL48:
 489              	.L47:
 106:../../micro_ros_stm32cubemx_utils/extra_sources/microros_transports/custom_transport.c **** 
 490              		.loc 1 106 51 discriminator 2 view .LVU127
 491 003c 6425     		movs	r5, #100
 492              	.LVL49:
 108:../../micro_ros_stm32cubemx_utils/extra_sources/microros_transports/custom_transport.c ****         if ((osKernelGetTickCount() - start_time) > timeout_ms) {
 493              		.loc 1 108 5 is_stmt 1 view .LVU128
 108:../../micro_ros_stm32cubemx_utils/extra_sources/microros_transports/custom_transport.c ****         if ((osKernelGetTickCount() - start_time) > timeout_ms) {
 494              		.loc 1 108 11 is_stmt 0 view .LVU129
 495 003e ECE7     		b	.L40
 496              	.LVL50:
 497              	.L49:
 110:../../micro_ros_stm32cubemx_utils/extra_sources/microros_transports/custom_transport.c ****             return 0;
 498              		.loc 1 110 13 is_stmt 1 view .LVU130
 110:../../micro_ros_stm32cubemx_utils/extra_sources/microros_transports/custom_transport.c ****             return 0;
 499              		.loc 1 110 18 is_stmt 0 view .LVU131
 500 0040 0123     		movs	r3, #1
 501 0042 069A     		ldr	r2, [sp, #24]
 502 0044 1370     		strb	r3, [r2]
 111:../../micro_ros_stm32cubemx_utils/extra_sources/microros_transports/custom_transport.c ****         }
 503              		.loc 1 111 13 is_stmt 1 view .LVU132
 111:../../micro_ros_stm32cubemx_utils/extra_sources/microros_transports/custom_transport.c ****         }
 504              		.loc 1 111 20 is_stmt 0 view .LVU133
 505 0046 0020     		movs	r0, #0
 506 0048 14E0     		b	.L36
 507              	.L48:
 114:../../micro_ros_stm32cubemx_utils/extra_sources/microros_transports/custom_transport.c ****     }
 115:../../micro_ros_stm32cubemx_utils/extra_sources/microros_transports/custom_transport.c **** 
 116:../../micro_ros_stm32cubemx_utils/extra_sources/microros_transports/custom_transport.c ****     size_t to_copy = (rx_data_len < len) ? rx_data_len : len;
 508              		.loc 1 116 5 is_stmt 1 view .LVU134
 509              		.loc 1 116 35 is_stmt 0 view .LVU135
 510 004a 0D4B     		ldr	r3, .L50+8
 511 004c 1B88     		ldrh	r3, [r3]
 512 004e 9BB2     		uxth	r3, r3
 513              		.loc 1 116 56 view .LVU136
 514 0050 BB42     		cmp	r3, r7
 515 0052 02D2     		bcs	.L43
 516              		.loc 1 116 56 discriminator 1 view .LVU137
 517 0054 0A4B     		ldr	r3, .L50+8
 518 0056 1F88     		ldrh	r7, [r3]
 519              	.LVL51:
 520              		.loc 1 116 56 discriminator 1 view .LVU138
 521 0058 BFB2     		uxth	r7, r7
 522              	.L43:
 523              	.LVL52:
 117:../../micro_ros_stm32cubemx_utils/extra_sources/microros_transports/custom_transport.c ****     memcpy(buf, (void*)rx_buffer, to_copy);
 524              		.loc 1 117 5 is_stmt 1 view .LVU139
 525 005a 3A46     		mov	r2, r7
 526 005c 0949     		ldr	r1, .L50+12
 527 005e 4046     		mov	r0, r8
 528 0060 FFF7FEFF 		bl	memcpy
 529              	.LVL53:
 118:../../micro_ros_stm32cubemx_utils/extra_sources/microros_transports/custom_transport.c **** 
 119:../../micro_ros_stm32cubemx_utils/extra_sources/microros_transports/custom_transport.c ****     rx_data_ready = false;
 530              		.loc 1 119 5 view .LVU140
ARM GAS  /var/folders/2r/mdtt8xvd351gdc398t28_m2m0000gn/T//ccRtZzv8.s 			page 13


 531              		.loc 1 119 19 is_stmt 0 view .LVU141
 532 0064 0023     		movs	r3, #0
 533 0066 054A     		ldr	r2, .L50+4
 534 0068 1370     		strb	r3, [r2]
 120:../../micro_ros_stm32cubemx_utils/extra_sources/microros_transports/custom_transport.c ****     rx_data_len = 0;
 535              		.loc 1 120 5 is_stmt 1 view .LVU142
 536              		.loc 1 120 17 is_stmt 0 view .LVU143
 537 006a 054A     		ldr	r2, .L50+8
 538 006c 1380     		strh	r3, [r2]	@ movhi
 121:../../micro_ros_stm32cubemx_utils/extra_sources/microros_transports/custom_transport.c **** 
 122:../../micro_ros_stm32cubemx_utils/extra_sources/microros_transports/custom_transport.c ****     *err = 0;
 539              		.loc 1 122 5 is_stmt 1 view .LVU144
 540              		.loc 1 122 10 is_stmt 0 view .LVU145
 541 006e 069A     		ldr	r2, [sp, #24]
 542 0070 1370     		strb	r3, [r2]
 123:../../micro_ros_stm32cubemx_utils/extra_sources/microros_transports/custom_transport.c ****     return to_copy;
 543              		.loc 1 123 5 is_stmt 1 view .LVU146
 544              		.loc 1 123 12 is_stmt 0 view .LVU147
 545 0072 3846     		mov	r0, r7
 546              	.LVL54:
 547              	.L36:
 124:../../micro_ros_stm32cubemx_utils/extra_sources/microros_transports/custom_transport.c **** }
 548              		.loc 1 124 1 view .LVU148
 549 0074 BDE8F081 		pop	{r4, r5, r6, r7, r8, pc}
 550              	.LVL55:
 551              	.L51:
 552              		.loc 1 124 1 view .LVU149
 553              		.align	2
 554              	.L50:
 555 0078 00000000 		.word	uros_pcb
 556 007c 00000000 		.word	rx_data_ready
 557 0080 00000000 		.word	rx_data_len
 558 0084 00000000 		.word	rx_buffer
 559              		.cfi_endproc
 560              	.LFE178:
 562              		.section	.bss.rx_data_ready,"aw",%nobits
 565              	rx_data_ready:
 566 0000 00       		.space	1
 567              		.section	.bss.rx_data_len,"aw",%nobits
 568              		.align	1
 571              	rx_data_len:
 572 0000 0000     		.space	2
 573              		.section	.bss.rx_buffer,"aw",%nobits
 574              		.align	2
 577              	rx_buffer:
 578 0000 00000000 		.space	2048
 578      00000000 
 578      00000000 
 578      00000000 
 578      00000000 
 579              		.section	.bss.uros_pcb,"aw",%nobits
 580              		.align	2
 583              	uros_pcb:
 584 0000 00000000 		.space	4
 585              		.text
 586              	.Letext0:
 587              		.file 2 "/Applications/ArmGNUToolchain/14.3.rel1/arm-none-eabi/arm-none-eabi/include/machine/_defa
ARM GAS  /var/folders/2r/mdtt8xvd351gdc398t28_m2m0000gn/T//ccRtZzv8.s 			page 14


 588              		.file 3 "/Applications/ArmGNUToolchain/14.3.rel1/arm-none-eabi/arm-none-eabi/include/sys/_stdint.h
 589              		.file 4 "/Applications/ArmGNUToolchain/14.3.rel1/arm-none-eabi/lib/gcc/arm-none-eabi/14.3.1/includ
 590              		.file 5 "../../micro_ros_stm32cubemx_utils/microros_static_library/libmicroros/microros_include/ux
 591              		.file 6 "../../micro_ros_stm32cubemx_utils/microros_static_library/libmicroros/microros_include/ux
 592              		.file 7 "../../micro_ros_stm32cubemx_utils/microros_static_library/libmicroros/microros_include/ux
 593              		.file 8 "../../Middlewares/Third_Party/LwIP/src/include/lwip/arch.h"
 594              		.file 9 "../../Middlewares/Third_Party/LwIP/src/include/lwip/err.h"
 595              		.file 10 "../../Middlewares/Third_Party/LwIP/src/include/lwip/pbuf.h"
 596              		.file 11 "../../Middlewares/Third_Party/LwIP/src/include/lwip/ip4_addr.h"
 597              		.file 12 "../../Middlewares/Third_Party/LwIP/src/include/lwip/ip_addr.h"
 598              		.file 13 "../../Middlewares/Third_Party/LwIP/src/include/lwip/memp.h"
 599              		.file 14 "../../Middlewares/Third_Party/LwIP/src/include/lwip/udp.h"
 600              		.file 15 "../../Middlewares/Third_Party/FreeRTOS/Source/CMSIS_RTOS_V2/cmsis_os2.h"
 601              		.file 16 "/Applications/ArmGNUToolchain/14.3.rel1/arm-none-eabi/arm-none-eabi/include/string.h"
 602              		.file 17 "<built-in>"
ARM GAS  /var/folders/2r/mdtt8xvd351gdc398t28_m2m0000gn/T//ccRtZzv8.s 			page 15


DEFINED SYMBOLS
                            *ABS*:00000000 custom_transport.c
/var/folders/2r/mdtt8xvd351gdc398t28_m2m0000gn/T//ccRtZzv8.s:19     .text.udp_recv_callback:00000000 $t
/var/folders/2r/mdtt8xvd351gdc398t28_m2m0000gn/T//ccRtZzv8.s:24     .text.udp_recv_callback:00000000 udp_recv_callback
/var/folders/2r/mdtt8xvd351gdc398t28_m2m0000gn/T//ccRtZzv8.s:99     .text.udp_recv_callback:00000038 $d
/var/folders/2r/mdtt8xvd351gdc398t28_m2m0000gn/T//ccRtZzv8.s:577    .bss.rx_buffer:00000000 rx_buffer
/var/folders/2r/mdtt8xvd351gdc398t28_m2m0000gn/T//ccRtZzv8.s:571    .bss.rx_data_len:00000000 rx_data_len
/var/folders/2r/mdtt8xvd351gdc398t28_m2m0000gn/T//ccRtZzv8.s:565    .bss.rx_data_ready:00000000 rx_data_ready
/var/folders/2r/mdtt8xvd351gdc398t28_m2m0000gn/T//ccRtZzv8.s:106    .rodata.cubemx_transport_open.str1.4:00000000 $d
/var/folders/2r/mdtt8xvd351gdc398t28_m2m0000gn/T//ccRtZzv8.s:110    .text.cubemx_transport_open:00000000 $t
/var/folders/2r/mdtt8xvd351gdc398t28_m2m0000gn/T//ccRtZzv8.s:116    .text.cubemx_transport_open:00000000 cubemx_transport_open
/var/folders/2r/mdtt8xvd351gdc398t28_m2m0000gn/T//ccRtZzv8.s:226    .text.cubemx_transport_open:00000070 $d
/var/folders/2r/mdtt8xvd351gdc398t28_m2m0000gn/T//ccRtZzv8.s:583    .bss.uros_pcb:00000000 uros_pcb
/var/folders/2r/mdtt8xvd351gdc398t28_m2m0000gn/T//ccRtZzv8.s:236    .text.cubemx_transport_close:00000000 $t
/var/folders/2r/mdtt8xvd351gdc398t28_m2m0000gn/T//ccRtZzv8.s:242    .text.cubemx_transport_close:00000000 cubemx_transport_close
/var/folders/2r/mdtt8xvd351gdc398t28_m2m0000gn/T//ccRtZzv8.s:278    .text.cubemx_transport_close:00000018 $d
/var/folders/2r/mdtt8xvd351gdc398t28_m2m0000gn/T//ccRtZzv8.s:283    .text.cubemx_transport_write:00000000 $t
/var/folders/2r/mdtt8xvd351gdc398t28_m2m0000gn/T//ccRtZzv8.s:289    .text.cubemx_transport_write:00000000 cubemx_transport_write
/var/folders/2r/mdtt8xvd351gdc398t28_m2m0000gn/T//ccRtZzv8.s:403    .text.cubemx_transport_write:0000005c $d
/var/folders/2r/mdtt8xvd351gdc398t28_m2m0000gn/T//ccRtZzv8.s:408    .text.cubemx_transport_read:00000000 $t
/var/folders/2r/mdtt8xvd351gdc398t28_m2m0000gn/T//ccRtZzv8.s:414    .text.cubemx_transport_read:00000000 cubemx_transport_read
/var/folders/2r/mdtt8xvd351gdc398t28_m2m0000gn/T//ccRtZzv8.s:555    .text.cubemx_transport_read:00000078 $d
/var/folders/2r/mdtt8xvd351gdc398t28_m2m0000gn/T//ccRtZzv8.s:566    .bss.rx_data_ready:00000000 $d
/var/folders/2r/mdtt8xvd351gdc398t28_m2m0000gn/T//ccRtZzv8.s:568    .bss.rx_data_len:00000000 $d
/var/folders/2r/mdtt8xvd351gdc398t28_m2m0000gn/T//ccRtZzv8.s:574    .bss.rx_buffer:00000000 $d
/var/folders/2r/mdtt8xvd351gdc398t28_m2m0000gn/T//ccRtZzv8.s:580    .bss.uros_pcb:00000000 $d

UNDEFINED SYMBOLS
pbuf_copy_partial
pbuf_free
udp_new
udp_bind
ip4addr_aton
udp_connect
udp_recv
udp_remove
ip_addr_any
pbuf_alloc
memcpy
udp_send
osKernelGetTickCount
osDelay
