ARM GAS  /var/folders/2r/mdtt8xvd351gdc398t28_m2m0000gn/T//ccQLBRZ9.s 			page 1


   1              		.cpu cortex-m7
   2              		.arch armv7e-m
   3              		.fpu fpv5-d16
   4              		.eabi_attribute 20, 1
   5              		.eabi_attribute 21, 1
   6              		.eabi_attribute 23, 3
   7              		.eabi_attribute 24, 1
   8              		.eabi_attribute 25, 1
   9              		.eabi_attribute 26, 1
  10              		.eabi_attribute 30, 1
  11              		.eabi_attribute 34, 1
  12              		.eabi_attribute 18, 4
  13              		.file	"freertos.c"
  14              		.text
  15              	.Ltext0:
  16              		.cfi_sections	.debug_frame
  17              		.file 1 "../../CM7/Core/Src/freertos.c"
  18              		.section	.rodata.StartDefaultTask.str1.4,"aMS",%progbits,1
  19              		.align	2
  20              	.LC0:
  21 0000 00       		.ascii	"\000"
  22 0001 000000   		.align	2
  23              	.LC1:
  24 0004 73746D33 		.ascii	"stm32_eth_node\000"
  24      325F6574 
  24      685F6E6F 
  24      646500
  25 0013 00       		.align	2
  26              	.LC2:
  27 0014 6574685F 		.ascii	"eth_publisher\000"
  27      7075626C 
  27      69736865 
  27      7200
  28              		.section	.text.StartDefaultTask,"ax",%progbits
  29              		.align	1
  30              		.global	StartDefaultTask
  31              		.syntax unified
  32              		.thumb
  33              		.thumb_func
  35              	StartDefaultTask:
  36              	.LVL0:
  37              	.LFB176:
   1:../../CM7/Core/Src/freertos.c **** /* USER CODE BEGIN Header */
   2:../../CM7/Core/Src/freertos.c **** /**
   3:../../CM7/Core/Src/freertos.c ****   ******************************************************************************
   4:../../CM7/Core/Src/freertos.c ****   * File Name          : freertos.c
   5:../../CM7/Core/Src/freertos.c ****   ******************************************************************************
   6:../../CM7/Core/Src/freertos.c ****   */
   7:../../CM7/Core/Src/freertos.c **** /* USER CODE END Header */
   8:../../CM7/Core/Src/freertos.c **** 
   9:../../CM7/Core/Src/freertos.c **** #include "FreeRTOS.h"
  10:../../CM7/Core/Src/freertos.c **** #include "task.h"
  11:../../CM7/Core/Src/freertos.c **** #include "main.h"
  12:../../CM7/Core/Src/freertos.c **** #include "cmsis_os.h"
  13:../../CM7/Core/Src/freertos.c **** 
  14:../../CM7/Core/Src/freertos.c **** /* USER CODE BEGIN Includes */
  15:../../CM7/Core/Src/freertos.c **** #include <rcl/rcl.h>
ARM GAS  /var/folders/2r/mdtt8xvd351gdc398t28_m2m0000gn/T//ccQLBRZ9.s 			page 2


  16:../../CM7/Core/Src/freertos.c **** #include <rcl/error_handling.h>
  17:../../CM7/Core/Src/freertos.c **** #include <rclc/rclc.h>
  18:../../CM7/Core/Src/freertos.c **** #include <rclc/executor.h>
  19:../../CM7/Core/Src/freertos.c **** #include <uxr/client/transport.h>
  20:../../CM7/Core/Src/freertos.c **** #include <rmw_microxrcedds_c/config.h>
  21:../../CM7/Core/Src/freertos.c **** #include <rmw_microros/rmw_microros.h>
  22:../../CM7/Core/Src/freertos.c **** #include <std_msgs/msg/int32.h>
  23:../../CM7/Core/Src/freertos.c **** #include <microros_transports.h>
  24:../../CM7/Core/Src/freertos.c **** #include "lwip.h"
  25:../../CM7/Core/Src/freertos.c **** /* USER CODE END Includes */
  26:../../CM7/Core/Src/freertos.c **** 
  27:../../CM7/Core/Src/freertos.c **** /* USER CODE BEGIN PTD */
  28:../../CM7/Core/Src/freertos.c **** /* USER CODE END PTD */
  29:../../CM7/Core/Src/freertos.c **** 
  30:../../CM7/Core/Src/freertos.c **** osThreadId_t defaultTaskHandle;
  31:../../CM7/Core/Src/freertos.c **** const osThreadAttr_t defaultTask_attributes = {
  32:../../CM7/Core/Src/freertos.c ****   .name = "defaultTask",
  33:../../CM7/Core/Src/freertos.c ****   .stack_size = 4000 * 4,  // 14KB minimum, 4000 * 4 (16KB) safer
  34:../../CM7/Core/Src/freertos.c ****   .priority = (osPriority_t) osPriorityNormal,
  35:../../CM7/Core/Src/freertos.c **** };
  36:../../CM7/Core/Src/freertos.c **** 
  37:../../CM7/Core/Src/freertos.c **** void StartDefaultTask(void *argument);
  38:../../CM7/Core/Src/freertos.c **** extern void MX_LWIP_Init(void);
  39:../../CM7/Core/Src/freertos.c **** 
  40:../../CM7/Core/Src/freertos.c **** void MX_FREERTOS_Init(void) {
  41:../../CM7/Core/Src/freertos.c ****   defaultTaskHandle = osThreadNew(StartDefaultTask, NULL, &defaultTask_attributes);
  42:../../CM7/Core/Src/freertos.c **** }
  43:../../CM7/Core/Src/freertos.c **** 
  44:../../CM7/Core/Src/freertos.c **** void StartDefaultTask(void *argument)
  45:../../CM7/Core/Src/freertos.c **** {
  38              		.loc 1 45 1 view -0
  39              		.cfi_startproc
  40              		@ args = 0, pretend = 0, frame = 136
  41              		@ frame_needed = 0, uses_anonymous_args = 0
  42              		.loc 1 45 1 is_stmt 0 view .LVU1
  43 0000 10B5     		push	{r4, lr}
  44              	.LCFI0:
  45              		.cfi_def_cfa_offset 8
  46              		.cfi_offset 4, -8
  47              		.cfi_offset 14, -4
  48 0002 A4B0     		sub	sp, sp, #144
  49              	.LCFI1:
  50              		.cfi_def_cfa_offset 152
  46:../../CM7/Core/Src/freertos.c ****   /* USER CODE BEGIN StartDefaultTask */
  47:../../CM7/Core/Src/freertos.c **** 
  48:../../CM7/Core/Src/freertos.c ****   MX_LWIP_Init();
  51              		.loc 1 48 3 is_stmt 1 view .LVU2
  52 0004 FFF7FEFF 		bl	MX_LWIP_Init
  53              	.LVL1:
  49:../../CM7/Core/Src/freertos.c ****   extern struct netif gnetif;  // Reference to network interface in lwip.c
  54              		.loc 1 49 3 view .LVU3
  50:../../CM7/Core/Src/freertos.c **** 
  51:../../CM7/Core/Src/freertos.c ****   uint32_t wait_start = HAL_GetTick();
  55              		.loc 1 51 3 view .LVU4
  56              		.loc 1 51 25 is_stmt 0 view .LVU5
  57 0008 FFF7FEFF 		bl	HAL_GetTick
  58              	.LVL2:
ARM GAS  /var/folders/2r/mdtt8xvd351gdc398t28_m2m0000gn/T//ccQLBRZ9.s 			page 3


  59 000c 0446     		mov	r4, r0
  60              	.LVL3:
  52:../../CM7/Core/Src/freertos.c **** 
  53:../../CM7/Core/Src/freertos.c ****   while ((HAL_GetTick() - wait_start) < 30000) {
  61              		.loc 1 53 3 is_stmt 1 view .LVU6
  62              		.loc 1 53 9 is_stmt 0 view .LVU7
  63 000e 06E0     		b	.L2
  64              	.LVL4:
  65              	.L3:
  54:../../CM7/Core/Src/freertos.c ****       if (netif_is_up(&gnetif) && netif_is_link_up(&gnetif)) {
  55:../../CM7/Core/Src/freertos.c ****           // Network ready!
  56:../../CM7/Core/Src/freertos.c ****           break;
  57:../../CM7/Core/Src/freertos.c ****       }
  58:../../CM7/Core/Src/freertos.c **** 
  59:../../CM7/Core/Src/freertos.c ****       HAL_GPIO_TogglePin(GPIOB, GPIO_PIN_0);
  66              		.loc 1 59 7 is_stmt 1 view .LVU8
  67 0010 0121     		movs	r1, #1
  68 0012 4A48     		ldr	r0, .L16
  69 0014 FFF7FEFF 		bl	HAL_GPIO_TogglePin
  70              	.LVL5:
  60:../../CM7/Core/Src/freertos.c ****       osDelay(100);
  71              		.loc 1 60 7 view .LVU9
  72 0018 6420     		movs	r0, #100
  73 001a FFF7FEFF 		bl	osDelay
  74              	.LVL6:
  75              	.L2:
  53:../../CM7/Core/Src/freertos.c ****       if (netif_is_up(&gnetif) && netif_is_link_up(&gnetif)) {
  76              		.loc 1 53 39 view .LVU10
  53:../../CM7/Core/Src/freertos.c ****       if (netif_is_up(&gnetif) && netif_is_link_up(&gnetif)) {
  77              		.loc 1 53 11 is_stmt 0 view .LVU11
  78 001e FFF7FEFF 		bl	HAL_GetTick
  79              	.LVL7:
  53:../../CM7/Core/Src/freertos.c ****       if (netif_is_up(&gnetif) && netif_is_link_up(&gnetif)) {
  80              		.loc 1 53 25 discriminator 1 view .LVU12
  81 0022 001B     		subs	r0, r0, r4
  53:../../CM7/Core/Src/freertos.c ****       if (netif_is_up(&gnetif) && netif_is_link_up(&gnetif)) {
  82              		.loc 1 53 39 discriminator 1 view .LVU13
  83 0024 47F22F53 		movw	r3, #29999
  84 0028 9842     		cmp	r0, r3
  85 002a 08D8     		bhi	.L4
  54:../../CM7/Core/Src/freertos.c ****       if (netif_is_up(&gnetif) && netif_is_link_up(&gnetif)) {
  86              		.loc 1 54 7 is_stmt 1 view .LVU14
  54:../../CM7/Core/Src/freertos.c ****       if (netif_is_up(&gnetif) && netif_is_link_up(&gnetif)) {
  87              		.loc 1 54 11 is_stmt 0 view .LVU15
  88 002c 444B     		ldr	r3, .L16+4
  89 002e 93F82D30 		ldrb	r3, [r3, #45]	@ zero_extendqisi2
  54:../../CM7/Core/Src/freertos.c ****       if (netif_is_up(&gnetif) && netif_is_link_up(&gnetif)) {
  90              		.loc 1 54 10 view .LVU16
  91 0032 13F0010F 		tst	r3, #1
  92 0036 EBD0     		beq	.L3
  54:../../CM7/Core/Src/freertos.c ****       if (netif_is_up(&gnetif) && netif_is_link_up(&gnetif)) {
  93              		.loc 1 54 32 discriminator 1 view .LVU17
  94 0038 13F0040F 		tst	r3, #4
  95 003c E8D0     		beq	.L3
  96              	.L4:
  61:../../CM7/Core/Src/freertos.c ****   }
  62:../../CM7/Core/Src/freertos.c **** 
ARM GAS  /var/folders/2r/mdtt8xvd351gdc398t28_m2m0000gn/T//ccQLBRZ9.s 			page 4


  63:../../CM7/Core/Src/freertos.c ****   if (!netif_is_link_up(&gnetif)) {
  97              		.loc 1 63 3 is_stmt 1 view .LVU18
  98              		.loc 1 63 8 is_stmt 0 view .LVU19
  99 003e 404B     		ldr	r3, .L16+4
 100 0040 93F82D30 		ldrb	r3, [r3, #45]	@ zero_extendqisi2
 101              		.loc 1 63 6 view .LVU20
 102 0044 13F0040F 		tst	r3, #4
 103 0048 08D1     		bne	.L6
 104              	.L7:
  64:../../CM7/Core/Src/freertos.c ****       // Network failed - error handling
  65:../../CM7/Core/Src/freertos.c ****       while(1) {
 105              		.loc 1 65 7 is_stmt 1 view .LVU21
  66:../../CM7/Core/Src/freertos.c ****           HAL_GPIO_TogglePin(GPIOB, GPIO_PIN_14);
 106              		.loc 1 66 11 view .LVU22
 107 004a 4FF48041 		mov	r1, #16384
 108 004e 3B48     		ldr	r0, .L16
 109 0050 FFF7FEFF 		bl	HAL_GPIO_TogglePin
 110              	.LVL8:
  67:../../CM7/Core/Src/freertos.c ****           osDelay(200);
 111              		.loc 1 67 11 discriminator 1 view .LVU23
 112 0054 C820     		movs	r0, #200
 113 0056 FFF7FEFF 		bl	osDelay
 114              	.LVL9:
  65:../../CM7/Core/Src/freertos.c ****           HAL_GPIO_TogglePin(GPIOB, GPIO_PIN_14);
 115              		.loc 1 65 12 view .LVU24
 116 005a F6E7     		b	.L7
 117              	.L6:
  68:../../CM7/Core/Src/freertos.c ****       }
  69:../../CM7/Core/Src/freertos.c ****   }
  70:../../CM7/Core/Src/freertos.c **** 
  71:../../CM7/Core/Src/freertos.c ****   rmw_uros_set_custom_transport(
 118              		.loc 1 71 3 view .LVU25
 119 005c 394B     		ldr	r3, .L16+8
 120 005e 0193     		str	r3, [sp, #4]
 121 0060 394B     		ldr	r3, .L16+12
 122 0062 0093     		str	r3, [sp]
 123 0064 394B     		ldr	r3, .L16+16
 124 0066 3A4A     		ldr	r2, .L16+20
 125 0068 0021     		movs	r1, #0
 126 006a 0846     		mov	r0, r1
 127 006c FFF7FEFF 		bl	rmw_uros_set_custom_transport
 128              	.LVL10:
  72:../../CM7/Core/Src/freertos.c ****     false,
  73:../../CM7/Core/Src/freertos.c ****     NULL,
  74:../../CM7/Core/Src/freertos.c ****     cubemx_transport_open,
  75:../../CM7/Core/Src/freertos.c ****     cubemx_transport_close,
  76:../../CM7/Core/Src/freertos.c ****     cubemx_transport_write,
  77:../../CM7/Core/Src/freertos.c ****     cubemx_transport_read
  78:../../CM7/Core/Src/freertos.c ****   );
  79:../../CM7/Core/Src/freertos.c **** 
  80:../../CM7/Core/Src/freertos.c ****   rcl_allocator_t freeRTOS_allocator = rcutils_get_zero_initialized_allocator();
 129              		.loc 1 80 3 view .LVU26
 130              		.loc 1 80 40 is_stmt 0 view .LVU27
 131 0070 1FAC     		add	r4, sp, #124
 132              	.LVL11:
 133              		.loc 1 80 40 view .LVU28
 134 0072 2046     		mov	r0, r4
ARM GAS  /var/folders/2r/mdtt8xvd351gdc398t28_m2m0000gn/T//ccQLBRZ9.s 			page 5


 135 0074 FFF7FEFF 		bl	rcutils_get_zero_initialized_allocator
 136              	.LVL12:
  81:../../CM7/Core/Src/freertos.c ****   freeRTOS_allocator.allocate = microros_allocate;
 137              		.loc 1 81 3 is_stmt 1 view .LVU29
 138              		.loc 1 81 31 is_stmt 0 view .LVU30
 139 0078 364B     		ldr	r3, .L16+24
 140 007a 1F93     		str	r3, [sp, #124]
  82:../../CM7/Core/Src/freertos.c ****   freeRTOS_allocator.deallocate = microros_deallocate;
 141              		.loc 1 82 3 is_stmt 1 view .LVU31
 142              		.loc 1 82 33 is_stmt 0 view .LVU32
 143 007c 364B     		ldr	r3, .L16+28
 144 007e 2093     		str	r3, [sp, #128]
  83:../../CM7/Core/Src/freertos.c ****   freeRTOS_allocator.reallocate = microros_reallocate;
 145              		.loc 1 83 3 is_stmt 1 view .LVU33
 146              		.loc 1 83 33 is_stmt 0 view .LVU34
 147 0080 364B     		ldr	r3, .L16+32
 148 0082 2193     		str	r3, [sp, #132]
  84:../../CM7/Core/Src/freertos.c ****   freeRTOS_allocator.zero_allocate = microros_zero_allocate;
 149              		.loc 1 84 3 is_stmt 1 view .LVU35
 150              		.loc 1 84 36 is_stmt 0 view .LVU36
 151 0084 364B     		ldr	r3, .L16+36
 152 0086 2293     		str	r3, [sp, #136]
  85:../../CM7/Core/Src/freertos.c **** 
  86:../../CM7/Core/Src/freertos.c ****   if (!rcutils_set_default_allocator(&freeRTOS_allocator)) {
 153              		.loc 1 86 3 is_stmt 1 view .LVU37
 154              		.loc 1 86 8 is_stmt 0 view .LVU38
 155 0088 2046     		mov	r0, r4
 156 008a FFF7FEFF 		bl	rcutils_set_default_allocator
 157              	.LVL13:
 158              		.loc 1 86 6 discriminator 1 view .LVU39
 159 008e 40B9     		cbnz	r0, .L8
 160              	.L9:
  87:../../CM7/Core/Src/freertos.c ****       while(1) { HAL_GPIO_TogglePin(GPIOB, GPIO_PIN_14); osDelay(100); }
 161              		.loc 1 87 7 is_stmt 1 discriminator 1 view .LVU40
 162              		.loc 1 87 18 discriminator 1 view .LVU41
 163 0090 4FF48041 		mov	r1, #16384
 164 0094 2948     		ldr	r0, .L16
 165 0096 FFF7FEFF 		bl	HAL_GPIO_TogglePin
 166              	.LVL14:
 167              		.loc 1 87 58 discriminator 1 view .LVU42
 168 009a 6420     		movs	r0, #100
 169 009c FFF7FEFF 		bl	osDelay
 170              	.LVL15:
 171              		.loc 1 87 12 discriminator 1 view .LVU43
 172 00a0 F6E7     		b	.L9
 173              	.L8:
  88:../../CM7/Core/Src/freertos.c ****   }
  89:../../CM7/Core/Src/freertos.c **** 
  90:../../CM7/Core/Src/freertos.c ****   rcl_publisher_t publisher;
 174              		.loc 1 90 3 view .LVU44
  91:../../CM7/Core/Src/freertos.c ****   std_msgs__msg__Int32 msg;
 175              		.loc 1 91 3 view .LVU45
  92:../../CM7/Core/Src/freertos.c ****   rclc_support_t support;
 176              		.loc 1 92 3 view .LVU46
  93:../../CM7/Core/Src/freertos.c ****   rcl_allocator_t allocator;
 177              		.loc 1 93 3 view .LVU47
  94:../../CM7/Core/Src/freertos.c ****   rcl_node_t node;
ARM GAS  /var/folders/2r/mdtt8xvd351gdc398t28_m2m0000gn/T//ccQLBRZ9.s 			page 6


 178              		.loc 1 94 3 view .LVU48
  95:../../CM7/Core/Src/freertos.c **** 
  96:../../CM7/Core/Src/freertos.c ****   allocator = rcl_get_default_allocator();
 179              		.loc 1 96 3 view .LVU49
 180              		.loc 1 96 15 is_stmt 0 view .LVU50
 181 00a2 02AC     		add	r4, sp, #8
 182 00a4 2046     		mov	r0, r4
 183 00a6 FFF7FEFF 		bl	rcutils_get_default_allocator
 184              	.LVL16:
 185 00aa 0DF12C0C 		add	ip, sp, #44
 186 00ae 0FCC     		ldmia	r4!, {r0, r1, r2, r3}
 187 00b0 ACE80F00 		stmia	ip!, {r0, r1, r2, r3}
 188 00b4 2368     		ldr	r3, [r4]
 189 00b6 CCF80030 		str	r3, [ip]
  97:../../CM7/Core/Src/freertos.c **** 
  98:../../CM7/Core/Src/freertos.c ****   rcl_ret_t ret = rclc_support_init(&support, 0, NULL, &allocator);
 190              		.loc 1 98 3 is_stmt 1 view .LVU51
 191              		.loc 1 98 19 is_stmt 0 view .LVU52
 192 00ba 0BAB     		add	r3, sp, #44
 193 00bc 0022     		movs	r2, #0
 194 00be 1146     		mov	r1, r2
 195 00c0 10A8     		add	r0, sp, #64
 196 00c2 FFF7FEFF 		bl	rclc_support_init
 197              	.LVL17:
  99:../../CM7/Core/Src/freertos.c **** 
 100:../../CM7/Core/Src/freertos.c ****   if (ret != RCL_RET_OK) {
 198              		.loc 1 100 3 is_stmt 1 view .LVU53
 199              		.loc 1 100 6 is_stmt 0 view .LVU54
 200 00c6 40B1     		cbz	r0, .L10
 201              	.LVL18:
 202              	.L11:
 101:../../CM7/Core/Src/freertos.c ****     while(1) {
 203              		.loc 1 101 5 is_stmt 1 view .LVU55
 102:../../CM7/Core/Src/freertos.c ****         HAL_GPIO_TogglePin(GPIOB, GPIO_PIN_14);
 204              		.loc 1 102 9 view .LVU56
 205 00c8 4FF48041 		mov	r1, #16384
 206 00cc 1B48     		ldr	r0, .L16
 207 00ce FFF7FEFF 		bl	HAL_GPIO_TogglePin
 208              	.LVL19:
 103:../../CM7/Core/Src/freertos.c ****         osDelay(100);
 209              		.loc 1 103 9 discriminator 1 view .LVU57
 210 00d2 6420     		movs	r0, #100
 211 00d4 FFF7FEFF 		bl	osDelay
 212              	.LVL20:
 101:../../CM7/Core/Src/freertos.c ****     while(1) {
 213              		.loc 1 101 10 view .LVU58
 214 00d8 F6E7     		b	.L11
 215              	.LVL21:
 216              	.L10:
 104:../../CM7/Core/Src/freertos.c ****     }
 105:../../CM7/Core/Src/freertos.c ****   }
 106:../../CM7/Core/Src/freertos.c **** 
 107:../../CM7/Core/Src/freertos.c ****   rclc_node_init_default(&node, "stm32_eth_node", "", &support);
 217              		.loc 1 107 3 view .LVU59
 218 00da 09AC     		add	r4, sp, #36
 219 00dc 10AB     		add	r3, sp, #64
 220 00de 214A     		ldr	r2, .L16+40
ARM GAS  /var/folders/2r/mdtt8xvd351gdc398t28_m2m0000gn/T//ccQLBRZ9.s 			page 7


 221 00e0 2149     		ldr	r1, .L16+44
 222 00e2 2046     		mov	r0, r4
 223              	.LVL22:
 224              		.loc 1 107 3 is_stmt 0 view .LVU60
 225 00e4 FFF7FEFF 		bl	rclc_node_init_default
 226              	.LVL23:
 108:../../CM7/Core/Src/freertos.c ****   rclc_publisher_init_default(&publisher, &node, ROSIDL_GET_MSG_TYPE_SUPPORT(std_msgs, msg, Int32),
 227              		.loc 1 108 3 is_stmt 1 view .LVU61
 228 00e8 FFF7FEFF 		bl	rosidl_typesupport_c__get_message_type_support_handle__std_msgs__msg__Int32
 229              	.LVL24:
 230 00ec 0246     		mov	r2, r0
 231              		.loc 1 108 3 is_stmt 0 discriminator 1 view .LVU62
 232 00ee 1F4B     		ldr	r3, .L16+48
 233 00f0 2146     		mov	r1, r4
 234 00f2 1EA8     		add	r0, sp, #120
 235 00f4 FFF7FEFF 		bl	rclc_publisher_init_default
 236              	.LVL25:
 109:../../CM7/Core/Src/freertos.c **** 
 110:../../CM7/Core/Src/freertos.c ****   msg.data = 0;
 237              		.loc 1 110 3 is_stmt 1 view .LVU63
 238              		.loc 1 110 12 is_stmt 0 view .LVU64
 239 00f8 0023     		movs	r3, #0
 240 00fa 1D93     		str	r3, [sp, #116]
 241 00fc 0BE0     		b	.L14
 242              	.LVL26:
 243              	.L12:
 111:../../CM7/Core/Src/freertos.c **** 
 112:../../CM7/Core/Src/freertos.c ****   for(;;)
 113:../../CM7/Core/Src/freertos.c ****   {
 114:../../CM7/Core/Src/freertos.c ****     HAL_GPIO_TogglePin(GPIOB, GPIO_PIN_0);
 115:../../CM7/Core/Src/freertos.c **** 
 116:../../CM7/Core/Src/freertos.c ****     ret = rcl_publish(&publisher, &msg, NULL);
 117:../../CM7/Core/Src/freertos.c **** 
 118:../../CM7/Core/Src/freertos.c ****     if (ret != RCL_RET_OK) {
 119:../../CM7/Core/Src/freertos.c ****         HAL_GPIO_WritePin(GPIOB, GPIO_PIN_14, GPIO_PIN_SET);
 120:../../CM7/Core/Src/freertos.c ****     } else {
 121:../../CM7/Core/Src/freertos.c ****         HAL_GPIO_WritePin(GPIOB, GPIO_PIN_14, GPIO_PIN_RESET);
 244              		.loc 1 121 9 is_stmt 1 view .LVU65
 245 00fe 0022     		movs	r2, #0
 246 0100 4FF48041 		mov	r1, #16384
 247 0104 0D48     		ldr	r0, .L16
 248              	.LVL27:
 249              		.loc 1 121 9 is_stmt 0 view .LVU66
 250 0106 FFF7FEFF 		bl	HAL_GPIO_WritePin
 251              	.LVL28:
 252              	.L13:
 122:../../CM7/Core/Src/freertos.c ****     }
 123:../../CM7/Core/Src/freertos.c **** 
 124:../../CM7/Core/Src/freertos.c ****     msg.data++;
 253              		.loc 1 124 5 is_stmt 1 view .LVU67
 254              		.loc 1 124 8 is_stmt 0 view .LVU68
 255 010a 1D9B     		ldr	r3, [sp, #116]
 256              		.loc 1 124 13 view .LVU69
 257 010c 0133     		adds	r3, r3, #1
 258 010e 1D93     		str	r3, [sp, #116]
 125:../../CM7/Core/Src/freertos.c ****     osDelay(100);
 259              		.loc 1 125 5 is_stmt 1 view .LVU70
ARM GAS  /var/folders/2r/mdtt8xvd351gdc398t28_m2m0000gn/T//ccQLBRZ9.s 			page 8


 260 0110 6420     		movs	r0, #100
 261 0112 FFF7FEFF 		bl	osDelay
 262              	.LVL29:
 112:../../CM7/Core/Src/freertos.c ****   {
 263              		.loc 1 112 3 view .LVU71
 264              	.L14:
 112:../../CM7/Core/Src/freertos.c ****   {
 265              		.loc 1 112 3 view .LVU72
 114:../../CM7/Core/Src/freertos.c **** 
 266              		.loc 1 114 5 view .LVU73
 267 0116 0121     		movs	r1, #1
 268 0118 0848     		ldr	r0, .L16
 269 011a FFF7FEFF 		bl	HAL_GPIO_TogglePin
 270              	.LVL30:
 116:../../CM7/Core/Src/freertos.c **** 
 271              		.loc 1 116 5 view .LVU74
 116:../../CM7/Core/Src/freertos.c **** 
 272              		.loc 1 116 11 is_stmt 0 view .LVU75
 273 011e 0022     		movs	r2, #0
 274 0120 1DA9     		add	r1, sp, #116
 275 0122 1EA8     		add	r0, sp, #120
 276 0124 FFF7FEFF 		bl	rcl_publish
 277              	.LVL31:
 118:../../CM7/Core/Src/freertos.c ****         HAL_GPIO_WritePin(GPIOB, GPIO_PIN_14, GPIO_PIN_SET);
 278              		.loc 1 118 5 is_stmt 1 view .LVU76
 118:../../CM7/Core/Src/freertos.c ****         HAL_GPIO_WritePin(GPIOB, GPIO_PIN_14, GPIO_PIN_SET);
 279              		.loc 1 118 8 is_stmt 0 view .LVU77
 280 0128 0028     		cmp	r0, #0
 281 012a E8D0     		beq	.L12
 119:../../CM7/Core/Src/freertos.c ****     } else {
 282              		.loc 1 119 9 is_stmt 1 view .LVU78
 283 012c 0122     		movs	r2, #1
 284 012e 4FF48041 		mov	r1, #16384
 285 0132 0248     		ldr	r0, .L16
 286              	.LVL32:
 119:../../CM7/Core/Src/freertos.c ****     } else {
 287              		.loc 1 119 9 is_stmt 0 view .LVU79
 288 0134 FFF7FEFF 		bl	HAL_GPIO_WritePin
 289              	.LVL33:
 290 0138 E7E7     		b	.L13
 291              	.L17:
 292 013a 00BF     		.align	2
 293              	.L16:
 294 013c 00040258 		.word	1476527104
 295 0140 00000000 		.word	gnetif
 296 0144 00000000 		.word	cubemx_transport_read
 297 0148 00000000 		.word	cubemx_transport_write
 298 014c 00000000 		.word	cubemx_transport_close
 299 0150 00000000 		.word	cubemx_transport_open
 300 0154 00000000 		.word	microros_allocate
 301 0158 00000000 		.word	microros_deallocate
 302 015c 00000000 		.word	microros_reallocate
 303 0160 00000000 		.word	microros_zero_allocate
 304 0164 00000000 		.word	.LC0
 305 0168 04000000 		.word	.LC1
 306 016c 14000000 		.word	.LC2
 307              		.cfi_endproc
ARM GAS  /var/folders/2r/mdtt8xvd351gdc398t28_m2m0000gn/T//ccQLBRZ9.s 			page 9


 308              	.LFE176:
 310              		.section	.text.MX_FREERTOS_Init,"ax",%progbits
 311              		.align	1
 312              		.global	MX_FREERTOS_Init
 313              		.syntax unified
 314              		.thumb
 315              		.thumb_func
 317              	MX_FREERTOS_Init:
 318              	.LFB175:
  40:../../CM7/Core/Src/freertos.c ****   defaultTaskHandle = osThreadNew(StartDefaultTask, NULL, &defaultTask_attributes);
 319              		.loc 1 40 29 is_stmt 1 view -0
 320              		.cfi_startproc
 321              		@ args = 0, pretend = 0, frame = 0
 322              		@ frame_needed = 0, uses_anonymous_args = 0
 323 0000 08B5     		push	{r3, lr}
 324              	.LCFI2:
 325              		.cfi_def_cfa_offset 8
 326              		.cfi_offset 3, -8
 327              		.cfi_offset 14, -4
  41:../../CM7/Core/Src/freertos.c **** }
 328              		.loc 1 41 3 view .LVU81
  41:../../CM7/Core/Src/freertos.c **** }
 329              		.loc 1 41 23 is_stmt 0 view .LVU82
 330 0002 044A     		ldr	r2, .L20
 331 0004 0021     		movs	r1, #0
 332 0006 0448     		ldr	r0, .L20+4
 333 0008 FFF7FEFF 		bl	osThreadNew
 334              	.LVL34:
  41:../../CM7/Core/Src/freertos.c **** }
 335              		.loc 1 41 21 discriminator 1 view .LVU83
 336 000c 034B     		ldr	r3, .L20+8
 337 000e 1860     		str	r0, [r3]
  42:../../CM7/Core/Src/freertos.c **** 
 338              		.loc 1 42 1 view .LVU84
 339 0010 08BD     		pop	{r3, pc}
 340              	.L21:
 341 0012 00BF     		.align	2
 342              	.L20:
 343 0014 00000000 		.word	defaultTask_attributes
 344 0018 00000000 		.word	StartDefaultTask
 345 001c 00000000 		.word	defaultTaskHandle
 346              		.cfi_endproc
 347              	.LFE175:
 349              		.global	defaultTask_attributes
 350              		.section	.rodata.str1.4,"aMS",%progbits,1
 351              		.align	2
 352              	.LC3:
 353 0000 64656661 		.ascii	"defaultTask\000"
 353      756C7454 
 353      61736B00 
 354              		.section	.rodata.defaultTask_attributes,"a"
 355              		.align	2
 358              	defaultTask_attributes:
 359 0000 00000000 		.word	.LC3
 360 0004 00000000 		.space	16
 360      00000000 
 360      00000000 
ARM GAS  /var/folders/2r/mdtt8xvd351gdc398t28_m2m0000gn/T//ccQLBRZ9.s 			page 10


 360      00000000 
 361 0014 803E0000 		.word	16000
 362 0018 18000000 		.word	24
 363 001c 00000000 		.space	8
 363      00000000 
 364              		.global	defaultTaskHandle
 365              		.section	.bss.defaultTaskHandle,"aw",%nobits
 366              		.align	2
 369              	defaultTaskHandle:
 370 0000 00000000 		.space	4
 371              		.text
 372              	.Letext0:
 373              		.file 2 "/Applications/ArmGNUToolchain/14.3.rel1/arm-none-eabi/lib/gcc/arm-none-eabi/14.3.1/includ
 374              		.file 3 "/Applications/ArmGNUToolchain/14.3.rel1/arm-none-eabi/arm-none-eabi/include/machine/_defa
 375              		.file 4 "/Applications/ArmGNUToolchain/14.3.rel1/arm-none-eabi/arm-none-eabi/include/sys/_stdint.h
 376              		.file 5 "../../Drivers/CMSIS/Device/ST/STM32H7xx/Include/stm32h755xx.h"
 377              		.file 6 "../../Drivers/STM32H7xx_HAL_Driver/Inc/stm32h7xx_hal_gpio.h"
 378              		.file 7 "../../Middlewares/Third_Party/FreeRTOS/Source/CMSIS_RTOS_V2/cmsis_os2.h"
 379              		.file 8 "../../micro_ros_stm32cubemx_utils/microros_static_library/libmicroros/microros_include/rc
 380              		.file 9 "../../micro_ros_stm32cubemx_utils/microros_static_library/libmicroros/microros_include/rc
 381              		.file 10 "../../micro_ros_stm32cubemx_utils/microros_static_library/libmicroros/microros_include/r
 382              		.file 11 "../../micro_ros_stm32cubemx_utils/microros_static_library/libmicroros/microros_include/r
 383              		.file 12 "../../micro_ros_stm32cubemx_utils/microros_static_library/libmicroros/microros_include/r
 384              		.file 13 "../../micro_ros_stm32cubemx_utils/microros_static_library/libmicroros/microros_include/r
 385              		.file 14 "../../micro_ros_stm32cubemx_utils/microros_static_library/libmicroros/microros_include/r
 386              		.file 15 "../../micro_ros_stm32cubemx_utils/microros_static_library/libmicroros/microros_include/r
 387              		.file 16 "../../micro_ros_stm32cubemx_utils/microros_static_library/libmicroros/microros_include/r
 388              		.file 17 "../../micro_ros_stm32cubemx_utils/microros_static_library/libmicroros/microros_include/r
 389              		.file 18 "../../micro_ros_stm32cubemx_utils/microros_static_library/libmicroros/microros_include/r
 390              		.file 19 "../../micro_ros_stm32cubemx_utils/microros_static_library/libmicroros/microros_include/r
 391              		.file 20 "../../micro_ros_stm32cubemx_utils/microros_static_library/libmicroros/microros_include/r
 392              		.file 21 "../../micro_ros_stm32cubemx_utils/microros_static_library/libmicroros/microros_include/r
 393              		.file 22 "../../micro_ros_stm32cubemx_utils/microros_static_library/libmicroros/microros_include/r
 394              		.file 23 "../../micro_ros_stm32cubemx_utils/microros_static_library/libmicroros/microros_include/u
 395              		.file 24 "../../micro_ros_stm32cubemx_utils/microros_static_library/libmicroros/microros_include/u
 396              		.file 25 "../../micro_ros_stm32cubemx_utils/microros_static_library/libmicroros/microros_include/u
 397              		.file 26 "../../micro_ros_stm32cubemx_utils/microros_static_library/libmicroros/microros_include/s
 398              		.file 27 "../../Middlewares/Third_Party/LwIP/src/include/lwip/arch.h"
 399              		.file 28 "../../Middlewares/Third_Party/LwIP/src/include/lwip/memp.h"
 400              		.file 29 "../../Middlewares/Third_Party/LwIP/src/include/lwip/err.h"
 401              		.file 30 "../../Middlewares/Third_Party/LwIP/src/include/lwip/pbuf.h"
 402              		.file 31 "../../Middlewares/Third_Party/LwIP/src/include/lwip/ip4_addr.h"
 403              		.file 32 "../../Middlewares/Third_Party/LwIP/src/include/lwip/ip_addr.h"
 404              		.file 33 "../../Middlewares/Third_Party/LwIP/src/include/lwip/netif.h"
 405              		.file 34 "../../micro_ros_stm32cubemx_utils/microros_static_library/libmicroros/microros_include/r
 406              		.file 35 "../../micro_ros_stm32cubemx_utils/microros_static_library/libmicroros/microros_include/s
 407              		.file 36 "../../micro_ros_stm32cubemx_utils/microros_static_library/libmicroros/microros_include/r
 408              		.file 37 "../../micro_ros_stm32cubemx_utils/microros_static_library/libmicroros/microros_include/r
 409              		.file 38 "../../micro_ros_stm32cubemx_utils/extra_sources/microros_transports/microros_transports.
 410              		.file 39 "../../micro_ros_stm32cubemx_utils/microros_static_library/libmicroros/microros_include/r
 411              		.file 40 "../../Drivers/STM32H7xx_HAL_Driver/Inc/stm32h7xx_hal.h"
ARM GAS  /var/folders/2r/mdtt8xvd351gdc398t28_m2m0000gn/T//ccQLBRZ9.s 			page 11


DEFINED SYMBOLS
                            *ABS*:00000000 freertos.c
/var/folders/2r/mdtt8xvd351gdc398t28_m2m0000gn/T//ccQLBRZ9.s:19     .rodata.StartDefaultTask.str1.4:00000000 $d
/var/folders/2r/mdtt8xvd351gdc398t28_m2m0000gn/T//ccQLBRZ9.s:29     .text.StartDefaultTask:00000000 $t
/var/folders/2r/mdtt8xvd351gdc398t28_m2m0000gn/T//ccQLBRZ9.s:35     .text.StartDefaultTask:00000000 StartDefaultTask
/var/folders/2r/mdtt8xvd351gdc398t28_m2m0000gn/T//ccQLBRZ9.s:294    .text.StartDefaultTask:0000013c $d
/var/folders/2r/mdtt8xvd351gdc398t28_m2m0000gn/T//ccQLBRZ9.s:311    .text.MX_FREERTOS_Init:00000000 $t
/var/folders/2r/mdtt8xvd351gdc398t28_m2m0000gn/T//ccQLBRZ9.s:317    .text.MX_FREERTOS_Init:00000000 MX_FREERTOS_Init
/var/folders/2r/mdtt8xvd351gdc398t28_m2m0000gn/T//ccQLBRZ9.s:343    .text.MX_FREERTOS_Init:00000014 $d
/var/folders/2r/mdtt8xvd351gdc398t28_m2m0000gn/T//ccQLBRZ9.s:358    .rodata.defaultTask_attributes:00000000 defaultTask_attributes
/var/folders/2r/mdtt8xvd351gdc398t28_m2m0000gn/T//ccQLBRZ9.s:369    .bss.defaultTaskHandle:00000000 defaultTaskHandle
/var/folders/2r/mdtt8xvd351gdc398t28_m2m0000gn/T//ccQLBRZ9.s:351    .rodata.str1.4:00000000 $d
/var/folders/2r/mdtt8xvd351gdc398t28_m2m0000gn/T//ccQLBRZ9.s:355    .rodata.defaultTask_attributes:00000000 $d
/var/folders/2r/mdtt8xvd351gdc398t28_m2m0000gn/T//ccQLBRZ9.s:366    .bss.defaultTaskHandle:00000000 $d

UNDEFINED SYMBOLS
MX_LWIP_Init
HAL_GetTick
HAL_GPIO_TogglePin
osDelay
rmw_uros_set_custom_transport
rcutils_get_zero_initialized_allocator
rcutils_set_default_allocator
rcutils_get_default_allocator
rclc_support_init
rclc_node_init_default
rosidl_typesupport_c__get_message_type_support_handle__std_msgs__msg__Int32
rclc_publisher_init_default
HAL_GPIO_WritePin
rcl_publish
gnetif
cubemx_transport_read
cubemx_transport_write
cubemx_transport_close
cubemx_transport_open
microros_allocate
microros_deallocate
microros_reallocate
microros_zero_allocate
osThreadNew
