ARM GAS  /var/folders/2r/mdtt8xvd351gdc398t28_m2m0000gn/T//ccIvbMeZ.s 			page 1


   1              		.cpu cortex-m7
   2              		.arch armv7e-m
   3              		.fpu fpv5-d16
   4              		.eabi_attribute 20, 1
   5              		.eabi_attribute 21, 1
   6              		.eabi_attribute 23, 3
   7              		.eabi_attribute 24, 1
   8              		.eabi_attribute 25, 1
   9              		.eabi_attribute 26, 1
  10              		.eabi_attribute 30, 1
  11              		.eabi_attribute 34, 1
  12              		.eabi_attribute 18, 4
  13              		.file	"gpio.c"
  14              		.text
  15              	.Ltext0:
  16              		.cfi_sections	.debug_frame
  17              		.file 1 "../../CM7/Core/Src/gpio.c"
  18              		.section	.text.MX_GPIO_Init,"ax",%progbits
  19              		.align	1
  20              		.global	MX_GPIO_Init
  21              		.syntax unified
  22              		.thumb
  23              		.thumb_func
  25              	MX_GPIO_Init:
  26              	.LFB147:
   1:../../CM7/Core/Src/gpio.c **** /* USER CODE BEGIN Header */
   2:../../CM7/Core/Src/gpio.c **** /**
   3:../../CM7/Core/Src/gpio.c ****   ******************************************************************************
   4:../../CM7/Core/Src/gpio.c ****   * @file    gpio.c
   5:../../CM7/Core/Src/gpio.c ****   * @brief   This file provides code for the configuration
   6:../../CM7/Core/Src/gpio.c ****   *          of all used GPIO pins.
   7:../../CM7/Core/Src/gpio.c ****   ******************************************************************************
   8:../../CM7/Core/Src/gpio.c ****   * @attention
   9:../../CM7/Core/Src/gpio.c ****   *
  10:../../CM7/Core/Src/gpio.c ****   * Copyright (c) 2025 STMicroelectronics.
  11:../../CM7/Core/Src/gpio.c ****   * All rights reserved.
  12:../../CM7/Core/Src/gpio.c ****   *
  13:../../CM7/Core/Src/gpio.c ****   * This software is licensed under terms that can be found in the LICENSE file
  14:../../CM7/Core/Src/gpio.c ****   * in the root directory of this software component.
  15:../../CM7/Core/Src/gpio.c ****   * If no LICENSE file comes with this software, it is provided AS-IS.
  16:../../CM7/Core/Src/gpio.c ****   *
  17:../../CM7/Core/Src/gpio.c ****   ******************************************************************************
  18:../../CM7/Core/Src/gpio.c ****   */
  19:../../CM7/Core/Src/gpio.c **** /* USER CODE END Header */
  20:../../CM7/Core/Src/gpio.c **** 
  21:../../CM7/Core/Src/gpio.c **** /* Includes ------------------------------------------------------------------*/
  22:../../CM7/Core/Src/gpio.c **** #include "gpio.h"
  23:../../CM7/Core/Src/gpio.c **** 
  24:../../CM7/Core/Src/gpio.c **** /* USER CODE BEGIN 0 */
  25:../../CM7/Core/Src/gpio.c **** 
  26:../../CM7/Core/Src/gpio.c **** /* USER CODE END 0 */
  27:../../CM7/Core/Src/gpio.c **** 
  28:../../CM7/Core/Src/gpio.c **** /*----------------------------------------------------------------------------*/
  29:../../CM7/Core/Src/gpio.c **** /* Configure GPIO                                                             */
  30:../../CM7/Core/Src/gpio.c **** /*----------------------------------------------------------------------------*/
  31:../../CM7/Core/Src/gpio.c **** /* USER CODE BEGIN 1 */
  32:../../CM7/Core/Src/gpio.c **** 
ARM GAS  /var/folders/2r/mdtt8xvd351gdc398t28_m2m0000gn/T//ccIvbMeZ.s 			page 2


  33:../../CM7/Core/Src/gpio.c **** /* USER CODE END 1 */
  34:../../CM7/Core/Src/gpio.c **** 
  35:../../CM7/Core/Src/gpio.c **** /** Configure pins
  36:../../CM7/Core/Src/gpio.c ****      PA8   ------> USB_OTG_FS_SOF
  37:../../CM7/Core/Src/gpio.c ****      PA9   ------> USB_OTG_FS_VBUS
  38:../../CM7/Core/Src/gpio.c ****      PA11   ------> USB_OTG_FS_DM
  39:../../CM7/Core/Src/gpio.c ****      PA12   ------> USB_OTG_FS_DP
  40:../../CM7/Core/Src/gpio.c **** */
  41:../../CM7/Core/Src/gpio.c **** void MX_GPIO_Init(void)
  42:../../CM7/Core/Src/gpio.c **** {
  27              		.loc 1 42 1 view -0
  28              		.cfi_startproc
  29              		@ args = 0, pretend = 0, frame = 40
  30              		@ frame_needed = 0, uses_anonymous_args = 0
  31 0000 00B5     		push	{lr}
  32              	.LCFI0:
  33              		.cfi_def_cfa_offset 4
  34              		.cfi_offset 14, -4
  35 0002 8BB0     		sub	sp, sp, #44
  36              	.LCFI1:
  37              		.cfi_def_cfa_offset 48
  43:../../CM7/Core/Src/gpio.c **** 
  44:../../CM7/Core/Src/gpio.c ****   GPIO_InitTypeDef GPIO_InitStruct = {0};
  38              		.loc 1 44 3 view .LVU1
  39              		.loc 1 44 20 is_stmt 0 view .LVU2
  40 0004 05A9     		add	r1, sp, #20
  41 0006 0023     		movs	r3, #0
  42 0008 0593     		str	r3, [sp, #20]
  43 000a 4B60     		str	r3, [r1, #4]
  44 000c 8B60     		str	r3, [r1, #8]
  45 000e CB60     		str	r3, [r1, #12]
  46 0010 0B61     		str	r3, [r1, #16]
  45:../../CM7/Core/Src/gpio.c **** 
  46:../../CM7/Core/Src/gpio.c ****   /* GPIO Ports Clock Enable */
  47:../../CM7/Core/Src/gpio.c ****   __HAL_RCC_GPIOC_CLK_ENABLE();
  47              		.loc 1 47 3 is_stmt 1 view .LVU3
  48              	.LBB2:
  49              		.loc 1 47 3 view .LVU4
  50              		.loc 1 47 3 view .LVU5
  51 0012 1F4B     		ldr	r3, .L3
  52 0014 D3F8E020 		ldr	r2, [r3, #224]
  53 0018 42F00402 		orr	r2, r2, #4
  54 001c C3F8E020 		str	r2, [r3, #224]
  55              		.loc 1 47 3 view .LVU6
  56 0020 D3F8E020 		ldr	r2, [r3, #224]
  57 0024 02F00402 		and	r2, r2, #4
  58 0028 0192     		str	r2, [sp, #4]
  59              		.loc 1 47 3 view .LVU7
  60 002a 019A     		ldr	r2, [sp, #4]
  61              	.LBE2:
  62              		.loc 1 47 3 view .LVU8
  48:../../CM7/Core/Src/gpio.c ****   __HAL_RCC_GPIOA_CLK_ENABLE();
  63              		.loc 1 48 3 view .LVU9
  64              	.LBB3:
  65              		.loc 1 48 3 view .LVU10
  66              		.loc 1 48 3 view .LVU11
  67 002c D3F8E020 		ldr	r2, [r3, #224]
ARM GAS  /var/folders/2r/mdtt8xvd351gdc398t28_m2m0000gn/T//ccIvbMeZ.s 			page 3


  68 0030 42F00102 		orr	r2, r2, #1
  69 0034 C3F8E020 		str	r2, [r3, #224]
  70              		.loc 1 48 3 view .LVU12
  71 0038 D3F8E020 		ldr	r2, [r3, #224]
  72 003c 02F00102 		and	r2, r2, #1
  73 0040 0292     		str	r2, [sp, #8]
  74              		.loc 1 48 3 view .LVU13
  75 0042 029A     		ldr	r2, [sp, #8]
  76              	.LBE3:
  77              		.loc 1 48 3 view .LVU14
  49:../../CM7/Core/Src/gpio.c ****   __HAL_RCC_GPIOB_CLK_ENABLE();
  78              		.loc 1 49 3 view .LVU15
  79              	.LBB4:
  80              		.loc 1 49 3 view .LVU16
  81              		.loc 1 49 3 view .LVU17
  82 0044 D3F8E020 		ldr	r2, [r3, #224]
  83 0048 42F00202 		orr	r2, r2, #2
  84 004c C3F8E020 		str	r2, [r3, #224]
  85              		.loc 1 49 3 view .LVU18
  86 0050 D3F8E020 		ldr	r2, [r3, #224]
  87 0054 02F00202 		and	r2, r2, #2
  88 0058 0392     		str	r2, [sp, #12]
  89              		.loc 1 49 3 view .LVU19
  90 005a 039A     		ldr	r2, [sp, #12]
  91              	.LBE4:
  92              		.loc 1 49 3 view .LVU20
  50:../../CM7/Core/Src/gpio.c ****   __HAL_RCC_GPIOG_CLK_ENABLE();
  93              		.loc 1 50 3 view .LVU21
  94              	.LBB5:
  95              		.loc 1 50 3 view .LVU22
  96              		.loc 1 50 3 view .LVU23
  97 005c D3F8E020 		ldr	r2, [r3, #224]
  98 0060 42F04002 		orr	r2, r2, #64
  99 0064 C3F8E020 		str	r2, [r3, #224]
 100              		.loc 1 50 3 view .LVU24
 101 0068 D3F8E030 		ldr	r3, [r3, #224]
 102 006c 03F04003 		and	r3, r3, #64
 103 0070 0493     		str	r3, [sp, #16]
 104              		.loc 1 50 3 view .LVU25
 105 0072 049B     		ldr	r3, [sp, #16]
 106              	.LBE5:
 107              		.loc 1 50 3 view .LVU26
  51:../../CM7/Core/Src/gpio.c **** 
  52:../../CM7/Core/Src/gpio.c ****   /*Configure GPIO pins : PA8 PA11 PA12 */
  53:../../CM7/Core/Src/gpio.c ****   GPIO_InitStruct.Pin = GPIO_PIN_8|GPIO_PIN_11|GPIO_PIN_12;
 108              		.loc 1 53 3 view .LVU27
 109              		.loc 1 53 23 is_stmt 0 view .LVU28
 110 0074 4FF4C853 		mov	r3, #6400
 111 0078 0593     		str	r3, [sp, #20]
  54:../../CM7/Core/Src/gpio.c ****   GPIO_InitStruct.Mode = GPIO_MODE_AF_PP;
 112              		.loc 1 54 3 is_stmt 1 view .LVU29
 113              		.loc 1 54 24 is_stmt 0 view .LVU30
 114 007a 0223     		movs	r3, #2
 115 007c 0693     		str	r3, [sp, #24]
  55:../../CM7/Core/Src/gpio.c ****   GPIO_InitStruct.Pull = GPIO_NOPULL;
 116              		.loc 1 55 3 is_stmt 1 view .LVU31
  56:../../CM7/Core/Src/gpio.c ****   GPIO_InitStruct.Speed = GPIO_SPEED_FREQ_LOW;
ARM GAS  /var/folders/2r/mdtt8xvd351gdc398t28_m2m0000gn/T//ccIvbMeZ.s 			page 4


 117              		.loc 1 56 3 view .LVU32
  57:../../CM7/Core/Src/gpio.c ****   GPIO_InitStruct.Alternate = GPIO_AF10_OTG1_FS;
 118              		.loc 1 57 3 view .LVU33
 119              		.loc 1 57 29 is_stmt 0 view .LVU34
 120 007e 0A23     		movs	r3, #10
 121 0080 0993     		str	r3, [sp, #36]
  58:../../CM7/Core/Src/gpio.c ****   HAL_GPIO_Init(GPIOA, &GPIO_InitStruct);
 122              		.loc 1 58 3 is_stmt 1 view .LVU35
 123 0082 0448     		ldr	r0, .L3+4
 124 0084 FFF7FEFF 		bl	HAL_GPIO_Init
 125              	.LVL0:
  59:../../CM7/Core/Src/gpio.c **** 
  60:../../CM7/Core/Src/gpio.c **** }
 126              		.loc 1 60 1 is_stmt 0 view .LVU36
 127 0088 0BB0     		add	sp, sp, #44
 128              	.LCFI2:
 129              		.cfi_def_cfa_offset 4
 130              		@ sp needed
 131 008a 5DF804FB 		ldr	pc, [sp], #4
 132              	.L4:
 133 008e 00BF     		.align	2
 134              	.L3:
 135 0090 00440258 		.word	1476543488
 136 0094 00000258 		.word	1476526080
 137              		.cfi_endproc
 138              	.LFE147:
 140              		.text
 141              	.Letext0:
 142              		.file 2 "/Applications/ArmGNUToolchain/14.3.rel1/arm-none-eabi/arm-none-eabi/include/machine/_defa
 143              		.file 3 "/Applications/ArmGNUToolchain/14.3.rel1/arm-none-eabi/arm-none-eabi/include/sys/_stdint.h
 144              		.file 4 "../../Drivers/CMSIS/Device/ST/STM32H7xx/Include/stm32h755xx.h"
 145              		.file 5 "../../Drivers/STM32H7xx_HAL_Driver/Inc/stm32h7xx_hal_gpio.h"
ARM GAS  /var/folders/2r/mdtt8xvd351gdc398t28_m2m0000gn/T//ccIvbMeZ.s 			page 5


DEFINED SYMBOLS
                            *ABS*:00000000 gpio.c
/var/folders/2r/mdtt8xvd351gdc398t28_m2m0000gn/T//ccIvbMeZ.s:19     .text.MX_GPIO_Init:00000000 $t
/var/folders/2r/mdtt8xvd351gdc398t28_m2m0000gn/T//ccIvbMeZ.s:25     .text.MX_GPIO_Init:00000000 MX_GPIO_Init
/var/folders/2r/mdtt8xvd351gdc398t28_m2m0000gn/T//ccIvbMeZ.s:135    .text.MX_GPIO_Init:00000090 $d

UNDEFINED SYMBOLS
HAL_GPIO_Init
