ARM GAS  /var/folders/2r/mdtt8xvd351gdc398t28_m2m0000gn/T//ccNX3XzG.s 			page 1


   1              		.cpu cortex-m7
   2              		.arch armv7e-m
   3              		.fpu fpv5-d16
   4              		.eabi_attribute 20, 1
   5              		.eabi_attribute 21, 1
   6              		.eabi_attribute 23, 3
   7              		.eabi_attribute 24, 1
   8              		.eabi_attribute 25, 1
   9              		.eabi_attribute 26, 1
  10              		.eabi_attribute 30, 1
  11              		.eabi_attribute 34, 1
  12              		.eabi_attribute 18, 4
  13              		.file	"lwip.c"
  14              		.text
  15              	.Ltext0:
  16              		.cfi_sections	.debug_frame
  17              		.file 1 "../../CM7/LWIP/App/lwip.c"
  18              		.section	.text.ethernet_link_status_updated,"ax",%progbits
  19              		.align	1
  20              		.syntax unified
  21              		.thumb
  22              		.thumb_func
  24              	ethernet_link_status_updated:
  25              	.LVL0:
  26              	.LFB175:
   1:../../CM7/LWIP/App/lwip.c **** /* USER CODE BEGIN Header */
   2:../../CM7/LWIP/App/lwip.c **** /**
   3:../../CM7/LWIP/App/lwip.c ****  ******************************************************************************
   4:../../CM7/LWIP/App/lwip.c ****   * File Name          : LWIP.c
   5:../../CM7/LWIP/App/lwip.c ****   * Description        : This file provides initialization code for LWIP
   6:../../CM7/LWIP/App/lwip.c ****   *                      middleWare.
   7:../../CM7/LWIP/App/lwip.c ****   ******************************************************************************
   8:../../CM7/LWIP/App/lwip.c ****   * @attention
   9:../../CM7/LWIP/App/lwip.c ****   *
  10:../../CM7/LWIP/App/lwip.c ****   * Copyright (c) 2025 STMicroelectronics.
  11:../../CM7/LWIP/App/lwip.c ****   * All rights reserved.
  12:../../CM7/LWIP/App/lwip.c ****   *
  13:../../CM7/LWIP/App/lwip.c ****   * This software is licensed under terms that can be found in the LICENSE file
  14:../../CM7/LWIP/App/lwip.c ****   * in the root directory of this software component.
  15:../../CM7/LWIP/App/lwip.c ****   * If no LICENSE file comes with this software, it is provided AS-IS.
  16:../../CM7/LWIP/App/lwip.c ****   *
  17:../../CM7/LWIP/App/lwip.c ****   ******************************************************************************
  18:../../CM7/LWIP/App/lwip.c ****   */
  19:../../CM7/LWIP/App/lwip.c **** /* USER CODE END Header */
  20:../../CM7/LWIP/App/lwip.c **** 
  21:../../CM7/LWIP/App/lwip.c **** /* Includes ------------------------------------------------------------------*/
  22:../../CM7/LWIP/App/lwip.c **** #include "lwip.h"
  23:../../CM7/LWIP/App/lwip.c **** #include "lwip/init.h"
  24:../../CM7/LWIP/App/lwip.c **** #include "lwip/netif.h"
  25:../../CM7/LWIP/App/lwip.c **** #if defined ( __CC_ARM )  /* MDK ARM Compiler */
  26:../../CM7/LWIP/App/lwip.c **** #include "lwip/sio.h"
  27:../../CM7/LWIP/App/lwip.c **** #endif /* MDK ARM Compiler */
  28:../../CM7/LWIP/App/lwip.c **** #include "ethernetif.h"
  29:../../CM7/LWIP/App/lwip.c **** #include <string.h>
  30:../../CM7/LWIP/App/lwip.c **** 
  31:../../CM7/LWIP/App/lwip.c **** /* USER CODE BEGIN 0 */
  32:../../CM7/LWIP/App/lwip.c **** 
ARM GAS  /var/folders/2r/mdtt8xvd351gdc398t28_m2m0000gn/T//ccNX3XzG.s 			page 2


  33:../../CM7/LWIP/App/lwip.c **** /* USER CODE END 0 */
  34:../../CM7/LWIP/App/lwip.c **** /* Private function prototypes -----------------------------------------------*/
  35:../../CM7/LWIP/App/lwip.c **** static void ethernet_link_status_updated(struct netif *netif);
  36:../../CM7/LWIP/App/lwip.c **** /* ETH Variables initialization ----------------------------------------------*/
  37:../../CM7/LWIP/App/lwip.c **** void Error_Handler(void);
  38:../../CM7/LWIP/App/lwip.c **** 
  39:../../CM7/LWIP/App/lwip.c **** /* USER CODE BEGIN 1 */
  40:../../CM7/LWIP/App/lwip.c **** 
  41:../../CM7/LWIP/App/lwip.c **** /* USER CODE END 1 */
  42:../../CM7/LWIP/App/lwip.c **** 
  43:../../CM7/LWIP/App/lwip.c **** /* Variables Initialization */
  44:../../CM7/LWIP/App/lwip.c **** struct netif gnetif;
  45:../../CM7/LWIP/App/lwip.c **** ip4_addr_t ipaddr;
  46:../../CM7/LWIP/App/lwip.c **** ip4_addr_t netmask;
  47:../../CM7/LWIP/App/lwip.c **** ip4_addr_t gw;
  48:../../CM7/LWIP/App/lwip.c **** uint8_t IP_ADDRESS[4];
  49:../../CM7/LWIP/App/lwip.c **** uint8_t NETMASK_ADDRESS[4];
  50:../../CM7/LWIP/App/lwip.c **** uint8_t GATEWAY_ADDRESS[4];
  51:../../CM7/LWIP/App/lwip.c **** /* USER CODE BEGIN OS_THREAD_ATTR_CMSIS_RTOS_V2 */
  52:../../CM7/LWIP/App/lwip.c **** #define INTERFACE_THREAD_STACK_SIZE ( 1024 )
  53:../../CM7/LWIP/App/lwip.c **** osThreadAttr_t attributes;
  54:../../CM7/LWIP/App/lwip.c **** /* USER CODE END OS_THREAD_ATTR_CMSIS_RTOS_V2 */
  55:../../CM7/LWIP/App/lwip.c **** 
  56:../../CM7/LWIP/App/lwip.c **** /* USER CODE BEGIN 2 */
  57:../../CM7/LWIP/App/lwip.c **** 
  58:../../CM7/LWIP/App/lwip.c **** /* USER CODE END 2 */
  59:../../CM7/LWIP/App/lwip.c **** 
  60:../../CM7/LWIP/App/lwip.c **** /**
  61:../../CM7/LWIP/App/lwip.c ****   * LwIP initialization function
  62:../../CM7/LWIP/App/lwip.c ****   */
  63:../../CM7/LWIP/App/lwip.c **** void MX_LWIP_Init(void)
  64:../../CM7/LWIP/App/lwip.c **** {
  65:../../CM7/LWIP/App/lwip.c ****   /* IP addresses initialization */
  66:../../CM7/LWIP/App/lwip.c ****   // Change from 192.168.1.x to 172.20.10.x subnet
  67:../../CM7/LWIP/App/lwip.c **** 
  68:../../CM7/LWIP/App/lwip.c ****   // STM32 IP Address (choose any free IP on the 172.20.10.x network)
  69:../../CM7/LWIP/App/lwip.c ****   IP_ADDRESS[0] = 172;
  70:../../CM7/LWIP/App/lwip.c ****   IP_ADDRESS[1] = 20;
  71:../../CM7/LWIP/App/lwip.c ****   IP_ADDRESS[2] = 10;
  72:../../CM7/LWIP/App/lwip.c ****   IP_ADDRESS[3] = 10;  // ← STM32's IP (not .12 which is Raspberry Pi)
  73:../../CM7/LWIP/App/lwip.c **** 
  74:../../CM7/LWIP/App/lwip.c ****   // Subnet Mask (stays the same)
  75:../../CM7/LWIP/App/lwip.c ****   NETMASK_ADDRESS[0] = 255;
  76:../../CM7/LWIP/App/lwip.c ****   NETMASK_ADDRESS[1] = 255;
  77:../../CM7/LWIP/App/lwip.c ****   NETMASK_ADDRESS[2] = 255;
  78:../../CM7/LWIP/App/lwip.c ****   NETMASK_ADDRESS[3] = 240;
  79:../../CM7/LWIP/App/lwip.c **** 
  80:../../CM7/LWIP/App/lwip.c ****   // Gateway Address (your router/hotspot)
  81:../../CM7/LWIP/App/lwip.c ****   GATEWAY_ADDRESS[0] = 172;
  82:../../CM7/LWIP/App/lwip.c ****   GATEWAY_ADDRESS[1] = 20;
  83:../../CM7/LWIP/App/lwip.c ****   GATEWAY_ADDRESS[2] = 10;
  84:../../CM7/LWIP/App/lwip.c ****   GATEWAY_ADDRESS[3] = 13;  // ← Usually .1 is the gateway
  85:../../CM7/LWIP/App/lwip.c **** 
  86:../../CM7/LWIP/App/lwip.c **** 
  87:../../CM7/LWIP/App/lwip.c **** /* USER CODE BEGIN IP_ADDRESSES */
  88:../../CM7/LWIP/App/lwip.c **** /* USER CODE END IP_ADDRESSES */
  89:../../CM7/LWIP/App/lwip.c **** 
ARM GAS  /var/folders/2r/mdtt8xvd351gdc398t28_m2m0000gn/T//ccNX3XzG.s 			page 3


  90:../../CM7/LWIP/App/lwip.c ****   /* Initialize the LwIP stack with RTOS */
  91:../../CM7/LWIP/App/lwip.c ****   tcpip_init( NULL, NULL );
  92:../../CM7/LWIP/App/lwip.c **** 
  93:../../CM7/LWIP/App/lwip.c ****   /* IP addresses initialization without DHCP (IPv4) */
  94:../../CM7/LWIP/App/lwip.c ****   IP4_ADDR(&ipaddr, IP_ADDRESS[0], IP_ADDRESS[1], IP_ADDRESS[2], IP_ADDRESS[3]);
  95:../../CM7/LWIP/App/lwip.c ****   IP4_ADDR(&netmask, NETMASK_ADDRESS[0], NETMASK_ADDRESS[1] , NETMASK_ADDRESS[2], NETMASK_ADDRESS[3
  96:../../CM7/LWIP/App/lwip.c ****   IP4_ADDR(&gw, GATEWAY_ADDRESS[0], GATEWAY_ADDRESS[1], GATEWAY_ADDRESS[2], GATEWAY_ADDRESS[3]);
  97:../../CM7/LWIP/App/lwip.c **** 
  98:../../CM7/LWIP/App/lwip.c ****   /* add the network interface (IPv4/IPv6) with RTOS */
  99:../../CM7/LWIP/App/lwip.c ****   netif_add(&gnetif, &ipaddr, &netmask, &gw, NULL, &ethernetif_init, &tcpip_input);
 100:../../CM7/LWIP/App/lwip.c **** 
 101:../../CM7/LWIP/App/lwip.c ****   /* Registers the default network interface */
 102:../../CM7/LWIP/App/lwip.c ****   netif_set_default(&gnetif);
 103:../../CM7/LWIP/App/lwip.c **** 
 104:../../CM7/LWIP/App/lwip.c ****   /* We must always bring the network interface up connection or not... */
 105:../../CM7/LWIP/App/lwip.c ****   netif_set_up(&gnetif);
 106:../../CM7/LWIP/App/lwip.c **** 
 107:../../CM7/LWIP/App/lwip.c ****   /* Set the link callback function, this function is called on change of link status*/
 108:../../CM7/LWIP/App/lwip.c ****   netif_set_link_callback(&gnetif, ethernet_link_status_updated);
 109:../../CM7/LWIP/App/lwip.c **** 
 110:../../CM7/LWIP/App/lwip.c ****   /* Create the Ethernet link handler thread */
 111:../../CM7/LWIP/App/lwip.c **** /* USER CODE BEGIN H7_OS_THREAD_NEW_CMSIS_RTOS_V2 */
 112:../../CM7/LWIP/App/lwip.c ****   memset(&attributes, 0x0, sizeof(osThreadAttr_t));
 113:../../CM7/LWIP/App/lwip.c ****   attributes.name = "EthLink";
 114:../../CM7/LWIP/App/lwip.c ****   attributes.stack_size = INTERFACE_THREAD_STACK_SIZE;
 115:../../CM7/LWIP/App/lwip.c ****   attributes.priority = osPriorityBelowNormal;
 116:../../CM7/LWIP/App/lwip.c ****   osThreadNew(ethernet_link_thread, &gnetif, &attributes);
 117:../../CM7/LWIP/App/lwip.c **** /* USER CODE END H7_OS_THREAD_NEW_CMSIS_RTOS_V2 */
 118:../../CM7/LWIP/App/lwip.c **** 
 119:../../CM7/LWIP/App/lwip.c **** /* USER CODE BEGIN 3 */
 120:../../CM7/LWIP/App/lwip.c **** 
 121:../../CM7/LWIP/App/lwip.c **** /* USER CODE END 3 */
 122:../../CM7/LWIP/App/lwip.c **** }
 123:../../CM7/LWIP/App/lwip.c **** 
 124:../../CM7/LWIP/App/lwip.c **** #ifdef USE_OBSOLETE_USER_CODE_SECTION_4
 125:../../CM7/LWIP/App/lwip.c **** /* Kept to help code migration. (See new 4_1, 4_2... sections) */
 126:../../CM7/LWIP/App/lwip.c **** /* Avoid to use this user section which will become obsolete. */
 127:../../CM7/LWIP/App/lwip.c **** /* USER CODE BEGIN 4 */
 128:../../CM7/LWIP/App/lwip.c **** /* USER CODE END 4 */
 129:../../CM7/LWIP/App/lwip.c **** #endif
 130:../../CM7/LWIP/App/lwip.c **** 
 131:../../CM7/LWIP/App/lwip.c **** /**
 132:../../CM7/LWIP/App/lwip.c ****   * @brief  Notify the User about the network interface config status
 133:../../CM7/LWIP/App/lwip.c ****   * @param  netif: the network interface
 134:../../CM7/LWIP/App/lwip.c ****   * @retval None
 135:../../CM7/LWIP/App/lwip.c ****   */
 136:../../CM7/LWIP/App/lwip.c **** static void ethernet_link_status_updated(struct netif *netif)
 137:../../CM7/LWIP/App/lwip.c **** {
  27              		.loc 1 137 1 view -0
  28              		.cfi_startproc
  29              		@ args = 0, pretend = 0, frame = 0
  30              		@ frame_needed = 0, uses_anonymous_args = 0
  31              		@ link register save eliminated.
 138:../../CM7/LWIP/App/lwip.c ****   if (netif_is_up(netif))
  32              		.loc 1 138 3 view .LVU1
 139:../../CM7/LWIP/App/lwip.c ****   {
 140:../../CM7/LWIP/App/lwip.c **** /* USER CODE BEGIN 5 */
ARM GAS  /var/folders/2r/mdtt8xvd351gdc398t28_m2m0000gn/T//ccNX3XzG.s 			page 4


 141:../../CM7/LWIP/App/lwip.c **** /* USER CODE END 5 */
 142:../../CM7/LWIP/App/lwip.c ****   }
  33              		.loc 1 142 3 view .LVU2
 143:../../CM7/LWIP/App/lwip.c ****   else /* netif is down */
 144:../../CM7/LWIP/App/lwip.c ****   {
 145:../../CM7/LWIP/App/lwip.c **** /* USER CODE BEGIN 6 */
 146:../../CM7/LWIP/App/lwip.c **** /* USER CODE END 6 */
 147:../../CM7/LWIP/App/lwip.c ****   }
  34              		.loc 1 147 3 view .LVU3
 148:../../CM7/LWIP/App/lwip.c **** }
  35              		.loc 1 148 1 is_stmt 0 view .LVU4
  36 0000 7047     		bx	lr
  37              		.cfi_endproc
  38              	.LFE175:
  40              		.section	.rodata.MX_LWIP_Init.str1.4,"aMS",%progbits,1
  41              		.align	2
  42              	.LC0:
  43 0000 4574684C 		.ascii	"EthLink\000"
  43      696E6B00 
  44              		.section	.text.MX_LWIP_Init,"ax",%progbits
  45              		.align	1
  46              		.global	MX_LWIP_Init
  47              		.syntax unified
  48              		.thumb
  49              		.thumb_func
  51              	MX_LWIP_Init:
  52              	.LFB174:
  64:../../CM7/LWIP/App/lwip.c ****   /* IP addresses initialization */
  53              		.loc 1 64 1 is_stmt 1 view -0
  54              		.cfi_startproc
  55              		@ args = 0, pretend = 0, frame = 0
  56              		@ frame_needed = 0, uses_anonymous_args = 0
  57 0000 70B5     		push	{r4, r5, r6, lr}
  58              	.LCFI0:
  59              		.cfi_def_cfa_offset 16
  60              		.cfi_offset 4, -16
  61              		.cfi_offset 5, -12
  62              		.cfi_offset 6, -8
  63              		.cfi_offset 14, -4
  64 0002 84B0     		sub	sp, sp, #16
  65              	.LCFI1:
  66              		.cfi_def_cfa_offset 32
  69:../../CM7/LWIP/App/lwip.c ****   IP_ADDRESS[1] = 20;
  67              		.loc 1 69 3 view .LVU6
  69:../../CM7/LWIP/App/lwip.c ****   IP_ADDRESS[1] = 20;
  68              		.loc 1 69 17 is_stmt 0 view .LVU7
  69 0004 424E     		ldr	r6, .L4
  70 0006 AC20     		movs	r0, #172
  71 0008 3070     		strb	r0, [r6]
  70:../../CM7/LWIP/App/lwip.c ****   IP_ADDRESS[2] = 10;
  72              		.loc 1 70 3 is_stmt 1 view .LVU8
  70:../../CM7/LWIP/App/lwip.c ****   IP_ADDRESS[2] = 10;
  73              		.loc 1 70 17 is_stmt 0 view .LVU9
  74 000a 1421     		movs	r1, #20
  75 000c 7170     		strb	r1, [r6, #1]
  71:../../CM7/LWIP/App/lwip.c ****   IP_ADDRESS[3] = 10;  // ← STM32's IP (not .12 which is Raspberry Pi)
  76              		.loc 1 71 3 is_stmt 1 view .LVU10
ARM GAS  /var/folders/2r/mdtt8xvd351gdc398t28_m2m0000gn/T//ccNX3XzG.s 			page 5


  71:../../CM7/LWIP/App/lwip.c ****   IP_ADDRESS[3] = 10;  // ← STM32's IP (not .12 which is Raspberry Pi)
  77              		.loc 1 71 17 is_stmt 0 view .LVU11
  78 000e 0A23     		movs	r3, #10
  79 0010 B370     		strb	r3, [r6, #2]
  72:../../CM7/LWIP/App/lwip.c **** 
  80              		.loc 1 72 3 is_stmt 1 view .LVU12
  72:../../CM7/LWIP/App/lwip.c **** 
  81              		.loc 1 72 17 is_stmt 0 view .LVU13
  82 0012 F370     		strb	r3, [r6, #3]
  75:../../CM7/LWIP/App/lwip.c ****   NETMASK_ADDRESS[1] = 255;
  83              		.loc 1 75 3 is_stmt 1 view .LVU14
  75:../../CM7/LWIP/App/lwip.c ****   NETMASK_ADDRESS[1] = 255;
  84              		.loc 1 75 22 is_stmt 0 view .LVU15
  85 0014 3F4D     		ldr	r5, .L4+4
  86 0016 FF22     		movs	r2, #255
  87 0018 2A70     		strb	r2, [r5]
  76:../../CM7/LWIP/App/lwip.c ****   NETMASK_ADDRESS[2] = 255;
  88              		.loc 1 76 3 is_stmt 1 view .LVU16
  76:../../CM7/LWIP/App/lwip.c ****   NETMASK_ADDRESS[2] = 255;
  89              		.loc 1 76 22 is_stmt 0 view .LVU17
  90 001a 6A70     		strb	r2, [r5, #1]
  77:../../CM7/LWIP/App/lwip.c ****   NETMASK_ADDRESS[3] = 240;
  91              		.loc 1 77 3 is_stmt 1 view .LVU18
  77:../../CM7/LWIP/App/lwip.c ****   NETMASK_ADDRESS[3] = 240;
  92              		.loc 1 77 22 is_stmt 0 view .LVU19
  93 001c AA70     		strb	r2, [r5, #2]
  78:../../CM7/LWIP/App/lwip.c **** 
  94              		.loc 1 78 3 is_stmt 1 view .LVU20
  78:../../CM7/LWIP/App/lwip.c **** 
  95              		.loc 1 78 22 is_stmt 0 view .LVU21
  96 001e F022     		movs	r2, #240
  97 0020 EA70     		strb	r2, [r5, #3]
  81:../../CM7/LWIP/App/lwip.c ****   GATEWAY_ADDRESS[1] = 20;
  98              		.loc 1 81 3 is_stmt 1 view .LVU22
  81:../../CM7/LWIP/App/lwip.c ****   GATEWAY_ADDRESS[1] = 20;
  99              		.loc 1 81 22 is_stmt 0 view .LVU23
 100 0022 3D4C     		ldr	r4, .L4+8
 101 0024 2070     		strb	r0, [r4]
  82:../../CM7/LWIP/App/lwip.c ****   GATEWAY_ADDRESS[2] = 10;
 102              		.loc 1 82 3 is_stmt 1 view .LVU24
  82:../../CM7/LWIP/App/lwip.c ****   GATEWAY_ADDRESS[2] = 10;
 103              		.loc 1 82 22 is_stmt 0 view .LVU25
 104 0026 6170     		strb	r1, [r4, #1]
  83:../../CM7/LWIP/App/lwip.c ****   GATEWAY_ADDRESS[3] = 13;  // ← Usually .1 is the gateway
 105              		.loc 1 83 3 is_stmt 1 view .LVU26
  83:../../CM7/LWIP/App/lwip.c ****   GATEWAY_ADDRESS[3] = 13;  // ← Usually .1 is the gateway
 106              		.loc 1 83 22 is_stmt 0 view .LVU27
 107 0028 A370     		strb	r3, [r4, #2]
  84:../../CM7/LWIP/App/lwip.c **** 
 108              		.loc 1 84 3 is_stmt 1 view .LVU28
  84:../../CM7/LWIP/App/lwip.c **** 
 109              		.loc 1 84 22 is_stmt 0 view .LVU29
 110 002a 0D23     		movs	r3, #13
 111 002c E370     		strb	r3, [r4, #3]
  91:../../CM7/LWIP/App/lwip.c **** 
 112              		.loc 1 91 3 is_stmt 1 view .LVU30
 113 002e 0021     		movs	r1, #0
ARM GAS  /var/folders/2r/mdtt8xvd351gdc398t28_m2m0000gn/T//ccNX3XzG.s 			page 6


 114 0030 0846     		mov	r0, r1
 115 0032 FFF7FEFF 		bl	tcpip_init
 116              	.LVL1:
  94:../../CM7/LWIP/App/lwip.c ****   IP4_ADDR(&netmask, NETMASK_ADDRESS[0], NETMASK_ADDRESS[1] , NETMASK_ADDRESS[2], NETMASK_ADDRESS[3
 117              		.loc 1 94 3 view .LVU31
 118 0036 3278     		ldrb	r2, [r6]	@ zero_extendqisi2
 119 0038 7378     		ldrb	r3, [r6, #1]	@ zero_extendqisi2
 120 003a 1B04     		lsls	r3, r3, #16
 121 003c 43EA0263 		orr	r3, r3, r2, lsl #24
 122 0040 B278     		ldrb	r2, [r6, #2]	@ zero_extendqisi2
 123 0042 43EA0223 		orr	r3, r3, r2, lsl #8
 124 0046 F178     		ldrb	r1, [r6, #3]	@ zero_extendqisi2
 125 0048 0B43     		orrs	r3, r3, r1
 126 004a 1A02     		lsls	r2, r3, #8
 127 004c 02F47F02 		and	r2, r2, #16711680
 128 0050 42EA0162 		orr	r2, r2, r1, lsl #24
 129 0054 190A     		lsrs	r1, r3, #8
 130 0056 01F47F41 		and	r1, r1, #65280
 131 005a 0A43     		orrs	r2, r2, r1
 132 005c 42EA1363 		orr	r3, r2, r3, lsr #24
 133 0060 2E49     		ldr	r1, .L4+12
 134 0062 0B60     		str	r3, [r1]
  95:../../CM7/LWIP/App/lwip.c ****   IP4_ADDR(&gw, GATEWAY_ADDRESS[0], GATEWAY_ADDRESS[1], GATEWAY_ADDRESS[2], GATEWAY_ADDRESS[3]);
 135              		.loc 1 95 3 view .LVU32
 136 0064 2A78     		ldrb	r2, [r5]	@ zero_extendqisi2
 137 0066 6B78     		ldrb	r3, [r5, #1]	@ zero_extendqisi2
 138 0068 1B04     		lsls	r3, r3, #16
 139 006a 43EA0263 		orr	r3, r3, r2, lsl #24
 140 006e AA78     		ldrb	r2, [r5, #2]	@ zero_extendqisi2
 141 0070 43EA0223 		orr	r3, r3, r2, lsl #8
 142 0074 E878     		ldrb	r0, [r5, #3]	@ zero_extendqisi2
 143 0076 0343     		orrs	r3, r3, r0
 144 0078 1A02     		lsls	r2, r3, #8
 145 007a 02F47F02 		and	r2, r2, #16711680
 146 007e 42EA0062 		orr	r2, r2, r0, lsl #24
 147 0082 180A     		lsrs	r0, r3, #8
 148 0084 00F47F40 		and	r0, r0, #65280
 149 0088 0243     		orrs	r2, r2, r0
 150 008a 42EA1363 		orr	r3, r2, r3, lsr #24
 151 008e 244A     		ldr	r2, .L4+16
 152 0090 1360     		str	r3, [r2]
  96:../../CM7/LWIP/App/lwip.c **** 
 153              		.loc 1 96 3 view .LVU33
 154 0092 2078     		ldrb	r0, [r4]	@ zero_extendqisi2
 155 0094 6378     		ldrb	r3, [r4, #1]	@ zero_extendqisi2
 156 0096 1B04     		lsls	r3, r3, #16
 157 0098 43EA0063 		orr	r3, r3, r0, lsl #24
 158 009c A078     		ldrb	r0, [r4, #2]	@ zero_extendqisi2
 159 009e 43EA0023 		orr	r3, r3, r0, lsl #8
 160 00a2 E478     		ldrb	r4, [r4, #3]	@ zero_extendqisi2
 161 00a4 2343     		orrs	r3, r3, r4
 162 00a6 1802     		lsls	r0, r3, #8
 163 00a8 00F47F00 		and	r0, r0, #16711680
 164 00ac 40EA0460 		orr	r0, r0, r4, lsl #24
 165 00b0 1C0A     		lsrs	r4, r3, #8
 166 00b2 04F47F44 		and	r4, r4, #65280
 167 00b6 2043     		orrs	r0, r0, r4
ARM GAS  /var/folders/2r/mdtt8xvd351gdc398t28_m2m0000gn/T//ccNX3XzG.s 			page 7


 168 00b8 40EA1360 		orr	r0, r0, r3, lsr #24
 169 00bc 194B     		ldr	r3, .L4+20
 170 00be 1860     		str	r0, [r3]
  99:../../CM7/LWIP/App/lwip.c **** 
 171              		.loc 1 99 3 view .LVU34
 172 00c0 194C     		ldr	r4, .L4+24
 173 00c2 1A48     		ldr	r0, .L4+28
 174 00c4 0290     		str	r0, [sp, #8]
 175 00c6 1A48     		ldr	r0, .L4+32
 176 00c8 0190     		str	r0, [sp, #4]
 177 00ca 0026     		movs	r6, #0
 178 00cc 0096     		str	r6, [sp]
 179 00ce 2046     		mov	r0, r4
 180 00d0 FFF7FEFF 		bl	netif_add
 181              	.LVL2:
 102:../../CM7/LWIP/App/lwip.c **** 
 182              		.loc 1 102 3 view .LVU35
 183 00d4 2046     		mov	r0, r4
 184 00d6 FFF7FEFF 		bl	netif_set_default
 185              	.LVL3:
 105:../../CM7/LWIP/App/lwip.c **** 
 186              		.loc 1 105 3 view .LVU36
 187 00da 2046     		mov	r0, r4
 188 00dc FFF7FEFF 		bl	netif_set_up
 189              	.LVL4:
 108:../../CM7/LWIP/App/lwip.c **** 
 190              		.loc 1 108 3 view .LVU37
 191 00e0 1449     		ldr	r1, .L4+36
 192 00e2 2046     		mov	r0, r4
 193 00e4 FFF7FEFF 		bl	netif_set_link_callback
 194              	.LVL5:
 112:../../CM7/LWIP/App/lwip.c ****   attributes.name = "EthLink";
 195              		.loc 1 112 3 view .LVU38
 196 00e8 134D     		ldr	r5, .L4+40
 197 00ea 2422     		movs	r2, #36
 198 00ec 3146     		mov	r1, r6
 199 00ee 2846     		mov	r0, r5
 200 00f0 FFF7FEFF 		bl	memset
 201              	.LVL6:
 113:../../CM7/LWIP/App/lwip.c ****   attributes.stack_size = INTERFACE_THREAD_STACK_SIZE;
 202              		.loc 1 113 3 view .LVU39
 113:../../CM7/LWIP/App/lwip.c ****   attributes.stack_size = INTERFACE_THREAD_STACK_SIZE;
 203              		.loc 1 113 19 is_stmt 0 view .LVU40
 204 00f4 114B     		ldr	r3, .L4+44
 205 00f6 2B60     		str	r3, [r5]
 114:../../CM7/LWIP/App/lwip.c ****   attributes.priority = osPriorityBelowNormal;
 206              		.loc 1 114 3 is_stmt 1 view .LVU41
 114:../../CM7/LWIP/App/lwip.c ****   attributes.priority = osPriorityBelowNormal;
 207              		.loc 1 114 25 is_stmt 0 view .LVU42
 208 00f8 4FF48063 		mov	r3, #1024
 209 00fc 6B61     		str	r3, [r5, #20]
 115:../../CM7/LWIP/App/lwip.c ****   osThreadNew(ethernet_link_thread, &gnetif, &attributes);
 210              		.loc 1 115 3 is_stmt 1 view .LVU43
 115:../../CM7/LWIP/App/lwip.c ****   osThreadNew(ethernet_link_thread, &gnetif, &attributes);
 211              		.loc 1 115 23 is_stmt 0 view .LVU44
 212 00fe 1023     		movs	r3, #16
 213 0100 AB61     		str	r3, [r5, #24]
ARM GAS  /var/folders/2r/mdtt8xvd351gdc398t28_m2m0000gn/T//ccNX3XzG.s 			page 8


 116:../../CM7/LWIP/App/lwip.c **** /* USER CODE END H7_OS_THREAD_NEW_CMSIS_RTOS_V2 */
 214              		.loc 1 116 3 is_stmt 1 view .LVU45
 215 0102 2A46     		mov	r2, r5
 216 0104 2146     		mov	r1, r4
 217 0106 0E48     		ldr	r0, .L4+48
 218 0108 FFF7FEFF 		bl	osThreadNew
 219              	.LVL7:
 122:../../CM7/LWIP/App/lwip.c **** 
 220              		.loc 1 122 1 is_stmt 0 view .LVU46
 221 010c 04B0     		add	sp, sp, #16
 222              	.LCFI2:
 223              		.cfi_def_cfa_offset 16
 224              		@ sp needed
 225 010e 70BD     		pop	{r4, r5, r6, pc}
 226              	.L5:
 227              		.align	2
 228              	.L4:
 229 0110 00000000 		.word	IP_ADDRESS
 230 0114 00000000 		.word	NETMASK_ADDRESS
 231 0118 00000000 		.word	GATEWAY_ADDRESS
 232 011c 00000000 		.word	ipaddr
 233 0120 00000000 		.word	netmask
 234 0124 00000000 		.word	gw
 235 0128 00000000 		.word	gnetif
 236 012c 00000000 		.word	tcpip_input
 237 0130 00000000 		.word	ethernetif_init
 238 0134 00000000 		.word	ethernet_link_status_updated
 239 0138 00000000 		.word	attributes
 240 013c 00000000 		.word	.LC0
 241 0140 00000000 		.word	ethernet_link_thread
 242              		.cfi_endproc
 243              	.LFE174:
 245              		.global	attributes
 246              		.section	.bss.attributes,"aw",%nobits
 247              		.align	2
 250              	attributes:
 251 0000 00000000 		.space	36
 251      00000000 
 251      00000000 
 251      00000000 
 251      00000000 
 252              		.global	GATEWAY_ADDRESS
 253              		.section	.bss.GATEWAY_ADDRESS,"aw",%nobits
 254              		.align	2
 257              	GATEWAY_ADDRESS:
 258 0000 00000000 		.space	4
 259              		.global	NETMASK_ADDRESS
 260              		.section	.bss.NETMASK_ADDRESS,"aw",%nobits
 261              		.align	2
 264              	NETMASK_ADDRESS:
 265 0000 00000000 		.space	4
 266              		.global	IP_ADDRESS
 267              		.section	.bss.IP_ADDRESS,"aw",%nobits
 268              		.align	2
 271              	IP_ADDRESS:
 272 0000 00000000 		.space	4
 273              		.global	gw
ARM GAS  /var/folders/2r/mdtt8xvd351gdc398t28_m2m0000gn/T//ccNX3XzG.s 			page 9


 274              		.section	.bss.gw,"aw",%nobits
 275              		.align	2
 278              	gw:
 279 0000 00000000 		.space	4
 280              		.global	netmask
 281              		.section	.bss.netmask,"aw",%nobits
 282              		.align	2
 285              	netmask:
 286 0000 00000000 		.space	4
 287              		.global	ipaddr
 288              		.section	.bss.ipaddr,"aw",%nobits
 289              		.align	2
 292              	ipaddr:
 293 0000 00000000 		.space	4
 294              		.global	gnetif
 295              		.section	.bss.gnetif,"aw",%nobits
 296              		.align	2
 299              	gnetif:
 300 0000 00000000 		.space	52
 300      00000000 
 300      00000000 
 300      00000000 
 300      00000000 
 301              		.text
 302              	.Letext0:
 303              		.file 2 "/Applications/ArmGNUToolchain/14.3.rel1/arm-none-eabi/arm-none-eabi/include/machine/_defa
 304              		.file 3 "/Applications/ArmGNUToolchain/14.3.rel1/arm-none-eabi/arm-none-eabi/include/sys/_stdint.h
 305              		.file 4 "../../Middlewares/Third_Party/LwIP/src/include/lwip/arch.h"
 306              		.file 5 "../../Middlewares/Third_Party/LwIP/src/include/lwip/err.h"
 307              		.file 6 "../../Middlewares/Third_Party/LwIP/src/include/lwip/pbuf.h"
 308              		.file 7 "../../Middlewares/Third_Party/LwIP/src/include/lwip/ip4_addr.h"
 309              		.file 8 "../../Middlewares/Third_Party/LwIP/src/include/lwip/ip_addr.h"
 310              		.file 9 "../../Middlewares/Third_Party/LwIP/src/include/lwip/netif.h"
 311              		.file 10 "../../Middlewares/Third_Party/LwIP/src/include/lwip/memp.h"
 312              		.file 11 "../../Middlewares/Third_Party/FreeRTOS/Source/CMSIS_RTOS_V2/cmsis_os2.h"
 313              		.file 12 "../../Middlewares/Third_Party/LwIP/src/include/lwip/tcpip.h"
 314              		.file 13 "/Applications/ArmGNUToolchain/14.3.rel1/arm-none-eabi/arm-none-eabi/include/string.h"
 315              		.file 14 "../../CM7/LWIP/Target/ethernetif.h"
 316              		.file 15 "<built-in>"
ARM GAS  /var/folders/2r/mdtt8xvd351gdc398t28_m2m0000gn/T//ccNX3XzG.s 			page 10


DEFINED SYMBOLS
                            *ABS*:00000000 lwip.c
/var/folders/2r/mdtt8xvd351gdc398t28_m2m0000gn/T//ccNX3XzG.s:19     .text.ethernet_link_status_updated:00000000 $t
/var/folders/2r/mdtt8xvd351gdc398t28_m2m0000gn/T//ccNX3XzG.s:24     .text.ethernet_link_status_updated:00000000 ethernet_link_status_updated
/var/folders/2r/mdtt8xvd351gdc398t28_m2m0000gn/T//ccNX3XzG.s:41     .rodata.MX_LWIP_Init.str1.4:00000000 $d
/var/folders/2r/mdtt8xvd351gdc398t28_m2m0000gn/T//ccNX3XzG.s:45     .text.MX_LWIP_Init:00000000 $t
/var/folders/2r/mdtt8xvd351gdc398t28_m2m0000gn/T//ccNX3XzG.s:51     .text.MX_LWIP_Init:00000000 MX_LWIP_Init
/var/folders/2r/mdtt8xvd351gdc398t28_m2m0000gn/T//ccNX3XzG.s:229    .text.MX_LWIP_Init:00000110 $d
/var/folders/2r/mdtt8xvd351gdc398t28_m2m0000gn/T//ccNX3XzG.s:271    .bss.IP_ADDRESS:00000000 IP_ADDRESS
/var/folders/2r/mdtt8xvd351gdc398t28_m2m0000gn/T//ccNX3XzG.s:264    .bss.NETMASK_ADDRESS:00000000 NETMASK_ADDRESS
/var/folders/2r/mdtt8xvd351gdc398t28_m2m0000gn/T//ccNX3XzG.s:257    .bss.GATEWAY_ADDRESS:00000000 GATEWAY_ADDRESS
/var/folders/2r/mdtt8xvd351gdc398t28_m2m0000gn/T//ccNX3XzG.s:292    .bss.ipaddr:00000000 ipaddr
/var/folders/2r/mdtt8xvd351gdc398t28_m2m0000gn/T//ccNX3XzG.s:285    .bss.netmask:00000000 netmask
/var/folders/2r/mdtt8xvd351gdc398t28_m2m0000gn/T//ccNX3XzG.s:278    .bss.gw:00000000 gw
/var/folders/2r/mdtt8xvd351gdc398t28_m2m0000gn/T//ccNX3XzG.s:299    .bss.gnetif:00000000 gnetif
/var/folders/2r/mdtt8xvd351gdc398t28_m2m0000gn/T//ccNX3XzG.s:250    .bss.attributes:00000000 attributes
/var/folders/2r/mdtt8xvd351gdc398t28_m2m0000gn/T//ccNX3XzG.s:247    .bss.attributes:00000000 $d
/var/folders/2r/mdtt8xvd351gdc398t28_m2m0000gn/T//ccNX3XzG.s:254    .bss.GATEWAY_ADDRESS:00000000 $d
/var/folders/2r/mdtt8xvd351gdc398t28_m2m0000gn/T//ccNX3XzG.s:261    .bss.NETMASK_ADDRESS:00000000 $d
/var/folders/2r/mdtt8xvd351gdc398t28_m2m0000gn/T//ccNX3XzG.s:268    .bss.IP_ADDRESS:00000000 $d
/var/folders/2r/mdtt8xvd351gdc398t28_m2m0000gn/T//ccNX3XzG.s:275    .bss.gw:00000000 $d
/var/folders/2r/mdtt8xvd351gdc398t28_m2m0000gn/T//ccNX3XzG.s:282    .bss.netmask:00000000 $d
/var/folders/2r/mdtt8xvd351gdc398t28_m2m0000gn/T//ccNX3XzG.s:289    .bss.ipaddr:00000000 $d
/var/folders/2r/mdtt8xvd351gdc398t28_m2m0000gn/T//ccNX3XzG.s:296    .bss.gnetif:00000000 $d

UNDEFINED SYMBOLS
tcpip_init
netif_add
netif_set_default
netif_set_up
netif_set_link_callback
memset
osThreadNew
tcpip_input
ethernetif_init
ethernet_link_thread
