ARM GAS  /var/folders/2r/mdtt8xvd351gdc398t28_m2m0000gn/T//cc3n78xw.s 			page 1


   1              		.cpu cortex-m7
   2              		.arch armv7e-m
   3              		.fpu fpv5-d16
   4              		.eabi_attribute 20, 1
   5              		.eabi_attribute 21, 1
   6              		.eabi_attribute 23, 3
   7              		.eabi_attribute 24, 1
   8              		.eabi_attribute 25, 1
   9              		.eabi_attribute 26, 1
  10              		.eabi_attribute 30, 1
  11              		.eabi_attribute 34, 1
  12              		.eabi_attribute 18, 4
  13              		.file	"main.c"
  14              		.text
  15              	.Ltext0:
  16              		.cfi_sections	.debug_frame
  17              		.file 1 "../../CM7/Core/Src/main.c"
  18              		.section	.text.simple_delay,"ax",%progbits
  19              		.align	1
  20              		.global	simple_delay
  21              		.syntax unified
  22              		.thumb
  23              		.thumb_func
  25              	simple_delay:
  26              	.LVL0:
  27              	.LFB147:
   1:../../CM7/Core/Src/main.c **** #include "main.h"
   2:../../CM7/Core/Src/main.c **** 
   3:../../CM7/Core/Src/main.c **** void simple_delay(uint32_t ms)
   4:../../CM7/Core/Src/main.c **** {
  28              		.loc 1 4 1 view -0
  29              		.cfi_startproc
  30              		@ args = 0, pretend = 0, frame = 8
  31              		@ frame_needed = 0, uses_anonymous_args = 0
  32              		@ link register save eliminated.
  33              		.loc 1 4 1 is_stmt 0 view .LVU1
  34 0000 82B0     		sub	sp, sp, #8
  35              	.LCFI0:
  36              		.cfi_def_cfa_offset 8
   5:../../CM7/Core/Src/main.c ****   for(volatile uint32_t i = 0; i < (ms * 8000); i++);
  37              		.loc 1 5 3 is_stmt 1 view .LVU2
  38              	.LBB4:
  39              		.loc 1 5 7 view .LVU3
  40              		.loc 1 5 25 is_stmt 0 view .LVU4
  41 0002 0023     		movs	r3, #0
  42 0004 0193     		str	r3, [sp, #4]
  43              		.loc 1 5 3 view .LVU5
  44 0006 02E0     		b	.L2
  45              	.L3:
  46              		.loc 1 5 50 is_stmt 1 discriminator 3 view .LVU6
  47 0008 019B     		ldr	r3, [sp, #4]
  48 000a 0133     		adds	r3, r3, #1
  49 000c 0193     		str	r3, [sp, #4]
  50              	.L2:
  51              		.loc 1 5 34 discriminator 1 view .LVU7
  52              		.loc 1 5 40 is_stmt 0 discriminator 1 view .LVU8
  53 000e 4FF4FA53 		mov	r3, #8000
ARM GAS  /var/folders/2r/mdtt8xvd351gdc398t28_m2m0000gn/T//cc3n78xw.s 			page 2


  54 0012 00FB03F3 		mul	r3, r0, r3
  55              		.loc 1 5 34 discriminator 1 view .LVU9
  56 0016 019A     		ldr	r2, [sp, #4]
  57 0018 9342     		cmp	r3, r2
  58 001a F5D8     		bhi	.L3
  59              	.LBE4:
   6:../../CM7/Core/Src/main.c **** }
  60              		.loc 1 6 1 view .LVU10
  61 001c 02B0     		add	sp, sp, #8
  62              	.LCFI1:
  63              		.cfi_def_cfa_offset 0
  64              		@ sp needed
  65 001e 7047     		bx	lr
  66              		.cfi_endproc
  67              	.LFE147:
  69              		.section	.text.SystemClock_Config,"ax",%progbits
  70              		.align	1
  71              		.global	SystemClock_Config
  72              		.syntax unified
  73              		.thumb
  74              		.thumb_func
  76              	SystemClock_Config:
  77              	.LFB148:
   7:../../CM7/Core/Src/main.c **** 
   8:../../CM7/Core/Src/main.c **** void SystemClock_Config(void)
   9:../../CM7/Core/Src/main.c **** {
  78              		.loc 1 9 1 is_stmt 1 view -0
  79              		.cfi_startproc
  80              		@ args = 0, pretend = 0, frame = 120
  81              		@ frame_needed = 0, uses_anonymous_args = 0
  82 0000 00B5     		push	{lr}
  83              	.LCFI2:
  84              		.cfi_def_cfa_offset 4
  85              		.cfi_offset 14, -4
  86 0002 9FB0     		sub	sp, sp, #124
  87              	.LCFI3:
  88              		.cfi_def_cfa_offset 128
  10:../../CM7/Core/Src/main.c ****   RCC_OscInitTypeDef RCC_OscInitStruct = {0};
  89              		.loc 1 10 3 view .LVU12
  90              		.loc 1 10 22 is_stmt 0 view .LVU13
  91 0004 4C22     		movs	r2, #76
  92 0006 0021     		movs	r1, #0
  93 0008 0BA8     		add	r0, sp, #44
  94 000a FFF7FEFF 		bl	memset
  95              	.LVL1:
  11:../../CM7/Core/Src/main.c ****   RCC_ClkInitTypeDef RCC_ClkInitStruct = {0};
  96              		.loc 1 11 3 is_stmt 1 view .LVU14
  97              		.loc 1 11 22 is_stmt 0 view .LVU15
  98 000e 2022     		movs	r2, #32
  99 0010 0021     		movs	r1, #0
 100 0012 03A8     		add	r0, sp, #12
 101 0014 FFF7FEFF 		bl	memset
 102              	.LVL2:
  12:../../CM7/Core/Src/main.c **** 
  13:../../CM7/Core/Src/main.c ****   HAL_PWREx_ConfigSupply(PWR_DIRECT_SMPS_SUPPLY);
 103              		.loc 1 13 3 is_stmt 1 view .LVU16
 104 0018 0420     		movs	r0, #4
ARM GAS  /var/folders/2r/mdtt8xvd351gdc398t28_m2m0000gn/T//cc3n78xw.s 			page 3


 105 001a FFF7FEFF 		bl	HAL_PWREx_ConfigSupply
 106              	.LVL3:
  14:../../CM7/Core/Src/main.c ****   __HAL_PWR_VOLTAGESCALING_CONFIG(PWR_REGULATOR_VOLTAGE_SCALE0);
 107              		.loc 1 14 3 view .LVU17
 108              	.LBB5:
 109              		.loc 1 14 3 view .LVU18
 110 001e 0021     		movs	r1, #0
 111 0020 0091     		str	r1, [sp]
 112              		.loc 1 14 3 view .LVU19
 113              		.loc 1 14 3 discriminator 1 view .LVU20
 114 0022 3B4B     		ldr	r3, .L24
 115 0024 9A69     		ldr	r2, [r3, #24]
 116 0026 42F44042 		orr	r2, r2, #49152
 117 002a 9A61     		str	r2, [r3, #24]
 118              		.loc 1 14 3 view .LVU21
 119              		.loc 1 14 3 is_stmt 0 discriminator 1 view .LVU22
 120 002c 9B69     		ldr	r3, [r3, #24]
 121 002e 03F44043 		and	r3, r3, #49152
 122 0032 0093     		str	r3, [sp]
 123              		.loc 1 14 3 is_stmt 1 view .LVU23
 124              		.loc 1 14 3 is_stmt 0 discriminator 1 view .LVU24
 125 0034 374B     		ldr	r3, .L24+4
 126 0036 DA6A     		ldr	r2, [r3, #44]
 127 0038 42F00102 		orr	r2, r2, #1
 128 003c DA62     		str	r2, [r3, #44]
 129              		.loc 1 14 3 is_stmt 1 view .LVU25
 130              		.loc 1 14 3 is_stmt 0 discriminator 1 view .LVU26
 131 003e DB6A     		ldr	r3, [r3, #44]
 132 0040 03F00103 		and	r3, r3, #1
 133 0044 0093     		str	r3, [sp]
 134              		.loc 1 14 3 is_stmt 1 discriminator 4 view .LVU27
 135 0046 009B     		ldr	r3, [sp]
 136              	.LBE5:
 137              		.loc 1 14 3 view .LVU28
  15:../../CM7/Core/Src/main.c **** 
  16:../../CM7/Core/Src/main.c ****   for(volatile int i=0; i<100000; i++);
 138              		.loc 1 16 3 view .LVU29
 139              	.LBB6:
 140              		.loc 1 16 7 view .LVU30
 141              		.loc 1 16 20 is_stmt 0 view .LVU31
 142 0048 0191     		str	r1, [sp, #4]
 143              		.loc 1 16 3 view .LVU32
 144 004a 02E0     		b	.L6
 145              	.L7:
 146              		.loc 1 16 36 is_stmt 1 discriminator 3 view .LVU33
 147 004c 019B     		ldr	r3, [sp, #4]
 148 004e 0133     		adds	r3, r3, #1
 149 0050 0193     		str	r3, [sp, #4]
 150              	.L6:
 151              		.loc 1 16 26 discriminator 1 view .LVU34
 152 0052 019A     		ldr	r2, [sp, #4]
 153 0054 304B     		ldr	r3, .L24+8
 154 0056 9A42     		cmp	r2, r3
 155 0058 F8DD     		ble	.L7
 156              	.LBE6:
  17:../../CM7/Core/Src/main.c **** 
  18:../../CM7/Core/Src/main.c ****   uint32_t timeout = 10000;
ARM GAS  /var/folders/2r/mdtt8xvd351gdc398t28_m2m0000gn/T//cc3n78xw.s 			page 4


 157              		.loc 1 18 12 is_stmt 0 view .LVU35
 158 005a 42F21073 		movw	r3, #10000
 159 005e 00E0     		b	.L9
 160              	.LVL4:
 161              	.L22:
  19:../../CM7/Core/Src/main.c ****   while(!__HAL_PWR_GET_FLAG(PWR_FLAG_VOSRDY) && timeout--);
 162              		.loc 1 19 56 discriminator 1 view .LVU36
 163 0060 1346     		mov	r3, r2
 164              	.LVL5:
 165              	.L9:
 166              		.loc 1 19 46 is_stmt 1 discriminator 2 view .LVU37
 167              		.loc 1 19 10 is_stmt 0 discriminator 2 view .LVU38
 168 0062 2B4A     		ldr	r2, .L24
 169 0064 9269     		ldr	r2, [r2, #24]
 170              		.loc 1 19 46 discriminator 2 view .LVU39
 171 0066 12F4005F 		tst	r2, #8192
 172 006a 03D1     		bne	.L8
 173              		.loc 1 19 56 discriminator 1 view .LVU40
 174 006c 5A1E     		subs	r2, r3, #1
 175              	.LVL6:
 176              		.loc 1 19 46 discriminator 1 view .LVU41
 177 006e 002B     		cmp	r3, #0
 178 0070 F6D1     		bne	.L22
 179              		.loc 1 19 56 discriminator 1 view .LVU42
 180 0072 1346     		mov	r3, r2
 181              	.LVL7:
 182              	.L8:
  20:../../CM7/Core/Src/main.c **** 
  21:../../CM7/Core/Src/main.c ****   if (timeout == 0) {
 183              		.loc 1 21 3 is_stmt 1 view .LVU43
 184              		.loc 1 21 6 is_stmt 0 view .LVU44
 185 0074 73B9     		cbnz	r3, .L10
 186              	.LVL8:
 187              	.L13:
  22:../../CM7/Core/Src/main.c ****     while(1) {
 188              		.loc 1 22 5 is_stmt 1 view .LVU45
  23:../../CM7/Core/Src/main.c ****       HAL_GPIO_TogglePin(GPIOB, GPIO_PIN_14);
 189              		.loc 1 23 7 view .LVU46
 190 0076 4FF48041 		mov	r1, #16384
 191 007a 2848     		ldr	r0, .L24+12
 192 007c FFF7FEFF 		bl	HAL_GPIO_TogglePin
 193              	.LVL9:
  24:../../CM7/Core/Src/main.c ****       for(volatile int i=0; i<400000; i++);
 194              		.loc 1 24 7 view .LVU47
 195              	.LBB7:
 196              		.loc 1 24 11 view .LVU48
 197              		.loc 1 24 24 is_stmt 0 view .LVU49
 198 0080 0023     		movs	r3, #0
 199 0082 0293     		str	r3, [sp, #8]
 200              	.L11:
 201              		.loc 1 24 30 is_stmt 1 discriminator 1 view .LVU50
 202 0084 029A     		ldr	r2, [sp, #8]
 203 0086 264B     		ldr	r3, .L24+16
 204 0088 9A42     		cmp	r2, r3
 205 008a F4DC     		bgt	.L13
 206              		.loc 1 24 40 discriminator 3 view .LVU51
 207 008c 029B     		ldr	r3, [sp, #8]
ARM GAS  /var/folders/2r/mdtt8xvd351gdc398t28_m2m0000gn/T//cc3n78xw.s 			page 5


 208 008e 0133     		adds	r3, r3, #1
 209 0090 0293     		str	r3, [sp, #8]
 210 0092 F7E7     		b	.L11
 211              	.LVL10:
 212              	.L10:
 213              		.loc 1 24 40 is_stmt 0 discriminator 3 view .LVU52
 214              	.LBE7:
  25:../../CM7/Core/Src/main.c ****     }
  26:../../CM7/Core/Src/main.c ****   }
  27:../../CM7/Core/Src/main.c **** 
  28:../../CM7/Core/Src/main.c ****   RCC_OscInitStruct.OscillatorType = RCC_OSCILLATORTYPE_HSI;
 215              		.loc 1 28 3 is_stmt 1 view .LVU53
 216              		.loc 1 28 36 is_stmt 0 view .LVU54
 217 0094 0223     		movs	r3, #2
 218              	.LVL11:
 219              		.loc 1 28 36 view .LVU55
 220 0096 0B93     		str	r3, [sp, #44]
  29:../../CM7/Core/Src/main.c ****   RCC_OscInitStruct.HSIState = RCC_HSI_DIV1;
 221              		.loc 1 29 3 is_stmt 1 view .LVU56
 222              		.loc 1 29 30 is_stmt 0 view .LVU57
 223 0098 0123     		movs	r3, #1
 224 009a 0E93     		str	r3, [sp, #56]
  30:../../CM7/Core/Src/main.c ****   RCC_OscInitStruct.HSICalibrationValue = RCC_HSICALIBRATION_DEFAULT;
 225              		.loc 1 30 3 is_stmt 1 view .LVU58
 226              		.loc 1 30 41 is_stmt 0 view .LVU59
 227 009c 4023     		movs	r3, #64
 228 009e 0F93     		str	r3, [sp, #60]
  31:../../CM7/Core/Src/main.c ****   RCC_OscInitStruct.PLL.PLLState = RCC_PLL_NONE;
 229              		.loc 1 31 3 is_stmt 1 view .LVU60
 230              		.loc 1 31 34 is_stmt 0 view .LVU61
 231 00a0 0023     		movs	r3, #0
 232 00a2 1493     		str	r3, [sp, #80]
  32:../../CM7/Core/Src/main.c **** 
  33:../../CM7/Core/Src/main.c ****   if (HAL_RCC_OscConfig(&RCC_OscInitStruct) != HAL_OK)
 233              		.loc 1 33 3 is_stmt 1 view .LVU62
 234              		.loc 1 33 7 is_stmt 0 view .LVU63
 235 00a4 0BA8     		add	r0, sp, #44
 236 00a6 FFF7FEFF 		bl	HAL_RCC_OscConfig
 237              	.LVL12:
 238              		.loc 1 33 6 discriminator 1 view .LVU64
 239 00aa 70B1     		cbz	r0, .L14
 240              	.L17:
  34:../../CM7/Core/Src/main.c ****   {
  35:../../CM7/Core/Src/main.c ****     while(1) {
 241              		.loc 1 35 5 is_stmt 1 view .LVU65
  36:../../CM7/Core/Src/main.c ****       HAL_GPIO_TogglePin(GPIOB, GPIO_PIN_14);
 242              		.loc 1 36 7 view .LVU66
 243 00ac 4FF48041 		mov	r1, #16384
 244 00b0 1A48     		ldr	r0, .L24+12
 245 00b2 FFF7FEFF 		bl	HAL_GPIO_TogglePin
 246              	.LVL13:
  37:../../CM7/Core/Src/main.c ****       for(volatile int i=0; i<200000; i++);
 247              		.loc 1 37 7 view .LVU67
 248              	.LBB8:
 249              		.loc 1 37 11 view .LVU68
 250              		.loc 1 37 24 is_stmt 0 view .LVU69
 251 00b6 0023     		movs	r3, #0
ARM GAS  /var/folders/2r/mdtt8xvd351gdc398t28_m2m0000gn/T//cc3n78xw.s 			page 6


 252 00b8 0293     		str	r3, [sp, #8]
 253              	.L15:
 254              		.loc 1 37 30 is_stmt 1 discriminator 1 view .LVU70
 255 00ba 029A     		ldr	r2, [sp, #8]
 256 00bc 194B     		ldr	r3, .L24+20
 257 00be 9A42     		cmp	r2, r3
 258 00c0 F4DC     		bgt	.L17
 259              		.loc 1 37 40 discriminator 3 view .LVU71
 260 00c2 029B     		ldr	r3, [sp, #8]
 261 00c4 0133     		adds	r3, r3, #1
 262 00c6 0293     		str	r3, [sp, #8]
 263 00c8 F7E7     		b	.L15
 264              	.L14:
 265              	.LBE8:
  38:../../CM7/Core/Src/main.c ****     }
  39:../../CM7/Core/Src/main.c ****   }
  40:../../CM7/Core/Src/main.c **** 
  41:../../CM7/Core/Src/main.c ****   RCC_ClkInitStruct.ClockType = RCC_CLOCKTYPE_HCLK|RCC_CLOCKTYPE_SYSCLK
 266              		.loc 1 41 3 view .LVU72
 267              		.loc 1 41 31 is_stmt 0 view .LVU73
 268 00ca 3F23     		movs	r3, #63
 269 00cc 0393     		str	r3, [sp, #12]
  42:../../CM7/Core/Src/main.c ****                               |RCC_CLOCKTYPE_PCLK1|RCC_CLOCKTYPE_PCLK2
  43:../../CM7/Core/Src/main.c ****                               |RCC_CLOCKTYPE_D3PCLK1|RCC_CLOCKTYPE_D1PCLK1;
  44:../../CM7/Core/Src/main.c ****   RCC_ClkInitStruct.SYSCLKSource = RCC_SYSCLKSOURCE_HSI;
 270              		.loc 1 44 3 is_stmt 1 view .LVU74
 271              		.loc 1 44 34 is_stmt 0 view .LVU75
 272 00ce 0023     		movs	r3, #0
 273 00d0 0493     		str	r3, [sp, #16]
  45:../../CM7/Core/Src/main.c ****   RCC_ClkInitStruct.SYSCLKDivider = RCC_SYSCLK_DIV1;
 274              		.loc 1 45 3 is_stmt 1 view .LVU76
 275              		.loc 1 45 35 is_stmt 0 view .LVU77
 276 00d2 0593     		str	r3, [sp, #20]
  46:../../CM7/Core/Src/main.c ****   RCC_ClkInitStruct.AHBCLKDivider = RCC_HCLK_DIV1;
 277              		.loc 1 46 3 is_stmt 1 view .LVU78
 278              		.loc 1 46 35 is_stmt 0 view .LVU79
 279 00d4 0693     		str	r3, [sp, #24]
  47:../../CM7/Core/Src/main.c ****   RCC_ClkInitStruct.APB3CLKDivider = RCC_APB3_DIV2;
 280              		.loc 1 47 3 is_stmt 1 view .LVU80
 281              		.loc 1 47 36 is_stmt 0 view .LVU81
 282 00d6 4023     		movs	r3, #64
 283 00d8 0793     		str	r3, [sp, #28]
  48:../../CM7/Core/Src/main.c ****   RCC_ClkInitStruct.APB1CLKDivider = RCC_APB1_DIV2;
 284              		.loc 1 48 3 is_stmt 1 view .LVU82
 285              		.loc 1 48 36 is_stmt 0 view .LVU83
 286 00da 0893     		str	r3, [sp, #32]
  49:../../CM7/Core/Src/main.c ****   RCC_ClkInitStruct.APB2CLKDivider = RCC_APB2_DIV2;
 287              		.loc 1 49 3 is_stmt 1 view .LVU84
 288              		.loc 1 49 36 is_stmt 0 view .LVU85
 289 00dc 4FF48062 		mov	r2, #1024
 290 00e0 0992     		str	r2, [sp, #36]
  50:../../CM7/Core/Src/main.c ****   RCC_ClkInitStruct.APB4CLKDivider = RCC_APB4_DIV2;
 291              		.loc 1 50 3 is_stmt 1 view .LVU86
 292              		.loc 1 50 36 is_stmt 0 view .LVU87
 293 00e2 0A93     		str	r3, [sp, #40]
  51:../../CM7/Core/Src/main.c **** 
  52:../../CM7/Core/Src/main.c ****   if (HAL_RCC_ClockConfig(&RCC_ClkInitStruct, FLASH_LATENCY_1) != HAL_OK)
ARM GAS  /var/folders/2r/mdtt8xvd351gdc398t28_m2m0000gn/T//cc3n78xw.s 			page 7


 294              		.loc 1 52 3 is_stmt 1 view .LVU88
 295              		.loc 1 52 7 is_stmt 0 view .LVU89
 296 00e4 0121     		movs	r1, #1
 297 00e6 03A8     		add	r0, sp, #12
 298 00e8 FFF7FEFF 		bl	HAL_RCC_ClockConfig
 299              	.LVL14:
 300              		.loc 1 52 6 discriminator 1 view .LVU90
 301 00ec 48B9     		cbnz	r0, .L21
  53:../../CM7/Core/Src/main.c ****   {
  54:../../CM7/Core/Src/main.c ****     while(1) {
  55:../../CM7/Core/Src/main.c ****       HAL_GPIO_TogglePin(GPIOB, GPIO_PIN_7);
  56:../../CM7/Core/Src/main.c ****       for(volatile int i=0; i<200000; i++);
  57:../../CM7/Core/Src/main.c ****     }
  58:../../CM7/Core/Src/main.c ****   }
  59:../../CM7/Core/Src/main.c **** }
 302              		.loc 1 59 1 view .LVU91
 303 00ee 1FB0     		add	sp, sp, #124
 304              	.LCFI4:
 305              		.cfi_remember_state
 306              		.cfi_def_cfa_offset 4
 307              		@ sp needed
 308 00f0 5DF804FB 		ldr	pc, [sp], #4
 309              	.L20:
 310              	.LCFI5:
 311              		.cfi_restore_state
 312              	.LBB9:
  56:../../CM7/Core/Src/main.c ****     }
 313              		.loc 1 56 40 is_stmt 1 discriminator 3 view .LVU92
 314 00f4 029B     		ldr	r3, [sp, #8]
 315 00f6 0133     		adds	r3, r3, #1
 316 00f8 0293     		str	r3, [sp, #8]
 317              	.L19:
  56:../../CM7/Core/Src/main.c ****     }
 318              		.loc 1 56 30 discriminator 1 view .LVU93
 319 00fa 029A     		ldr	r2, [sp, #8]
 320 00fc 094B     		ldr	r3, .L24+20
 321 00fe 9A42     		cmp	r2, r3
 322 0100 F8DD     		ble	.L20
 323              	.L21:
 324              	.LBE9:
  54:../../CM7/Core/Src/main.c ****       HAL_GPIO_TogglePin(GPIOB, GPIO_PIN_7);
 325              		.loc 1 54 5 view .LVU94
  55:../../CM7/Core/Src/main.c ****       for(volatile int i=0; i<200000; i++);
 326              		.loc 1 55 7 view .LVU95
 327 0102 8021     		movs	r1, #128
 328 0104 0548     		ldr	r0, .L24+12
 329 0106 FFF7FEFF 		bl	HAL_GPIO_TogglePin
 330              	.LVL15:
  56:../../CM7/Core/Src/main.c ****     }
 331              		.loc 1 56 7 view .LVU96
 332              	.LBB10:
  56:../../CM7/Core/Src/main.c ****     }
 333              		.loc 1 56 11 view .LVU97
  56:../../CM7/Core/Src/main.c ****     }
 334              		.loc 1 56 24 is_stmt 0 view .LVU98
 335 010a 0023     		movs	r3, #0
 336 010c 0293     		str	r3, [sp, #8]
ARM GAS  /var/folders/2r/mdtt8xvd351gdc398t28_m2m0000gn/T//cc3n78xw.s 			page 8


  56:../../CM7/Core/Src/main.c ****     }
 337              		.loc 1 56 7 view .LVU99
 338 010e F4E7     		b	.L19
 339              	.L25:
 340              		.align	2
 341              	.L24:
 342 0110 00480258 		.word	1476544512
 343 0114 00040058 		.word	1476396032
 344 0118 9F860100 		.word	99999
 345 011c 00040258 		.word	1476527104
 346 0120 7F1A0600 		.word	399999
 347 0124 3F0D0300 		.word	199999
 348              	.LBE10:
 349              		.cfi_endproc
 350              	.LFE148:
 352              		.section	.text.main,"ax",%progbits
 353              		.align	1
 354              		.global	main
 355              		.syntax unified
 356              		.thumb
 357              		.thumb_func
 359              	main:
 360              	.LFB149:
  60:../../CM7/Core/Src/main.c **** 
  61:../../CM7/Core/Src/main.c **** int main(void)
  62:../../CM7/Core/Src/main.c **** {
 361              		.loc 1 62 1 is_stmt 1 view -0
 362              		.cfi_startproc
 363              		@ Volatile: function does not return.
 364              		@ args = 0, pretend = 0, frame = 24
 365              		@ frame_needed = 0, uses_anonymous_args = 0
 366 0000 00B5     		push	{lr}
 367              	.LCFI6:
 368              		.cfi_def_cfa_offset 4
 369              		.cfi_offset 14, -4
 370 0002 87B0     		sub	sp, sp, #28
 371              	.LCFI7:
 372              		.cfi_def_cfa_offset 32
  63:../../CM7/Core/Src/main.c ****   // NO MPU - NO D-Cache
  64:../../CM7/Core/Src/main.c **** 
  65:../../CM7/Core/Src/main.c ****   HAL_Init();
 373              		.loc 1 65 3 view .LVU101
 374 0004 FFF7FEFF 		bl	HAL_Init
 375              	.LVL16:
  66:../../CM7/Core/Src/main.c **** 
  67:../../CM7/Core/Src/main.c ****   SystemClock_Config();
 376              		.loc 1 67 3 view .LVU102
 377 0008 FFF7FEFF 		bl	SystemClock_Config
 378              	.LVL17:
  68:../../CM7/Core/Src/main.c **** 
  69:../../CM7/Core/Src/main.c ****   __HAL_RCC_GPIOB_CLK_ENABLE();
 379              		.loc 1 69 3 view .LVU103
 380              	.LBB11:
 381              		.loc 1 69 3 view .LVU104
 382              		.loc 1 69 3 view .LVU105
 383 000c 1B4B     		ldr	r3, .L29
 384 000e D3F8E020 		ldr	r2, [r3, #224]
ARM GAS  /var/folders/2r/mdtt8xvd351gdc398t28_m2m0000gn/T//cc3n78xw.s 			page 9


 385 0012 42F00202 		orr	r2, r2, #2
 386 0016 C3F8E020 		str	r2, [r3, #224]
 387              		.loc 1 69 3 view .LVU106
 388 001a D3F8E030 		ldr	r3, [r3, #224]
 389 001e 03F00203 		and	r3, r3, #2
 390 0022 0093     		str	r3, [sp]
 391              		.loc 1 69 3 view .LVU107
 392 0024 009B     		ldr	r3, [sp]
 393              	.LBE11:
 394              		.loc 1 69 3 view .LVU108
  70:../../CM7/Core/Src/main.c ****   GPIO_InitTypeDef GPIO_InitStruct = {0};
 395              		.loc 1 70 3 view .LVU109
 396              		.loc 1 70 20 is_stmt 0 view .LVU110
 397 0026 01A9     		add	r1, sp, #4
 398 0028 0023     		movs	r3, #0
 399 002a 0193     		str	r3, [sp, #4]
 400 002c 4B60     		str	r3, [r1, #4]
 401 002e 8B60     		str	r3, [r1, #8]
 402 0030 CB60     		str	r3, [r1, #12]
 403 0032 0B61     		str	r3, [r1, #16]
  71:../../CM7/Core/Src/main.c ****   GPIO_InitStruct.Pin = GPIO_PIN_0 | GPIO_PIN_7 | GPIO_PIN_14;
 404              		.loc 1 71 3 is_stmt 1 view .LVU111
 405              		.loc 1 71 23 is_stmt 0 view .LVU112
 406 0034 44F28103 		movw	r3, #16513
 407 0038 0193     		str	r3, [sp, #4]
  72:../../CM7/Core/Src/main.c ****   GPIO_InitStruct.Mode = GPIO_MODE_OUTPUT_PP;
 408              		.loc 1 72 3 is_stmt 1 view .LVU113
 409              		.loc 1 72 24 is_stmt 0 view .LVU114
 410 003a 0123     		movs	r3, #1
 411 003c 0293     		str	r3, [sp, #8]
  73:../../CM7/Core/Src/main.c ****   GPIO_InitStruct.Pull = GPIO_NOPULL;
 412              		.loc 1 73 3 is_stmt 1 view .LVU115
  74:../../CM7/Core/Src/main.c ****   GPIO_InitStruct.Speed = GPIO_SPEED_FREQ_LOW;
 413              		.loc 1 74 3 view .LVU116
  75:../../CM7/Core/Src/main.c ****   HAL_GPIO_Init(GPIOB, &GPIO_InitStruct);
 414              		.loc 1 75 3 view .LVU117
 415 003e 1048     		ldr	r0, .L29+4
 416 0040 FFF7FEFF 		bl	HAL_GPIO_Init
 417              	.LVL18:
 418              	.L27:
  76:../../CM7/Core/Src/main.c **** 
  77:../../CM7/Core/Src/main.c ****   while (1)
 419              		.loc 1 77 3 view .LVU118
  78:../../CM7/Core/Src/main.c ****   {
  79:../../CM7/Core/Src/main.c ****     HAL_GPIO_TogglePin(GPIOB, GPIO_PIN_0);
 420              		.loc 1 79 5 view .LVU119
 421 0044 0E4C     		ldr	r4, .L29+4
 422 0046 0121     		movs	r1, #1
 423 0048 2046     		mov	r0, r4
 424 004a FFF7FEFF 		bl	HAL_GPIO_TogglePin
 425              	.LVL19:
  80:../../CM7/Core/Src/main.c ****     simple_delay(500);
 426              		.loc 1 80 5 view .LVU120
 427 004e 4FF4FA70 		mov	r0, #500
 428 0052 FFF7FEFF 		bl	simple_delay
 429              	.LVL20:
  81:../../CM7/Core/Src/main.c **** 
ARM GAS  /var/folders/2r/mdtt8xvd351gdc398t28_m2m0000gn/T//cc3n78xw.s 			page 10


  82:../../CM7/Core/Src/main.c ****     HAL_GPIO_TogglePin(GPIOB, GPIO_PIN_7);
 430              		.loc 1 82 5 view .LVU121
 431 0056 8021     		movs	r1, #128
 432 0058 2046     		mov	r0, r4
 433 005a FFF7FEFF 		bl	HAL_GPIO_TogglePin
 434              	.LVL21:
  83:../../CM7/Core/Src/main.c ****     simple_delay(500);
 435              		.loc 1 83 5 view .LVU122
 436 005e 4FF4FA70 		mov	r0, #500
 437 0062 FFF7FEFF 		bl	simple_delay
 438              	.LVL22:
  84:../../CM7/Core/Src/main.c **** 
  85:../../CM7/Core/Src/main.c ****     HAL_GPIO_TogglePin(GPIOB, GPIO_PIN_14);
 439              		.loc 1 85 5 view .LVU123
 440 0066 4FF48041 		mov	r1, #16384
 441 006a 2046     		mov	r0, r4
 442 006c FFF7FEFF 		bl	HAL_GPIO_TogglePin
 443              	.LVL23:
  86:../../CM7/Core/Src/main.c ****     simple_delay(500);
 444              		.loc 1 86 5 discriminator 1 view .LVU124
 445 0070 4FF4FA70 		mov	r0, #500
 446 0074 FFF7FEFF 		bl	simple_delay
 447              	.LVL24:
  77:../../CM7/Core/Src/main.c ****   {
 448              		.loc 1 77 9 view .LVU125
 449 0078 E4E7     		b	.L27
 450              	.L30:
 451 007a 00BF     		.align	2
 452              	.L29:
 453 007c 00440258 		.word	1476543488
 454 0080 00040258 		.word	1476527104
 455              		.cfi_endproc
 456              	.LFE149:
 458              		.section	.text.Error_Handler,"ax",%progbits
 459              		.align	1
 460              		.global	Error_Handler
 461              		.syntax unified
 462              		.thumb
 463              		.thumb_func
 465              	Error_Handler:
 466              	.LFB150:
  87:../../CM7/Core/Src/main.c ****   }
  88:../../CM7/Core/Src/main.c **** }
  89:../../CM7/Core/Src/main.c **** 
  90:../../CM7/Core/Src/main.c **** void Error_Handler(void)
  91:../../CM7/Core/Src/main.c **** {
 467              		.loc 1 91 1 view -0
 468              		.cfi_startproc
 469              		@ Volatile: function does not return.
 470              		@ args = 0, pretend = 0, frame = 0
 471              		@ frame_needed = 0, uses_anonymous_args = 0
 472              		@ link register save eliminated.
  92:../../CM7/Core/Src/main.c ****   __disable_irq();
 473              		.loc 1 92 3 view .LVU127
 474              	.LBB12:
 475              	.LBI12:
 476              		.file 2 "../../Drivers/CMSIS/Include/cmsis_gcc.h"
ARM GAS  /var/folders/2r/mdtt8xvd351gdc398t28_m2m0000gn/T//cc3n78xw.s 			page 11


   1:../../Drivers/CMSIS/Include/cmsis_gcc.h **** /**************************************************************************//**
   2:../../Drivers/CMSIS/Include/cmsis_gcc.h ****  * @file     cmsis_gcc.h
   3:../../Drivers/CMSIS/Include/cmsis_gcc.h ****  * @brief    CMSIS compiler GCC header file
   4:../../Drivers/CMSIS/Include/cmsis_gcc.h ****  * @version  V5.2.0
   5:../../Drivers/CMSIS/Include/cmsis_gcc.h ****  * @date     08. May 2019
   6:../../Drivers/CMSIS/Include/cmsis_gcc.h ****  ******************************************************************************/
   7:../../Drivers/CMSIS/Include/cmsis_gcc.h **** /*
   8:../../Drivers/CMSIS/Include/cmsis_gcc.h ****  * Copyright (c) 2009-2019 Arm Limited. All rights reserved.
   9:../../Drivers/CMSIS/Include/cmsis_gcc.h ****  *
  10:../../Drivers/CMSIS/Include/cmsis_gcc.h ****  * SPDX-License-Identifier: Apache-2.0
  11:../../Drivers/CMSIS/Include/cmsis_gcc.h ****  *
  12:../../Drivers/CMSIS/Include/cmsis_gcc.h ****  * Licensed under the Apache License, Version 2.0 (the License); you may
  13:../../Drivers/CMSIS/Include/cmsis_gcc.h ****  * not use this file except in compliance with the License.
  14:../../Drivers/CMSIS/Include/cmsis_gcc.h ****  * You may obtain a copy of the License at
  15:../../Drivers/CMSIS/Include/cmsis_gcc.h ****  *
  16:../../Drivers/CMSIS/Include/cmsis_gcc.h ****  * www.apache.org/licenses/LICENSE-2.0
  17:../../Drivers/CMSIS/Include/cmsis_gcc.h ****  *
  18:../../Drivers/CMSIS/Include/cmsis_gcc.h ****  * Unless required by applicable law or agreed to in writing, software
  19:../../Drivers/CMSIS/Include/cmsis_gcc.h ****  * distributed under the License is distributed on an AS IS BASIS, WITHOUT
  20:../../Drivers/CMSIS/Include/cmsis_gcc.h ****  * WARRANTIES OR CONDITIONS OF ANY KIND, either express or implied.
  21:../../Drivers/CMSIS/Include/cmsis_gcc.h ****  * See the License for the specific language governing permissions and
  22:../../Drivers/CMSIS/Include/cmsis_gcc.h ****  * limitations under the License.
  23:../../Drivers/CMSIS/Include/cmsis_gcc.h ****  */
  24:../../Drivers/CMSIS/Include/cmsis_gcc.h **** 
  25:../../Drivers/CMSIS/Include/cmsis_gcc.h **** #ifndef __CMSIS_GCC_H
  26:../../Drivers/CMSIS/Include/cmsis_gcc.h **** #define __CMSIS_GCC_H
  27:../../Drivers/CMSIS/Include/cmsis_gcc.h **** 
  28:../../Drivers/CMSIS/Include/cmsis_gcc.h **** /* ignore some GCC warnings */
  29:../../Drivers/CMSIS/Include/cmsis_gcc.h **** #pragma GCC diagnostic push
  30:../../Drivers/CMSIS/Include/cmsis_gcc.h **** #pragma GCC diagnostic ignored "-Wsign-conversion"
  31:../../Drivers/CMSIS/Include/cmsis_gcc.h **** #pragma GCC diagnostic ignored "-Wconversion"
  32:../../Drivers/CMSIS/Include/cmsis_gcc.h **** #pragma GCC diagnostic ignored "-Wunused-parameter"
  33:../../Drivers/CMSIS/Include/cmsis_gcc.h **** 
  34:../../Drivers/CMSIS/Include/cmsis_gcc.h **** /* Fallback for __has_builtin */
  35:../../Drivers/CMSIS/Include/cmsis_gcc.h **** #ifndef __has_builtin
  36:../../Drivers/CMSIS/Include/cmsis_gcc.h ****   #define __has_builtin(x) (0)
  37:../../Drivers/CMSIS/Include/cmsis_gcc.h **** #endif
  38:../../Drivers/CMSIS/Include/cmsis_gcc.h **** 
  39:../../Drivers/CMSIS/Include/cmsis_gcc.h **** /* CMSIS compiler specific defines */
  40:../../Drivers/CMSIS/Include/cmsis_gcc.h **** #ifndef   __ASM
  41:../../Drivers/CMSIS/Include/cmsis_gcc.h ****   #define __ASM                                  __asm
  42:../../Drivers/CMSIS/Include/cmsis_gcc.h **** #endif
  43:../../Drivers/CMSIS/Include/cmsis_gcc.h **** #ifndef   __INLINE
  44:../../Drivers/CMSIS/Include/cmsis_gcc.h ****   #define __INLINE                               inline
  45:../../Drivers/CMSIS/Include/cmsis_gcc.h **** #endif
  46:../../Drivers/CMSIS/Include/cmsis_gcc.h **** #ifndef   __STATIC_INLINE
  47:../../Drivers/CMSIS/Include/cmsis_gcc.h ****   #define __STATIC_INLINE                        static inline
  48:../../Drivers/CMSIS/Include/cmsis_gcc.h **** #endif
  49:../../Drivers/CMSIS/Include/cmsis_gcc.h **** #ifndef   __STATIC_FORCEINLINE                 
  50:../../Drivers/CMSIS/Include/cmsis_gcc.h ****   #define __STATIC_FORCEINLINE                   __attribute__((always_inline)) static inline
  51:../../Drivers/CMSIS/Include/cmsis_gcc.h **** #endif                                           
  52:../../Drivers/CMSIS/Include/cmsis_gcc.h **** #ifndef   __NO_RETURN
  53:../../Drivers/CMSIS/Include/cmsis_gcc.h ****   #define __NO_RETURN                            __attribute__((__noreturn__))
  54:../../Drivers/CMSIS/Include/cmsis_gcc.h **** #endif
  55:../../Drivers/CMSIS/Include/cmsis_gcc.h **** #ifndef   __USED
  56:../../Drivers/CMSIS/Include/cmsis_gcc.h ****   #define __USED                                 __attribute__((used))
  57:../../Drivers/CMSIS/Include/cmsis_gcc.h **** #endif
ARM GAS  /var/folders/2r/mdtt8xvd351gdc398t28_m2m0000gn/T//cc3n78xw.s 			page 12


  58:../../Drivers/CMSIS/Include/cmsis_gcc.h **** #ifndef   __WEAK
  59:../../Drivers/CMSIS/Include/cmsis_gcc.h ****   #define __WEAK                                 __attribute__((weak))
  60:../../Drivers/CMSIS/Include/cmsis_gcc.h **** #endif
  61:../../Drivers/CMSIS/Include/cmsis_gcc.h **** #ifndef   __PACKED
  62:../../Drivers/CMSIS/Include/cmsis_gcc.h ****   #define __PACKED                               __attribute__((packed, aligned(1)))
  63:../../Drivers/CMSIS/Include/cmsis_gcc.h **** #endif
  64:../../Drivers/CMSIS/Include/cmsis_gcc.h **** #ifndef   __PACKED_STRUCT
  65:../../Drivers/CMSIS/Include/cmsis_gcc.h ****   #define __PACKED_STRUCT                        struct __attribute__((packed, aligned(1)))
  66:../../Drivers/CMSIS/Include/cmsis_gcc.h **** #endif
  67:../../Drivers/CMSIS/Include/cmsis_gcc.h **** #ifndef   __PACKED_UNION
  68:../../Drivers/CMSIS/Include/cmsis_gcc.h ****   #define __PACKED_UNION                         union __attribute__((packed, aligned(1)))
  69:../../Drivers/CMSIS/Include/cmsis_gcc.h **** #endif
  70:../../Drivers/CMSIS/Include/cmsis_gcc.h **** #ifndef   __UNALIGNED_UINT32        /* deprecated */
  71:../../Drivers/CMSIS/Include/cmsis_gcc.h ****   #pragma GCC diagnostic push
  72:../../Drivers/CMSIS/Include/cmsis_gcc.h ****   #pragma GCC diagnostic ignored "-Wpacked"
  73:../../Drivers/CMSIS/Include/cmsis_gcc.h ****   #pragma GCC diagnostic ignored "-Wattributes"
  74:../../Drivers/CMSIS/Include/cmsis_gcc.h ****   struct __attribute__((packed)) T_UINT32 { uint32_t v; };
  75:../../Drivers/CMSIS/Include/cmsis_gcc.h ****   #pragma GCC diagnostic pop
  76:../../Drivers/CMSIS/Include/cmsis_gcc.h ****   #define __UNALIGNED_UINT32(x)                  (((struct T_UINT32 *)(x))->v)
  77:../../Drivers/CMSIS/Include/cmsis_gcc.h **** #endif
  78:../../Drivers/CMSIS/Include/cmsis_gcc.h **** #ifndef   __UNALIGNED_UINT16_WRITE
  79:../../Drivers/CMSIS/Include/cmsis_gcc.h ****   #pragma GCC diagnostic push
  80:../../Drivers/CMSIS/Include/cmsis_gcc.h ****   #pragma GCC diagnostic ignored "-Wpacked"
  81:../../Drivers/CMSIS/Include/cmsis_gcc.h ****   #pragma GCC diagnostic ignored "-Wattributes"
  82:../../Drivers/CMSIS/Include/cmsis_gcc.h ****   __PACKED_STRUCT T_UINT16_WRITE { uint16_t v; };
  83:../../Drivers/CMSIS/Include/cmsis_gcc.h ****   #pragma GCC diagnostic pop
  84:../../Drivers/CMSIS/Include/cmsis_gcc.h ****   #define __UNALIGNED_UINT16_WRITE(addr, val)    (void)((((struct T_UINT16_WRITE *)(void *)(addr))-
  85:../../Drivers/CMSIS/Include/cmsis_gcc.h **** #endif
  86:../../Drivers/CMSIS/Include/cmsis_gcc.h **** #ifndef   __UNALIGNED_UINT16_READ
  87:../../Drivers/CMSIS/Include/cmsis_gcc.h ****   #pragma GCC diagnostic push
  88:../../Drivers/CMSIS/Include/cmsis_gcc.h ****   #pragma GCC diagnostic ignored "-Wpacked"
  89:../../Drivers/CMSIS/Include/cmsis_gcc.h ****   #pragma GCC diagnostic ignored "-Wattributes"
  90:../../Drivers/CMSIS/Include/cmsis_gcc.h ****   __PACKED_STRUCT T_UINT16_READ { uint16_t v; };
  91:../../Drivers/CMSIS/Include/cmsis_gcc.h ****   #pragma GCC diagnostic pop
  92:../../Drivers/CMSIS/Include/cmsis_gcc.h ****   #define __UNALIGNED_UINT16_READ(addr)          (((const struct T_UINT16_READ *)(const void *)(add
  93:../../Drivers/CMSIS/Include/cmsis_gcc.h **** #endif
  94:../../Drivers/CMSIS/Include/cmsis_gcc.h **** #ifndef   __UNALIGNED_UINT32_WRITE
  95:../../Drivers/CMSIS/Include/cmsis_gcc.h ****   #pragma GCC diagnostic push
  96:../../Drivers/CMSIS/Include/cmsis_gcc.h ****   #pragma GCC diagnostic ignored "-Wpacked"
  97:../../Drivers/CMSIS/Include/cmsis_gcc.h ****   #pragma GCC diagnostic ignored "-Wattributes"
  98:../../Drivers/CMSIS/Include/cmsis_gcc.h ****   __PACKED_STRUCT T_UINT32_WRITE { uint32_t v; };
  99:../../Drivers/CMSIS/Include/cmsis_gcc.h ****   #pragma GCC diagnostic pop
 100:../../Drivers/CMSIS/Include/cmsis_gcc.h ****   #define __UNALIGNED_UINT32_WRITE(addr, val)    (void)((((struct T_UINT32_WRITE *)(void *)(addr))-
 101:../../Drivers/CMSIS/Include/cmsis_gcc.h **** #endif
 102:../../Drivers/CMSIS/Include/cmsis_gcc.h **** #ifndef   __UNALIGNED_UINT32_READ
 103:../../Drivers/CMSIS/Include/cmsis_gcc.h ****   #pragma GCC diagnostic push
 104:../../Drivers/CMSIS/Include/cmsis_gcc.h ****   #pragma GCC diagnostic ignored "-Wpacked"
 105:../../Drivers/CMSIS/Include/cmsis_gcc.h ****   #pragma GCC diagnostic ignored "-Wattributes"
 106:../../Drivers/CMSIS/Include/cmsis_gcc.h ****   __PACKED_STRUCT T_UINT32_READ { uint32_t v; };
 107:../../Drivers/CMSIS/Include/cmsis_gcc.h ****   #pragma GCC diagnostic pop
 108:../../Drivers/CMSIS/Include/cmsis_gcc.h ****   #define __UNALIGNED_UINT32_READ(addr)          (((const struct T_UINT32_READ *)(const void *)(add
 109:../../Drivers/CMSIS/Include/cmsis_gcc.h **** #endif
 110:../../Drivers/CMSIS/Include/cmsis_gcc.h **** #ifndef   __ALIGNED
 111:../../Drivers/CMSIS/Include/cmsis_gcc.h ****   #define __ALIGNED(x)                           __attribute__((aligned(x)))
 112:../../Drivers/CMSIS/Include/cmsis_gcc.h **** #endif
 113:../../Drivers/CMSIS/Include/cmsis_gcc.h **** #ifndef   __RESTRICT
 114:../../Drivers/CMSIS/Include/cmsis_gcc.h ****   #define __RESTRICT                             __restrict
ARM GAS  /var/folders/2r/mdtt8xvd351gdc398t28_m2m0000gn/T//cc3n78xw.s 			page 13


 115:../../Drivers/CMSIS/Include/cmsis_gcc.h **** #endif
 116:../../Drivers/CMSIS/Include/cmsis_gcc.h **** #ifndef   __COMPILER_BARRIER
 117:../../Drivers/CMSIS/Include/cmsis_gcc.h ****   #define __COMPILER_BARRIER()                   __ASM volatile("":::"memory")
 118:../../Drivers/CMSIS/Include/cmsis_gcc.h **** #endif
 119:../../Drivers/CMSIS/Include/cmsis_gcc.h **** 
 120:../../Drivers/CMSIS/Include/cmsis_gcc.h **** /* #########################  Startup and Lowlevel Init  ######################## */
 121:../../Drivers/CMSIS/Include/cmsis_gcc.h **** 
 122:../../Drivers/CMSIS/Include/cmsis_gcc.h **** #ifndef __PROGRAM_START
 123:../../Drivers/CMSIS/Include/cmsis_gcc.h **** 
 124:../../Drivers/CMSIS/Include/cmsis_gcc.h **** /**
 125:../../Drivers/CMSIS/Include/cmsis_gcc.h ****   \brief   Initializes data and bss sections
 126:../../Drivers/CMSIS/Include/cmsis_gcc.h ****   \details This default implementations initialized all data and additional bss
 127:../../Drivers/CMSIS/Include/cmsis_gcc.h ****            sections relying on .copy.table and .zero.table specified properly
 128:../../Drivers/CMSIS/Include/cmsis_gcc.h ****            in the used linker script.
 129:../../Drivers/CMSIS/Include/cmsis_gcc.h ****   
 130:../../Drivers/CMSIS/Include/cmsis_gcc.h ****  */
 131:../../Drivers/CMSIS/Include/cmsis_gcc.h **** __STATIC_FORCEINLINE __NO_RETURN void __cmsis_start(void)
 132:../../Drivers/CMSIS/Include/cmsis_gcc.h **** {
 133:../../Drivers/CMSIS/Include/cmsis_gcc.h ****   extern void _start(void) __NO_RETURN;
 134:../../Drivers/CMSIS/Include/cmsis_gcc.h ****   
 135:../../Drivers/CMSIS/Include/cmsis_gcc.h ****   typedef struct {
 136:../../Drivers/CMSIS/Include/cmsis_gcc.h ****     uint32_t const* src;
 137:../../Drivers/CMSIS/Include/cmsis_gcc.h ****     uint32_t* dest;
 138:../../Drivers/CMSIS/Include/cmsis_gcc.h ****     uint32_t  wlen;
 139:../../Drivers/CMSIS/Include/cmsis_gcc.h ****   } __copy_table_t;
 140:../../Drivers/CMSIS/Include/cmsis_gcc.h ****   
 141:../../Drivers/CMSIS/Include/cmsis_gcc.h ****   typedef struct {
 142:../../Drivers/CMSIS/Include/cmsis_gcc.h ****     uint32_t* dest;
 143:../../Drivers/CMSIS/Include/cmsis_gcc.h ****     uint32_t  wlen;
 144:../../Drivers/CMSIS/Include/cmsis_gcc.h ****   } __zero_table_t;
 145:../../Drivers/CMSIS/Include/cmsis_gcc.h ****   
 146:../../Drivers/CMSIS/Include/cmsis_gcc.h ****   extern const __copy_table_t __copy_table_start__;
 147:../../Drivers/CMSIS/Include/cmsis_gcc.h ****   extern const __copy_table_t __copy_table_end__;
 148:../../Drivers/CMSIS/Include/cmsis_gcc.h ****   extern const __zero_table_t __zero_table_start__;
 149:../../Drivers/CMSIS/Include/cmsis_gcc.h ****   extern const __zero_table_t __zero_table_end__;
 150:../../Drivers/CMSIS/Include/cmsis_gcc.h **** 
 151:../../Drivers/CMSIS/Include/cmsis_gcc.h ****   for (__copy_table_t const* pTable = &__copy_table_start__; pTable < &__copy_table_end__; ++pTable
 152:../../Drivers/CMSIS/Include/cmsis_gcc.h ****     for(uint32_t i=0u; i<pTable->wlen; ++i) {
 153:../../Drivers/CMSIS/Include/cmsis_gcc.h ****       pTable->dest[i] = pTable->src[i];
 154:../../Drivers/CMSIS/Include/cmsis_gcc.h ****     }
 155:../../Drivers/CMSIS/Include/cmsis_gcc.h ****   }
 156:../../Drivers/CMSIS/Include/cmsis_gcc.h ****  
 157:../../Drivers/CMSIS/Include/cmsis_gcc.h ****   for (__zero_table_t const* pTable = &__zero_table_start__; pTable < &__zero_table_end__; ++pTable
 158:../../Drivers/CMSIS/Include/cmsis_gcc.h ****     for(uint32_t i=0u; i<pTable->wlen; ++i) {
 159:../../Drivers/CMSIS/Include/cmsis_gcc.h ****       pTable->dest[i] = 0u;
 160:../../Drivers/CMSIS/Include/cmsis_gcc.h ****     }
 161:../../Drivers/CMSIS/Include/cmsis_gcc.h ****   }
 162:../../Drivers/CMSIS/Include/cmsis_gcc.h ****  
 163:../../Drivers/CMSIS/Include/cmsis_gcc.h ****   _start();
 164:../../Drivers/CMSIS/Include/cmsis_gcc.h **** }
 165:../../Drivers/CMSIS/Include/cmsis_gcc.h ****   
 166:../../Drivers/CMSIS/Include/cmsis_gcc.h **** #define __PROGRAM_START           __cmsis_start
 167:../../Drivers/CMSIS/Include/cmsis_gcc.h **** #endif
 168:../../Drivers/CMSIS/Include/cmsis_gcc.h **** 
 169:../../Drivers/CMSIS/Include/cmsis_gcc.h **** #ifndef __INITIAL_SP
 170:../../Drivers/CMSIS/Include/cmsis_gcc.h **** #define __INITIAL_SP              __StackTop
 171:../../Drivers/CMSIS/Include/cmsis_gcc.h **** #endif
ARM GAS  /var/folders/2r/mdtt8xvd351gdc398t28_m2m0000gn/T//cc3n78xw.s 			page 14


 172:../../Drivers/CMSIS/Include/cmsis_gcc.h **** 
 173:../../Drivers/CMSIS/Include/cmsis_gcc.h **** #ifndef __STACK_LIMIT
 174:../../Drivers/CMSIS/Include/cmsis_gcc.h **** #define __STACK_LIMIT             __StackLimit
 175:../../Drivers/CMSIS/Include/cmsis_gcc.h **** #endif
 176:../../Drivers/CMSIS/Include/cmsis_gcc.h **** 
 177:../../Drivers/CMSIS/Include/cmsis_gcc.h **** #ifndef __VECTOR_TABLE
 178:../../Drivers/CMSIS/Include/cmsis_gcc.h **** #define __VECTOR_TABLE            __Vectors
 179:../../Drivers/CMSIS/Include/cmsis_gcc.h **** #endif
 180:../../Drivers/CMSIS/Include/cmsis_gcc.h **** 
 181:../../Drivers/CMSIS/Include/cmsis_gcc.h **** #ifndef __VECTOR_TABLE_ATTRIBUTE
 182:../../Drivers/CMSIS/Include/cmsis_gcc.h **** #define __VECTOR_TABLE_ATTRIBUTE  __attribute((used, section(".vectors")))
 183:../../Drivers/CMSIS/Include/cmsis_gcc.h **** #endif
 184:../../Drivers/CMSIS/Include/cmsis_gcc.h **** 
 185:../../Drivers/CMSIS/Include/cmsis_gcc.h **** /* ###########################  Core Function Access  ########################### */
 186:../../Drivers/CMSIS/Include/cmsis_gcc.h **** /** \ingroup  CMSIS_Core_FunctionInterface
 187:../../Drivers/CMSIS/Include/cmsis_gcc.h ****     \defgroup CMSIS_Core_RegAccFunctions CMSIS Core Register Access Functions
 188:../../Drivers/CMSIS/Include/cmsis_gcc.h ****   @{
 189:../../Drivers/CMSIS/Include/cmsis_gcc.h ****  */
 190:../../Drivers/CMSIS/Include/cmsis_gcc.h **** 
 191:../../Drivers/CMSIS/Include/cmsis_gcc.h **** /**
 192:../../Drivers/CMSIS/Include/cmsis_gcc.h ****   \brief   Enable IRQ Interrupts
 193:../../Drivers/CMSIS/Include/cmsis_gcc.h ****   \details Enables IRQ interrupts by clearing the I-bit in the CPSR.
 194:../../Drivers/CMSIS/Include/cmsis_gcc.h ****            Can only be executed in Privileged modes.
 195:../../Drivers/CMSIS/Include/cmsis_gcc.h ****  */
 196:../../Drivers/CMSIS/Include/cmsis_gcc.h **** __STATIC_FORCEINLINE void __enable_irq(void)
 197:../../Drivers/CMSIS/Include/cmsis_gcc.h **** {
 198:../../Drivers/CMSIS/Include/cmsis_gcc.h ****   __ASM volatile ("cpsie i" : : : "memory");
 199:../../Drivers/CMSIS/Include/cmsis_gcc.h **** }
 200:../../Drivers/CMSIS/Include/cmsis_gcc.h **** 
 201:../../Drivers/CMSIS/Include/cmsis_gcc.h **** 
 202:../../Drivers/CMSIS/Include/cmsis_gcc.h **** /**
 203:../../Drivers/CMSIS/Include/cmsis_gcc.h ****   \brief   Disable IRQ Interrupts
 204:../../Drivers/CMSIS/Include/cmsis_gcc.h ****   \details Disables IRQ interrupts by setting the I-bit in the CPSR.
 205:../../Drivers/CMSIS/Include/cmsis_gcc.h ****            Can only be executed in Privileged modes.
 206:../../Drivers/CMSIS/Include/cmsis_gcc.h ****  */
 207:../../Drivers/CMSIS/Include/cmsis_gcc.h **** __STATIC_FORCEINLINE void __disable_irq(void)
 477              		.loc 2 207 27 view .LVU128
 478              	.LBB13:
 208:../../Drivers/CMSIS/Include/cmsis_gcc.h **** {
 209:../../Drivers/CMSIS/Include/cmsis_gcc.h ****   __ASM volatile ("cpsid i" : : : "memory");
 479              		.loc 2 209 3 view .LVU129
 480              		.syntax unified
 481              	@ 209 "../../Drivers/CMSIS/Include/cmsis_gcc.h" 1
 482 0000 72B6     		cpsid i
 483              	@ 0 "" 2
 484              		.thumb
 485              		.syntax unified
 486              	.L32:
 487              	.LBE13:
 488              	.LBE12:
  93:../../CM7/Core/Src/main.c ****   while (1);
 489              		.loc 1 93 3 view .LVU130
 490              		.loc 1 93 9 view .LVU131
 491 0002 FEE7     		b	.L32
 492              		.cfi_endproc
 493              	.LFE150:
 495              		.text
ARM GAS  /var/folders/2r/mdtt8xvd351gdc398t28_m2m0000gn/T//cc3n78xw.s 			page 15


 496              	.Letext0:
 497              		.file 3 "/Applications/ArmGNUToolchain/14.3.rel1/arm-none-eabi/arm-none-eabi/include/machine/_defa
 498              		.file 4 "/Applications/ArmGNUToolchain/14.3.rel1/arm-none-eabi/arm-none-eabi/include/sys/_stdint.h
 499              		.file 5 "../../Drivers/CMSIS/Device/ST/STM32H7xx/Include/stm32h755xx.h"
 500              		.file 6 "../../Drivers/STM32H7xx_HAL_Driver/Inc/stm32h7xx_hal_def.h"
 501              		.file 7 "../../Drivers/STM32H7xx_HAL_Driver/Inc/stm32h7xx_hal_rcc.h"
 502              		.file 8 "../../Drivers/STM32H7xx_HAL_Driver/Inc/stm32h7xx_hal_gpio.h"
 503              		.file 9 "../../Drivers/STM32H7xx_HAL_Driver/Inc/stm32h7xx_hal_pwr_ex.h"
 504              		.file 10 "../../Drivers/STM32H7xx_HAL_Driver/Inc/stm32h7xx_hal.h"
 505              		.file 11 "<built-in>"
ARM GAS  /var/folders/2r/mdtt8xvd351gdc398t28_m2m0000gn/T//cc3n78xw.s 			page 16


DEFINED SYMBOLS
                            *ABS*:00000000 main.c
/var/folders/2r/mdtt8xvd351gdc398t28_m2m0000gn/T//cc3n78xw.s:19     .text.simple_delay:00000000 $t
/var/folders/2r/mdtt8xvd351gdc398t28_m2m0000gn/T//cc3n78xw.s:25     .text.simple_delay:00000000 simple_delay
/var/folders/2r/mdtt8xvd351gdc398t28_m2m0000gn/T//cc3n78xw.s:70     .text.SystemClock_Config:00000000 $t
/var/folders/2r/mdtt8xvd351gdc398t28_m2m0000gn/T//cc3n78xw.s:76     .text.SystemClock_Config:00000000 SystemClock_Config
/var/folders/2r/mdtt8xvd351gdc398t28_m2m0000gn/T//cc3n78xw.s:342    .text.SystemClock_Config:00000110 $d
/var/folders/2r/mdtt8xvd351gdc398t28_m2m0000gn/T//cc3n78xw.s:353    .text.main:00000000 $t
/var/folders/2r/mdtt8xvd351gdc398t28_m2m0000gn/T//cc3n78xw.s:359    .text.main:00000000 main
/var/folders/2r/mdtt8xvd351gdc398t28_m2m0000gn/T//cc3n78xw.s:453    .text.main:0000007c $d
/var/folders/2r/mdtt8xvd351gdc398t28_m2m0000gn/T//cc3n78xw.s:459    .text.Error_Handler:00000000 $t
/var/folders/2r/mdtt8xvd351gdc398t28_m2m0000gn/T//cc3n78xw.s:465    .text.Error_Handler:00000000 Error_Handler

UNDEFINED SYMBOLS
memset
HAL_PWREx_ConfigSupply
HAL_GPIO_TogglePin
HAL_RCC_OscConfig
HAL_RCC_ClockConfig
HAL_Init
HAL_GPIO_Init
