ARM GAS  /var/folders/2r/mdtt8xvd351gdc398t28_m2m0000gn/T//ccAac3qC.s 			page 1


   1              		.cpu cortex-m7
   2              		.arch armv7e-m
   3              		.fpu fpv5-d16
   4              		.eabi_attribute 20, 1
   5              		.eabi_attribute 21, 1
   6              		.eabi_attribute 23, 3
   7              		.eabi_attribute 24, 1
   8              		.eabi_attribute 25, 1
   9              		.eabi_attribute 26, 1
  10              		.eabi_attribute 30, 1
  11              		.eabi_attribute 34, 1
  12              		.eabi_attribute 18, 4
  13              		.file	"memp.c"
  14              		.text
  15              	.Ltext0:
  16              		.cfi_sections	.debug_frame
  17              		.file 1 "../../Middlewares/Third_Party/LwIP/src/core/memp.c"
  18              		.section	.rodata.do_memp_malloc_pool.str1.4,"aMS",%progbits,1
  19              		.align	2
  20              	.LC0:
  21 0000 2E2E2F2E 		.ascii	"../../Middlewares/Third_Party/LwIP/src/core/memp.c\000"
  21      2E2F4D69 
  21      64646C65 
  21      77617265 
  21      732F5468 
  22 0033 00       		.align	2
  23              	.LC1:
  24 0034 6D656D70 		.ascii	"memp_malloc: memp properly aligned\000"
  24      5F6D616C 
  24      6C6F633A 
  24      206D656D 
  24      70207072 
  25 0057 00       		.align	2
  26              	.LC2:
  27 0058 41737365 		.ascii	"Assertion \"%s\" failed at line %d in %s\012\000"
  27      7274696F 
  27      6E202225 
  27      73222066 
  27      61696C65 
  28              		.section	.text.do_memp_malloc_pool,"ax",%progbits
  29              		.align	1
  30              		.syntax unified
  31              		.thumb
  32              		.thumb_func
  34              	do_memp_malloc_pool:
  35              	.LVL0:
  36              	.LFB176:
   1:../../Middlewares/Third_Party/LwIP/src/core/memp.c **** /**
   2:../../Middlewares/Third_Party/LwIP/src/core/memp.c ****  * @file
   3:../../Middlewares/Third_Party/LwIP/src/core/memp.c ****  * Dynamic pool memory manager
   4:../../Middlewares/Third_Party/LwIP/src/core/memp.c ****  *
   5:../../Middlewares/Third_Party/LwIP/src/core/memp.c ****  * lwIP has dedicated pools for many structures (netconn, protocol control blocks,
   6:../../Middlewares/Third_Party/LwIP/src/core/memp.c ****  * packet buffers, ...). All these pools are managed here.
   7:../../Middlewares/Third_Party/LwIP/src/core/memp.c ****  *
   8:../../Middlewares/Third_Party/LwIP/src/core/memp.c ****  * @defgroup mempool Memory pools
   9:../../Middlewares/Third_Party/LwIP/src/core/memp.c ****  * @ingroup infrastructure
  10:../../Middlewares/Third_Party/LwIP/src/core/memp.c ****  * Custom memory pools
ARM GAS  /var/folders/2r/mdtt8xvd351gdc398t28_m2m0000gn/T//ccAac3qC.s 			page 2


  11:../../Middlewares/Third_Party/LwIP/src/core/memp.c **** 
  12:../../Middlewares/Third_Party/LwIP/src/core/memp.c ****  */
  13:../../Middlewares/Third_Party/LwIP/src/core/memp.c **** 
  14:../../Middlewares/Third_Party/LwIP/src/core/memp.c **** /*
  15:../../Middlewares/Third_Party/LwIP/src/core/memp.c ****  * Copyright (c) 2001-2004 Swedish Institute of Computer Science.
  16:../../Middlewares/Third_Party/LwIP/src/core/memp.c ****  * All rights reserved.
  17:../../Middlewares/Third_Party/LwIP/src/core/memp.c ****  *
  18:../../Middlewares/Third_Party/LwIP/src/core/memp.c ****  * Redistribution and use in source and binary forms, with or without modification,
  19:../../Middlewares/Third_Party/LwIP/src/core/memp.c ****  * are permitted provided that the following conditions are met:
  20:../../Middlewares/Third_Party/LwIP/src/core/memp.c ****  *
  21:../../Middlewares/Third_Party/LwIP/src/core/memp.c ****  * 1. Redistributions of source code must retain the above copyright notice,
  22:../../Middlewares/Third_Party/LwIP/src/core/memp.c ****  *    this list of conditions and the following disclaimer.
  23:../../Middlewares/Third_Party/LwIP/src/core/memp.c ****  * 2. Redistributions in binary form must reproduce the above copyright notice,
  24:../../Middlewares/Third_Party/LwIP/src/core/memp.c ****  *    this list of conditions and the following disclaimer in the documentation
  25:../../Middlewares/Third_Party/LwIP/src/core/memp.c ****  *    and/or other materials provided with the distribution.
  26:../../Middlewares/Third_Party/LwIP/src/core/memp.c ****  * 3. The name of the author may not be used to endorse or promote products
  27:../../Middlewares/Third_Party/LwIP/src/core/memp.c ****  *    derived from this software without specific prior written permission.
  28:../../Middlewares/Third_Party/LwIP/src/core/memp.c ****  *
  29:../../Middlewares/Third_Party/LwIP/src/core/memp.c ****  * THIS SOFTWARE IS PROVIDED BY THE AUTHOR ``AS IS'' AND ANY EXPRESS OR IMPLIED
  30:../../Middlewares/Third_Party/LwIP/src/core/memp.c ****  * WARRANTIES, INCLUDING, BUT NOT LIMITED TO, THE IMPLIED WARRANTIES OF
  31:../../Middlewares/Third_Party/LwIP/src/core/memp.c ****  * MERCHANTABILITY AND FITNESS FOR A PARTICULAR PURPOSE ARE DISCLAIMED. IN NO EVENT
  32:../../Middlewares/Third_Party/LwIP/src/core/memp.c ****  * SHALL THE AUTHOR BE LIABLE FOR ANY DIRECT, INDIRECT, INCIDENTAL, SPECIAL,
  33:../../Middlewares/Third_Party/LwIP/src/core/memp.c ****  * EXEMPLARY, OR CONSEQUENTIAL DAMAGES (INCLUDING, BUT NOT LIMITED TO, PROCUREMENT
  34:../../Middlewares/Third_Party/LwIP/src/core/memp.c ****  * OF SUBSTITUTE GOODS OR SERVICES; LOSS OF USE, DATA, OR PROFITS; OR BUSINESS
  35:../../Middlewares/Third_Party/LwIP/src/core/memp.c ****  * INTERRUPTION) HOWEVER CAUSED AND ON ANY THEORY OF LIABILITY, WHETHER IN
  36:../../Middlewares/Third_Party/LwIP/src/core/memp.c ****  * CONTRACT, STRICT LIABILITY, OR TORT (INCLUDING NEGLIGENCE OR OTHERWISE) ARISING
  37:../../Middlewares/Third_Party/LwIP/src/core/memp.c ****  * IN ANY WAY OUT OF THE USE OF THIS SOFTWARE, EVEN IF ADVISED OF THE POSSIBILITY
  38:../../Middlewares/Third_Party/LwIP/src/core/memp.c ****  * OF SUCH DAMAGE.
  39:../../Middlewares/Third_Party/LwIP/src/core/memp.c ****  *
  40:../../Middlewares/Third_Party/LwIP/src/core/memp.c ****  * This file is part of the lwIP TCP/IP stack.
  41:../../Middlewares/Third_Party/LwIP/src/core/memp.c ****  *
  42:../../Middlewares/Third_Party/LwIP/src/core/memp.c ****  * Author: Adam Dunkels <adam@sics.se>
  43:../../Middlewares/Third_Party/LwIP/src/core/memp.c ****  *
  44:../../Middlewares/Third_Party/LwIP/src/core/memp.c ****  */
  45:../../Middlewares/Third_Party/LwIP/src/core/memp.c **** 
  46:../../Middlewares/Third_Party/LwIP/src/core/memp.c **** #include "lwip/opt.h"
  47:../../Middlewares/Third_Party/LwIP/src/core/memp.c **** 
  48:../../Middlewares/Third_Party/LwIP/src/core/memp.c **** #include "lwip/memp.h"
  49:../../Middlewares/Third_Party/LwIP/src/core/memp.c **** #include "lwip/sys.h"
  50:../../Middlewares/Third_Party/LwIP/src/core/memp.c **** #include "lwip/stats.h"
  51:../../Middlewares/Third_Party/LwIP/src/core/memp.c **** 
  52:../../Middlewares/Third_Party/LwIP/src/core/memp.c **** #include <string.h>
  53:../../Middlewares/Third_Party/LwIP/src/core/memp.c **** 
  54:../../Middlewares/Third_Party/LwIP/src/core/memp.c **** /* Make sure we include everything we need for size calculation required by memp_std.h */
  55:../../Middlewares/Third_Party/LwIP/src/core/memp.c **** #include "lwip/pbuf.h"
  56:../../Middlewares/Third_Party/LwIP/src/core/memp.c **** #include "lwip/raw.h"
  57:../../Middlewares/Third_Party/LwIP/src/core/memp.c **** #include "lwip/udp.h"
  58:../../Middlewares/Third_Party/LwIP/src/core/memp.c **** #include "lwip/tcp.h"
  59:../../Middlewares/Third_Party/LwIP/src/core/memp.c **** #include "lwip/priv/tcp_priv.h"
  60:../../Middlewares/Third_Party/LwIP/src/core/memp.c **** #include "lwip/altcp.h"
  61:../../Middlewares/Third_Party/LwIP/src/core/memp.c **** #include "lwip/ip4_frag.h"
  62:../../Middlewares/Third_Party/LwIP/src/core/memp.c **** #include "lwip/netbuf.h"
  63:../../Middlewares/Third_Party/LwIP/src/core/memp.c **** #include "lwip/api.h"
  64:../../Middlewares/Third_Party/LwIP/src/core/memp.c **** #include "lwip/priv/tcpip_priv.h"
  65:../../Middlewares/Third_Party/LwIP/src/core/memp.c **** #include "lwip/priv/api_msg.h"
  66:../../Middlewares/Third_Party/LwIP/src/core/memp.c **** #include "lwip/priv/sockets_priv.h"
  67:../../Middlewares/Third_Party/LwIP/src/core/memp.c **** #include "lwip/etharp.h"
ARM GAS  /var/folders/2r/mdtt8xvd351gdc398t28_m2m0000gn/T//ccAac3qC.s 			page 3


  68:../../Middlewares/Third_Party/LwIP/src/core/memp.c **** #include "lwip/igmp.h"
  69:../../Middlewares/Third_Party/LwIP/src/core/memp.c **** #include "lwip/timeouts.h"
  70:../../Middlewares/Third_Party/LwIP/src/core/memp.c **** /* needed by default MEMP_NUM_SYS_TIMEOUT */
  71:../../Middlewares/Third_Party/LwIP/src/core/memp.c **** #include "netif/ppp/ppp_opts.h"
  72:../../Middlewares/Third_Party/LwIP/src/core/memp.c **** #include "lwip/netdb.h"
  73:../../Middlewares/Third_Party/LwIP/src/core/memp.c **** #include "lwip/dns.h"
  74:../../Middlewares/Third_Party/LwIP/src/core/memp.c **** #include "lwip/priv/nd6_priv.h"
  75:../../Middlewares/Third_Party/LwIP/src/core/memp.c **** #include "lwip/ip6_frag.h"
  76:../../Middlewares/Third_Party/LwIP/src/core/memp.c **** #include "lwip/mld6.h"
  77:../../Middlewares/Third_Party/LwIP/src/core/memp.c **** 
  78:../../Middlewares/Third_Party/LwIP/src/core/memp.c **** #define LWIP_MEMPOOL(name,num,size,desc) LWIP_MEMPOOL_DECLARE(name,num,size,desc)
  79:../../Middlewares/Third_Party/LwIP/src/core/memp.c **** #include "lwip/priv/memp_std.h"
  80:../../Middlewares/Third_Party/LwIP/src/core/memp.c **** 
  81:../../Middlewares/Third_Party/LwIP/src/core/memp.c **** const struct memp_desc *const memp_pools[MEMP_MAX] = {
  82:../../Middlewares/Third_Party/LwIP/src/core/memp.c **** #define LWIP_MEMPOOL(name,num,size,desc) &memp_ ## name,
  83:../../Middlewares/Third_Party/LwIP/src/core/memp.c **** #include "lwip/priv/memp_std.h"
  84:../../Middlewares/Third_Party/LwIP/src/core/memp.c **** };
  85:../../Middlewares/Third_Party/LwIP/src/core/memp.c **** 
  86:../../Middlewares/Third_Party/LwIP/src/core/memp.c **** #ifdef LWIP_HOOK_FILENAME
  87:../../Middlewares/Third_Party/LwIP/src/core/memp.c **** #include LWIP_HOOK_FILENAME
  88:../../Middlewares/Third_Party/LwIP/src/core/memp.c **** #endif
  89:../../Middlewares/Third_Party/LwIP/src/core/memp.c **** 
  90:../../Middlewares/Third_Party/LwIP/src/core/memp.c **** #if MEMP_MEM_MALLOC && MEMP_OVERFLOW_CHECK >= 2
  91:../../Middlewares/Third_Party/LwIP/src/core/memp.c **** #undef MEMP_OVERFLOW_CHECK
  92:../../Middlewares/Third_Party/LwIP/src/core/memp.c **** /* MEMP_OVERFLOW_CHECK >= 2 does not work with MEMP_MEM_MALLOC, use 1 instead */
  93:../../Middlewares/Third_Party/LwIP/src/core/memp.c **** #define MEMP_OVERFLOW_CHECK 1
  94:../../Middlewares/Third_Party/LwIP/src/core/memp.c **** #endif
  95:../../Middlewares/Third_Party/LwIP/src/core/memp.c **** 
  96:../../Middlewares/Third_Party/LwIP/src/core/memp.c **** #if MEMP_SANITY_CHECK && !MEMP_MEM_MALLOC
  97:../../Middlewares/Third_Party/LwIP/src/core/memp.c **** /**
  98:../../Middlewares/Third_Party/LwIP/src/core/memp.c ****  * Check that memp-lists don't form a circle, using "Floyd's cycle-finding algorithm".
  99:../../Middlewares/Third_Party/LwIP/src/core/memp.c ****  */
 100:../../Middlewares/Third_Party/LwIP/src/core/memp.c **** static int
 101:../../Middlewares/Third_Party/LwIP/src/core/memp.c **** memp_sanity(const struct memp_desc *desc)
 102:../../Middlewares/Third_Party/LwIP/src/core/memp.c **** {
 103:../../Middlewares/Third_Party/LwIP/src/core/memp.c ****   struct memp *t, *h;
 104:../../Middlewares/Third_Party/LwIP/src/core/memp.c **** 
 105:../../Middlewares/Third_Party/LwIP/src/core/memp.c ****   t = *desc->tab;
 106:../../Middlewares/Third_Party/LwIP/src/core/memp.c ****   if (t != NULL) {
 107:../../Middlewares/Third_Party/LwIP/src/core/memp.c ****     for (h = t->next; (t != NULL) && (h != NULL); t = t->next,
 108:../../Middlewares/Third_Party/LwIP/src/core/memp.c ****          h = ((h->next != NULL) ? h->next->next : NULL)) {
 109:../../Middlewares/Third_Party/LwIP/src/core/memp.c ****       if (t == h) {
 110:../../Middlewares/Third_Party/LwIP/src/core/memp.c ****         return 0;
 111:../../Middlewares/Third_Party/LwIP/src/core/memp.c ****       }
 112:../../Middlewares/Third_Party/LwIP/src/core/memp.c ****     }
 113:../../Middlewares/Third_Party/LwIP/src/core/memp.c ****   }
 114:../../Middlewares/Third_Party/LwIP/src/core/memp.c **** 
 115:../../Middlewares/Third_Party/LwIP/src/core/memp.c ****   return 1;
 116:../../Middlewares/Third_Party/LwIP/src/core/memp.c **** }
 117:../../Middlewares/Third_Party/LwIP/src/core/memp.c **** #endif /* MEMP_SANITY_CHECK && !MEMP_MEM_MALLOC */
 118:../../Middlewares/Third_Party/LwIP/src/core/memp.c **** 
 119:../../Middlewares/Third_Party/LwIP/src/core/memp.c **** #if MEMP_OVERFLOW_CHECK
 120:../../Middlewares/Third_Party/LwIP/src/core/memp.c **** /**
 121:../../Middlewares/Third_Party/LwIP/src/core/memp.c ****  * Check if a memp element was victim of an overflow or underflow
 122:../../Middlewares/Third_Party/LwIP/src/core/memp.c ****  * (e.g. the restricted area after/before it has been altered)
 123:../../Middlewares/Third_Party/LwIP/src/core/memp.c ****  *
 124:../../Middlewares/Third_Party/LwIP/src/core/memp.c ****  * @param p the memp element to check
ARM GAS  /var/folders/2r/mdtt8xvd351gdc398t28_m2m0000gn/T//ccAac3qC.s 			page 4


 125:../../Middlewares/Third_Party/LwIP/src/core/memp.c ****  * @param desc the pool p comes from
 126:../../Middlewares/Third_Party/LwIP/src/core/memp.c ****  */
 127:../../Middlewares/Third_Party/LwIP/src/core/memp.c **** static void
 128:../../Middlewares/Third_Party/LwIP/src/core/memp.c **** memp_overflow_check_element(struct memp *p, const struct memp_desc *desc)
 129:../../Middlewares/Third_Party/LwIP/src/core/memp.c **** {
 130:../../Middlewares/Third_Party/LwIP/src/core/memp.c ****   mem_overflow_check_raw((u8_t *)p + MEMP_SIZE, desc->size, "pool ", desc->desc);
 131:../../Middlewares/Third_Party/LwIP/src/core/memp.c **** }
 132:../../Middlewares/Third_Party/LwIP/src/core/memp.c **** 
 133:../../Middlewares/Third_Party/LwIP/src/core/memp.c **** /**
 134:../../Middlewares/Third_Party/LwIP/src/core/memp.c ****  * Initialize the restricted area of on memp element.
 135:../../Middlewares/Third_Party/LwIP/src/core/memp.c ****  */
 136:../../Middlewares/Third_Party/LwIP/src/core/memp.c **** static void
 137:../../Middlewares/Third_Party/LwIP/src/core/memp.c **** memp_overflow_init_element(struct memp *p, const struct memp_desc *desc)
 138:../../Middlewares/Third_Party/LwIP/src/core/memp.c **** {
 139:../../Middlewares/Third_Party/LwIP/src/core/memp.c ****   mem_overflow_init_raw((u8_t *)p + MEMP_SIZE, desc->size);
 140:../../Middlewares/Third_Party/LwIP/src/core/memp.c **** }
 141:../../Middlewares/Third_Party/LwIP/src/core/memp.c **** 
 142:../../Middlewares/Third_Party/LwIP/src/core/memp.c **** #if MEMP_OVERFLOW_CHECK >= 2
 143:../../Middlewares/Third_Party/LwIP/src/core/memp.c **** /**
 144:../../Middlewares/Third_Party/LwIP/src/core/memp.c ****  * Do an overflow check for all elements in every pool.
 145:../../Middlewares/Third_Party/LwIP/src/core/memp.c ****  *
 146:../../Middlewares/Third_Party/LwIP/src/core/memp.c ****  * @see memp_overflow_check_element for a description of the check
 147:../../Middlewares/Third_Party/LwIP/src/core/memp.c ****  */
 148:../../Middlewares/Third_Party/LwIP/src/core/memp.c **** static void
 149:../../Middlewares/Third_Party/LwIP/src/core/memp.c **** memp_overflow_check_all(void)
 150:../../Middlewares/Third_Party/LwIP/src/core/memp.c **** {
 151:../../Middlewares/Third_Party/LwIP/src/core/memp.c ****   u16_t i, j;
 152:../../Middlewares/Third_Party/LwIP/src/core/memp.c ****   struct memp *p;
 153:../../Middlewares/Third_Party/LwIP/src/core/memp.c ****   SYS_ARCH_DECL_PROTECT(old_level);
 154:../../Middlewares/Third_Party/LwIP/src/core/memp.c ****   SYS_ARCH_PROTECT(old_level);
 155:../../Middlewares/Third_Party/LwIP/src/core/memp.c **** 
 156:../../Middlewares/Third_Party/LwIP/src/core/memp.c ****   for (i = 0; i < MEMP_MAX; ++i) {
 157:../../Middlewares/Third_Party/LwIP/src/core/memp.c ****     p = (struct memp *)LWIP_MEM_ALIGN(memp_pools[i]->base);
 158:../../Middlewares/Third_Party/LwIP/src/core/memp.c ****     for (j = 0; j < memp_pools[i]->num; ++j) {
 159:../../Middlewares/Third_Party/LwIP/src/core/memp.c ****       memp_overflow_check_element(p, memp_pools[i]);
 160:../../Middlewares/Third_Party/LwIP/src/core/memp.c ****       p = LWIP_ALIGNMENT_CAST(struct memp *, ((u8_t *)p + MEMP_SIZE + memp_pools[i]->size + MEM_SAN
 161:../../Middlewares/Third_Party/LwIP/src/core/memp.c ****     }
 162:../../Middlewares/Third_Party/LwIP/src/core/memp.c ****   }
 163:../../Middlewares/Third_Party/LwIP/src/core/memp.c ****   SYS_ARCH_UNPROTECT(old_level);
 164:../../Middlewares/Third_Party/LwIP/src/core/memp.c **** }
 165:../../Middlewares/Third_Party/LwIP/src/core/memp.c **** #endif /* MEMP_OVERFLOW_CHECK >= 2 */
 166:../../Middlewares/Third_Party/LwIP/src/core/memp.c **** #endif /* MEMP_OVERFLOW_CHECK */
 167:../../Middlewares/Third_Party/LwIP/src/core/memp.c **** 
 168:../../Middlewares/Third_Party/LwIP/src/core/memp.c **** /**
 169:../../Middlewares/Third_Party/LwIP/src/core/memp.c ****  * Initialize custom memory pool.
 170:../../Middlewares/Third_Party/LwIP/src/core/memp.c ****  * Related functions: memp_malloc_pool, memp_free_pool
 171:../../Middlewares/Third_Party/LwIP/src/core/memp.c ****  *
 172:../../Middlewares/Third_Party/LwIP/src/core/memp.c ****  * @param desc pool to initialize
 173:../../Middlewares/Third_Party/LwIP/src/core/memp.c ****  */
 174:../../Middlewares/Third_Party/LwIP/src/core/memp.c **** void
 175:../../Middlewares/Third_Party/LwIP/src/core/memp.c **** memp_init_pool(const struct memp_desc *desc)
 176:../../Middlewares/Third_Party/LwIP/src/core/memp.c **** {
 177:../../Middlewares/Third_Party/LwIP/src/core/memp.c **** #if MEMP_MEM_MALLOC
 178:../../Middlewares/Third_Party/LwIP/src/core/memp.c ****   LWIP_UNUSED_ARG(desc);
 179:../../Middlewares/Third_Party/LwIP/src/core/memp.c **** #else
 180:../../Middlewares/Third_Party/LwIP/src/core/memp.c ****   int i;
 181:../../Middlewares/Third_Party/LwIP/src/core/memp.c ****   struct memp *memp;
ARM GAS  /var/folders/2r/mdtt8xvd351gdc398t28_m2m0000gn/T//ccAac3qC.s 			page 5


 182:../../Middlewares/Third_Party/LwIP/src/core/memp.c **** 
 183:../../Middlewares/Third_Party/LwIP/src/core/memp.c ****   *desc->tab = NULL;
 184:../../Middlewares/Third_Party/LwIP/src/core/memp.c ****   memp = (struct memp *)LWIP_MEM_ALIGN(desc->base);
 185:../../Middlewares/Third_Party/LwIP/src/core/memp.c **** #if MEMP_MEM_INIT
 186:../../Middlewares/Third_Party/LwIP/src/core/memp.c ****   /* force memset on pool memory */
 187:../../Middlewares/Third_Party/LwIP/src/core/memp.c ****   memset(memp, 0, (size_t)desc->num * (MEMP_SIZE + desc->size
 188:../../Middlewares/Third_Party/LwIP/src/core/memp.c **** #if MEMP_OVERFLOW_CHECK
 189:../../Middlewares/Third_Party/LwIP/src/core/memp.c ****                                        + MEM_SANITY_REGION_AFTER_ALIGNED
 190:../../Middlewares/Third_Party/LwIP/src/core/memp.c **** #endif
 191:../../Middlewares/Third_Party/LwIP/src/core/memp.c ****                                       ));
 192:../../Middlewares/Third_Party/LwIP/src/core/memp.c **** #endif
 193:../../Middlewares/Third_Party/LwIP/src/core/memp.c ****   /* create a linked list of memp elements */
 194:../../Middlewares/Third_Party/LwIP/src/core/memp.c ****   for (i = 0; i < desc->num; ++i) {
 195:../../Middlewares/Third_Party/LwIP/src/core/memp.c ****     memp->next = *desc->tab;
 196:../../Middlewares/Third_Party/LwIP/src/core/memp.c ****     *desc->tab = memp;
 197:../../Middlewares/Third_Party/LwIP/src/core/memp.c **** #if MEMP_OVERFLOW_CHECK
 198:../../Middlewares/Third_Party/LwIP/src/core/memp.c ****     memp_overflow_init_element(memp, desc);
 199:../../Middlewares/Third_Party/LwIP/src/core/memp.c **** #endif /* MEMP_OVERFLOW_CHECK */
 200:../../Middlewares/Third_Party/LwIP/src/core/memp.c ****     /* cast through void* to get rid of alignment warnings */
 201:../../Middlewares/Third_Party/LwIP/src/core/memp.c ****     memp = (struct memp *)(void *)((u8_t *)memp + MEMP_SIZE + desc->size
 202:../../Middlewares/Third_Party/LwIP/src/core/memp.c **** #if MEMP_OVERFLOW_CHECK
 203:../../Middlewares/Third_Party/LwIP/src/core/memp.c ****                                    + MEM_SANITY_REGION_AFTER_ALIGNED
 204:../../Middlewares/Third_Party/LwIP/src/core/memp.c **** #endif
 205:../../Middlewares/Third_Party/LwIP/src/core/memp.c ****                                   );
 206:../../Middlewares/Third_Party/LwIP/src/core/memp.c ****   }
 207:../../Middlewares/Third_Party/LwIP/src/core/memp.c **** #if MEMP_STATS
 208:../../Middlewares/Third_Party/LwIP/src/core/memp.c ****   desc->stats->avail = desc->num;
 209:../../Middlewares/Third_Party/LwIP/src/core/memp.c **** #endif /* MEMP_STATS */
 210:../../Middlewares/Third_Party/LwIP/src/core/memp.c **** #endif /* !MEMP_MEM_MALLOC */
 211:../../Middlewares/Third_Party/LwIP/src/core/memp.c **** 
 212:../../Middlewares/Third_Party/LwIP/src/core/memp.c **** #if MEMP_STATS && (defined(LWIP_DEBUG) || LWIP_STATS_DISPLAY)
 213:../../Middlewares/Third_Party/LwIP/src/core/memp.c ****   desc->stats->name  = desc->desc;
 214:../../Middlewares/Third_Party/LwIP/src/core/memp.c **** #endif /* MEMP_STATS && (defined(LWIP_DEBUG) || LWIP_STATS_DISPLAY) */
 215:../../Middlewares/Third_Party/LwIP/src/core/memp.c **** }
 216:../../Middlewares/Third_Party/LwIP/src/core/memp.c **** 
 217:../../Middlewares/Third_Party/LwIP/src/core/memp.c **** /**
 218:../../Middlewares/Third_Party/LwIP/src/core/memp.c ****  * Initializes lwIP built-in pools.
 219:../../Middlewares/Third_Party/LwIP/src/core/memp.c ****  * Related functions: memp_malloc, memp_free
 220:../../Middlewares/Third_Party/LwIP/src/core/memp.c ****  *
 221:../../Middlewares/Third_Party/LwIP/src/core/memp.c ****  * Carves out memp_memory into linked lists for each pool-type.
 222:../../Middlewares/Third_Party/LwIP/src/core/memp.c ****  */
 223:../../Middlewares/Third_Party/LwIP/src/core/memp.c **** void
 224:../../Middlewares/Third_Party/LwIP/src/core/memp.c **** memp_init(void)
 225:../../Middlewares/Third_Party/LwIP/src/core/memp.c **** {
 226:../../Middlewares/Third_Party/LwIP/src/core/memp.c ****   u16_t i;
 227:../../Middlewares/Third_Party/LwIP/src/core/memp.c **** 
 228:../../Middlewares/Third_Party/LwIP/src/core/memp.c ****   /* for every pool: */
 229:../../Middlewares/Third_Party/LwIP/src/core/memp.c ****   for (i = 0; i < LWIP_ARRAYSIZE(memp_pools); i++) {
 230:../../Middlewares/Third_Party/LwIP/src/core/memp.c ****     memp_init_pool(memp_pools[i]);
 231:../../Middlewares/Third_Party/LwIP/src/core/memp.c **** 
 232:../../Middlewares/Third_Party/LwIP/src/core/memp.c **** #if LWIP_STATS && MEMP_STATS
 233:../../Middlewares/Third_Party/LwIP/src/core/memp.c ****     lwip_stats.memp[i] = memp_pools[i]->stats;
 234:../../Middlewares/Third_Party/LwIP/src/core/memp.c **** #endif
 235:../../Middlewares/Third_Party/LwIP/src/core/memp.c ****   }
 236:../../Middlewares/Third_Party/LwIP/src/core/memp.c **** 
 237:../../Middlewares/Third_Party/LwIP/src/core/memp.c **** #if MEMP_OVERFLOW_CHECK >= 2
 238:../../Middlewares/Third_Party/LwIP/src/core/memp.c ****   /* check everything a first time to see if it worked */
ARM GAS  /var/folders/2r/mdtt8xvd351gdc398t28_m2m0000gn/T//ccAac3qC.s 			page 6


 239:../../Middlewares/Third_Party/LwIP/src/core/memp.c ****   memp_overflow_check_all();
 240:../../Middlewares/Third_Party/LwIP/src/core/memp.c **** #endif /* MEMP_OVERFLOW_CHECK >= 2 */
 241:../../Middlewares/Third_Party/LwIP/src/core/memp.c **** }
 242:../../Middlewares/Third_Party/LwIP/src/core/memp.c **** 
 243:../../Middlewares/Third_Party/LwIP/src/core/memp.c **** static void *
 244:../../Middlewares/Third_Party/LwIP/src/core/memp.c **** #if !MEMP_OVERFLOW_CHECK
 245:../../Middlewares/Third_Party/LwIP/src/core/memp.c **** do_memp_malloc_pool(const struct memp_desc *desc)
 246:../../Middlewares/Third_Party/LwIP/src/core/memp.c **** #else
 247:../../Middlewares/Third_Party/LwIP/src/core/memp.c **** do_memp_malloc_pool_fn(const struct memp_desc *desc, const char *file, const int line)
 248:../../Middlewares/Third_Party/LwIP/src/core/memp.c **** #endif
 249:../../Middlewares/Third_Party/LwIP/src/core/memp.c **** {
  37              		.loc 1 249 1 view -0
  38              		.cfi_startproc
  39              		@ args = 0, pretend = 0, frame = 0
  40              		@ frame_needed = 0, uses_anonymous_args = 0
  41              		.loc 1 249 1 is_stmt 0 view .LVU1
  42 0000 38B5     		push	{r3, r4, r5, lr}
  43              	.LCFI0:
  44              		.cfi_def_cfa_offset 16
  45              		.cfi_offset 3, -16
  46              		.cfi_offset 4, -12
  47              		.cfi_offset 5, -8
  48              		.cfi_offset 14, -4
  49 0002 0446     		mov	r4, r0
 250:../../Middlewares/Third_Party/LwIP/src/core/memp.c ****   struct memp *memp;
  50              		.loc 1 250 3 is_stmt 1 view .LVU2
 251:../../Middlewares/Third_Party/LwIP/src/core/memp.c ****   SYS_ARCH_DECL_PROTECT(old_level);
  51              		.loc 1 251 3 view .LVU3
 252:../../Middlewares/Third_Party/LwIP/src/core/memp.c **** 
 253:../../Middlewares/Third_Party/LwIP/src/core/memp.c **** #if MEMP_MEM_MALLOC
 254:../../Middlewares/Third_Party/LwIP/src/core/memp.c ****   memp = (struct memp *)mem_malloc(MEMP_SIZE + MEMP_ALIGN_SIZE(desc->size));
 255:../../Middlewares/Third_Party/LwIP/src/core/memp.c ****   SYS_ARCH_PROTECT(old_level);
 256:../../Middlewares/Third_Party/LwIP/src/core/memp.c **** #else /* MEMP_MEM_MALLOC */
 257:../../Middlewares/Third_Party/LwIP/src/core/memp.c ****   SYS_ARCH_PROTECT(old_level);
  52              		.loc 1 257 3 view .LVU4
  53 0004 FFF7FEFF 		bl	sys_arch_protect
  54              	.LVL1:
  55              		.loc 1 257 3 is_stmt 0 view .LVU5
  56 0008 0546     		mov	r5, r0
  57              	.LVL2:
 258:../../Middlewares/Third_Party/LwIP/src/core/memp.c **** 
 259:../../Middlewares/Third_Party/LwIP/src/core/memp.c ****   memp = *desc->tab;
  58              		.loc 1 259 3 is_stmt 1 view .LVU6
  59              		.loc 1 259 15 is_stmt 0 view .LVU7
  60 000a A368     		ldr	r3, [r4, #8]
  61              		.loc 1 259 8 view .LVU8
  62 000c 1C68     		ldr	r4, [r3]
  63              	.LVL3:
 260:../../Middlewares/Third_Party/LwIP/src/core/memp.c **** #endif /* MEMP_MEM_MALLOC */
 261:../../Middlewares/Third_Party/LwIP/src/core/memp.c **** 
 262:../../Middlewares/Third_Party/LwIP/src/core/memp.c ****   if (memp != NULL) {
  64              		.loc 1 262 3 is_stmt 1 view .LVU9
  65              		.loc 1 262 6 is_stmt 0 view .LVU10
  66 000e 8CB1     		cbz	r4, .L2
 263:../../Middlewares/Third_Party/LwIP/src/core/memp.c **** #if !MEMP_MEM_MALLOC
 264:../../Middlewares/Third_Party/LwIP/src/core/memp.c **** #if MEMP_OVERFLOW_CHECK == 1
 265:../../Middlewares/Third_Party/LwIP/src/core/memp.c ****     memp_overflow_check_element(memp, desc);
ARM GAS  /var/folders/2r/mdtt8xvd351gdc398t28_m2m0000gn/T//ccAac3qC.s 			page 7


 266:../../Middlewares/Third_Party/LwIP/src/core/memp.c **** #endif /* MEMP_OVERFLOW_CHECK */
 267:../../Middlewares/Third_Party/LwIP/src/core/memp.c **** 
 268:../../Middlewares/Third_Party/LwIP/src/core/memp.c ****     *desc->tab = memp->next;
  67              		.loc 1 268 5 is_stmt 1 view .LVU11
  68              		.loc 1 268 22 is_stmt 0 view .LVU12
  69 0010 2268     		ldr	r2, [r4]
  70              		.loc 1 268 16 view .LVU13
  71 0012 1A60     		str	r2, [r3]
 269:../../Middlewares/Third_Party/LwIP/src/core/memp.c **** #if MEMP_OVERFLOW_CHECK
 270:../../Middlewares/Third_Party/LwIP/src/core/memp.c ****     memp->next = NULL;
 271:../../Middlewares/Third_Party/LwIP/src/core/memp.c **** #endif /* MEMP_OVERFLOW_CHECK */
 272:../../Middlewares/Third_Party/LwIP/src/core/memp.c **** #endif /* !MEMP_MEM_MALLOC */
 273:../../Middlewares/Third_Party/LwIP/src/core/memp.c **** #if MEMP_OVERFLOW_CHECK
 274:../../Middlewares/Third_Party/LwIP/src/core/memp.c ****     memp->file = file;
 275:../../Middlewares/Third_Party/LwIP/src/core/memp.c ****     memp->line = line;
 276:../../Middlewares/Third_Party/LwIP/src/core/memp.c **** #if MEMP_MEM_MALLOC
 277:../../Middlewares/Third_Party/LwIP/src/core/memp.c ****     memp_overflow_init_element(memp, desc);
 278:../../Middlewares/Third_Party/LwIP/src/core/memp.c **** #endif /* MEMP_MEM_MALLOC */
 279:../../Middlewares/Third_Party/LwIP/src/core/memp.c **** #endif /* MEMP_OVERFLOW_CHECK */
 280:../../Middlewares/Third_Party/LwIP/src/core/memp.c ****     LWIP_ASSERT("memp_malloc: memp properly aligned",
  72              		.loc 1 280 5 is_stmt 1 view .LVU14
  73              		.loc 1 280 5 view .LVU15
  74 0014 14F0030F 		tst	r4, #3
  75 0018 04D1     		bne	.L6
  76              	.LVL4:
  77              	.L3:
  78              		.loc 1 280 5 view .LVU16
  79              		.loc 1 280 5 view .LVU17
 281:../../Middlewares/Third_Party/LwIP/src/core/memp.c ****                 ((mem_ptr_t)memp % MEM_ALIGNMENT) == 0);
 282:../../Middlewares/Third_Party/LwIP/src/core/memp.c **** #if MEMP_STATS
 283:../../Middlewares/Third_Party/LwIP/src/core/memp.c ****     desc->stats->used++;
 284:../../Middlewares/Third_Party/LwIP/src/core/memp.c ****     if (desc->stats->used > desc->stats->max) {
 285:../../Middlewares/Third_Party/LwIP/src/core/memp.c ****       desc->stats->max = desc->stats->used;
 286:../../Middlewares/Third_Party/LwIP/src/core/memp.c ****     }
 287:../../Middlewares/Third_Party/LwIP/src/core/memp.c **** #endif
 288:../../Middlewares/Third_Party/LwIP/src/core/memp.c ****     SYS_ARCH_UNPROTECT(old_level);
  80              		.loc 1 288 5 view .LVU18
  81 001a 2846     		mov	r0, r5
  82 001c FFF7FEFF 		bl	sys_arch_unprotect
  83              	.LVL5:
 289:../../Middlewares/Third_Party/LwIP/src/core/memp.c ****     /* cast through u8_t* to get rid of alignment warnings */
 290:../../Middlewares/Third_Party/LwIP/src/core/memp.c ****     return ((u8_t *)memp + MEMP_SIZE);
  84              		.loc 1 290 5 view .LVU19
  85              	.L1:
 291:../../Middlewares/Third_Party/LwIP/src/core/memp.c ****   } else {
 292:../../Middlewares/Third_Party/LwIP/src/core/memp.c **** #if MEMP_STATS
 293:../../Middlewares/Third_Party/LwIP/src/core/memp.c ****     desc->stats->err++;
 294:../../Middlewares/Third_Party/LwIP/src/core/memp.c **** #endif
 295:../../Middlewares/Third_Party/LwIP/src/core/memp.c ****     SYS_ARCH_UNPROTECT(old_level);
 296:../../Middlewares/Third_Party/LwIP/src/core/memp.c ****     LWIP_DEBUGF(MEMP_DEBUG | LWIP_DBG_LEVEL_SERIOUS, ("memp_malloc: out of memory in pool %s\n", de
 297:../../Middlewares/Third_Party/LwIP/src/core/memp.c ****   }
 298:../../Middlewares/Third_Party/LwIP/src/core/memp.c **** 
 299:../../Middlewares/Third_Party/LwIP/src/core/memp.c ****   return NULL;
 300:../../Middlewares/Third_Party/LwIP/src/core/memp.c **** }
  86              		.loc 1 300 1 is_stmt 0 view .LVU20
  87 0020 2046     		mov	r0, r4
  88 0022 38BD     		pop	{r3, r4, r5, pc}
ARM GAS  /var/folders/2r/mdtt8xvd351gdc398t28_m2m0000gn/T//ccAac3qC.s 			page 8


  89              	.LVL6:
  90              	.L6:
 280:../../Middlewares/Third_Party/LwIP/src/core/memp.c ****                 ((mem_ptr_t)memp % MEM_ALIGNMENT) == 0);
  91              		.loc 1 280 5 is_stmt 1 discriminator 1 view .LVU21
 280:../../Middlewares/Third_Party/LwIP/src/core/memp.c ****                 ((mem_ptr_t)memp % MEM_ALIGNMENT) == 0);
  92              		.loc 1 280 5 discriminator 1 view .LVU22
  93 0024 054B     		ldr	r3, .L7
  94 0026 4FF48C72 		mov	r2, #280
  95 002a 0549     		ldr	r1, .L7+4
  96 002c 0548     		ldr	r0, .L7+8
  97              	.LVL7:
 280:../../Middlewares/Third_Party/LwIP/src/core/memp.c ****                 ((mem_ptr_t)memp % MEM_ALIGNMENT) == 0);
  98              		.loc 1 280 5 is_stmt 0 discriminator 1 view .LVU23
  99 002e FFF7FEFF 		bl	printf
 100              	.LVL8:
 101 0032 F2E7     		b	.L3
 102              	.LVL9:
 103              	.L2:
 295:../../Middlewares/Third_Party/LwIP/src/core/memp.c ****     LWIP_DEBUGF(MEMP_DEBUG | LWIP_DBG_LEVEL_SERIOUS, ("memp_malloc: out of memory in pool %s\n", de
 104              		.loc 1 295 5 is_stmt 1 view .LVU24
 105 0034 FFF7FEFF 		bl	sys_arch_unprotect
 106              	.LVL10:
 296:../../Middlewares/Third_Party/LwIP/src/core/memp.c ****   }
 107              		.loc 1 296 110 view .LVU25
 299:../../Middlewares/Third_Party/LwIP/src/core/memp.c **** }
 108              		.loc 1 299 3 view .LVU26
 299:../../Middlewares/Third_Party/LwIP/src/core/memp.c **** }
 109              		.loc 1 299 10 is_stmt 0 view .LVU27
 110 0038 F2E7     		b	.L1
 111              	.L8:
 112 003a 00BF     		.align	2
 113              	.L7:
 114 003c 00000000 		.word	.LC0
 115 0040 34000000 		.word	.LC1
 116 0044 58000000 		.word	.LC2
 117              		.cfi_endproc
 118              	.LFE176:
 120              		.section	.rodata.do_memp_free_pool.str1.4,"aMS",%progbits,1
 121              		.align	2
 122              	.LC3:
 123 0000 6D656D70 		.ascii	"memp_free: mem properly aligned\000"
 123      5F667265 
 123      653A206D 
 123      656D2070 
 123      726F7065 
 124              		.section	.text.do_memp_free_pool,"ax",%progbits
 125              		.align	1
 126              		.syntax unified
 127              		.thumb
 128              		.thumb_func
 130              	do_memp_free_pool:
 131              	.LVL11:
 132              	.LFB179:
 301:../../Middlewares/Third_Party/LwIP/src/core/memp.c **** 
 302:../../Middlewares/Third_Party/LwIP/src/core/memp.c **** /**
 303:../../Middlewares/Third_Party/LwIP/src/core/memp.c ****  * Get an element from a custom pool.
 304:../../Middlewares/Third_Party/LwIP/src/core/memp.c ****  *
ARM GAS  /var/folders/2r/mdtt8xvd351gdc398t28_m2m0000gn/T//ccAac3qC.s 			page 9


 305:../../Middlewares/Third_Party/LwIP/src/core/memp.c ****  * @param desc the pool to get an element from
 306:../../Middlewares/Third_Party/LwIP/src/core/memp.c ****  *
 307:../../Middlewares/Third_Party/LwIP/src/core/memp.c ****  * @return a pointer to the allocated memory or a NULL pointer on error
 308:../../Middlewares/Third_Party/LwIP/src/core/memp.c ****  */
 309:../../Middlewares/Third_Party/LwIP/src/core/memp.c **** void *
 310:../../Middlewares/Third_Party/LwIP/src/core/memp.c **** #if !MEMP_OVERFLOW_CHECK
 311:../../Middlewares/Third_Party/LwIP/src/core/memp.c **** memp_malloc_pool(const struct memp_desc *desc)
 312:../../Middlewares/Third_Party/LwIP/src/core/memp.c **** #else
 313:../../Middlewares/Third_Party/LwIP/src/core/memp.c **** memp_malloc_pool_fn(const struct memp_desc *desc, const char *file, const int line)
 314:../../Middlewares/Third_Party/LwIP/src/core/memp.c **** #endif
 315:../../Middlewares/Third_Party/LwIP/src/core/memp.c **** {
 316:../../Middlewares/Third_Party/LwIP/src/core/memp.c ****   LWIP_ASSERT("invalid pool desc", desc != NULL);
 317:../../Middlewares/Third_Party/LwIP/src/core/memp.c ****   if (desc == NULL) {
 318:../../Middlewares/Third_Party/LwIP/src/core/memp.c ****     return NULL;
 319:../../Middlewares/Third_Party/LwIP/src/core/memp.c ****   }
 320:../../Middlewares/Third_Party/LwIP/src/core/memp.c **** 
 321:../../Middlewares/Third_Party/LwIP/src/core/memp.c **** #if !MEMP_OVERFLOW_CHECK
 322:../../Middlewares/Third_Party/LwIP/src/core/memp.c ****   return do_memp_malloc_pool(desc);
 323:../../Middlewares/Third_Party/LwIP/src/core/memp.c **** #else
 324:../../Middlewares/Third_Party/LwIP/src/core/memp.c ****   return do_memp_malloc_pool_fn(desc, file, line);
 325:../../Middlewares/Third_Party/LwIP/src/core/memp.c **** #endif
 326:../../Middlewares/Third_Party/LwIP/src/core/memp.c **** }
 327:../../Middlewares/Third_Party/LwIP/src/core/memp.c **** 
 328:../../Middlewares/Third_Party/LwIP/src/core/memp.c **** /**
 329:../../Middlewares/Third_Party/LwIP/src/core/memp.c ****  * Get an element from a specific pool.
 330:../../Middlewares/Third_Party/LwIP/src/core/memp.c ****  *
 331:../../Middlewares/Third_Party/LwIP/src/core/memp.c ****  * @param type the pool to get an element from
 332:../../Middlewares/Third_Party/LwIP/src/core/memp.c ****  *
 333:../../Middlewares/Third_Party/LwIP/src/core/memp.c ****  * @return a pointer to the allocated memory or a NULL pointer on error
 334:../../Middlewares/Third_Party/LwIP/src/core/memp.c ****  */
 335:../../Middlewares/Third_Party/LwIP/src/core/memp.c **** void *
 336:../../Middlewares/Third_Party/LwIP/src/core/memp.c **** #if !MEMP_OVERFLOW_CHECK
 337:../../Middlewares/Third_Party/LwIP/src/core/memp.c **** memp_malloc(memp_t type)
 338:../../Middlewares/Third_Party/LwIP/src/core/memp.c **** #else
 339:../../Middlewares/Third_Party/LwIP/src/core/memp.c **** memp_malloc_fn(memp_t type, const char *file, const int line)
 340:../../Middlewares/Third_Party/LwIP/src/core/memp.c **** #endif
 341:../../Middlewares/Third_Party/LwIP/src/core/memp.c **** {
 342:../../Middlewares/Third_Party/LwIP/src/core/memp.c ****   void *memp;
 343:../../Middlewares/Third_Party/LwIP/src/core/memp.c ****   LWIP_ERROR("memp_malloc: type < MEMP_MAX", (type < MEMP_MAX), return NULL;);
 344:../../Middlewares/Third_Party/LwIP/src/core/memp.c **** 
 345:../../Middlewares/Third_Party/LwIP/src/core/memp.c **** #if MEMP_OVERFLOW_CHECK >= 2
 346:../../Middlewares/Third_Party/LwIP/src/core/memp.c ****   memp_overflow_check_all();
 347:../../Middlewares/Third_Party/LwIP/src/core/memp.c **** #endif /* MEMP_OVERFLOW_CHECK >= 2 */
 348:../../Middlewares/Third_Party/LwIP/src/core/memp.c **** 
 349:../../Middlewares/Third_Party/LwIP/src/core/memp.c **** #if !MEMP_OVERFLOW_CHECK
 350:../../Middlewares/Third_Party/LwIP/src/core/memp.c ****   memp = do_memp_malloc_pool(memp_pools[type]);
 351:../../Middlewares/Third_Party/LwIP/src/core/memp.c **** #else
 352:../../Middlewares/Third_Party/LwIP/src/core/memp.c ****   memp = do_memp_malloc_pool_fn(memp_pools[type], file, line);
 353:../../Middlewares/Third_Party/LwIP/src/core/memp.c **** #endif
 354:../../Middlewares/Third_Party/LwIP/src/core/memp.c **** 
 355:../../Middlewares/Third_Party/LwIP/src/core/memp.c ****   return memp;
 356:../../Middlewares/Third_Party/LwIP/src/core/memp.c **** }
 357:../../Middlewares/Third_Party/LwIP/src/core/memp.c **** 
 358:../../Middlewares/Third_Party/LwIP/src/core/memp.c **** static void
 359:../../Middlewares/Third_Party/LwIP/src/core/memp.c **** do_memp_free_pool(const struct memp_desc *desc, void *mem)
 360:../../Middlewares/Third_Party/LwIP/src/core/memp.c **** {
 133              		.loc 1 360 1 is_stmt 1 view -0
ARM GAS  /var/folders/2r/mdtt8xvd351gdc398t28_m2m0000gn/T//ccAac3qC.s 			page 10


 134              		.cfi_startproc
 135              		@ args = 0, pretend = 0, frame = 0
 136              		@ frame_needed = 0, uses_anonymous_args = 0
 137              		.loc 1 360 1 is_stmt 0 view .LVU29
 138 0000 38B5     		push	{r3, r4, r5, lr}
 139              	.LCFI1:
 140              		.cfi_def_cfa_offset 16
 141              		.cfi_offset 3, -16
 142              		.cfi_offset 4, -12
 143              		.cfi_offset 5, -8
 144              		.cfi_offset 14, -4
 145 0002 0546     		mov	r5, r0
 146 0004 0C46     		mov	r4, r1
 361:../../Middlewares/Third_Party/LwIP/src/core/memp.c ****   struct memp *memp;
 147              		.loc 1 361 3 is_stmt 1 view .LVU30
 362:../../Middlewares/Third_Party/LwIP/src/core/memp.c ****   SYS_ARCH_DECL_PROTECT(old_level);
 148              		.loc 1 362 3 view .LVU31
 363:../../Middlewares/Third_Party/LwIP/src/core/memp.c **** 
 364:../../Middlewares/Third_Party/LwIP/src/core/memp.c ****   LWIP_ASSERT("memp_free: mem properly aligned",
 149              		.loc 1 364 3 view .LVU32
 150              		.loc 1 364 3 view .LVU33
 151 0006 11F0030F 		tst	r1, #3
 152 000a 09D1     		bne	.L12
 153              	.LVL12:
 154              	.L10:
 155              		.loc 1 364 3 view .LVU34
 156              		.loc 1 364 3 view .LVU35
 365:../../Middlewares/Third_Party/LwIP/src/core/memp.c ****               ((mem_ptr_t)mem % MEM_ALIGNMENT) == 0);
 366:../../Middlewares/Third_Party/LwIP/src/core/memp.c **** 
 367:../../Middlewares/Third_Party/LwIP/src/core/memp.c ****   /* cast through void* to get rid of alignment warnings */
 368:../../Middlewares/Third_Party/LwIP/src/core/memp.c ****   memp = (struct memp *)(void *)((u8_t *)mem - MEMP_SIZE);
 157              		.loc 1 368 3 view .LVU36
 369:../../Middlewares/Third_Party/LwIP/src/core/memp.c **** 
 370:../../Middlewares/Third_Party/LwIP/src/core/memp.c ****   SYS_ARCH_PROTECT(old_level);
 158              		.loc 1 370 3 view .LVU37
 159 000c FFF7FEFF 		bl	sys_arch_protect
 160              	.LVL13:
 371:../../Middlewares/Third_Party/LwIP/src/core/memp.c **** 
 372:../../Middlewares/Third_Party/LwIP/src/core/memp.c **** #if MEMP_OVERFLOW_CHECK == 1
 373:../../Middlewares/Third_Party/LwIP/src/core/memp.c ****   memp_overflow_check_element(memp, desc);
 374:../../Middlewares/Third_Party/LwIP/src/core/memp.c **** #endif /* MEMP_OVERFLOW_CHECK */
 375:../../Middlewares/Third_Party/LwIP/src/core/memp.c **** 
 376:../../Middlewares/Third_Party/LwIP/src/core/memp.c **** #if MEMP_STATS
 377:../../Middlewares/Third_Party/LwIP/src/core/memp.c ****   desc->stats->used--;
 378:../../Middlewares/Third_Party/LwIP/src/core/memp.c **** #endif
 379:../../Middlewares/Third_Party/LwIP/src/core/memp.c **** 
 380:../../Middlewares/Third_Party/LwIP/src/core/memp.c **** #if MEMP_MEM_MALLOC
 381:../../Middlewares/Third_Party/LwIP/src/core/memp.c ****   LWIP_UNUSED_ARG(desc);
 382:../../Middlewares/Third_Party/LwIP/src/core/memp.c ****   SYS_ARCH_UNPROTECT(old_level);
 383:../../Middlewares/Third_Party/LwIP/src/core/memp.c ****   mem_free(memp);
 384:../../Middlewares/Third_Party/LwIP/src/core/memp.c **** #else /* MEMP_MEM_MALLOC */
 385:../../Middlewares/Third_Party/LwIP/src/core/memp.c ****   memp->next = *desc->tab;
 161              		.loc 1 385 3 view .LVU38
 162              		.loc 1 385 21 is_stmt 0 view .LVU39
 163 0010 AB68     		ldr	r3, [r5, #8]
 164              		.loc 1 385 16 view .LVU40
 165 0012 1B68     		ldr	r3, [r3]
ARM GAS  /var/folders/2r/mdtt8xvd351gdc398t28_m2m0000gn/T//ccAac3qC.s 			page 11


 166              		.loc 1 385 14 view .LVU41
 167 0014 2360     		str	r3, [r4]
 386:../../Middlewares/Third_Party/LwIP/src/core/memp.c ****   *desc->tab = memp;
 168              		.loc 1 386 3 is_stmt 1 view .LVU42
 169              		.loc 1 386 8 is_stmt 0 view .LVU43
 170 0016 AB68     		ldr	r3, [r5, #8]
 171              		.loc 1 386 14 view .LVU44
 172 0018 1C60     		str	r4, [r3]
 387:../../Middlewares/Third_Party/LwIP/src/core/memp.c **** 
 388:../../Middlewares/Third_Party/LwIP/src/core/memp.c **** #if MEMP_SANITY_CHECK
 389:../../Middlewares/Third_Party/LwIP/src/core/memp.c ****   LWIP_ASSERT("memp sanity", memp_sanity(desc));
 390:../../Middlewares/Third_Party/LwIP/src/core/memp.c **** #endif /* MEMP_SANITY_CHECK */
 391:../../Middlewares/Third_Party/LwIP/src/core/memp.c **** 
 392:../../Middlewares/Third_Party/LwIP/src/core/memp.c ****   SYS_ARCH_UNPROTECT(old_level);
 173              		.loc 1 392 3 is_stmt 1 view .LVU45
 174 001a FFF7FEFF 		bl	sys_arch_unprotect
 175              	.LVL14:
 393:../../Middlewares/Third_Party/LwIP/src/core/memp.c **** #endif /* !MEMP_MEM_MALLOC */
 394:../../Middlewares/Third_Party/LwIP/src/core/memp.c **** }
 176              		.loc 1 394 1 is_stmt 0 view .LVU46
 177 001e 38BD     		pop	{r3, r4, r5, pc}
 178              	.LVL15:
 179              	.L12:
 364:../../Middlewares/Third_Party/LwIP/src/core/memp.c ****               ((mem_ptr_t)mem % MEM_ALIGNMENT) == 0);
 180              		.loc 1 364 3 is_stmt 1 discriminator 1 view .LVU47
 364:../../Middlewares/Third_Party/LwIP/src/core/memp.c ****               ((mem_ptr_t)mem % MEM_ALIGNMENT) == 0);
 181              		.loc 1 364 3 discriminator 1 view .LVU48
 182 0020 034B     		ldr	r3, .L13
 183 0022 4FF4B672 		mov	r2, #364
 184 0026 0349     		ldr	r1, .L13+4
 185              	.LVL16:
 364:../../Middlewares/Third_Party/LwIP/src/core/memp.c ****               ((mem_ptr_t)mem % MEM_ALIGNMENT) == 0);
 186              		.loc 1 364 3 is_stmt 0 discriminator 1 view .LVU49
 187 0028 0348     		ldr	r0, .L13+8
 188              	.LVL17:
 364:../../Middlewares/Third_Party/LwIP/src/core/memp.c ****               ((mem_ptr_t)mem % MEM_ALIGNMENT) == 0);
 189              		.loc 1 364 3 discriminator 1 view .LVU50
 190 002a FFF7FEFF 		bl	printf
 191              	.LVL18:
 192 002e EDE7     		b	.L10
 193              	.L14:
 194              		.align	2
 195              	.L13:
 196 0030 00000000 		.word	.LC0
 197 0034 00000000 		.word	.LC3
 198 0038 58000000 		.word	.LC2
 199              		.cfi_endproc
 200              	.LFE179:
 202              		.section	.text.memp_init_pool,"ax",%progbits
 203              		.align	1
 204              		.global	memp_init_pool
 205              		.syntax unified
 206              		.thumb
 207              		.thumb_func
 209              	memp_init_pool:
 210              	.LVL19:
 211              	.LFB174:
ARM GAS  /var/folders/2r/mdtt8xvd351gdc398t28_m2m0000gn/T//ccAac3qC.s 			page 12


 176:../../Middlewares/Third_Party/LwIP/src/core/memp.c **** #if MEMP_MEM_MALLOC
 212              		.loc 1 176 1 is_stmt 1 view -0
 213              		.cfi_startproc
 214              		@ args = 0, pretend = 0, frame = 0
 215              		@ frame_needed = 0, uses_anonymous_args = 0
 216              		@ link register save eliminated.
 180:../../Middlewares/Third_Party/LwIP/src/core/memp.c ****   struct memp *memp;
 217              		.loc 1 180 3 view .LVU52
 181:../../Middlewares/Third_Party/LwIP/src/core/memp.c **** 
 218              		.loc 1 181 3 view .LVU53
 183:../../Middlewares/Third_Party/LwIP/src/core/memp.c ****   memp = (struct memp *)LWIP_MEM_ALIGN(desc->base);
 219              		.loc 1 183 3 view .LVU54
 183:../../Middlewares/Third_Party/LwIP/src/core/memp.c ****   memp = (struct memp *)LWIP_MEM_ALIGN(desc->base);
 220              		.loc 1 183 8 is_stmt 0 view .LVU55
 221 0000 8368     		ldr	r3, [r0, #8]
 183:../../Middlewares/Third_Party/LwIP/src/core/memp.c ****   memp = (struct memp *)LWIP_MEM_ALIGN(desc->base);
 222              		.loc 1 183 14 view .LVU56
 223 0002 0022     		movs	r2, #0
 224 0004 1A60     		str	r2, [r3]
 184:../../Middlewares/Third_Party/LwIP/src/core/memp.c **** #if MEMP_MEM_INIT
 225              		.loc 1 184 3 is_stmt 1 view .LVU57
 184:../../Middlewares/Third_Party/LwIP/src/core/memp.c **** #if MEMP_MEM_INIT
 226              		.loc 1 184 25 is_stmt 0 view .LVU58
 227 0006 4368     		ldr	r3, [r0, #4]
 228 0008 0333     		adds	r3, r3, #3
 229 000a 23F00303 		bic	r3, r3, #3
 230              	.LVL20:
 194:../../Middlewares/Third_Party/LwIP/src/core/memp.c ****     memp->next = *desc->tab;
 231              		.loc 1 194 3 is_stmt 1 view .LVU59
 194:../../Middlewares/Third_Party/LwIP/src/core/memp.c ****     memp->next = *desc->tab;
 232              		.loc 1 194 3 is_stmt 0 view .LVU60
 233 000e 07E0     		b	.L16
 234              	.LVL21:
 235              	.L17:
 195:../../Middlewares/Third_Party/LwIP/src/core/memp.c ****     *desc->tab = memp;
 236              		.loc 1 195 5 is_stmt 1 view .LVU61
 195:../../Middlewares/Third_Party/LwIP/src/core/memp.c ****     *desc->tab = memp;
 237              		.loc 1 195 23 is_stmt 0 view .LVU62
 238 0010 8168     		ldr	r1, [r0, #8]
 195:../../Middlewares/Third_Party/LwIP/src/core/memp.c ****     *desc->tab = memp;
 239              		.loc 1 195 18 view .LVU63
 240 0012 0968     		ldr	r1, [r1]
 195:../../Middlewares/Third_Party/LwIP/src/core/memp.c ****     *desc->tab = memp;
 241              		.loc 1 195 16 view .LVU64
 242 0014 1960     		str	r1, [r3]
 196:../../Middlewares/Third_Party/LwIP/src/core/memp.c **** #if MEMP_OVERFLOW_CHECK
 243              		.loc 1 196 5 is_stmt 1 view .LVU65
 196:../../Middlewares/Third_Party/LwIP/src/core/memp.c **** #if MEMP_OVERFLOW_CHECK
 244              		.loc 1 196 10 is_stmt 0 view .LVU66
 245 0016 8168     		ldr	r1, [r0, #8]
 196:../../Middlewares/Third_Party/LwIP/src/core/memp.c **** #if MEMP_OVERFLOW_CHECK
 246              		.loc 1 196 16 view .LVU67
 247 0018 0B60     		str	r3, [r1]
 201:../../Middlewares/Third_Party/LwIP/src/core/memp.c **** #if MEMP_OVERFLOW_CHECK
 248              		.loc 1 201 5 is_stmt 1 view .LVU68
 201:../../Middlewares/Third_Party/LwIP/src/core/memp.c **** #if MEMP_OVERFLOW_CHECK
 249              		.loc 1 201 67 is_stmt 0 view .LVU69
ARM GAS  /var/folders/2r/mdtt8xvd351gdc398t28_m2m0000gn/T//ccAac3qC.s 			page 13


 250 001a 0188     		ldrh	r1, [r0]
 201:../../Middlewares/Third_Party/LwIP/src/core/memp.c **** #if MEMP_OVERFLOW_CHECK
 251              		.loc 1 201 10 view .LVU70
 252 001c 0B44     		add	r3, r3, r1
 253              	.LVL22:
 194:../../Middlewares/Third_Party/LwIP/src/core/memp.c ****     memp->next = *desc->tab;
 254              		.loc 1 194 30 is_stmt 1 discriminator 3 view .LVU71
 255 001e 0132     		adds	r2, r2, #1
 256              	.LVL23:
 257              	.L16:
 194:../../Middlewares/Third_Party/LwIP/src/core/memp.c ****     memp->next = *desc->tab;
 258              		.loc 1 194 17 discriminator 1 view .LVU72
 194:../../Middlewares/Third_Party/LwIP/src/core/memp.c ****     memp->next = *desc->tab;
 259              		.loc 1 194 23 is_stmt 0 discriminator 1 view .LVU73
 260 0020 4188     		ldrh	r1, [r0, #2]
 194:../../Middlewares/Third_Party/LwIP/src/core/memp.c ****     memp->next = *desc->tab;
 261              		.loc 1 194 17 discriminator 1 view .LVU74
 262 0022 9142     		cmp	r1, r2
 263 0024 F4DC     		bgt	.L17
 215:../../Middlewares/Third_Party/LwIP/src/core/memp.c **** 
 264              		.loc 1 215 1 view .LVU75
 265 0026 7047     		bx	lr
 266              		.cfi_endproc
 267              	.LFE174:
 269              		.section	.text.memp_init,"ax",%progbits
 270              		.align	1
 271              		.global	memp_init
 272              		.syntax unified
 273              		.thumb
 274              		.thumb_func
 276              	memp_init:
 277              	.LFB175:
 225:../../Middlewares/Third_Party/LwIP/src/core/memp.c ****   u16_t i;
 278              		.loc 1 225 1 is_stmt 1 view -0
 279              		.cfi_startproc
 280              		@ args = 0, pretend = 0, frame = 0
 281              		@ frame_needed = 0, uses_anonymous_args = 0
 282 0000 10B5     		push	{r4, lr}
 283              	.LCFI2:
 284              		.cfi_def_cfa_offset 8
 285              		.cfi_offset 4, -8
 286              		.cfi_offset 14, -4
 226:../../Middlewares/Third_Party/LwIP/src/core/memp.c **** 
 287              		.loc 1 226 3 view .LVU77
 229:../../Middlewares/Third_Party/LwIP/src/core/memp.c ****     memp_init_pool(memp_pools[i]);
 288              		.loc 1 229 3 view .LVU78
 289              	.LVL24:
 229:../../Middlewares/Third_Party/LwIP/src/core/memp.c ****     memp_init_pool(memp_pools[i]);
 290              		.loc 1 229 10 is_stmt 0 view .LVU79
 291 0002 0024     		movs	r4, #0
 229:../../Middlewares/Third_Party/LwIP/src/core/memp.c ****     memp_init_pool(memp_pools[i]);
 292              		.loc 1 229 3 view .LVU80
 293 0004 06E0     		b	.L19
 294              	.LVL25:
 295              	.L20:
 230:../../Middlewares/Third_Party/LwIP/src/core/memp.c **** 
 296              		.loc 1 230 5 is_stmt 1 view .LVU81
ARM GAS  /var/folders/2r/mdtt8xvd351gdc398t28_m2m0000gn/T//ccAac3qC.s 			page 14


 297 0006 054B     		ldr	r3, .L22
 298 0008 53F82400 		ldr	r0, [r3, r4, lsl #2]
 299 000c FFF7FEFF 		bl	memp_init_pool
 300              	.LVL26:
 229:../../Middlewares/Third_Party/LwIP/src/core/memp.c ****     memp_init_pool(memp_pools[i]);
 301              		.loc 1 229 48 discriminator 3 view .LVU82
 302 0010 0134     		adds	r4, r4, #1
 303              	.LVL27:
 229:../../Middlewares/Third_Party/LwIP/src/core/memp.c ****     memp_init_pool(memp_pools[i]);
 304              		.loc 1 229 48 is_stmt 0 discriminator 3 view .LVU83
 305 0012 A4B2     		uxth	r4, r4
 306              	.LVL28:
 307              	.L19:
 229:../../Middlewares/Third_Party/LwIP/src/core/memp.c ****     memp_init_pool(memp_pools[i]);
 308              		.loc 1 229 17 is_stmt 1 discriminator 1 view .LVU84
 309 0014 092C     		cmp	r4, #9
 310 0016 F6D9     		bls	.L20
 241:../../Middlewares/Third_Party/LwIP/src/core/memp.c **** 
 311              		.loc 1 241 1 is_stmt 0 view .LVU85
 312 0018 10BD     		pop	{r4, pc}
 313              	.LVL29:
 314              	.L23:
 241:../../Middlewares/Third_Party/LwIP/src/core/memp.c **** 
 315              		.loc 1 241 1 view .LVU86
 316 001a 00BF     		.align	2
 317              	.L22:
 318 001c 00000000 		.word	memp_pools
 319              		.cfi_endproc
 320              	.LFE175:
 322              		.section	.rodata.memp_malloc_pool.str1.4,"aMS",%progbits,1
 323              		.align	2
 324              	.LC4:
 325 0000 696E7661 		.ascii	"invalid pool desc\000"
 325      6C696420 
 325      706F6F6C 
 325      20646573 
 325      6300
 326              		.section	.text.memp_malloc_pool,"ax",%progbits
 327              		.align	1
 328              		.global	memp_malloc_pool
 329              		.syntax unified
 330              		.thumb
 331              		.thumb_func
 333              	memp_malloc_pool:
 334              	.LVL30:
 335              	.LFB177:
 315:../../Middlewares/Third_Party/LwIP/src/core/memp.c ****   LWIP_ASSERT("invalid pool desc", desc != NULL);
 336              		.loc 1 315 1 is_stmt 1 view -0
 337              		.cfi_startproc
 338              		@ args = 0, pretend = 0, frame = 0
 339              		@ frame_needed = 0, uses_anonymous_args = 0
 315:../../Middlewares/Third_Party/LwIP/src/core/memp.c ****   LWIP_ASSERT("invalid pool desc", desc != NULL);
 340              		.loc 1 315 1 is_stmt 0 view .LVU88
 341 0000 10B5     		push	{r4, lr}
 342              	.LCFI3:
 343              		.cfi_def_cfa_offset 8
 344              		.cfi_offset 4, -8
ARM GAS  /var/folders/2r/mdtt8xvd351gdc398t28_m2m0000gn/T//ccAac3qC.s 			page 15


 345              		.cfi_offset 14, -4
 316:../../Middlewares/Third_Party/LwIP/src/core/memp.c ****   if (desc == NULL) {
 346              		.loc 1 316 3 is_stmt 1 view .LVU89
 316:../../Middlewares/Third_Party/LwIP/src/core/memp.c ****   if (desc == NULL) {
 347              		.loc 1 316 3 view .LVU90
 348 0002 0446     		mov	r4, r0
 349 0004 10B1     		cbz	r0, .L25
 316:../../Middlewares/Third_Party/LwIP/src/core/memp.c ****   if (desc == NULL) {
 350              		.loc 1 316 3 view .LVU91
 316:../../Middlewares/Third_Party/LwIP/src/core/memp.c ****   if (desc == NULL) {
 351              		.loc 1 316 3 view .LVU92
 317:../../Middlewares/Third_Party/LwIP/src/core/memp.c ****     return NULL;
 352              		.loc 1 317 3 view .LVU93
 322:../../Middlewares/Third_Party/LwIP/src/core/memp.c **** #else
 353              		.loc 1 322 3 view .LVU94
 322:../../Middlewares/Third_Party/LwIP/src/core/memp.c **** #else
 354              		.loc 1 322 10 is_stmt 0 view .LVU95
 355 0006 FFF7FEFF 		bl	do_memp_malloc_pool
 356              	.LVL31:
 357              	.L24:
 326:../../Middlewares/Third_Party/LwIP/src/core/memp.c **** 
 358              		.loc 1 326 1 view .LVU96
 359 000a 10BD     		pop	{r4, pc}
 360              	.LVL32:
 361              	.L25:
 316:../../Middlewares/Third_Party/LwIP/src/core/memp.c ****   if (desc == NULL) {
 362              		.loc 1 316 3 is_stmt 1 discriminator 1 view .LVU97
 316:../../Middlewares/Third_Party/LwIP/src/core/memp.c ****   if (desc == NULL) {
 363              		.loc 1 316 3 discriminator 1 view .LVU98
 364 000c 044B     		ldr	r3, .L28
 365 000e 4FF49E72 		mov	r2, #316
 366 0012 0449     		ldr	r1, .L28+4
 367 0014 0448     		ldr	r0, .L28+8
 368              	.LVL33:
 316:../../Middlewares/Third_Party/LwIP/src/core/memp.c ****   if (desc == NULL) {
 369              		.loc 1 316 3 is_stmt 0 discriminator 1 view .LVU99
 370 0016 FFF7FEFF 		bl	printf
 371              	.LVL34:
 316:../../Middlewares/Third_Party/LwIP/src/core/memp.c ****   if (desc == NULL) {
 372              		.loc 1 316 3 is_stmt 1 view .LVU100
 316:../../Middlewares/Third_Party/LwIP/src/core/memp.c ****   if (desc == NULL) {
 373              		.loc 1 316 3 view .LVU101
 317:../../Middlewares/Third_Party/LwIP/src/core/memp.c ****     return NULL;
 374              		.loc 1 317 3 view .LVU102
 318:../../Middlewares/Third_Party/LwIP/src/core/memp.c ****   }
 375              		.loc 1 318 5 view .LVU103
 318:../../Middlewares/Third_Party/LwIP/src/core/memp.c ****   }
 376              		.loc 1 318 12 is_stmt 0 view .LVU104
 377 001a 2046     		mov	r0, r4
 378 001c F5E7     		b	.L24
 379              	.L29:
 380 001e 00BF     		.align	2
 381              	.L28:
 382 0020 00000000 		.word	.LC0
 383 0024 00000000 		.word	.LC4
 384 0028 58000000 		.word	.LC2
 385              		.cfi_endproc
ARM GAS  /var/folders/2r/mdtt8xvd351gdc398t28_m2m0000gn/T//ccAac3qC.s 			page 16


 386              	.LFE177:
 388              		.section	.rodata.memp_malloc.str1.4,"aMS",%progbits,1
 389              		.align	2
 390              	.LC5:
 391 0000 6D656D70 		.ascii	"memp_malloc: type < MEMP_MAX\000"
 391      5F6D616C 
 391      6C6F633A 
 391      20747970 
 391      65203C20 
 392              		.section	.text.memp_malloc,"ax",%progbits
 393              		.align	1
 394              		.global	memp_malloc
 395              		.syntax unified
 396              		.thumb
 397              		.thumb_func
 399              	memp_malloc:
 400              	.LVL35:
 401              	.LFB178:
 341:../../Middlewares/Third_Party/LwIP/src/core/memp.c ****   void *memp;
 402              		.loc 1 341 1 is_stmt 1 view -0
 403              		.cfi_startproc
 404              		@ args = 0, pretend = 0, frame = 0
 405              		@ frame_needed = 0, uses_anonymous_args = 0
 341:../../Middlewares/Third_Party/LwIP/src/core/memp.c ****   void *memp;
 406              		.loc 1 341 1 is_stmt 0 view .LVU106
 407 0000 08B5     		push	{r3, lr}
 408              	.LCFI4:
 409              		.cfi_def_cfa_offset 8
 410              		.cfi_offset 3, -8
 411              		.cfi_offset 14, -4
 342:../../Middlewares/Third_Party/LwIP/src/core/memp.c ****   LWIP_ERROR("memp_malloc: type < MEMP_MAX", (type < MEMP_MAX), return NULL;);
 412              		.loc 1 342 3 is_stmt 1 view .LVU107
 343:../../Middlewares/Third_Party/LwIP/src/core/memp.c **** 
 413              		.loc 1 343 3 view .LVU108
 343:../../Middlewares/Third_Party/LwIP/src/core/memp.c **** 
 414              		.loc 1 343 3 view .LVU109
 415 0002 0928     		cmp	r0, #9
 416 0004 05D8     		bhi	.L34
 343:../../Middlewares/Third_Party/LwIP/src/core/memp.c **** 
 417              		.loc 1 343 3 view .LVU110
 343:../../Middlewares/Third_Party/LwIP/src/core/memp.c **** 
 418              		.loc 1 343 3 view .LVU111
 350:../../Middlewares/Third_Party/LwIP/src/core/memp.c **** #else
 419              		.loc 1 350 3 view .LVU112
 350:../../Middlewares/Third_Party/LwIP/src/core/memp.c **** #else
 420              		.loc 1 350 10 is_stmt 0 view .LVU113
 421 0006 074B     		ldr	r3, .L35
 422 0008 53F82000 		ldr	r0, [r3, r0, lsl #2]
 423              	.LVL36:
 350:../../Middlewares/Third_Party/LwIP/src/core/memp.c **** #else
 424              		.loc 1 350 10 view .LVU114
 425 000c FFF7FEFF 		bl	do_memp_malloc_pool
 426              	.LVL37:
 355:../../Middlewares/Third_Party/LwIP/src/core/memp.c **** }
 427              		.loc 1 355 3 is_stmt 1 view .LVU115
 428              	.L30:
 356:../../Middlewares/Third_Party/LwIP/src/core/memp.c **** 
ARM GAS  /var/folders/2r/mdtt8xvd351gdc398t28_m2m0000gn/T//ccAac3qC.s 			page 17


 429              		.loc 1 356 1 is_stmt 0 view .LVU116
 430 0010 08BD     		pop	{r3, pc}
 431              	.LVL38:
 432              	.L34:
 343:../../Middlewares/Third_Party/LwIP/src/core/memp.c **** 
 433              		.loc 1 343 3 is_stmt 1 discriminator 1 view .LVU117
 343:../../Middlewares/Third_Party/LwIP/src/core/memp.c **** 
 434              		.loc 1 343 3 discriminator 1 view .LVU118
 435 0012 054B     		ldr	r3, .L35+4
 436 0014 40F25712 		movw	r2, #343
 437 0018 0449     		ldr	r1, .L35+8
 438 001a 0548     		ldr	r0, .L35+12
 439              	.LVL39:
 343:../../Middlewares/Third_Party/LwIP/src/core/memp.c **** 
 440              		.loc 1 343 3 is_stmt 0 discriminator 1 view .LVU119
 441 001c FFF7FEFF 		bl	printf
 442              	.LVL40:
 343:../../Middlewares/Third_Party/LwIP/src/core/memp.c **** 
 443              		.loc 1 343 3 is_stmt 1 discriminator 1 view .LVU120
 343:../../Middlewares/Third_Party/LwIP/src/core/memp.c **** 
 444              		.loc 1 343 3 discriminator 1 view .LVU121
 445 0020 0020     		movs	r0, #0
 343:../../Middlewares/Third_Party/LwIP/src/core/memp.c **** 
 446              		.loc 1 343 3 is_stmt 0 view .LVU122
 447 0022 F5E7     		b	.L30
 448              	.L36:
 449              		.align	2
 450              	.L35:
 451 0024 00000000 		.word	memp_pools
 452 0028 00000000 		.word	.LC0
 453 002c 00000000 		.word	.LC5
 454 0030 58000000 		.word	.LC2
 455              		.cfi_endproc
 456              	.LFE178:
 458              		.section	.text.memp_free_pool,"ax",%progbits
 459              		.align	1
 460              		.global	memp_free_pool
 461              		.syntax unified
 462              		.thumb
 463              		.thumb_func
 465              	memp_free_pool:
 466              	.LVL41:
 467              	.LFB180:
 395:../../Middlewares/Third_Party/LwIP/src/core/memp.c **** 
 396:../../Middlewares/Third_Party/LwIP/src/core/memp.c **** /**
 397:../../Middlewares/Third_Party/LwIP/src/core/memp.c ****  * Put a custom pool element back into its pool.
 398:../../Middlewares/Third_Party/LwIP/src/core/memp.c ****  *
 399:../../Middlewares/Third_Party/LwIP/src/core/memp.c ****  * @param desc the pool where to put mem
 400:../../Middlewares/Third_Party/LwIP/src/core/memp.c ****  * @param mem the memp element to free
 401:../../Middlewares/Third_Party/LwIP/src/core/memp.c ****  */
 402:../../Middlewares/Third_Party/LwIP/src/core/memp.c **** void
 403:../../Middlewares/Third_Party/LwIP/src/core/memp.c **** memp_free_pool(const struct memp_desc *desc, void *mem)
 404:../../Middlewares/Third_Party/LwIP/src/core/memp.c **** {
 468              		.loc 1 404 1 is_stmt 1 view -0
 469              		.cfi_startproc
 470              		@ args = 0, pretend = 0, frame = 0
 471              		@ frame_needed = 0, uses_anonymous_args = 0
ARM GAS  /var/folders/2r/mdtt8xvd351gdc398t28_m2m0000gn/T//ccAac3qC.s 			page 18


 472              		.loc 1 404 1 is_stmt 0 view .LVU124
 473 0000 38B5     		push	{r3, r4, r5, lr}
 474              	.LCFI5:
 475              		.cfi_def_cfa_offset 16
 476              		.cfi_offset 3, -16
 477              		.cfi_offset 4, -12
 478              		.cfi_offset 5, -8
 479              		.cfi_offset 14, -4
 480 0002 0C46     		mov	r4, r1
 405:../../Middlewares/Third_Party/LwIP/src/core/memp.c ****   LWIP_ASSERT("invalid pool desc", desc != NULL);
 481              		.loc 1 405 3 is_stmt 1 view .LVU125
 482              		.loc 1 405 3 view .LVU126
 483 0004 0546     		mov	r5, r0
 484 0006 20B1     		cbz	r0, .L41
 485              	.LVL42:
 486              	.L38:
 487              		.loc 1 405 3 view .LVU127
 488              		.loc 1 405 3 view .LVU128
 406:../../Middlewares/Third_Party/LwIP/src/core/memp.c ****   if ((desc == NULL) || (mem == NULL)) {
 489              		.loc 1 406 3 view .LVU129
 490              		.loc 1 406 6 is_stmt 0 view .LVU130
 491 0008 002C     		cmp	r4, #0
 492 000a 18BF     		it	ne
 493 000c 002D     		cmpne	r5, #0
 494 000e 08D1     		bne	.L42
 495              	.L37:
 407:../../Middlewares/Third_Party/LwIP/src/core/memp.c ****     return;
 408:../../Middlewares/Third_Party/LwIP/src/core/memp.c ****   }
 409:../../Middlewares/Third_Party/LwIP/src/core/memp.c **** 
 410:../../Middlewares/Third_Party/LwIP/src/core/memp.c ****   do_memp_free_pool(desc, mem);
 411:../../Middlewares/Third_Party/LwIP/src/core/memp.c **** }
 496              		.loc 1 411 1 view .LVU131
 497 0010 38BD     		pop	{r3, r4, r5, pc}
 498              	.LVL43:
 499              	.L41:
 405:../../Middlewares/Third_Party/LwIP/src/core/memp.c ****   if ((desc == NULL) || (mem == NULL)) {
 500              		.loc 1 405 3 is_stmt 1 discriminator 1 view .LVU132
 405:../../Middlewares/Third_Party/LwIP/src/core/memp.c ****   if ((desc == NULL) || (mem == NULL)) {
 501              		.loc 1 405 3 discriminator 1 view .LVU133
 502 0012 064B     		ldr	r3, .L43
 503 0014 40F29512 		movw	r2, #405
 504 0018 0549     		ldr	r1, .L43+4
 505              	.LVL44:
 405:../../Middlewares/Third_Party/LwIP/src/core/memp.c ****   if ((desc == NULL) || (mem == NULL)) {
 506              		.loc 1 405 3 is_stmt 0 discriminator 1 view .LVU134
 507 001a 0648     		ldr	r0, .L43+8
 508              	.LVL45:
 405:../../Middlewares/Third_Party/LwIP/src/core/memp.c ****   if ((desc == NULL) || (mem == NULL)) {
 509              		.loc 1 405 3 discriminator 1 view .LVU135
 510 001c FFF7FEFF 		bl	printf
 511              	.LVL46:
 512 0020 F2E7     		b	.L38
 513              	.L42:
 410:../../Middlewares/Third_Party/LwIP/src/core/memp.c **** }
 514              		.loc 1 410 3 is_stmt 1 view .LVU136
 515 0022 2146     		mov	r1, r4
 516 0024 2846     		mov	r0, r5
ARM GAS  /var/folders/2r/mdtt8xvd351gdc398t28_m2m0000gn/T//ccAac3qC.s 			page 19


 517 0026 FFF7FEFF 		bl	do_memp_free_pool
 518              	.LVL47:
 519 002a F1E7     		b	.L37
 520              	.L44:
 521              		.align	2
 522              	.L43:
 523 002c 00000000 		.word	.LC0
 524 0030 00000000 		.word	.LC4
 525 0034 58000000 		.word	.LC2
 526              		.cfi_endproc
 527              	.LFE180:
 529              		.section	.rodata.memp_free.str1.4,"aMS",%progbits,1
 530              		.align	2
 531              	.LC6:
 532 0000 6D656D70 		.ascii	"memp_free: type < MEMP_MAX\000"
 532      5F667265 
 532      653A2074 
 532      79706520 
 532      3C204D45 
 533              		.section	.text.memp_free,"ax",%progbits
 534              		.align	1
 535              		.global	memp_free
 536              		.syntax unified
 537              		.thumb
 538              		.thumb_func
 540              	memp_free:
 541              	.LVL48:
 542              	.LFB181:
 412:../../Middlewares/Third_Party/LwIP/src/core/memp.c **** 
 413:../../Middlewares/Third_Party/LwIP/src/core/memp.c **** /**
 414:../../Middlewares/Third_Party/LwIP/src/core/memp.c ****  * Put an element back into its pool.
 415:../../Middlewares/Third_Party/LwIP/src/core/memp.c ****  *
 416:../../Middlewares/Third_Party/LwIP/src/core/memp.c ****  * @param type the pool where to put mem
 417:../../Middlewares/Third_Party/LwIP/src/core/memp.c ****  * @param mem the memp element to free
 418:../../Middlewares/Third_Party/LwIP/src/core/memp.c ****  */
 419:../../Middlewares/Third_Party/LwIP/src/core/memp.c **** void
 420:../../Middlewares/Third_Party/LwIP/src/core/memp.c **** memp_free(memp_t type, void *mem)
 421:../../Middlewares/Third_Party/LwIP/src/core/memp.c **** {
 543              		.loc 1 421 1 view -0
 544              		.cfi_startproc
 545              		@ args = 0, pretend = 0, frame = 0
 546              		@ frame_needed = 0, uses_anonymous_args = 0
 547              		.loc 1 421 1 is_stmt 0 view .LVU138
 548 0000 08B5     		push	{r3, lr}
 549              	.LCFI6:
 550              		.cfi_def_cfa_offset 8
 551              		.cfi_offset 3, -8
 552              		.cfi_offset 14, -4
 422:../../Middlewares/Third_Party/LwIP/src/core/memp.c **** #ifdef LWIP_HOOK_MEMP_AVAILABLE
 423:../../Middlewares/Third_Party/LwIP/src/core/memp.c ****   struct memp *old_first;
 424:../../Middlewares/Third_Party/LwIP/src/core/memp.c **** #endif
 425:../../Middlewares/Third_Party/LwIP/src/core/memp.c **** 
 426:../../Middlewares/Third_Party/LwIP/src/core/memp.c ****   LWIP_ERROR("memp_free: type < MEMP_MAX", (type < MEMP_MAX), return;);
 553              		.loc 1 426 3 is_stmt 1 view .LVU139
 554              		.loc 1 426 3 view .LVU140
 555 0002 0928     		cmp	r0, #9
 556 0004 06D8     		bhi	.L49
ARM GAS  /var/folders/2r/mdtt8xvd351gdc398t28_m2m0000gn/T//ccAac3qC.s 			page 20


 557              		.loc 1 426 3 view .LVU141
 558              		.loc 1 426 3 view .LVU142
 427:../../Middlewares/Third_Party/LwIP/src/core/memp.c **** 
 428:../../Middlewares/Third_Party/LwIP/src/core/memp.c ****   if (mem == NULL) {
 559              		.loc 1 428 3 view .LVU143
 560              		.loc 1 428 6 is_stmt 0 view .LVU144
 561 0006 21B1     		cbz	r1, .L45
 429:../../Middlewares/Third_Party/LwIP/src/core/memp.c ****     return;
 430:../../Middlewares/Third_Party/LwIP/src/core/memp.c ****   }
 431:../../Middlewares/Third_Party/LwIP/src/core/memp.c **** 
 432:../../Middlewares/Third_Party/LwIP/src/core/memp.c **** #if MEMP_OVERFLOW_CHECK >= 2
 433:../../Middlewares/Third_Party/LwIP/src/core/memp.c ****   memp_overflow_check_all();
 434:../../Middlewares/Third_Party/LwIP/src/core/memp.c **** #endif /* MEMP_OVERFLOW_CHECK >= 2 */
 435:../../Middlewares/Third_Party/LwIP/src/core/memp.c **** 
 436:../../Middlewares/Third_Party/LwIP/src/core/memp.c **** #ifdef LWIP_HOOK_MEMP_AVAILABLE
 437:../../Middlewares/Third_Party/LwIP/src/core/memp.c ****   old_first = *memp_pools[type]->tab;
 438:../../Middlewares/Third_Party/LwIP/src/core/memp.c **** #endif
 439:../../Middlewares/Third_Party/LwIP/src/core/memp.c **** 
 440:../../Middlewares/Third_Party/LwIP/src/core/memp.c ****   do_memp_free_pool(memp_pools[type], mem);
 562              		.loc 1 440 3 is_stmt 1 view .LVU145
 563 0008 064B     		ldr	r3, .L50
 564 000a 53F82000 		ldr	r0, [r3, r0, lsl #2]
 565              	.LVL49:
 566              		.loc 1 440 3 is_stmt 0 view .LVU146
 567 000e FFF7FEFF 		bl	do_memp_free_pool
 568              	.LVL50:
 569              	.L45:
 441:../../Middlewares/Third_Party/LwIP/src/core/memp.c **** 
 442:../../Middlewares/Third_Party/LwIP/src/core/memp.c **** #ifdef LWIP_HOOK_MEMP_AVAILABLE
 443:../../Middlewares/Third_Party/LwIP/src/core/memp.c ****   if (old_first == NULL) {
 444:../../Middlewares/Third_Party/LwIP/src/core/memp.c ****     LWIP_HOOK_MEMP_AVAILABLE(type);
 445:../../Middlewares/Third_Party/LwIP/src/core/memp.c ****   }
 446:../../Middlewares/Third_Party/LwIP/src/core/memp.c **** #endif
 447:../../Middlewares/Third_Party/LwIP/src/core/memp.c **** }
 570              		.loc 1 447 1 view .LVU147
 571 0012 08BD     		pop	{r3, pc}
 572              	.LVL51:
 573              	.L49:
 426:../../Middlewares/Third_Party/LwIP/src/core/memp.c **** 
 574              		.loc 1 426 3 is_stmt 1 discriminator 1 view .LVU148
 426:../../Middlewares/Third_Party/LwIP/src/core/memp.c **** 
 575              		.loc 1 426 3 discriminator 1 view .LVU149
 576 0014 044B     		ldr	r3, .L50+4
 577 0016 4FF4D572 		mov	r2, #426
 578 001a 0449     		ldr	r1, .L50+8
 579              	.LVL52:
 426:../../Middlewares/Third_Party/LwIP/src/core/memp.c **** 
 580              		.loc 1 426 3 is_stmt 0 discriminator 1 view .LVU150
 581 001c 0448     		ldr	r0, .L50+12
 582              	.LVL53:
 426:../../Middlewares/Third_Party/LwIP/src/core/memp.c **** 
 583              		.loc 1 426 3 discriminator 1 view .LVU151
 584 001e FFF7FEFF 		bl	printf
 585              	.LVL54:
 426:../../Middlewares/Third_Party/LwIP/src/core/memp.c **** 
 586              		.loc 1 426 3 is_stmt 1 discriminator 1 view .LVU152
 426:../../Middlewares/Third_Party/LwIP/src/core/memp.c **** 
ARM GAS  /var/folders/2r/mdtt8xvd351gdc398t28_m2m0000gn/T//ccAac3qC.s 			page 21


 587              		.loc 1 426 3 discriminator 1 view .LVU153
 426:../../Middlewares/Third_Party/LwIP/src/core/memp.c **** 
 588              		.loc 1 426 3 is_stmt 0 view .LVU154
 589 0022 F6E7     		b	.L45
 590              	.L51:
 591              		.align	2
 592              	.L50:
 593 0024 00000000 		.word	memp_pools
 594 0028 00000000 		.word	.LC0
 595 002c 00000000 		.word	.LC6
 596 0030 58000000 		.word	.LC2
 597              		.cfi_endproc
 598              	.LFE181:
 600              		.global	memp_pools
 601              		.section	.rodata.memp_pools,"a"
 602              		.align	2
 605              	memp_pools:
 606 0000 00000000 		.word	memp_UDP_PCB
 607 0004 00000000 		.word	memp_REASSDATA
 608 0008 00000000 		.word	memp_FRAG_PBUF
 609 000c 00000000 		.word	memp_NETBUF
 610 0010 00000000 		.word	memp_NETCONN
 611 0014 00000000 		.word	memp_TCPIP_MSG_API
 612 0018 00000000 		.word	memp_TCPIP_MSG_INPKT
 613 001c 00000000 		.word	memp_SYS_TIMEOUT
 614 0020 00000000 		.word	memp_PBUF
 615 0024 00000000 		.word	memp_PBUF_POOL
 616              		.global	memp_PBUF_POOL
 617              		.section	.rodata.memp_PBUF_POOL,"a"
 618              		.align	2
 621              	memp_PBUF_POOL:
 622 0000 6002     		.short	608
 623 0002 1000     		.short	16
 624 0004 00000000 		.word	memp_memory_PBUF_POOL_base
 625 0008 00000000 		.word	memp_tab_PBUF_POOL
 626              		.section	.bss.memp_tab_PBUF_POOL,"aw",%nobits
 627              		.align	2
 630              	memp_tab_PBUF_POOL:
 631 0000 00000000 		.space	4
 632              		.global	memp_memory_PBUF_POOL_base
 633              		.section	.bss.memp_memory_PBUF_POOL_base,"aw",%nobits
 634              		.align	2
 637              	memp_memory_PBUF_POOL_base:
 638 0000 00000000 		.space	9731
 638      00000000 
 638      00000000 
 638      00000000 
 638      00000000 
 639              		.global	memp_PBUF
 640              		.section	.rodata.memp_PBUF,"a"
 641              		.align	2
 644              	memp_PBUF:
 645 0000 1000     		.short	16
 646 0002 1000     		.short	16
 647 0004 00000000 		.word	memp_memory_PBUF_base
 648 0008 00000000 		.word	memp_tab_PBUF
 649              		.section	.bss.memp_tab_PBUF,"aw",%nobits
ARM GAS  /var/folders/2r/mdtt8xvd351gdc398t28_m2m0000gn/T//ccAac3qC.s 			page 22


 650              		.align	2
 653              	memp_tab_PBUF:
 654 0000 00000000 		.space	4
 655              		.global	memp_memory_PBUF_base
 656              		.section	.bss.memp_memory_PBUF_base,"aw",%nobits
 657              		.align	2
 660              	memp_memory_PBUF_base:
 661 0000 00000000 		.space	259
 661      00000000 
 661      00000000 
 661      00000000 
 661      00000000 
 662              		.global	memp_SYS_TIMEOUT
 663              		.section	.rodata.memp_SYS_TIMEOUT,"a"
 664              		.align	2
 667              	memp_SYS_TIMEOUT:
 668 0000 1000     		.short	16
 669 0002 0200     		.short	2
 670 0004 00000000 		.word	memp_memory_SYS_TIMEOUT_base
 671 0008 00000000 		.word	memp_tab_SYS_TIMEOUT
 672              		.section	.bss.memp_tab_SYS_TIMEOUT,"aw",%nobits
 673              		.align	2
 676              	memp_tab_SYS_TIMEOUT:
 677 0000 00000000 		.space	4
 678              		.global	memp_memory_SYS_TIMEOUT_base
 679              		.section	.bss.memp_memory_SYS_TIMEOUT_base,"aw",%nobits
 680              		.align	2
 683              	memp_memory_SYS_TIMEOUT_base:
 684 0000 00000000 		.space	35
 684      00000000 
 684      00000000 
 684      00000000 
 684      00000000 
 685              		.global	memp_TCPIP_MSG_INPKT
 686              		.section	.rodata.memp_TCPIP_MSG_INPKT,"a"
 687              		.align	2
 690              	memp_TCPIP_MSG_INPKT:
 691 0000 1000     		.short	16
 692 0002 0800     		.short	8
 693 0004 00000000 		.word	memp_memory_TCPIP_MSG_INPKT_base
 694 0008 00000000 		.word	memp_tab_TCPIP_MSG_INPKT
 695              		.section	.bss.memp_tab_TCPIP_MSG_INPKT,"aw",%nobits
 696              		.align	2
 699              	memp_tab_TCPIP_MSG_INPKT:
 700 0000 00000000 		.space	4
 701              		.global	memp_memory_TCPIP_MSG_INPKT_base
 702              		.section	.bss.memp_memory_TCPIP_MSG_INPKT_base,"aw",%nobits
 703              		.align	2
 706              	memp_memory_TCPIP_MSG_INPKT_base:
 707 0000 00000000 		.space	131
 707      00000000 
 707      00000000 
 707      00000000 
 707      00000000 
 708              		.global	memp_TCPIP_MSG_API
 709              		.section	.rodata.memp_TCPIP_MSG_API,"a"
 710              		.align	2
ARM GAS  /var/folders/2r/mdtt8xvd351gdc398t28_m2m0000gn/T//ccAac3qC.s 			page 23


 713              	memp_TCPIP_MSG_API:
 714 0000 1000     		.short	16
 715 0002 0800     		.short	8
 716 0004 00000000 		.word	memp_memory_TCPIP_MSG_API_base
 717 0008 00000000 		.word	memp_tab_TCPIP_MSG_API
 718              		.section	.bss.memp_tab_TCPIP_MSG_API,"aw",%nobits
 719              		.align	2
 722              	memp_tab_TCPIP_MSG_API:
 723 0000 00000000 		.space	4
 724              		.global	memp_memory_TCPIP_MSG_API_base
 725              		.section	.bss.memp_memory_TCPIP_MSG_API_base,"aw",%nobits
 726              		.align	2
 729              	memp_memory_TCPIP_MSG_API_base:
 730 0000 00000000 		.space	131
 730      00000000 
 730      00000000 
 730      00000000 
 730      00000000 
 731              		.global	memp_NETCONN
 732              		.section	.rodata.memp_NETCONN,"a"
 733              		.align	2
 736              	memp_NETCONN:
 737 0000 2000     		.short	32
 738 0002 0400     		.short	4
 739 0004 00000000 		.word	memp_memory_NETCONN_base
 740 0008 00000000 		.word	memp_tab_NETCONN
 741              		.section	.bss.memp_tab_NETCONN,"aw",%nobits
 742              		.align	2
 745              	memp_tab_NETCONN:
 746 0000 00000000 		.space	4
 747              		.global	memp_memory_NETCONN_base
 748              		.section	.bss.memp_memory_NETCONN_base,"aw",%nobits
 749              		.align	2
 752              	memp_memory_NETCONN_base:
 753 0000 00000000 		.space	131
 753      00000000 
 753      00000000 
 753      00000000 
 753      00000000 
 754              		.global	memp_NETBUF
 755              		.section	.rodata.memp_NETBUF,"a"
 756              		.align	2
 759              	memp_NETBUF:
 760 0000 1000     		.short	16
 761 0002 0200     		.short	2
 762 0004 00000000 		.word	memp_memory_NETBUF_base
 763 0008 00000000 		.word	memp_tab_NETBUF
 764              		.section	.bss.memp_tab_NETBUF,"aw",%nobits
 765              		.align	2
 768              	memp_tab_NETBUF:
 769 0000 00000000 		.space	4
 770              		.global	memp_memory_NETBUF_base
 771              		.section	.bss.memp_memory_NETBUF_base,"aw",%nobits
 772              		.align	2
 775              	memp_memory_NETBUF_base:
 776 0000 00000000 		.space	35
 776      00000000 
ARM GAS  /var/folders/2r/mdtt8xvd351gdc398t28_m2m0000gn/T//ccAac3qC.s 			page 24


 776      00000000 
 776      00000000 
 776      00000000 
 777              		.global	memp_FRAG_PBUF
 778              		.section	.rodata.memp_FRAG_PBUF,"a"
 779              		.align	2
 782              	memp_FRAG_PBUF:
 783 0000 1800     		.short	24
 784 0002 0F00     		.short	15
 785 0004 00000000 		.word	memp_memory_FRAG_PBUF_base
 786 0008 00000000 		.word	memp_tab_FRAG_PBUF
 787              		.section	.bss.memp_tab_FRAG_PBUF,"aw",%nobits
 788              		.align	2
 791              	memp_tab_FRAG_PBUF:
 792 0000 00000000 		.space	4
 793              		.global	memp_memory_FRAG_PBUF_base
 794              		.section	.bss.memp_memory_FRAG_PBUF_base,"aw",%nobits
 795              		.align	2
 798              	memp_memory_FRAG_PBUF_base:
 799 0000 00000000 		.space	363
 799      00000000 
 799      00000000 
 799      00000000 
 799      00000000 
 800              		.global	memp_REASSDATA
 801              		.section	.rodata.memp_REASSDATA,"a"
 802              		.align	2
 805              	memp_REASSDATA:
 806 0000 2000     		.short	32
 807 0002 0500     		.short	5
 808 0004 00000000 		.word	memp_memory_REASSDATA_base
 809 0008 00000000 		.word	memp_tab_REASSDATA
 810              		.section	.bss.memp_tab_REASSDATA,"aw",%nobits
 811              		.align	2
 814              	memp_tab_REASSDATA:
 815 0000 00000000 		.space	4
 816              		.global	memp_memory_REASSDATA_base
 817              		.section	.bss.memp_memory_REASSDATA_base,"aw",%nobits
 818              		.align	2
 821              	memp_memory_REASSDATA_base:
 822 0000 00000000 		.space	163
 822      00000000 
 822      00000000 
 822      00000000 
 822      00000000 
 823              		.global	memp_UDP_PCB
 824              		.section	.rodata.memp_UDP_PCB,"a"
 825              		.align	2
 828              	memp_UDP_PCB:
 829 0000 2000     		.short	32
 830 0002 0400     		.short	4
 831 0004 00000000 		.word	memp_memory_UDP_PCB_base
 832 0008 00000000 		.word	memp_tab_UDP_PCB
 833              		.section	.bss.memp_tab_UDP_PCB,"aw",%nobits
 834              		.align	2
 837              	memp_tab_UDP_PCB:
 838 0000 00000000 		.space	4
ARM GAS  /var/folders/2r/mdtt8xvd351gdc398t28_m2m0000gn/T//ccAac3qC.s 			page 25


 839              		.global	memp_memory_UDP_PCB_base
 840              		.section	.bss.memp_memory_UDP_PCB_base,"aw",%nobits
 841              		.align	2
 844              	memp_memory_UDP_PCB_base:
 845 0000 00000000 		.space	131
 845      00000000 
 845      00000000 
 845      00000000 
 845      00000000 
 846              		.text
 847              	.Letext0:
 848              		.file 2 "/Applications/ArmGNUToolchain/14.3.rel1/arm-none-eabi/arm-none-eabi/include/machine/_defa
 849              		.file 3 "/Applications/ArmGNUToolchain/14.3.rel1/arm-none-eabi/arm-none-eabi/include/sys/_stdint.h
 850              		.file 4 "../../Middlewares/Third_Party/LwIP/system/arch/cc.h"
 851              		.file 5 "../../Middlewares/Third_Party/LwIP/src/include/lwip/arch.h"
 852              		.file 6 "../../Middlewares/Third_Party/LwIP/src/include/lwip/memp.h"
 853              		.file 7 "../../Middlewares/Third_Party/LwIP/src/include/lwip/priv/memp_priv.h"
 854              		.file 8 "../../Middlewares/Third_Party/LwIP/src/include/lwip/priv/memp_std.h"
 855              		.file 9 "../../Middlewares/Third_Party/LwIP/src/include/lwip/sys.h"
 856              		.file 10 "/Applications/ArmGNUToolchain/14.3.rel1/arm-none-eabi/arm-none-eabi/include/stdio.h"
ARM GAS  /var/folders/2r/mdtt8xvd351gdc398t28_m2m0000gn/T//ccAac3qC.s 			page 26


DEFINED SYMBOLS
                            *ABS*:00000000 memp.c
/var/folders/2r/mdtt8xvd351gdc398t28_m2m0000gn/T//ccAac3qC.s:19     .rodata.do_memp_malloc_pool.str1.4:00000000 $d
/var/folders/2r/mdtt8xvd351gdc398t28_m2m0000gn/T//ccAac3qC.s:29     .text.do_memp_malloc_pool:00000000 $t
/var/folders/2r/mdtt8xvd351gdc398t28_m2m0000gn/T//ccAac3qC.s:34     .text.do_memp_malloc_pool:00000000 do_memp_malloc_pool
/var/folders/2r/mdtt8xvd351gdc398t28_m2m0000gn/T//ccAac3qC.s:114    .text.do_memp_malloc_pool:0000003c $d
/var/folders/2r/mdtt8xvd351gdc398t28_m2m0000gn/T//ccAac3qC.s:121    .rodata.do_memp_free_pool.str1.4:00000000 $d
/var/folders/2r/mdtt8xvd351gdc398t28_m2m0000gn/T//ccAac3qC.s:125    .text.do_memp_free_pool:00000000 $t
/var/folders/2r/mdtt8xvd351gdc398t28_m2m0000gn/T//ccAac3qC.s:130    .text.do_memp_free_pool:00000000 do_memp_free_pool
/var/folders/2r/mdtt8xvd351gdc398t28_m2m0000gn/T//ccAac3qC.s:196    .text.do_memp_free_pool:00000030 $d
/var/folders/2r/mdtt8xvd351gdc398t28_m2m0000gn/T//ccAac3qC.s:203    .text.memp_init_pool:00000000 $t
/var/folders/2r/mdtt8xvd351gdc398t28_m2m0000gn/T//ccAac3qC.s:209    .text.memp_init_pool:00000000 memp_init_pool
/var/folders/2r/mdtt8xvd351gdc398t28_m2m0000gn/T//ccAac3qC.s:270    .text.memp_init:00000000 $t
/var/folders/2r/mdtt8xvd351gdc398t28_m2m0000gn/T//ccAac3qC.s:276    .text.memp_init:00000000 memp_init
/var/folders/2r/mdtt8xvd351gdc398t28_m2m0000gn/T//ccAac3qC.s:318    .text.memp_init:0000001c $d
/var/folders/2r/mdtt8xvd351gdc398t28_m2m0000gn/T//ccAac3qC.s:605    .rodata.memp_pools:00000000 memp_pools
/var/folders/2r/mdtt8xvd351gdc398t28_m2m0000gn/T//ccAac3qC.s:323    .rodata.memp_malloc_pool.str1.4:00000000 $d
/var/folders/2r/mdtt8xvd351gdc398t28_m2m0000gn/T//ccAac3qC.s:327    .text.memp_malloc_pool:00000000 $t
/var/folders/2r/mdtt8xvd351gdc398t28_m2m0000gn/T//ccAac3qC.s:333    .text.memp_malloc_pool:00000000 memp_malloc_pool
/var/folders/2r/mdtt8xvd351gdc398t28_m2m0000gn/T//ccAac3qC.s:382    .text.memp_malloc_pool:00000020 $d
/var/folders/2r/mdtt8xvd351gdc398t28_m2m0000gn/T//ccAac3qC.s:389    .rodata.memp_malloc.str1.4:00000000 $d
/var/folders/2r/mdtt8xvd351gdc398t28_m2m0000gn/T//ccAac3qC.s:393    .text.memp_malloc:00000000 $t
/var/folders/2r/mdtt8xvd351gdc398t28_m2m0000gn/T//ccAac3qC.s:399    .text.memp_malloc:00000000 memp_malloc
/var/folders/2r/mdtt8xvd351gdc398t28_m2m0000gn/T//ccAac3qC.s:451    .text.memp_malloc:00000024 $d
/var/folders/2r/mdtt8xvd351gdc398t28_m2m0000gn/T//ccAac3qC.s:459    .text.memp_free_pool:00000000 $t
/var/folders/2r/mdtt8xvd351gdc398t28_m2m0000gn/T//ccAac3qC.s:465    .text.memp_free_pool:00000000 memp_free_pool
/var/folders/2r/mdtt8xvd351gdc398t28_m2m0000gn/T//ccAac3qC.s:523    .text.memp_free_pool:0000002c $d
/var/folders/2r/mdtt8xvd351gdc398t28_m2m0000gn/T//ccAac3qC.s:530    .rodata.memp_free.str1.4:00000000 $d
/var/folders/2r/mdtt8xvd351gdc398t28_m2m0000gn/T//ccAac3qC.s:534    .text.memp_free:00000000 $t
/var/folders/2r/mdtt8xvd351gdc398t28_m2m0000gn/T//ccAac3qC.s:540    .text.memp_free:00000000 memp_free
/var/folders/2r/mdtt8xvd351gdc398t28_m2m0000gn/T//ccAac3qC.s:593    .text.memp_free:00000024 $d
/var/folders/2r/mdtt8xvd351gdc398t28_m2m0000gn/T//ccAac3qC.s:602    .rodata.memp_pools:00000000 $d
/var/folders/2r/mdtt8xvd351gdc398t28_m2m0000gn/T//ccAac3qC.s:828    .rodata.memp_UDP_PCB:00000000 memp_UDP_PCB
/var/folders/2r/mdtt8xvd351gdc398t28_m2m0000gn/T//ccAac3qC.s:805    .rodata.memp_REASSDATA:00000000 memp_REASSDATA
/var/folders/2r/mdtt8xvd351gdc398t28_m2m0000gn/T//ccAac3qC.s:782    .rodata.memp_FRAG_PBUF:00000000 memp_FRAG_PBUF
/var/folders/2r/mdtt8xvd351gdc398t28_m2m0000gn/T//ccAac3qC.s:759    .rodata.memp_NETBUF:00000000 memp_NETBUF
/var/folders/2r/mdtt8xvd351gdc398t28_m2m0000gn/T//ccAac3qC.s:736    .rodata.memp_NETCONN:00000000 memp_NETCONN
/var/folders/2r/mdtt8xvd351gdc398t28_m2m0000gn/T//ccAac3qC.s:713    .rodata.memp_TCPIP_MSG_API:00000000 memp_TCPIP_MSG_API
/var/folders/2r/mdtt8xvd351gdc398t28_m2m0000gn/T//ccAac3qC.s:690    .rodata.memp_TCPIP_MSG_INPKT:00000000 memp_TCPIP_MSG_INPKT
/var/folders/2r/mdtt8xvd351gdc398t28_m2m0000gn/T//ccAac3qC.s:667    .rodata.memp_SYS_TIMEOUT:00000000 memp_SYS_TIMEOUT
/var/folders/2r/mdtt8xvd351gdc398t28_m2m0000gn/T//ccAac3qC.s:644    .rodata.memp_PBUF:00000000 memp_PBUF
/var/folders/2r/mdtt8xvd351gdc398t28_m2m0000gn/T//ccAac3qC.s:621    .rodata.memp_PBUF_POOL:00000000 memp_PBUF_POOL
/var/folders/2r/mdtt8xvd351gdc398t28_m2m0000gn/T//ccAac3qC.s:618    .rodata.memp_PBUF_POOL:00000000 $d
/var/folders/2r/mdtt8xvd351gdc398t28_m2m0000gn/T//ccAac3qC.s:637    .bss.memp_memory_PBUF_POOL_base:00000000 memp_memory_PBUF_POOL_base
/var/folders/2r/mdtt8xvd351gdc398t28_m2m0000gn/T//ccAac3qC.s:630    .bss.memp_tab_PBUF_POOL:00000000 memp_tab_PBUF_POOL
/var/folders/2r/mdtt8xvd351gdc398t28_m2m0000gn/T//ccAac3qC.s:627    .bss.memp_tab_PBUF_POOL:00000000 $d
/var/folders/2r/mdtt8xvd351gdc398t28_m2m0000gn/T//ccAac3qC.s:634    .bss.memp_memory_PBUF_POOL_base:00000000 $d
/var/folders/2r/mdtt8xvd351gdc398t28_m2m0000gn/T//ccAac3qC.s:641    .rodata.memp_PBUF:00000000 $d
/var/folders/2r/mdtt8xvd351gdc398t28_m2m0000gn/T//ccAac3qC.s:660    .bss.memp_memory_PBUF_base:00000000 memp_memory_PBUF_base
/var/folders/2r/mdtt8xvd351gdc398t28_m2m0000gn/T//ccAac3qC.s:653    .bss.memp_tab_PBUF:00000000 memp_tab_PBUF
/var/folders/2r/mdtt8xvd351gdc398t28_m2m0000gn/T//ccAac3qC.s:650    .bss.memp_tab_PBUF:00000000 $d
/var/folders/2r/mdtt8xvd351gdc398t28_m2m0000gn/T//ccAac3qC.s:657    .bss.memp_memory_PBUF_base:00000000 $d
/var/folders/2r/mdtt8xvd351gdc398t28_m2m0000gn/T//ccAac3qC.s:664    .rodata.memp_SYS_TIMEOUT:00000000 $d
/var/folders/2r/mdtt8xvd351gdc398t28_m2m0000gn/T//ccAac3qC.s:683    .bss.memp_memory_SYS_TIMEOUT_base:00000000 memp_memory_SYS_TIMEOUT_base
/var/folders/2r/mdtt8xvd351gdc398t28_m2m0000gn/T//ccAac3qC.s:676    .bss.memp_tab_SYS_TIMEOUT:00000000 memp_tab_SYS_TIMEOUT
/var/folders/2r/mdtt8xvd351gdc398t28_m2m0000gn/T//ccAac3qC.s:673    .bss.memp_tab_SYS_TIMEOUT:00000000 $d
/var/folders/2r/mdtt8xvd351gdc398t28_m2m0000gn/T//ccAac3qC.s:680    .bss.memp_memory_SYS_TIMEOUT_base:00000000 $d
ARM GAS  /var/folders/2r/mdtt8xvd351gdc398t28_m2m0000gn/T//ccAac3qC.s 			page 27


/var/folders/2r/mdtt8xvd351gdc398t28_m2m0000gn/T//ccAac3qC.s:687    .rodata.memp_TCPIP_MSG_INPKT:00000000 $d
/var/folders/2r/mdtt8xvd351gdc398t28_m2m0000gn/T//ccAac3qC.s:706    .bss.memp_memory_TCPIP_MSG_INPKT_base:00000000 memp_memory_TCPIP_MSG_INPKT_base
/var/folders/2r/mdtt8xvd351gdc398t28_m2m0000gn/T//ccAac3qC.s:699    .bss.memp_tab_TCPIP_MSG_INPKT:00000000 memp_tab_TCPIP_MSG_INPKT
/var/folders/2r/mdtt8xvd351gdc398t28_m2m0000gn/T//ccAac3qC.s:696    .bss.memp_tab_TCPIP_MSG_INPKT:00000000 $d
/var/folders/2r/mdtt8xvd351gdc398t28_m2m0000gn/T//ccAac3qC.s:703    .bss.memp_memory_TCPIP_MSG_INPKT_base:00000000 $d
/var/folders/2r/mdtt8xvd351gdc398t28_m2m0000gn/T//ccAac3qC.s:710    .rodata.memp_TCPIP_MSG_API:00000000 $d
/var/folders/2r/mdtt8xvd351gdc398t28_m2m0000gn/T//ccAac3qC.s:729    .bss.memp_memory_TCPIP_MSG_API_base:00000000 memp_memory_TCPIP_MSG_API_base
/var/folders/2r/mdtt8xvd351gdc398t28_m2m0000gn/T//ccAac3qC.s:722    .bss.memp_tab_TCPIP_MSG_API:00000000 memp_tab_TCPIP_MSG_API
/var/folders/2r/mdtt8xvd351gdc398t28_m2m0000gn/T//ccAac3qC.s:719    .bss.memp_tab_TCPIP_MSG_API:00000000 $d
/var/folders/2r/mdtt8xvd351gdc398t28_m2m0000gn/T//ccAac3qC.s:726    .bss.memp_memory_TCPIP_MSG_API_base:00000000 $d
/var/folders/2r/mdtt8xvd351gdc398t28_m2m0000gn/T//ccAac3qC.s:733    .rodata.memp_NETCONN:00000000 $d
/var/folders/2r/mdtt8xvd351gdc398t28_m2m0000gn/T//ccAac3qC.s:752    .bss.memp_memory_NETCONN_base:00000000 memp_memory_NETCONN_base
/var/folders/2r/mdtt8xvd351gdc398t28_m2m0000gn/T//ccAac3qC.s:745    .bss.memp_tab_NETCONN:00000000 memp_tab_NETCONN
/var/folders/2r/mdtt8xvd351gdc398t28_m2m0000gn/T//ccAac3qC.s:742    .bss.memp_tab_NETCONN:00000000 $d
/var/folders/2r/mdtt8xvd351gdc398t28_m2m0000gn/T//ccAac3qC.s:749    .bss.memp_memory_NETCONN_base:00000000 $d
/var/folders/2r/mdtt8xvd351gdc398t28_m2m0000gn/T//ccAac3qC.s:756    .rodata.memp_NETBUF:00000000 $d
/var/folders/2r/mdtt8xvd351gdc398t28_m2m0000gn/T//ccAac3qC.s:775    .bss.memp_memory_NETBUF_base:00000000 memp_memory_NETBUF_base
/var/folders/2r/mdtt8xvd351gdc398t28_m2m0000gn/T//ccAac3qC.s:768    .bss.memp_tab_NETBUF:00000000 memp_tab_NETBUF
/var/folders/2r/mdtt8xvd351gdc398t28_m2m0000gn/T//ccAac3qC.s:765    .bss.memp_tab_NETBUF:00000000 $d
/var/folders/2r/mdtt8xvd351gdc398t28_m2m0000gn/T//ccAac3qC.s:772    .bss.memp_memory_NETBUF_base:00000000 $d
/var/folders/2r/mdtt8xvd351gdc398t28_m2m0000gn/T//ccAac3qC.s:779    .rodata.memp_FRAG_PBUF:00000000 $d
/var/folders/2r/mdtt8xvd351gdc398t28_m2m0000gn/T//ccAac3qC.s:798    .bss.memp_memory_FRAG_PBUF_base:00000000 memp_memory_FRAG_PBUF_base
/var/folders/2r/mdtt8xvd351gdc398t28_m2m0000gn/T//ccAac3qC.s:791    .bss.memp_tab_FRAG_PBUF:00000000 memp_tab_FRAG_PBUF
/var/folders/2r/mdtt8xvd351gdc398t28_m2m0000gn/T//ccAac3qC.s:788    .bss.memp_tab_FRAG_PBUF:00000000 $d
/var/folders/2r/mdtt8xvd351gdc398t28_m2m0000gn/T//ccAac3qC.s:795    .bss.memp_memory_FRAG_PBUF_base:00000000 $d
/var/folders/2r/mdtt8xvd351gdc398t28_m2m0000gn/T//ccAac3qC.s:802    .rodata.memp_REASSDATA:00000000 $d
/var/folders/2r/mdtt8xvd351gdc398t28_m2m0000gn/T//ccAac3qC.s:821    .bss.memp_memory_REASSDATA_base:00000000 memp_memory_REASSDATA_base
/var/folders/2r/mdtt8xvd351gdc398t28_m2m0000gn/T//ccAac3qC.s:814    .bss.memp_tab_REASSDATA:00000000 memp_tab_REASSDATA
/var/folders/2r/mdtt8xvd351gdc398t28_m2m0000gn/T//ccAac3qC.s:811    .bss.memp_tab_REASSDATA:00000000 $d
/var/folders/2r/mdtt8xvd351gdc398t28_m2m0000gn/T//ccAac3qC.s:818    .bss.memp_memory_REASSDATA_base:00000000 $d
/var/folders/2r/mdtt8xvd351gdc398t28_m2m0000gn/T//ccAac3qC.s:825    .rodata.memp_UDP_PCB:00000000 $d
/var/folders/2r/mdtt8xvd351gdc398t28_m2m0000gn/T//ccAac3qC.s:844    .bss.memp_memory_UDP_PCB_base:00000000 memp_memory_UDP_PCB_base
/var/folders/2r/mdtt8xvd351gdc398t28_m2m0000gn/T//ccAac3qC.s:837    .bss.memp_tab_UDP_PCB:00000000 memp_tab_UDP_PCB
/var/folders/2r/mdtt8xvd351gdc398t28_m2m0000gn/T//ccAac3qC.s:834    .bss.memp_tab_UDP_PCB:00000000 $d
/var/folders/2r/mdtt8xvd351gdc398t28_m2m0000gn/T//ccAac3qC.s:841    .bss.memp_memory_UDP_PCB_base:00000000 $d

UNDEFINED SYMBOLS
sys_arch_protect
sys_arch_unprotect
printf
