ARM GAS  /var/folders/2r/mdtt8xvd351gdc398t28_m2m0000gn/T//cck3Ft3v.s 			page 1


   1              		.cpu cortex-m7
   2              		.arch armv7e-m
   3              		.fpu fpv5-d16
   4              		.eabi_attribute 20, 1
   5              		.eabi_attribute 21, 1
   6              		.eabi_attribute 23, 3
   7              		.eabi_attribute 24, 1
   8              		.eabi_attribute 25, 1
   9              		.eabi_attribute 26, 1
  10              		.eabi_attribute 30, 1
  11              		.eabi_attribute 34, 1
  12              		.eabi_attribute 18, 4
  13              		.file	"microros_allocators.c"
  14              		.text
  15              	.Ltext0:
  16              		.cfi_sections	.debug_frame
  17              		.file 1 "../../micro_ros_stm32cubemx_utils/extra_sources/microros_allocators.c"
  18              		.section	.text.microros_allocate,"ax",%progbits
  19              		.align	1
  20              		.global	microros_allocate
  21              		.syntax unified
  22              		.thumb
  23              		.thumb_func
  25              	microros_allocate:
  26              	.LVL0:
  27              	.LFB4:
   1:../../micro_ros_stm32cubemx_utils/extra_sources/microros_allocators.c **** #include <string.h>
   2:../../micro_ros_stm32cubemx_utils/extra_sources/microros_allocators.c **** #include "FreeRTOS.h"
   3:../../micro_ros_stm32cubemx_utils/extra_sources/microros_allocators.c **** #include "task.h"
   4:../../micro_ros_stm32cubemx_utils/extra_sources/microros_allocators.c **** 
   5:../../micro_ros_stm32cubemx_utils/extra_sources/microros_allocators.c **** // Memory tracking
   6:../../micro_ros_stm32cubemx_utils/extra_sources/microros_allocators.c **** int absoluteUsedMemory = 0;
   7:../../micro_ros_stm32cubemx_utils/extra_sources/microros_allocators.c **** int usedMemory = 0;
   8:../../micro_ros_stm32cubemx_utils/extra_sources/microros_allocators.c **** 
   9:../../micro_ros_stm32cubemx_utils/extra_sources/microros_allocators.c **** void * microros_allocate(size_t size, void * state){
  28              		.loc 1 9 52 view -0
  29              		.cfi_startproc
  30              		@ args = 0, pretend = 0, frame = 0
  31              		@ frame_needed = 0, uses_anonymous_args = 0
  32              		.loc 1 9 52 is_stmt 0 view .LVU1
  33 0000 10B5     		push	{r4, lr}
  34              	.LCFI0:
  35              		.cfi_def_cfa_offset 8
  36              		.cfi_offset 4, -8
  37              		.cfi_offset 14, -4
  38 0002 0446     		mov	r4, r0
  10:../../micro_ros_stm32cubemx_utils/extra_sources/microros_allocators.c ****   (void) state;
  39              		.loc 1 10 3 is_stmt 1 view .LVU2
  11:../../micro_ros_stm32cubemx_utils/extra_sources/microros_allocators.c **** 
  12:../../micro_ros_stm32cubemx_utils/extra_sources/microros_allocators.c ****   void* ptr = pvPortMalloc(size);  // ← Use standard FreeRTOS function
  40              		.loc 1 12 3 view .LVU3
  41              		.loc 1 12 15 is_stmt 0 view .LVU4
  42 0004 FFF7FEFF 		bl	pvPortMalloc
  43              	.LVL1:
  13:../../micro_ros_stm32cubemx_utils/extra_sources/microros_allocators.c ****   if (ptr != NULL) {
  44              		.loc 1 13 3 is_stmt 1 view .LVU5
  45              		.loc 1 13 6 is_stmt 0 view .LVU6
ARM GAS  /var/folders/2r/mdtt8xvd351gdc398t28_m2m0000gn/T//cck3Ft3v.s 			page 2


  46 0008 38B1     		cbz	r0, .L1
  14:../../micro_ros_stm32cubemx_utils/extra_sources/microros_allocators.c ****     absoluteUsedMemory += size;
  47              		.loc 1 14 5 is_stmt 1 view .LVU7
  48              		.loc 1 14 24 is_stmt 0 view .LVU8
  49 000a 044A     		ldr	r2, .L4
  50 000c 1368     		ldr	r3, [r2]
  51 000e 2344     		add	r3, r3, r4
  52 0010 1360     		str	r3, [r2]
  15:../../micro_ros_stm32cubemx_utils/extra_sources/microros_allocators.c ****     usedMemory += size;
  53              		.loc 1 15 5 is_stmt 1 view .LVU9
  54              		.loc 1 15 16 is_stmt 0 view .LVU10
  55 0012 034A     		ldr	r2, .L4+4
  56 0014 1368     		ldr	r3, [r2]
  57 0016 2344     		add	r3, r3, r4
  58 0018 1360     		str	r3, [r2]
  16:../../micro_ros_stm32cubemx_utils/extra_sources/microros_allocators.c ****   }
  17:../../micro_ros_stm32cubemx_utils/extra_sources/microros_allocators.c ****   return ptr;
  59              		.loc 1 17 3 is_stmt 1 view .LVU11
  60              	.L1:
  18:../../micro_ros_stm32cubemx_utils/extra_sources/microros_allocators.c **** }
  61              		.loc 1 18 1 is_stmt 0 view .LVU12
  62 001a 10BD     		pop	{r4, pc}
  63              	.LVL2:
  64              	.L5:
  65              		.loc 1 18 1 view .LVU13
  66              		.align	2
  67              	.L4:
  68 001c 00000000 		.word	absoluteUsedMemory
  69 0020 00000000 		.word	usedMemory
  70              		.cfi_endproc
  71              	.LFE4:
  73              		.section	.text.microros_deallocate,"ax",%progbits
  74              		.align	1
  75              		.global	microros_deallocate
  76              		.syntax unified
  77              		.thumb
  78              		.thumb_func
  80              	microros_deallocate:
  81              	.LVL3:
  82              	.LFB5:
  19:../../micro_ros_stm32cubemx_utils/extra_sources/microros_allocators.c **** 
  20:../../micro_ros_stm32cubemx_utils/extra_sources/microros_allocators.c **** void microros_deallocate(void * pointer, void * state){
  83              		.loc 1 20 55 is_stmt 1 view -0
  84              		.cfi_startproc
  85              		@ args = 0, pretend = 0, frame = 0
  86              		@ frame_needed = 0, uses_anonymous_args = 0
  21:../../micro_ros_stm32cubemx_utils/extra_sources/microros_allocators.c ****   (void) state;
  87              		.loc 1 21 3 view .LVU15
  22:../../micro_ros_stm32cubemx_utils/extra_sources/microros_allocators.c **** 
  23:../../micro_ros_stm32cubemx_utils/extra_sources/microros_allocators.c ****   if (NULL != pointer){
  88              		.loc 1 23 3 view .LVU16
  89              		.loc 1 23 6 is_stmt 0 view .LVU17
  90 0000 18B1     		cbz	r0, .L9
  20:../../micro_ros_stm32cubemx_utils/extra_sources/microros_allocators.c ****   (void) state;
  91              		.loc 1 20 55 view .LVU18
  92 0002 08B5     		push	{r3, lr}
  93              	.LCFI1:
ARM GAS  /var/folders/2r/mdtt8xvd351gdc398t28_m2m0000gn/T//cck3Ft3v.s 			page 3


  94              		.cfi_def_cfa_offset 8
  95              		.cfi_offset 3, -8
  96              		.cfi_offset 14, -4
  24:../../micro_ros_stm32cubemx_utils/extra_sources/microros_allocators.c ****     // Note: We can't track exact size being freed without custom heap implementation
  25:../../micro_ros_stm32cubemx_utils/extra_sources/microros_allocators.c ****     // Just free the memory
  26:../../micro_ros_stm32cubemx_utils/extra_sources/microros_allocators.c ****     vPortFree(pointer);  // ← Use standard FreeRTOS function
  97              		.loc 1 26 5 is_stmt 1 view .LVU19
  98 0004 FFF7FEFF 		bl	vPortFree
  99              	.LVL4:
  27:../../micro_ros_stm32cubemx_utils/extra_sources/microros_allocators.c ****   }
  28:../../micro_ros_stm32cubemx_utils/extra_sources/microros_allocators.c **** }
 100              		.loc 1 28 1 is_stmt 0 view .LVU20
 101 0008 08BD     		pop	{r3, pc}
 102              	.LVL5:
 103              	.L9:
 104              	.LCFI2:
 105              		.cfi_def_cfa_offset 0
 106              		.cfi_restore 3
 107              		.cfi_restore 14
 108              		.loc 1 28 1 view .LVU21
 109 000a 7047     		bx	lr
 110              		.cfi_endproc
 111              	.LFE5:
 113              		.section	.text.microros_reallocate,"ax",%progbits
 114              		.align	1
 115              		.global	microros_reallocate
 116              		.syntax unified
 117              		.thumb
 118              		.thumb_func
 120              	microros_reallocate:
 121              	.LVL6:
 122              	.LFB6:
  29:../../micro_ros_stm32cubemx_utils/extra_sources/microros_allocators.c **** 
  30:../../micro_ros_stm32cubemx_utils/extra_sources/microros_allocators.c **** void * microros_reallocate(void * pointer, size_t size, void * state){
 123              		.loc 1 30 70 is_stmt 1 view -0
 124              		.cfi_startproc
 125              		@ args = 0, pretend = 0, frame = 0
 126              		@ frame_needed = 0, uses_anonymous_args = 0
 127              		.loc 1 30 70 is_stmt 0 view .LVU23
 128 0000 70B5     		push	{r4, r5, r6, lr}
 129              	.LCFI3:
 130              		.cfi_def_cfa_offset 16
 131              		.cfi_offset 4, -16
 132              		.cfi_offset 5, -12
 133              		.cfi_offset 6, -8
 134              		.cfi_offset 14, -4
 135 0002 0C46     		mov	r4, r1
  31:../../micro_ros_stm32cubemx_utils/extra_sources/microros_allocators.c ****   (void) state;
 136              		.loc 1 31 3 is_stmt 1 view .LVU24
  32:../../micro_ros_stm32cubemx_utils/extra_sources/microros_allocators.c **** 
  33:../../micro_ros_stm32cubemx_utils/extra_sources/microros_allocators.c ****   if (NULL == pointer){
 137              		.loc 1 33 3 view .LVU25
 138              		.loc 1 33 6 is_stmt 0 view .LVU26
 139 0004 B8B1     		cbz	r0, .L18
 140 0006 0646     		mov	r6, r0
  34:../../micro_ros_stm32cubemx_utils/extra_sources/microros_allocators.c ****     // If pointer is NULL, just allocate new memory
  35:../../micro_ros_stm32cubemx_utils/extra_sources/microros_allocators.c ****     void* ptr = pvPortMalloc(size);
ARM GAS  /var/folders/2r/mdtt8xvd351gdc398t28_m2m0000gn/T//cck3Ft3v.s 			page 4


  36:../../micro_ros_stm32cubemx_utils/extra_sources/microros_allocators.c ****     if (ptr != NULL) {
  37:../../micro_ros_stm32cubemx_utils/extra_sources/microros_allocators.c ****       absoluteUsedMemory += size;
  38:../../micro_ros_stm32cubemx_utils/extra_sources/microros_allocators.c ****       usedMemory += size;
  39:../../micro_ros_stm32cubemx_utils/extra_sources/microros_allocators.c ****     }
  40:../../micro_ros_stm32cubemx_utils/extra_sources/microros_allocators.c ****     return ptr;
  41:../../micro_ros_stm32cubemx_utils/extra_sources/microros_allocators.c ****   }
  42:../../micro_ros_stm32cubemx_utils/extra_sources/microros_allocators.c **** 
  43:../../micro_ros_stm32cubemx_utils/extra_sources/microros_allocators.c ****   if (size == 0) {
 141              		.loc 1 43 3 is_stmt 1 view .LVU27
 142              		.loc 1 43 6 is_stmt 0 view .LVU28
 143 0008 21B3     		cbz	r1, .L19
  44:../../micro_ros_stm32cubemx_utils/extra_sources/microros_allocators.c ****     // If size is 0, free the memory
  45:../../micro_ros_stm32cubemx_utils/extra_sources/microros_allocators.c ****     vPortFree(pointer);
  46:../../micro_ros_stm32cubemx_utils/extra_sources/microros_allocators.c ****     return NULL;
  47:../../micro_ros_stm32cubemx_utils/extra_sources/microros_allocators.c ****   }
  48:../../micro_ros_stm32cubemx_utils/extra_sources/microros_allocators.c **** 
  49:../../micro_ros_stm32cubemx_utils/extra_sources/microros_allocators.c ****   // FreeRTOS doesn't have native realloc
  50:../../micro_ros_stm32cubemx_utils/extra_sources/microros_allocators.c ****   // Allocate new block, copy old data, free old block
  51:../../micro_ros_stm32cubemx_utils/extra_sources/microros_allocators.c ****   void * new_ptr = pvPortMalloc(size);
 144              		.loc 1 51 3 is_stmt 1 view .LVU29
 145              		.loc 1 51 20 is_stmt 0 view .LVU30
 146 000a 0846     		mov	r0, r1
 147              	.LVL7:
 148              		.loc 1 51 20 view .LVU31
 149 000c FFF7FEFF 		bl	pvPortMalloc
 150              	.LVL8:
  52:../../micro_ros_stm32cubemx_utils/extra_sources/microros_allocators.c ****   if (new_ptr != NULL) {
 151              		.loc 1 52 3 is_stmt 1 view .LVU32
 152              		.loc 1 52 6 is_stmt 0 view .LVU33
 153 0010 0546     		mov	r5, r0
 154 0012 70B1     		cbz	r0, .L12
  53:../../micro_ros_stm32cubemx_utils/extra_sources/microros_allocators.c ****     // Copy old data - assuming old size <= new size
  54:../../micro_ros_stm32cubemx_utils/extra_sources/microros_allocators.c ****     // This is a simplification but works for micro-ROS
  55:../../micro_ros_stm32cubemx_utils/extra_sources/microros_allocators.c ****     memcpy(new_ptr, pointer, size);
 155              		.loc 1 55 5 is_stmt 1 view .LVU34
 156 0014 2246     		mov	r2, r4
 157 0016 3146     		mov	r1, r6
 158 0018 FFF7FEFF 		bl	memcpy
 159              	.LVL9:
  56:../../micro_ros_stm32cubemx_utils/extra_sources/microros_allocators.c ****     vPortFree(pointer);
 160              		.loc 1 56 5 view .LVU35
 161 001c 3046     		mov	r0, r6
 162 001e FFF7FEFF 		bl	vPortFree
 163              	.LVL10:
  57:../../micro_ros_stm32cubemx_utils/extra_sources/microros_allocators.c ****     absoluteUsedMemory += size;
 164              		.loc 1 57 5 view .LVU36
 165              		.loc 1 57 24 is_stmt 0 view .LVU37
 166 0022 0E4A     		ldr	r2, .L20
 167 0024 1368     		ldr	r3, [r2]
 168 0026 2344     		add	r3, r3, r4
 169 0028 1360     		str	r3, [r2]
  58:../../micro_ros_stm32cubemx_utils/extra_sources/microros_allocators.c ****     usedMemory += size;
 170              		.loc 1 58 5 is_stmt 1 view .LVU38
 171              		.loc 1 58 16 is_stmt 0 view .LVU39
 172 002a 0D4A     		ldr	r2, .L20+4
 173 002c 1368     		ldr	r3, [r2]
 174 002e 2344     		add	r3, r3, r4
ARM GAS  /var/folders/2r/mdtt8xvd351gdc398t28_m2m0000gn/T//cck3Ft3v.s 			page 5


 175 0030 1360     		str	r3, [r2]
 176              	.LVL11:
 177              	.L12:
  59:../../micro_ros_stm32cubemx_utils/extra_sources/microros_allocators.c ****   }
  60:../../micro_ros_stm32cubemx_utils/extra_sources/microros_allocators.c **** 
  61:../../micro_ros_stm32cubemx_utils/extra_sources/microros_allocators.c ****   return new_ptr;
  62:../../micro_ros_stm32cubemx_utils/extra_sources/microros_allocators.c **** }
 178              		.loc 1 62 1 view .LVU40
 179 0032 2846     		mov	r0, r5
 180 0034 70BD     		pop	{r4, r5, r6, pc}
 181              	.LVL12:
 182              	.L18:
 183              	.LBB2:
  35:../../micro_ros_stm32cubemx_utils/extra_sources/microros_allocators.c ****     if (ptr != NULL) {
 184              		.loc 1 35 5 is_stmt 1 view .LVU41
  35:../../micro_ros_stm32cubemx_utils/extra_sources/microros_allocators.c ****     if (ptr != NULL) {
 185              		.loc 1 35 17 is_stmt 0 view .LVU42
 186 0036 0846     		mov	r0, r1
 187              	.LVL13:
  35:../../micro_ros_stm32cubemx_utils/extra_sources/microros_allocators.c ****     if (ptr != NULL) {
 188              		.loc 1 35 17 view .LVU43
 189 0038 FFF7FEFF 		bl	pvPortMalloc
 190              	.LVL14:
  36:../../micro_ros_stm32cubemx_utils/extra_sources/microros_allocators.c ****       absoluteUsedMemory += size;
 191              		.loc 1 36 5 is_stmt 1 view .LVU44
  36:../../micro_ros_stm32cubemx_utils/extra_sources/microros_allocators.c ****       absoluteUsedMemory += size;
 192              		.loc 1 36 8 is_stmt 0 view .LVU45
 193 003c 0546     		mov	r5, r0
 194 003e 0028     		cmp	r0, #0
 195 0040 F7D0     		beq	.L12
  37:../../micro_ros_stm32cubemx_utils/extra_sources/microros_allocators.c ****       usedMemory += size;
 196              		.loc 1 37 7 is_stmt 1 view .LVU46
  37:../../micro_ros_stm32cubemx_utils/extra_sources/microros_allocators.c ****       usedMemory += size;
 197              		.loc 1 37 26 is_stmt 0 view .LVU47
 198 0042 064A     		ldr	r2, .L20
 199 0044 1368     		ldr	r3, [r2]
 200 0046 2344     		add	r3, r3, r4
 201 0048 1360     		str	r3, [r2]
  38:../../micro_ros_stm32cubemx_utils/extra_sources/microros_allocators.c ****     }
 202              		.loc 1 38 7 is_stmt 1 view .LVU48
  38:../../micro_ros_stm32cubemx_utils/extra_sources/microros_allocators.c ****     }
 203              		.loc 1 38 18 is_stmt 0 view .LVU49
 204 004a 054A     		ldr	r2, .L20+4
 205 004c 1368     		ldr	r3, [r2]
 206 004e 2344     		add	r3, r3, r4
 207 0050 1360     		str	r3, [r2]
  40:../../micro_ros_stm32cubemx_utils/extra_sources/microros_allocators.c ****   }
 208              		.loc 1 40 5 is_stmt 1 view .LVU50
  40:../../micro_ros_stm32cubemx_utils/extra_sources/microros_allocators.c ****   }
 209              		.loc 1 40 12 is_stmt 0 view .LVU51
 210 0052 EEE7     		b	.L12
 211              	.LVL15:
 212              	.L19:
  40:../../micro_ros_stm32cubemx_utils/extra_sources/microros_allocators.c ****   }
 213              		.loc 1 40 12 view .LVU52
 214              	.LBE2:
  45:../../micro_ros_stm32cubemx_utils/extra_sources/microros_allocators.c ****     return NULL;
ARM GAS  /var/folders/2r/mdtt8xvd351gdc398t28_m2m0000gn/T//cck3Ft3v.s 			page 6


 215              		.loc 1 45 5 is_stmt 1 view .LVU53
 216 0054 FFF7FEFF 		bl	vPortFree
 217              	.LVL16:
  46:../../micro_ros_stm32cubemx_utils/extra_sources/microros_allocators.c ****   }
 218              		.loc 1 46 5 view .LVU54
  46:../../micro_ros_stm32cubemx_utils/extra_sources/microros_allocators.c ****   }
 219              		.loc 1 46 12 is_stmt 0 view .LVU55
 220 0058 0025     		movs	r5, #0
 221 005a EAE7     		b	.L12
 222              	.L21:
 223              		.align	2
 224              	.L20:
 225 005c 00000000 		.word	absoluteUsedMemory
 226 0060 00000000 		.word	usedMemory
 227              		.cfi_endproc
 228              	.LFE6:
 230              		.section	.text.microros_zero_allocate,"ax",%progbits
 231              		.align	1
 232              		.global	microros_zero_allocate
 233              		.syntax unified
 234              		.thumb
 235              		.thumb_func
 237              	microros_zero_allocate:
 238              	.LVL17:
 239              	.LFB7:
  63:../../micro_ros_stm32cubemx_utils/extra_sources/microros_allocators.c **** 
  64:../../micro_ros_stm32cubemx_utils/extra_sources/microros_allocators.c **** void * microros_zero_allocate(size_t number_of_elements, size_t size_of_element, void * state){
 240              		.loc 1 64 95 is_stmt 1 view -0
 241              		.cfi_startproc
 242              		@ args = 0, pretend = 0, frame = 0
 243              		@ frame_needed = 0, uses_anonymous_args = 0
 244              		.loc 1 64 95 is_stmt 0 view .LVU57
 245 0000 38B5     		push	{r3, r4, r5, lr}
 246              	.LCFI4:
 247              		.cfi_def_cfa_offset 16
 248              		.cfi_offset 3, -16
 249              		.cfi_offset 4, -12
 250              		.cfi_offset 5, -8
 251              		.cfi_offset 14, -4
  65:../../micro_ros_stm32cubemx_utils/extra_sources/microros_allocators.c ****   (void) state;
 252              		.loc 1 65 3 is_stmt 1 view .LVU58
  66:../../micro_ros_stm32cubemx_utils/extra_sources/microros_allocators.c **** 
  67:../../micro_ros_stm32cubemx_utils/extra_sources/microros_allocators.c ****   size_t total_size = number_of_elements * size_of_element;
 253              		.loc 1 67 3 view .LVU59
 254              		.loc 1 67 10 is_stmt 0 view .LVU60
 255 0002 01FB00F4 		mul	r4, r1, r0
 256              	.LVL18:
  68:../../micro_ros_stm32cubemx_utils/extra_sources/microros_allocators.c ****   void * ptr = pvPortMalloc(total_size);  // ← Use standard FreeRTOS function
 257              		.loc 1 68 3 is_stmt 1 view .LVU61
 258              		.loc 1 68 16 is_stmt 0 view .LVU62
 259 0006 2046     		mov	r0, r4
 260              	.LVL19:
 261              		.loc 1 68 16 view .LVU63
 262 0008 FFF7FEFF 		bl	pvPortMalloc
 263              	.LVL20:
  69:../../micro_ros_stm32cubemx_utils/extra_sources/microros_allocators.c **** 
  70:../../micro_ros_stm32cubemx_utils/extra_sources/microros_allocators.c ****   if (ptr != NULL) {
ARM GAS  /var/folders/2r/mdtt8xvd351gdc398t28_m2m0000gn/T//cck3Ft3v.s 			page 7


 264              		.loc 1 70 3 is_stmt 1 view .LVU64
 265              		.loc 1 70 6 is_stmt 0 view .LVU65
 266 000c 0546     		mov	r5, r0
 267 000e 58B1     		cbz	r0, .L22
  71:../../micro_ros_stm32cubemx_utils/extra_sources/microros_allocators.c ****     // Zero-initialize the memory
  72:../../micro_ros_stm32cubemx_utils/extra_sources/microros_allocators.c ****     memset(ptr, 0, total_size);
 268              		.loc 1 72 5 is_stmt 1 view .LVU66
 269 0010 2246     		mov	r2, r4
 270 0012 0021     		movs	r1, #0
 271 0014 FFF7FEFF 		bl	memset
 272              	.LVL21:
  73:../../micro_ros_stm32cubemx_utils/extra_sources/microros_allocators.c ****     absoluteUsedMemory += total_size;
 273              		.loc 1 73 5 view .LVU67
 274              		.loc 1 73 24 is_stmt 0 view .LVU68
 275 0018 044A     		ldr	r2, .L25
 276 001a 1368     		ldr	r3, [r2]
 277 001c 2344     		add	r3, r3, r4
 278 001e 1360     		str	r3, [r2]
  74:../../micro_ros_stm32cubemx_utils/extra_sources/microros_allocators.c ****     usedMemory += total_size;
 279              		.loc 1 74 5 is_stmt 1 view .LVU69
 280              		.loc 1 74 16 is_stmt 0 view .LVU70
 281 0020 034A     		ldr	r2, .L25+4
 282 0022 1368     		ldr	r3, [r2]
 283 0024 2344     		add	r3, r3, r4
 284 0026 1360     		str	r3, [r2]
  75:../../micro_ros_stm32cubemx_utils/extra_sources/microros_allocators.c ****   }
  76:../../micro_ros_stm32cubemx_utils/extra_sources/microros_allocators.c **** 
  77:../../micro_ros_stm32cubemx_utils/extra_sources/microros_allocators.c ****   return ptr;
 285              		.loc 1 77 3 is_stmt 1 view .LVU71
 286              	.L22:
  78:../../micro_ros_stm32cubemx_utils/extra_sources/microros_allocators.c **** }
 287              		.loc 1 78 1 is_stmt 0 view .LVU72
 288 0028 2846     		mov	r0, r5
 289 002a 38BD     		pop	{r3, r4, r5, pc}
 290              	.LVL22:
 291              	.L26:
 292              		.loc 1 78 1 view .LVU73
 293              		.align	2
 294              	.L25:
 295 002c 00000000 		.word	absoluteUsedMemory
 296 0030 00000000 		.word	usedMemory
 297              		.cfi_endproc
 298              	.LFE7:
 300              		.global	usedMemory
 301              		.section	.bss.usedMemory,"aw",%nobits
 302              		.align	2
 305              	usedMemory:
 306 0000 00000000 		.space	4
 307              		.global	absoluteUsedMemory
 308              		.section	.bss.absoluteUsedMemory,"aw",%nobits
 309              		.align	2
 312              	absoluteUsedMemory:
 313 0000 00000000 		.space	4
 314              		.text
 315              	.Letext0:
 316              		.file 2 "/Applications/ArmGNUToolchain/14.3.rel1/arm-none-eabi/arm-none-eabi/include/string.h"
 317              		.file 3 "../../Middlewares/Third_Party/FreeRTOS/Source/include/portable.h"
ARM GAS  /var/folders/2r/mdtt8xvd351gdc398t28_m2m0000gn/T//cck3Ft3v.s 			page 8


 318              		.file 4 "<built-in>"
 319              		.file 5 "/Applications/ArmGNUToolchain/14.3.rel1/arm-none-eabi/lib/gcc/arm-none-eabi/14.3.1/includ
ARM GAS  /var/folders/2r/mdtt8xvd351gdc398t28_m2m0000gn/T//cck3Ft3v.s 			page 9


DEFINED SYMBOLS
                            *ABS*:00000000 microros_allocators.c
/var/folders/2r/mdtt8xvd351gdc398t28_m2m0000gn/T//cck3Ft3v.s:19     .text.microros_allocate:00000000 $t
/var/folders/2r/mdtt8xvd351gdc398t28_m2m0000gn/T//cck3Ft3v.s:25     .text.microros_allocate:00000000 microros_allocate
/var/folders/2r/mdtt8xvd351gdc398t28_m2m0000gn/T//cck3Ft3v.s:68     .text.microros_allocate:0000001c $d
/var/folders/2r/mdtt8xvd351gdc398t28_m2m0000gn/T//cck3Ft3v.s:312    .bss.absoluteUsedMemory:00000000 absoluteUsedMemory
/var/folders/2r/mdtt8xvd351gdc398t28_m2m0000gn/T//cck3Ft3v.s:305    .bss.usedMemory:00000000 usedMemory
/var/folders/2r/mdtt8xvd351gdc398t28_m2m0000gn/T//cck3Ft3v.s:74     .text.microros_deallocate:00000000 $t
/var/folders/2r/mdtt8xvd351gdc398t28_m2m0000gn/T//cck3Ft3v.s:80     .text.microros_deallocate:00000000 microros_deallocate
/var/folders/2r/mdtt8xvd351gdc398t28_m2m0000gn/T//cck3Ft3v.s:114    .text.microros_reallocate:00000000 $t
/var/folders/2r/mdtt8xvd351gdc398t28_m2m0000gn/T//cck3Ft3v.s:120    .text.microros_reallocate:00000000 microros_reallocate
/var/folders/2r/mdtt8xvd351gdc398t28_m2m0000gn/T//cck3Ft3v.s:225    .text.microros_reallocate:0000005c $d
/var/folders/2r/mdtt8xvd351gdc398t28_m2m0000gn/T//cck3Ft3v.s:231    .text.microros_zero_allocate:00000000 $t
/var/folders/2r/mdtt8xvd351gdc398t28_m2m0000gn/T//cck3Ft3v.s:237    .text.microros_zero_allocate:00000000 microros_zero_allocate
/var/folders/2r/mdtt8xvd351gdc398t28_m2m0000gn/T//cck3Ft3v.s:295    .text.microros_zero_allocate:0000002c $d
/var/folders/2r/mdtt8xvd351gdc398t28_m2m0000gn/T//cck3Ft3v.s:302    .bss.usedMemory:00000000 $d
/var/folders/2r/mdtt8xvd351gdc398t28_m2m0000gn/T//cck3Ft3v.s:309    .bss.absoluteUsedMemory:00000000 $d

UNDEFINED SYMBOLS
pvPortMalloc
vPortFree
memcpy
memset
