ARM GAS  /var/folders/2r/mdtt8xvd351gdc398t28_m2m0000gn/T//ccVGuQSD.s 			page 1


   1              		.cpu cortex-m4
   2              		.arch armv7e-m
   3              		.fpu softvfp
   4              		.eabi_attribute 20, 1
   5              		.eabi_attribute 21, 1
   6              		.eabi_attribute 23, 3
   7              		.eabi_attribute 24, 1
   8              		.eabi_attribute 25, 1
   9              		.eabi_attribute 26, 1
  10              		.eabi_attribute 30, 1
  11              		.eabi_attribute 34, 1
  12              		.eabi_attribute 18, 4
  13              		.file	"system_stm32h7xx_dualcore_boot_cm4_cm7.c"
  14              		.text
  15              	.Ltext0:
  16              		.cfi_sections	.debug_frame
  17              		.file 1 "../../Common/Src/system_stm32h7xx_dualcore_boot_cm4_cm7.c"
  18              		.section	.text.SystemInit,"ax",%progbits
  19              		.align	1
  20              		.global	SystemInit
  21              		.syntax unified
  22              		.thumb
  23              		.thumb_func
  25              	SystemInit:
  26              	.LFB132:
   1:../../Common/Src/system_stm32h7xx_dualcore_boot_cm4_cm7.c **** /**
   2:../../Common/Src/system_stm32h7xx_dualcore_boot_cm4_cm7.c ****   ******************************************************************************
   3:../../Common/Src/system_stm32h7xx_dualcore_boot_cm4_cm7.c ****   * @file    system_stm32h7xx_dualcore_boot_cm4_cm7.c
   4:../../Common/Src/system_stm32h7xx_dualcore_boot_cm4_cm7.c ****   * @author  MCD Application Team
   5:../../Common/Src/system_stm32h7xx_dualcore_boot_cm4_cm7.c ****   * @brief   CMSIS Cortex-Mx Device Peripheral Access Layer System Source File.
   6:../../Common/Src/system_stm32h7xx_dualcore_boot_cm4_cm7.c ****   *          This provides system initialization template function is case of
   7:../../Common/Src/system_stm32h7xx_dualcore_boot_cm4_cm7.c ****   *          an application using a dual core STM32H7 device where
   8:../../Common/Src/system_stm32h7xx_dualcore_boot_cm4_cm7.c ****   *          Cortex-M7 and Cortex-M4 boot are enabled at the FLASH option bytes
   9:../../Common/Src/system_stm32h7xx_dualcore_boot_cm4_cm7.c ****   *
  10:../../Common/Src/system_stm32h7xx_dualcore_boot_cm4_cm7.c ****   *   This file provides two functions and one global variable to be called from
  11:../../Common/Src/system_stm32h7xx_dualcore_boot_cm4_cm7.c ****   *   user application:
  12:../../Common/Src/system_stm32h7xx_dualcore_boot_cm4_cm7.c ****   *      - ExitRun0Mode(): Specifies the Power Supply source. This function is
  13:../../Common/Src/system_stm32h7xx_dualcore_boot_cm4_cm7.c ****   *                        called at startup just after reset and before the call
  14:../../Common/Src/system_stm32h7xx_dualcore_boot_cm4_cm7.c ****   *                        of SystemInit(). This call is made inside
  15:../../Common/Src/system_stm32h7xx_dualcore_boot_cm4_cm7.c ****   *                        the "startup_stm32h7xx.s" file.
  16:../../Common/Src/system_stm32h7xx_dualcore_boot_cm4_cm7.c ****   *
  17:../../Common/Src/system_stm32h7xx_dualcore_boot_cm4_cm7.c ****   *      - SystemInit(): This function is called at startup just after reset and
  18:../../Common/Src/system_stm32h7xx_dualcore_boot_cm4_cm7.c ****   *                      before branch to main program. This call is made inside
  19:../../Common/Src/system_stm32h7xx_dualcore_boot_cm4_cm7.c ****   *                      the "startup_stm32h7xx.s" file.
  20:../../Common/Src/system_stm32h7xx_dualcore_boot_cm4_cm7.c ****   *
  21:../../Common/Src/system_stm32h7xx_dualcore_boot_cm4_cm7.c ****   *      - SystemCoreClock variable: Contains the core clock, it can be used
  22:../../Common/Src/system_stm32h7xx_dualcore_boot_cm4_cm7.c ****   *                                  by the user application to setup the SysTick
  23:../../Common/Src/system_stm32h7xx_dualcore_boot_cm4_cm7.c ****   *                                  timer or configure other parameters.
  24:../../Common/Src/system_stm32h7xx_dualcore_boot_cm4_cm7.c ****   *
  25:../../Common/Src/system_stm32h7xx_dualcore_boot_cm4_cm7.c ****   *      - SystemCoreClockUpdate(): Updates the variable SystemCoreClock and must
  26:../../Common/Src/system_stm32h7xx_dualcore_boot_cm4_cm7.c ****   *                                 be called whenever the core clock is changed
  27:../../Common/Src/system_stm32h7xx_dualcore_boot_cm4_cm7.c ****   *                                 during program execution.
  28:../../Common/Src/system_stm32h7xx_dualcore_boot_cm4_cm7.c ****   *
  29:../../Common/Src/system_stm32h7xx_dualcore_boot_cm4_cm7.c ****   *
  30:../../Common/Src/system_stm32h7xx_dualcore_boot_cm4_cm7.c ****   ******************************************************************************
  31:../../Common/Src/system_stm32h7xx_dualcore_boot_cm4_cm7.c ****   * @attention
  32:../../Common/Src/system_stm32h7xx_dualcore_boot_cm4_cm7.c ****   *
ARM GAS  /var/folders/2r/mdtt8xvd351gdc398t28_m2m0000gn/T//ccVGuQSD.s 			page 2


  33:../../Common/Src/system_stm32h7xx_dualcore_boot_cm4_cm7.c ****   * Copyright (c) 2017 STMicroelectronics.
  34:../../Common/Src/system_stm32h7xx_dualcore_boot_cm4_cm7.c ****   * All rights reserved.
  35:../../Common/Src/system_stm32h7xx_dualcore_boot_cm4_cm7.c ****   *
  36:../../Common/Src/system_stm32h7xx_dualcore_boot_cm4_cm7.c ****   * This software is licensed under terms that can be found in the LICENSE file
  37:../../Common/Src/system_stm32h7xx_dualcore_boot_cm4_cm7.c ****   * in the root directory of this software component.
  38:../../Common/Src/system_stm32h7xx_dualcore_boot_cm4_cm7.c ****   * If no LICENSE file comes with this software, it is provided AS-IS.
  39:../../Common/Src/system_stm32h7xx_dualcore_boot_cm4_cm7.c ****   *
  40:../../Common/Src/system_stm32h7xx_dualcore_boot_cm4_cm7.c ****   ******************************************************************************
  41:../../Common/Src/system_stm32h7xx_dualcore_boot_cm4_cm7.c ****   */
  42:../../Common/Src/system_stm32h7xx_dualcore_boot_cm4_cm7.c **** 
  43:../../Common/Src/system_stm32h7xx_dualcore_boot_cm4_cm7.c **** /** @addtogroup CMSIS
  44:../../Common/Src/system_stm32h7xx_dualcore_boot_cm4_cm7.c ****   * @{
  45:../../Common/Src/system_stm32h7xx_dualcore_boot_cm4_cm7.c ****   */
  46:../../Common/Src/system_stm32h7xx_dualcore_boot_cm4_cm7.c **** 
  47:../../Common/Src/system_stm32h7xx_dualcore_boot_cm4_cm7.c **** /** @addtogroup stm32h7xx_system
  48:../../Common/Src/system_stm32h7xx_dualcore_boot_cm4_cm7.c ****   * @{
  49:../../Common/Src/system_stm32h7xx_dualcore_boot_cm4_cm7.c ****   */
  50:../../Common/Src/system_stm32h7xx_dualcore_boot_cm4_cm7.c **** 
  51:../../Common/Src/system_stm32h7xx_dualcore_boot_cm4_cm7.c **** /** @addtogroup STM32H7xx_System_Private_Includes
  52:../../Common/Src/system_stm32h7xx_dualcore_boot_cm4_cm7.c ****   * @{
  53:../../Common/Src/system_stm32h7xx_dualcore_boot_cm4_cm7.c ****   */
  54:../../Common/Src/system_stm32h7xx_dualcore_boot_cm4_cm7.c **** 
  55:../../Common/Src/system_stm32h7xx_dualcore_boot_cm4_cm7.c **** #include "stm32h7xx.h"
  56:../../Common/Src/system_stm32h7xx_dualcore_boot_cm4_cm7.c **** #include <math.h>
  57:../../Common/Src/system_stm32h7xx_dualcore_boot_cm4_cm7.c **** 
  58:../../Common/Src/system_stm32h7xx_dualcore_boot_cm4_cm7.c **** #if !defined  (HSE_VALUE)
  59:../../Common/Src/system_stm32h7xx_dualcore_boot_cm4_cm7.c **** #define HSE_VALUE    ((uint32_t)25000000) /*!< Value of the External oscillator in Hz */
  60:../../Common/Src/system_stm32h7xx_dualcore_boot_cm4_cm7.c **** #endif /* HSE_VALUE */
  61:../../Common/Src/system_stm32h7xx_dualcore_boot_cm4_cm7.c **** 
  62:../../Common/Src/system_stm32h7xx_dualcore_boot_cm4_cm7.c **** #if !defined  (CSI_VALUE)
  63:../../Common/Src/system_stm32h7xx_dualcore_boot_cm4_cm7.c ****   #define CSI_VALUE    ((uint32_t)4000000) /*!< Value of the Internal oscillator in Hz*/
  64:../../Common/Src/system_stm32h7xx_dualcore_boot_cm4_cm7.c **** #endif /* CSI_VALUE */
  65:../../Common/Src/system_stm32h7xx_dualcore_boot_cm4_cm7.c **** 
  66:../../Common/Src/system_stm32h7xx_dualcore_boot_cm4_cm7.c **** #if !defined  (HSI_VALUE)
  67:../../Common/Src/system_stm32h7xx_dualcore_boot_cm4_cm7.c ****   #define HSI_VALUE    ((uint32_t)64000000) /*!< Value of the Internal oscillator in Hz*/
  68:../../Common/Src/system_stm32h7xx_dualcore_boot_cm4_cm7.c **** #endif /* HSI_VALUE */
  69:../../Common/Src/system_stm32h7xx_dualcore_boot_cm4_cm7.c **** 
  70:../../Common/Src/system_stm32h7xx_dualcore_boot_cm4_cm7.c **** 
  71:../../Common/Src/system_stm32h7xx_dualcore_boot_cm4_cm7.c **** /**
  72:../../Common/Src/system_stm32h7xx_dualcore_boot_cm4_cm7.c ****   * @}
  73:../../Common/Src/system_stm32h7xx_dualcore_boot_cm4_cm7.c ****   */
  74:../../Common/Src/system_stm32h7xx_dualcore_boot_cm4_cm7.c **** 
  75:../../Common/Src/system_stm32h7xx_dualcore_boot_cm4_cm7.c **** /** @addtogroup STM32H7xx_System_Private_TypesDefinitions
  76:../../Common/Src/system_stm32h7xx_dualcore_boot_cm4_cm7.c ****   * @{
  77:../../Common/Src/system_stm32h7xx_dualcore_boot_cm4_cm7.c ****   */
  78:../../Common/Src/system_stm32h7xx_dualcore_boot_cm4_cm7.c **** 
  79:../../Common/Src/system_stm32h7xx_dualcore_boot_cm4_cm7.c **** /**
  80:../../Common/Src/system_stm32h7xx_dualcore_boot_cm4_cm7.c ****   * @}
  81:../../Common/Src/system_stm32h7xx_dualcore_boot_cm4_cm7.c ****   */
  82:../../Common/Src/system_stm32h7xx_dualcore_boot_cm4_cm7.c **** 
  83:../../Common/Src/system_stm32h7xx_dualcore_boot_cm4_cm7.c **** /** @addtogroup STM32H7xx_System_Private_Defines
  84:../../Common/Src/system_stm32h7xx_dualcore_boot_cm4_cm7.c ****   * @{
  85:../../Common/Src/system_stm32h7xx_dualcore_boot_cm4_cm7.c ****   */
  86:../../Common/Src/system_stm32h7xx_dualcore_boot_cm4_cm7.c **** 
  87:../../Common/Src/system_stm32h7xx_dualcore_boot_cm4_cm7.c **** /************************* Miscellaneous Configuration ************************/
  88:../../Common/Src/system_stm32h7xx_dualcore_boot_cm4_cm7.c **** /* Note: Following vector table addresses must be defined in line with linker
  89:../../Common/Src/system_stm32h7xx_dualcore_boot_cm4_cm7.c ****          configuration. */
ARM GAS  /var/folders/2r/mdtt8xvd351gdc398t28_m2m0000gn/T//ccVGuQSD.s 			page 3


  90:../../Common/Src/system_stm32h7xx_dualcore_boot_cm4_cm7.c **** /*!< Uncomment the following line if you need to relocate the vector table
  91:../../Common/Src/system_stm32h7xx_dualcore_boot_cm4_cm7.c ****      anywhere in FLASH BANK1 or AXI SRAM, else the vector table is kept at the automatic
  92:../../Common/Src/system_stm32h7xx_dualcore_boot_cm4_cm7.c ****      remap of boot address selected */
  93:../../Common/Src/system_stm32h7xx_dualcore_boot_cm4_cm7.c **** /* #define USER_VECT_TAB_ADDRESS */
  94:../../Common/Src/system_stm32h7xx_dualcore_boot_cm4_cm7.c **** 
  95:../../Common/Src/system_stm32h7xx_dualcore_boot_cm4_cm7.c **** #if defined(USER_VECT_TAB_ADDRESS)
  96:../../Common/Src/system_stm32h7xx_dualcore_boot_cm4_cm7.c **** #if defined(CORE_CM4)
  97:../../Common/Src/system_stm32h7xx_dualcore_boot_cm4_cm7.c **** /*!< Uncomment the following line if you need to relocate your vector Table
  98:../../Common/Src/system_stm32h7xx_dualcore_boot_cm4_cm7.c ****      in D2 AXI SRAM else user remap will be done in FLASH BANK2. */
  99:../../Common/Src/system_stm32h7xx_dualcore_boot_cm4_cm7.c **** /* #define VECT_TAB_SRAM */
 100:../../Common/Src/system_stm32h7xx_dualcore_boot_cm4_cm7.c **** #if defined(VECT_TAB_SRAM)
 101:../../Common/Src/system_stm32h7xx_dualcore_boot_cm4_cm7.c **** #define VECT_TAB_BASE_ADDRESS   D2_AXISRAM_BASE   /*!< Vector Table base address field.
 102:../../Common/Src/system_stm32h7xx_dualcore_boot_cm4_cm7.c ****                                                        This value must be a multiple of 0x400. */
 103:../../Common/Src/system_stm32h7xx_dualcore_boot_cm4_cm7.c **** #define VECT_TAB_OFFSET         0x00000000U       /*!< Vector Table base offset field.
 104:../../Common/Src/system_stm32h7xx_dualcore_boot_cm4_cm7.c ****                                                        This value must be a multiple of 0x400. */
 105:../../Common/Src/system_stm32h7xx_dualcore_boot_cm4_cm7.c **** #else
 106:../../Common/Src/system_stm32h7xx_dualcore_boot_cm4_cm7.c **** #define VECT_TAB_BASE_ADDRESS   FLASH_BANK2_BASE  /*!< Vector Table base address field.
 107:../../Common/Src/system_stm32h7xx_dualcore_boot_cm4_cm7.c ****                                                        This value must be a multiple of 0x400. */
 108:../../Common/Src/system_stm32h7xx_dualcore_boot_cm4_cm7.c **** #define VECT_TAB_OFFSET         0x00000000U       /*!< Vector Table base offset field.
 109:../../Common/Src/system_stm32h7xx_dualcore_boot_cm4_cm7.c ****                                                        This value must be a multiple of 0x400. */
 110:../../Common/Src/system_stm32h7xx_dualcore_boot_cm4_cm7.c **** #endif /* VECT_TAB_SRAM */
 111:../../Common/Src/system_stm32h7xx_dualcore_boot_cm4_cm7.c **** #elif defined(CORE_CM7)
 112:../../Common/Src/system_stm32h7xx_dualcore_boot_cm4_cm7.c **** /*!< Uncomment the following line if you need to relocate your vector Table
 113:../../Common/Src/system_stm32h7xx_dualcore_boot_cm4_cm7.c ****      in D1 AXI SRAM else user remap will be done in FLASH BANK1. */
 114:../../Common/Src/system_stm32h7xx_dualcore_boot_cm4_cm7.c **** /* #define VECT_TAB_SRAM */
 115:../../Common/Src/system_stm32h7xx_dualcore_boot_cm4_cm7.c **** #if defined(VECT_TAB_SRAM)
 116:../../Common/Src/system_stm32h7xx_dualcore_boot_cm4_cm7.c **** #define VECT_TAB_BASE_ADDRESS   D1_AXISRAM_BASE   /*!< Vector Table base address field.
 117:../../Common/Src/system_stm32h7xx_dualcore_boot_cm4_cm7.c ****                                                        This value must be a multiple of 0x400. */
 118:../../Common/Src/system_stm32h7xx_dualcore_boot_cm4_cm7.c **** #define VECT_TAB_OFFSET         0x00000000U       /*!< Vector Table base offset field.
 119:../../Common/Src/system_stm32h7xx_dualcore_boot_cm4_cm7.c ****                                                        This value must be a multiple of 0x400. */
 120:../../Common/Src/system_stm32h7xx_dualcore_boot_cm4_cm7.c **** #else
 121:../../Common/Src/system_stm32h7xx_dualcore_boot_cm4_cm7.c **** #define VECT_TAB_BASE_ADDRESS   FLASH_BANK1_BASE  /*!< Vector Table base address field.
 122:../../Common/Src/system_stm32h7xx_dualcore_boot_cm4_cm7.c ****                                                        This value must be a multiple of 0x400. */
 123:../../Common/Src/system_stm32h7xx_dualcore_boot_cm4_cm7.c **** #define VECT_TAB_OFFSET         0x00000000U       /*!< Vector Table base offset field.
 124:../../Common/Src/system_stm32h7xx_dualcore_boot_cm4_cm7.c ****                                                        This value must be a multiple of 0x400. */
 125:../../Common/Src/system_stm32h7xx_dualcore_boot_cm4_cm7.c **** #endif /* VECT_TAB_SRAM */
 126:../../Common/Src/system_stm32h7xx_dualcore_boot_cm4_cm7.c **** #else
 127:../../Common/Src/system_stm32h7xx_dualcore_boot_cm4_cm7.c **** #error Please #define CORE_CM4 or CORE_CM7
 128:../../Common/Src/system_stm32h7xx_dualcore_boot_cm4_cm7.c **** #endif /* CORE_CM4 */
 129:../../Common/Src/system_stm32h7xx_dualcore_boot_cm4_cm7.c **** #endif /* USER_VECT_TAB_ADDRESS */
 130:../../Common/Src/system_stm32h7xx_dualcore_boot_cm4_cm7.c **** /******************************************************************************/
 131:../../Common/Src/system_stm32h7xx_dualcore_boot_cm4_cm7.c **** 
 132:../../Common/Src/system_stm32h7xx_dualcore_boot_cm4_cm7.c **** /**
 133:../../Common/Src/system_stm32h7xx_dualcore_boot_cm4_cm7.c ****   * @}
 134:../../Common/Src/system_stm32h7xx_dualcore_boot_cm4_cm7.c ****   */
 135:../../Common/Src/system_stm32h7xx_dualcore_boot_cm4_cm7.c **** 
 136:../../Common/Src/system_stm32h7xx_dualcore_boot_cm4_cm7.c **** /** @addtogroup STM32H7xx_System_Private_Macros
 137:../../Common/Src/system_stm32h7xx_dualcore_boot_cm4_cm7.c ****   * @{
 138:../../Common/Src/system_stm32h7xx_dualcore_boot_cm4_cm7.c ****   */
 139:../../Common/Src/system_stm32h7xx_dualcore_boot_cm4_cm7.c **** 
 140:../../Common/Src/system_stm32h7xx_dualcore_boot_cm4_cm7.c **** /**
 141:../../Common/Src/system_stm32h7xx_dualcore_boot_cm4_cm7.c ****   * @}
 142:../../Common/Src/system_stm32h7xx_dualcore_boot_cm4_cm7.c ****   */
 143:../../Common/Src/system_stm32h7xx_dualcore_boot_cm4_cm7.c **** 
 144:../../Common/Src/system_stm32h7xx_dualcore_boot_cm4_cm7.c **** /** @addtogroup STM32H7xx_System_Private_Variables
 145:../../Common/Src/system_stm32h7xx_dualcore_boot_cm4_cm7.c ****   * @{
 146:../../Common/Src/system_stm32h7xx_dualcore_boot_cm4_cm7.c ****   */
ARM GAS  /var/folders/2r/mdtt8xvd351gdc398t28_m2m0000gn/T//ccVGuQSD.s 			page 4


 147:../../Common/Src/system_stm32h7xx_dualcore_boot_cm4_cm7.c ****   /* This variable is updated in three ways:
 148:../../Common/Src/system_stm32h7xx_dualcore_boot_cm4_cm7.c ****       1) by calling CMSIS function SystemCoreClockUpdate()
 149:../../Common/Src/system_stm32h7xx_dualcore_boot_cm4_cm7.c ****       2) by calling HAL API function HAL_RCC_GetHCLKFreq()
 150:../../Common/Src/system_stm32h7xx_dualcore_boot_cm4_cm7.c ****       3) each time HAL_RCC_ClockConfig() is called to configure the system clock frequency
 151:../../Common/Src/system_stm32h7xx_dualcore_boot_cm4_cm7.c ****          Note: If you use this function to configure the system clock; then there
 152:../../Common/Src/system_stm32h7xx_dualcore_boot_cm4_cm7.c ****                is no need to call the 2 first functions listed above, since SystemCoreClock
 153:../../Common/Src/system_stm32h7xx_dualcore_boot_cm4_cm7.c ****                variable is updated automatically.
 154:../../Common/Src/system_stm32h7xx_dualcore_boot_cm4_cm7.c ****   */
 155:../../Common/Src/system_stm32h7xx_dualcore_boot_cm4_cm7.c ****   uint32_t SystemCoreClock = 64000000;
 156:../../Common/Src/system_stm32h7xx_dualcore_boot_cm4_cm7.c ****   uint32_t SystemD2Clock = 64000000;
 157:../../Common/Src/system_stm32h7xx_dualcore_boot_cm4_cm7.c ****   const  uint8_t D1CorePrescTable[16] = {0, 0, 0, 0, 1, 2, 3, 4, 1, 2, 3, 4, 6, 7, 8, 9};
 158:../../Common/Src/system_stm32h7xx_dualcore_boot_cm4_cm7.c **** 
 159:../../Common/Src/system_stm32h7xx_dualcore_boot_cm4_cm7.c **** /**
 160:../../Common/Src/system_stm32h7xx_dualcore_boot_cm4_cm7.c ****   * @}
 161:../../Common/Src/system_stm32h7xx_dualcore_boot_cm4_cm7.c ****   */
 162:../../Common/Src/system_stm32h7xx_dualcore_boot_cm4_cm7.c **** 
 163:../../Common/Src/system_stm32h7xx_dualcore_boot_cm4_cm7.c **** /** @addtogroup STM32H7xx_System_Private_FunctionPrototypes
 164:../../Common/Src/system_stm32h7xx_dualcore_boot_cm4_cm7.c ****   * @{
 165:../../Common/Src/system_stm32h7xx_dualcore_boot_cm4_cm7.c ****   */
 166:../../Common/Src/system_stm32h7xx_dualcore_boot_cm4_cm7.c **** 
 167:../../Common/Src/system_stm32h7xx_dualcore_boot_cm4_cm7.c **** /**
 168:../../Common/Src/system_stm32h7xx_dualcore_boot_cm4_cm7.c ****   * @}
 169:../../Common/Src/system_stm32h7xx_dualcore_boot_cm4_cm7.c ****   */
 170:../../Common/Src/system_stm32h7xx_dualcore_boot_cm4_cm7.c **** 
 171:../../Common/Src/system_stm32h7xx_dualcore_boot_cm4_cm7.c **** /** @addtogroup STM32H7xx_System_Private_Functions
 172:../../Common/Src/system_stm32h7xx_dualcore_boot_cm4_cm7.c ****   * @{
 173:../../Common/Src/system_stm32h7xx_dualcore_boot_cm4_cm7.c ****   */
 174:../../Common/Src/system_stm32h7xx_dualcore_boot_cm4_cm7.c **** 
 175:../../Common/Src/system_stm32h7xx_dualcore_boot_cm4_cm7.c **** /**
 176:../../Common/Src/system_stm32h7xx_dualcore_boot_cm4_cm7.c ****   * @brief  Setup the microcontroller system
 177:../../Common/Src/system_stm32h7xx_dualcore_boot_cm4_cm7.c ****   *         Initialize the FPU setting and  vector table location
 178:../../Common/Src/system_stm32h7xx_dualcore_boot_cm4_cm7.c ****   *         configuration.
 179:../../Common/Src/system_stm32h7xx_dualcore_boot_cm4_cm7.c ****   * @param  None
 180:../../Common/Src/system_stm32h7xx_dualcore_boot_cm4_cm7.c ****   * @retval None
 181:../../Common/Src/system_stm32h7xx_dualcore_boot_cm4_cm7.c ****   */
 182:../../Common/Src/system_stm32h7xx_dualcore_boot_cm4_cm7.c **** void SystemInit (void)
 183:../../Common/Src/system_stm32h7xx_dualcore_boot_cm4_cm7.c **** {
  27              		.loc 1 183 1 view -0
  28              		.cfi_startproc
  29              		@ args = 0, pretend = 0, frame = 0
  30              		@ frame_needed = 0, uses_anonymous_args = 0
  31              		@ link register save eliminated.
 184:../../Common/Src/system_stm32h7xx_dualcore_boot_cm4_cm7.c ****   /* FPU settings ------------------------------------------------------------*/
 185:../../Common/Src/system_stm32h7xx_dualcore_boot_cm4_cm7.c ****   #if (__FPU_PRESENT == 1) && (__FPU_USED == 1)
 186:../../Common/Src/system_stm32h7xx_dualcore_boot_cm4_cm7.c ****     SCB->CPACR |= ((3UL << (10*2))|(3UL << (11*2)));  /* set CP10 and CP11 Full Access */
 187:../../Common/Src/system_stm32h7xx_dualcore_boot_cm4_cm7.c ****   #endif
 188:../../Common/Src/system_stm32h7xx_dualcore_boot_cm4_cm7.c **** 
 189:../../Common/Src/system_stm32h7xx_dualcore_boot_cm4_cm7.c ****     /*SEVONPEND enabled so that an interrupt coming from the CPU(n) interrupt signal is
 190:../../Common/Src/system_stm32h7xx_dualcore_boot_cm4_cm7.c ****      detectable by the CPU after a WFI/WFE instruction.*/
 191:../../Common/Src/system_stm32h7xx_dualcore_boot_cm4_cm7.c ****  SCB->SCR |= SCB_SCR_SEVONPEND_Msk;
  32              		.loc 1 191 2 view .LVU1
  33              		.loc 1 191 5 is_stmt 0 view .LVU2
  34 0000 024A     		ldr	r2, .L2
  35 0002 1369     		ldr	r3, [r2, #16]
  36              		.loc 1 191 11 view .LVU3
  37 0004 43F01003 		orr	r3, r3, #16
  38 0008 1361     		str	r3, [r2, #16]
ARM GAS  /var/folders/2r/mdtt8xvd351gdc398t28_m2m0000gn/T//ccVGuQSD.s 			page 5


 192:../../Common/Src/system_stm32h7xx_dualcore_boot_cm4_cm7.c **** 
 193:../../Common/Src/system_stm32h7xx_dualcore_boot_cm4_cm7.c **** #if defined(CORE_CM7)
 194:../../Common/Src/system_stm32h7xx_dualcore_boot_cm4_cm7.c ****   /* Reset the RCC clock configuration to the default reset state ------------*/
 195:../../Common/Src/system_stm32h7xx_dualcore_boot_cm4_cm7.c ****    /* Increasing the CPU frequency */
 196:../../Common/Src/system_stm32h7xx_dualcore_boot_cm4_cm7.c ****   if(FLASH_LATENCY_DEFAULT  > (READ_BIT((FLASH->ACR), FLASH_ACR_LATENCY)))
 197:../../Common/Src/system_stm32h7xx_dualcore_boot_cm4_cm7.c ****   {
 198:../../Common/Src/system_stm32h7xx_dualcore_boot_cm4_cm7.c ****     /* Program the new number of wait states to the LATENCY bits in the FLASH_ACR register */
 199:../../Common/Src/system_stm32h7xx_dualcore_boot_cm4_cm7.c ****     MODIFY_REG(FLASH->ACR, FLASH_ACR_LATENCY, (uint32_t)(FLASH_LATENCY_DEFAULT));
 200:../../Common/Src/system_stm32h7xx_dualcore_boot_cm4_cm7.c ****   }
 201:../../Common/Src/system_stm32h7xx_dualcore_boot_cm4_cm7.c **** 
 202:../../Common/Src/system_stm32h7xx_dualcore_boot_cm4_cm7.c ****   /* Set HSION bit */
 203:../../Common/Src/system_stm32h7xx_dualcore_boot_cm4_cm7.c ****   RCC->CR |= RCC_CR_HSION;
 204:../../Common/Src/system_stm32h7xx_dualcore_boot_cm4_cm7.c **** 
 205:../../Common/Src/system_stm32h7xx_dualcore_boot_cm4_cm7.c ****   /* Reset CFGR register */
 206:../../Common/Src/system_stm32h7xx_dualcore_boot_cm4_cm7.c ****   RCC->CFGR = 0x00000000;
 207:../../Common/Src/system_stm32h7xx_dualcore_boot_cm4_cm7.c **** 
 208:../../Common/Src/system_stm32h7xx_dualcore_boot_cm4_cm7.c ****   /* Reset HSEON, HSECSSON, CSION, HSI48ON, CSIKERON, PLL1ON, PLL2ON and PLL3ON bits */
 209:../../Common/Src/system_stm32h7xx_dualcore_boot_cm4_cm7.c ****   RCC->CR &= 0xEAF6ED7FU;
 210:../../Common/Src/system_stm32h7xx_dualcore_boot_cm4_cm7.c **** 
 211:../../Common/Src/system_stm32h7xx_dualcore_boot_cm4_cm7.c ****    /* Decreasing the number of wait states because of lower CPU frequency */
 212:../../Common/Src/system_stm32h7xx_dualcore_boot_cm4_cm7.c ****   if(FLASH_LATENCY_DEFAULT  < (READ_BIT((FLASH->ACR), FLASH_ACR_LATENCY)))
 213:../../Common/Src/system_stm32h7xx_dualcore_boot_cm4_cm7.c ****   {
 214:../../Common/Src/system_stm32h7xx_dualcore_boot_cm4_cm7.c ****     /* Program the new number of wait states to the LATENCY bits in the FLASH_ACR register */
 215:../../Common/Src/system_stm32h7xx_dualcore_boot_cm4_cm7.c ****     MODIFY_REG(FLASH->ACR, FLASH_ACR_LATENCY, (uint32_t)(FLASH_LATENCY_DEFAULT));
 216:../../Common/Src/system_stm32h7xx_dualcore_boot_cm4_cm7.c ****   }
 217:../../Common/Src/system_stm32h7xx_dualcore_boot_cm4_cm7.c **** 
 218:../../Common/Src/system_stm32h7xx_dualcore_boot_cm4_cm7.c ****   /* Reset D1CFGR register */
 219:../../Common/Src/system_stm32h7xx_dualcore_boot_cm4_cm7.c ****   RCC->D1CFGR = 0x00000000;
 220:../../Common/Src/system_stm32h7xx_dualcore_boot_cm4_cm7.c **** 
 221:../../Common/Src/system_stm32h7xx_dualcore_boot_cm4_cm7.c ****   /* Reset D2CFGR register */
 222:../../Common/Src/system_stm32h7xx_dualcore_boot_cm4_cm7.c ****   RCC->D2CFGR = 0x00000000;
 223:../../Common/Src/system_stm32h7xx_dualcore_boot_cm4_cm7.c **** 
 224:../../Common/Src/system_stm32h7xx_dualcore_boot_cm4_cm7.c ****   /* Reset D3CFGR register */
 225:../../Common/Src/system_stm32h7xx_dualcore_boot_cm4_cm7.c ****   RCC->D3CFGR = 0x00000000;
 226:../../Common/Src/system_stm32h7xx_dualcore_boot_cm4_cm7.c **** 
 227:../../Common/Src/system_stm32h7xx_dualcore_boot_cm4_cm7.c ****   /* Reset PLLCKSELR register */
 228:../../Common/Src/system_stm32h7xx_dualcore_boot_cm4_cm7.c ****   RCC->PLLCKSELR = 0x02020200;
 229:../../Common/Src/system_stm32h7xx_dualcore_boot_cm4_cm7.c **** 
 230:../../Common/Src/system_stm32h7xx_dualcore_boot_cm4_cm7.c ****   /* Reset PLLCFGR register */
 231:../../Common/Src/system_stm32h7xx_dualcore_boot_cm4_cm7.c ****   RCC->PLLCFGR = 0x01FF0000;
 232:../../Common/Src/system_stm32h7xx_dualcore_boot_cm4_cm7.c ****   /* Reset PLL1DIVR register */
 233:../../Common/Src/system_stm32h7xx_dualcore_boot_cm4_cm7.c ****   RCC->PLL1DIVR = 0x01010280;
 234:../../Common/Src/system_stm32h7xx_dualcore_boot_cm4_cm7.c ****   /* Reset PLL1FRACR register */
 235:../../Common/Src/system_stm32h7xx_dualcore_boot_cm4_cm7.c ****   RCC->PLL1FRACR = 0x00000000;
 236:../../Common/Src/system_stm32h7xx_dualcore_boot_cm4_cm7.c **** 
 237:../../Common/Src/system_stm32h7xx_dualcore_boot_cm4_cm7.c ****   /* Reset PLL2DIVR register */
 238:../../Common/Src/system_stm32h7xx_dualcore_boot_cm4_cm7.c ****   RCC->PLL2DIVR = 0x01010280;
 239:../../Common/Src/system_stm32h7xx_dualcore_boot_cm4_cm7.c **** 
 240:../../Common/Src/system_stm32h7xx_dualcore_boot_cm4_cm7.c ****   /* Reset PLL2FRACR register */
 241:../../Common/Src/system_stm32h7xx_dualcore_boot_cm4_cm7.c **** 
 242:../../Common/Src/system_stm32h7xx_dualcore_boot_cm4_cm7.c ****   RCC->PLL2FRACR = 0x00000000;
 243:../../Common/Src/system_stm32h7xx_dualcore_boot_cm4_cm7.c ****   /* Reset PLL3DIVR register */
 244:../../Common/Src/system_stm32h7xx_dualcore_boot_cm4_cm7.c ****   RCC->PLL3DIVR = 0x01010280;
 245:../../Common/Src/system_stm32h7xx_dualcore_boot_cm4_cm7.c **** 
 246:../../Common/Src/system_stm32h7xx_dualcore_boot_cm4_cm7.c ****   /* Reset PLL3FRACR register */
 247:../../Common/Src/system_stm32h7xx_dualcore_boot_cm4_cm7.c ****   RCC->PLL3FRACR = 0x00000000;
 248:../../Common/Src/system_stm32h7xx_dualcore_boot_cm4_cm7.c **** 
ARM GAS  /var/folders/2r/mdtt8xvd351gdc398t28_m2m0000gn/T//ccVGuQSD.s 			page 6


 249:../../Common/Src/system_stm32h7xx_dualcore_boot_cm4_cm7.c ****   /* Reset HSEBYP bit */
 250:../../Common/Src/system_stm32h7xx_dualcore_boot_cm4_cm7.c ****   RCC->CR &= 0xFFFBFFFFU;
 251:../../Common/Src/system_stm32h7xx_dualcore_boot_cm4_cm7.c **** 
 252:../../Common/Src/system_stm32h7xx_dualcore_boot_cm4_cm7.c ****   /* Disable all interrupts */
 253:../../Common/Src/system_stm32h7xx_dualcore_boot_cm4_cm7.c ****   RCC->CIER = 0x00000000;
 254:../../Common/Src/system_stm32h7xx_dualcore_boot_cm4_cm7.c **** 
 255:../../Common/Src/system_stm32h7xx_dualcore_boot_cm4_cm7.c ****   /* Enable CortexM7 HSEM EXTI line (line 78)*/
 256:../../Common/Src/system_stm32h7xx_dualcore_boot_cm4_cm7.c ****   EXTI_D2->EMR3 |= 0x4000UL;
 257:../../Common/Src/system_stm32h7xx_dualcore_boot_cm4_cm7.c **** 
 258:../../Common/Src/system_stm32h7xx_dualcore_boot_cm4_cm7.c ****   if((DBGMCU->IDCODE & 0xFFFF0000U) < 0x20000000U)
 259:../../Common/Src/system_stm32h7xx_dualcore_boot_cm4_cm7.c ****   {
 260:../../Common/Src/system_stm32h7xx_dualcore_boot_cm4_cm7.c ****     /* if stm32h7 revY*/
 261:../../Common/Src/system_stm32h7xx_dualcore_boot_cm4_cm7.c ****     /* Change  the switch matrix read issuing capability to 1 for the AXI SRAM target (Target 7) */
 262:../../Common/Src/system_stm32h7xx_dualcore_boot_cm4_cm7.c ****     *((__IO uint32_t*)0x51008108) = 0x000000001U;
 263:../../Common/Src/system_stm32h7xx_dualcore_boot_cm4_cm7.c ****   }
 264:../../Common/Src/system_stm32h7xx_dualcore_boot_cm4_cm7.c **** 
 265:../../Common/Src/system_stm32h7xx_dualcore_boot_cm4_cm7.c **** #endif /* CORE_CM7*/
 266:../../Common/Src/system_stm32h7xx_dualcore_boot_cm4_cm7.c **** 
 267:../../Common/Src/system_stm32h7xx_dualcore_boot_cm4_cm7.c **** #if defined(CORE_CM4)
 268:../../Common/Src/system_stm32h7xx_dualcore_boot_cm4_cm7.c ****   /* Configure the Vector Table location add offset address for cortex-M4 ------------------*/
 269:../../Common/Src/system_stm32h7xx_dualcore_boot_cm4_cm7.c **** #if defined(USER_VECT_TAB_ADDRESS)
 270:../../Common/Src/system_stm32h7xx_dualcore_boot_cm4_cm7.c ****   SCB->VTOR = VECT_TAB_BASE_ADDRESS | VECT_TAB_OFFSET; /* Vector Table Relocation in Internal D2 AX
 271:../../Common/Src/system_stm32h7xx_dualcore_boot_cm4_cm7.c **** #endif /* USER_VECT_TAB_ADDRESS */
 272:../../Common/Src/system_stm32h7xx_dualcore_boot_cm4_cm7.c **** 
 273:../../Common/Src/system_stm32h7xx_dualcore_boot_cm4_cm7.c **** #elif defined(CORE_CM7)
 274:../../Common/Src/system_stm32h7xx_dualcore_boot_cm4_cm7.c ****   if(READ_BIT(RCC->AHB3ENR, RCC_AHB3ENR_FMCEN) == 0U)
 275:../../Common/Src/system_stm32h7xx_dualcore_boot_cm4_cm7.c ****   {
 276:../../Common/Src/system_stm32h7xx_dualcore_boot_cm4_cm7.c ****     /* Enable the FMC interface clock */
 277:../../Common/Src/system_stm32h7xx_dualcore_boot_cm4_cm7.c ****     SET_BIT(RCC->AHB3ENR, RCC_AHB3ENR_FMCEN);
 278:../../Common/Src/system_stm32h7xx_dualcore_boot_cm4_cm7.c **** 
 279:../../Common/Src/system_stm32h7xx_dualcore_boot_cm4_cm7.c ****     /*
 280:../../Common/Src/system_stm32h7xx_dualcore_boot_cm4_cm7.c ****      * Disable the FMC bank1 (enabled after reset).
 281:../../Common/Src/system_stm32h7xx_dualcore_boot_cm4_cm7.c ****      * This, prevents CPU speculation access on this bank which blocks the use of FMC during
 282:../../Common/Src/system_stm32h7xx_dualcore_boot_cm4_cm7.c ****      * 24us. During this time the others FMC master (such as LTDC) cannot use it!
 283:../../Common/Src/system_stm32h7xx_dualcore_boot_cm4_cm7.c ****      */
 284:../../Common/Src/system_stm32h7xx_dualcore_boot_cm4_cm7.c ****     FMC_Bank1_R->BTCR[0] = 0x000030D2;
 285:../../Common/Src/system_stm32h7xx_dualcore_boot_cm4_cm7.c **** 
 286:../../Common/Src/system_stm32h7xx_dualcore_boot_cm4_cm7.c ****     /* Disable the FMC interface clock */
 287:../../Common/Src/system_stm32h7xx_dualcore_boot_cm4_cm7.c ****     CLEAR_BIT(RCC->AHB3ENR, RCC_AHB3ENR_FMCEN);
 288:../../Common/Src/system_stm32h7xx_dualcore_boot_cm4_cm7.c ****   }
 289:../../Common/Src/system_stm32h7xx_dualcore_boot_cm4_cm7.c **** 
 290:../../Common/Src/system_stm32h7xx_dualcore_boot_cm4_cm7.c ****   /* Configure the Vector Table location -------------------------------------*/
 291:../../Common/Src/system_stm32h7xx_dualcore_boot_cm4_cm7.c **** #if defined(USER_VECT_TAB_ADDRESS)
 292:../../Common/Src/system_stm32h7xx_dualcore_boot_cm4_cm7.c ****   SCB->VTOR = VECT_TAB_BASE_ADDRESS | VECT_TAB_OFFSET; /* Vector Table Relocation in Internal D1 AX
 293:../../Common/Src/system_stm32h7xx_dualcore_boot_cm4_cm7.c **** #endif /* USER_VECT_TAB_ADDRESS */
 294:../../Common/Src/system_stm32h7xx_dualcore_boot_cm4_cm7.c **** 
 295:../../Common/Src/system_stm32h7xx_dualcore_boot_cm4_cm7.c **** #else
 296:../../Common/Src/system_stm32h7xx_dualcore_boot_cm4_cm7.c **** #error Please #define CORE_CM4 or CORE_CM7
 297:../../Common/Src/system_stm32h7xx_dualcore_boot_cm4_cm7.c **** #endif /* CORE_CM4 */
 298:../../Common/Src/system_stm32h7xx_dualcore_boot_cm4_cm7.c **** }
  39              		.loc 1 298 1 view .LVU4
  40 000a 7047     		bx	lr
  41              	.L3:
  42              		.align	2
  43              	.L2:
  44 000c 00ED00E0 		.word	-536810240
  45              		.cfi_endproc
ARM GAS  /var/folders/2r/mdtt8xvd351gdc398t28_m2m0000gn/T//ccVGuQSD.s 			page 7


  46              	.LFE132:
  48              		.section	.text.SystemCoreClockUpdate,"ax",%progbits
  49              		.align	1
  50              		.global	SystemCoreClockUpdate
  51              		.syntax unified
  52              		.thumb
  53              		.thumb_func
  55              	SystemCoreClockUpdate:
  56              	.LFB133:
 299:../../Common/Src/system_stm32h7xx_dualcore_boot_cm4_cm7.c **** 
 300:../../Common/Src/system_stm32h7xx_dualcore_boot_cm4_cm7.c **** /**
 301:../../Common/Src/system_stm32h7xx_dualcore_boot_cm4_cm7.c ****   * @brief  Update SystemCoreClock variable according to Clock Register Values.
 302:../../Common/Src/system_stm32h7xx_dualcore_boot_cm4_cm7.c ****   *         The SystemCoreClock variable contains the core clock , it can
 303:../../Common/Src/system_stm32h7xx_dualcore_boot_cm4_cm7.c ****   *         be used by the user application to setup the SysTick timer or configure
 304:../../Common/Src/system_stm32h7xx_dualcore_boot_cm4_cm7.c ****   *         other parameters.
 305:../../Common/Src/system_stm32h7xx_dualcore_boot_cm4_cm7.c ****   *
 306:../../Common/Src/system_stm32h7xx_dualcore_boot_cm4_cm7.c ****   * @note   Each time the core clock changes, this function must be called
 307:../../Common/Src/system_stm32h7xx_dualcore_boot_cm4_cm7.c ****   *         to update SystemCoreClock variable value. Otherwise, any configuration
 308:../../Common/Src/system_stm32h7xx_dualcore_boot_cm4_cm7.c ****   *         based on this variable will be incorrect.
 309:../../Common/Src/system_stm32h7xx_dualcore_boot_cm4_cm7.c ****   *
 310:../../Common/Src/system_stm32h7xx_dualcore_boot_cm4_cm7.c ****   * @note   - The system frequency computed by this function is not the real
 311:../../Common/Src/system_stm32h7xx_dualcore_boot_cm4_cm7.c ****   *           frequency in the chip. It is calculated based on the predefined
 312:../../Common/Src/system_stm32h7xx_dualcore_boot_cm4_cm7.c ****   *           constant and the selected clock source:
 313:../../Common/Src/system_stm32h7xx_dualcore_boot_cm4_cm7.c ****   *
 314:../../Common/Src/system_stm32h7xx_dualcore_boot_cm4_cm7.c ****   *           - If SYSCLK source is CSI, SystemCoreClock will contain the CSI_VALUE(*)
 315:../../Common/Src/system_stm32h7xx_dualcore_boot_cm4_cm7.c ****   *           - If SYSCLK source is HSI, SystemCoreClock will contain the HSI_VALUE(**)
 316:../../Common/Src/system_stm32h7xx_dualcore_boot_cm4_cm7.c ****   *           - If SYSCLK source is HSE, SystemCoreClock will contain the HSE_VALUE(***)
 317:../../Common/Src/system_stm32h7xx_dualcore_boot_cm4_cm7.c ****   *           - If SYSCLK source is PLL, SystemCoreClock will contain the CSI_VALUE(*),
 318:../../Common/Src/system_stm32h7xx_dualcore_boot_cm4_cm7.c ****   *             HSI_VALUE(**) or HSE_VALUE(***) multiplied/divided by the PLL factors.
 319:../../Common/Src/system_stm32h7xx_dualcore_boot_cm4_cm7.c ****   *
 320:../../Common/Src/system_stm32h7xx_dualcore_boot_cm4_cm7.c ****   *         (*) CSI_VALUE is a constant defined in stm32h7xx_hal.h file (default value
 321:../../Common/Src/system_stm32h7xx_dualcore_boot_cm4_cm7.c ****   *             4 MHz) but the real value may vary depending on the variations
 322:../../Common/Src/system_stm32h7xx_dualcore_boot_cm4_cm7.c ****   *             in voltage and temperature.
 323:../../Common/Src/system_stm32h7xx_dualcore_boot_cm4_cm7.c ****   *         (**) HSI_VALUE is a constant defined in stm32h7xx_hal.h file (default value
 324:../../Common/Src/system_stm32h7xx_dualcore_boot_cm4_cm7.c ****   *             64 MHz) but the real value may vary depending on the variations
 325:../../Common/Src/system_stm32h7xx_dualcore_boot_cm4_cm7.c ****   *             in voltage and temperature.
 326:../../Common/Src/system_stm32h7xx_dualcore_boot_cm4_cm7.c ****   *
 327:../../Common/Src/system_stm32h7xx_dualcore_boot_cm4_cm7.c ****   *         (***)HSE_VALUE is a constant defined in stm32h7xx_hal.h file (default value
 328:../../Common/Src/system_stm32h7xx_dualcore_boot_cm4_cm7.c ****   *              25 MHz), user has to ensure that HSE_VALUE is same as the real
 329:../../Common/Src/system_stm32h7xx_dualcore_boot_cm4_cm7.c ****   *              frequency of the crystal used. Otherwise, this function may
 330:../../Common/Src/system_stm32h7xx_dualcore_boot_cm4_cm7.c ****   *              have wrong result.
 331:../../Common/Src/system_stm32h7xx_dualcore_boot_cm4_cm7.c ****   *
 332:../../Common/Src/system_stm32h7xx_dualcore_boot_cm4_cm7.c ****   *         - The result of this function could be not correct when using fractional
 333:../../Common/Src/system_stm32h7xx_dualcore_boot_cm4_cm7.c ****   *           value for HSE crystal.
 334:../../Common/Src/system_stm32h7xx_dualcore_boot_cm4_cm7.c ****   * @param  None
 335:../../Common/Src/system_stm32h7xx_dualcore_boot_cm4_cm7.c ****   * @retval None
 336:../../Common/Src/system_stm32h7xx_dualcore_boot_cm4_cm7.c ****   */
 337:../../Common/Src/system_stm32h7xx_dualcore_boot_cm4_cm7.c **** void SystemCoreClockUpdate (void)
 338:../../Common/Src/system_stm32h7xx_dualcore_boot_cm4_cm7.c **** {
  57              		.loc 1 338 1 is_stmt 1 view -0
  58              		.cfi_startproc
  59              		@ args = 0, pretend = 0, frame = 0
  60              		@ frame_needed = 0, uses_anonymous_args = 0
  61 0000 F8B5     		push	{r3, r4, r5, r6, r7, lr}
  62              	.LCFI0:
  63              		.cfi_def_cfa_offset 24
  64              		.cfi_offset 3, -24
ARM GAS  /var/folders/2r/mdtt8xvd351gdc398t28_m2m0000gn/T//ccVGuQSD.s 			page 8


  65              		.cfi_offset 4, -20
  66              		.cfi_offset 5, -16
  67              		.cfi_offset 6, -12
  68              		.cfi_offset 7, -8
  69              		.cfi_offset 14, -4
 339:../../Common/Src/system_stm32h7xx_dualcore_boot_cm4_cm7.c ****   uint32_t pllp, pllsource, pllm, pllfracen, hsivalue, tmp;
  70              		.loc 1 339 3 view .LVU6
 340:../../Common/Src/system_stm32h7xx_dualcore_boot_cm4_cm7.c ****   uint32_t common_system_clock;
  71              		.loc 1 340 3 view .LVU7
 341:../../Common/Src/system_stm32h7xx_dualcore_boot_cm4_cm7.c ****   float_t fracn1, pllvco;
  72              		.loc 1 341 3 view .LVU8
 342:../../Common/Src/system_stm32h7xx_dualcore_boot_cm4_cm7.c **** 
 343:../../Common/Src/system_stm32h7xx_dualcore_boot_cm4_cm7.c ****   /* Get SYSCLK source -------------------------------------------------------*/
 344:../../Common/Src/system_stm32h7xx_dualcore_boot_cm4_cm7.c **** 
 345:../../Common/Src/system_stm32h7xx_dualcore_boot_cm4_cm7.c ****   switch (RCC->CFGR & RCC_CFGR_SWS)
  73              		.loc 1 345 3 view .LVU9
  74              		.loc 1 345 14 is_stmt 0 view .LVU10
  75 0002 7B4B     		ldr	r3, .L17
  76 0004 1B69     		ldr	r3, [r3, #16]
  77              		.loc 1 345 21 view .LVU11
  78 0006 03F03803 		and	r3, r3, #56
  79              		.loc 1 345 3 view .LVU12
  80 000a 102B     		cmp	r3, #16
  81 000c 00F0EE80 		beq	.L14
  82 0010 06D8     		bhi	.L6
  83 0012 002B     		cmp	r3, #0
  84 0014 5BD0     		beq	.L7
  85 0016 082B     		cmp	r3, #8
  86 0018 40F0E180 		bne	.L8
  87 001c 754C     		ldr	r4, .L17+4
  88 001e 5CE0     		b	.L5
  89              	.L6:
  90 0020 182B     		cmp	r3, #24
  91 0022 40F0DC80 		bne	.L8
 346:../../Common/Src/system_stm32h7xx_dualcore_boot_cm4_cm7.c ****   {
 347:../../Common/Src/system_stm32h7xx_dualcore_boot_cm4_cm7.c ****   case RCC_CFGR_SWS_HSI:  /* HSI used as system clock source */
 348:../../Common/Src/system_stm32h7xx_dualcore_boot_cm4_cm7.c ****     common_system_clock = (uint32_t) (HSI_VALUE >> ((RCC->CR & RCC_CR_HSIDIV)>> 3));
 349:../../Common/Src/system_stm32h7xx_dualcore_boot_cm4_cm7.c ****     break;
 350:../../Common/Src/system_stm32h7xx_dualcore_boot_cm4_cm7.c **** 
 351:../../Common/Src/system_stm32h7xx_dualcore_boot_cm4_cm7.c ****   case RCC_CFGR_SWS_CSI:  /* CSI used as system clock  source */
 352:../../Common/Src/system_stm32h7xx_dualcore_boot_cm4_cm7.c ****     common_system_clock = CSI_VALUE;
 353:../../Common/Src/system_stm32h7xx_dualcore_boot_cm4_cm7.c ****     break;
 354:../../Common/Src/system_stm32h7xx_dualcore_boot_cm4_cm7.c **** 
 355:../../Common/Src/system_stm32h7xx_dualcore_boot_cm4_cm7.c ****   case RCC_CFGR_SWS_HSE:  /* HSE used as system clock  source */
 356:../../Common/Src/system_stm32h7xx_dualcore_boot_cm4_cm7.c ****     common_system_clock = HSE_VALUE;
 357:../../Common/Src/system_stm32h7xx_dualcore_boot_cm4_cm7.c ****     break;
 358:../../Common/Src/system_stm32h7xx_dualcore_boot_cm4_cm7.c **** 
 359:../../Common/Src/system_stm32h7xx_dualcore_boot_cm4_cm7.c ****   case RCC_CFGR_SWS_PLL1:  /* PLL1 used as system clock  source */
 360:../../Common/Src/system_stm32h7xx_dualcore_boot_cm4_cm7.c **** 
 361:../../Common/Src/system_stm32h7xx_dualcore_boot_cm4_cm7.c ****     /* PLL_VCO = (HSE_VALUE or HSI_VALUE or CSI_VALUE/ PLLM) * PLLN
 362:../../Common/Src/system_stm32h7xx_dualcore_boot_cm4_cm7.c ****     SYSCLK = PLL_VCO / PLLR
 363:../../Common/Src/system_stm32h7xx_dualcore_boot_cm4_cm7.c ****     */
 364:../../Common/Src/system_stm32h7xx_dualcore_boot_cm4_cm7.c ****     pllsource = (RCC->PLLCKSELR & RCC_PLLCKSELR_PLLSRC);
  92              		.loc 1 364 5 is_stmt 1 view .LVU13
  93              		.loc 1 364 21 is_stmt 0 view .LVU14
  94 0026 724B     		ldr	r3, .L17
  95 0028 9A6A     		ldr	r2, [r3, #40]
ARM GAS  /var/folders/2r/mdtt8xvd351gdc398t28_m2m0000gn/T//ccVGuQSD.s 			page 9


  96              		.loc 1 364 15 view .LVU15
  97 002a 02F00306 		and	r6, r2, #3
  98              	.LVL0:
 365:../../Common/Src/system_stm32h7xx_dualcore_boot_cm4_cm7.c ****     pllm = ((RCC->PLLCKSELR & RCC_PLLCKSELR_DIVM1)>> 4)  ;
  99              		.loc 1 365 5 is_stmt 1 view .LVU16
 100              		.loc 1 365 17 is_stmt 0 view .LVU17
 101 002e 9C6A     		ldr	r4, [r3, #40]
 102              		.loc 1 365 10 view .LVU18
 103 0030 C4F30514 		ubfx	r4, r4, #4, #6
 104              	.LVL1:
 366:../../Common/Src/system_stm32h7xx_dualcore_boot_cm4_cm7.c ****     pllfracen = ((RCC->PLLCFGR & RCC_PLLCFGR_PLL1FRACEN)>>RCC_PLLCFGR_PLL1FRACEN_Pos);
 105              		.loc 1 366 5 is_stmt 1 view .LVU19
 106              		.loc 1 366 22 is_stmt 0 view .LVU20
 107 0034 D86A     		ldr	r0, [r3, #44]
 108              		.loc 1 366 15 view .LVU21
 109 0036 00F00100 		and	r0, r0, #1
 110              	.LVL2:
 367:../../Common/Src/system_stm32h7xx_dualcore_boot_cm4_cm7.c ****     fracn1 = (float_t)(uint32_t)(pllfracen* ((RCC->PLL1FRACR & RCC_PLL1FRACR_FRACN1)>> 3));
 111              		.loc 1 367 5 is_stmt 1 view .LVU22
 112              		.loc 1 367 50 is_stmt 0 view .LVU23
 113 003a 5B6B     		ldr	r3, [r3, #52]
 114              		.loc 1 367 85 view .LVU24
 115 003c C3F3CC03 		ubfx	r3, r3, #3, #13
 116              		.loc 1 367 12 view .LVU25
 117 0040 03FB00F0 		mul	r0, r3, r0
 118              	.LVL3:
 119              		.loc 1 367 12 view .LVU26
 120 0044 FFF7FEFF 		bl	__aeabi_ui2f
 121              	.LVL4:
 122 0048 0546     		mov	r5, r0
 123 004a 0746     		mov	r7, r0
 124              	.LVL5:
 368:../../Common/Src/system_stm32h7xx_dualcore_boot_cm4_cm7.c **** 
 369:../../Common/Src/system_stm32h7xx_dualcore_boot_cm4_cm7.c ****     if (pllm != 0U)
 125              		.loc 1 369 5 is_stmt 1 view .LVU27
 126              		.loc 1 369 8 is_stmt 0 view .LVU28
 127 004c 002C     		cmp	r4, #0
 128 004e 44D0     		beq	.L5
 370:../../Common/Src/system_stm32h7xx_dualcore_boot_cm4_cm7.c ****     {
 371:../../Common/Src/system_stm32h7xx_dualcore_boot_cm4_cm7.c ****       switch (pllsource)
 129              		.loc 1 371 7 is_stmt 1 view .LVU29
 130 0050 012E     		cmp	r6, #1
 131 0052 56D0     		beq	.L10
 132 0054 022E     		cmp	r6, #2
 133 0056 76D0     		beq	.L11
 134 0058 002E     		cmp	r6, #0
 135 005a 40F09680 		bne	.L12
 372:../../Common/Src/system_stm32h7xx_dualcore_boot_cm4_cm7.c ****       {
 373:../../Common/Src/system_stm32h7xx_dualcore_boot_cm4_cm7.c ****         case RCC_PLLCKSELR_PLLSRC_HSI:  /* HSI used as PLL clock source */
 374:../../Common/Src/system_stm32h7xx_dualcore_boot_cm4_cm7.c **** 
 375:../../Common/Src/system_stm32h7xx_dualcore_boot_cm4_cm7.c ****         hsivalue = (HSI_VALUE >> ((RCC->CR & RCC_CR_HSIDIV)>> 3)) ;
 136              		.loc 1 375 9 view .LVU30
 137              		.loc 1 375 39 is_stmt 0 view .LVU31
 138 005e 644E     		ldr	r6, .L17
 139              	.LVL6:
 140              		.loc 1 375 39 view .LVU32
 141 0060 3368     		ldr	r3, [r6]
ARM GAS  /var/folders/2r/mdtt8xvd351gdc398t28_m2m0000gn/T//ccVGuQSD.s 			page 10


 142              		.loc 1 375 60 view .LVU33
 143 0062 C3F3C103 		ubfx	r3, r3, #3, #2
 144              	.LVL7:
 376:../../Common/Src/system_stm32h7xx_dualcore_boot_cm4_cm7.c ****         pllvco = ( (float_t)hsivalue / (float_t)pllm) * ((float_t)(uint32_t)(RCC->PLL1DIVR & RCC_PL
 145              		.loc 1 376 9 is_stmt 1 view .LVU34
 146              		.loc 1 376 20 is_stmt 0 view .LVU35
 147 0066 6448     		ldr	r0, .L17+8
 148              	.LVL8:
 149              		.loc 1 376 20 view .LVU36
 150 0068 D840     		lsrs	r0, r0, r3
 151              	.LVL9:
 152              		.loc 1 376 20 view .LVU37
 153 006a FFF7FEFF 		bl	__aeabi_ui2f
 154              	.LVL10:
 155              		.loc 1 376 20 view .LVU38
 156 006e 0746     		mov	r7, r0
 157              		.loc 1 376 40 view .LVU39
 158 0070 2046     		mov	r0, r4
 159 0072 FFF7FEFF 		bl	__aeabi_ui2f
 160              	.LVL11:
 161 0076 0146     		mov	r1, r0
 162              		.loc 1 376 38 view .LVU40
 163 0078 3846     		mov	r0, r7
 164 007a FFF7FEFF 		bl	__aeabi_fdiv
 165              	.LVL12:
 166 007e 0446     		mov	r4, r0
 167              	.LVL13:
 168              		.loc 1 376 81 view .LVU41
 169 0080 306B     		ldr	r0, [r6, #48]
 170              		.loc 1 376 58 view .LVU42
 171 0082 C0F30800 		ubfx	r0, r0, #0, #9
 172 0086 FFF7FEFF 		bl	__aeabi_ui2f
 173              	.LVL14:
 174 008a 0646     		mov	r6, r0
 175              		.loc 1 376 120 view .LVU43
 176 008c 4FF06451 		mov	r1, #956301312
 177 0090 2846     		mov	r0, r5
 178 0092 FFF7FEFF 		bl	__aeabi_fmul
 179              	.LVL15:
 180 0096 0146     		mov	r1, r0
 181              		.loc 1 376 111 view .LVU44
 182 0098 3046     		mov	r0, r6
 183 009a FFF7FEFF 		bl	__aeabi_fadd
 184              	.LVL16:
 185              		.loc 1 376 138 view .LVU45
 186 009e 4FF07E51 		mov	r1, #1065353216
 187 00a2 FFF7FEFF 		bl	__aeabi_fadd
 188              	.LVL17:
 189 00a6 0146     		mov	r1, r0
 190              		.loc 1 376 16 view .LVU46
 191 00a8 2046     		mov	r0, r4
 192 00aa FFF7FEFF 		bl	__aeabi_fmul
 193              	.LVL18:
 194 00ae 0446     		mov	r4, r0
 195              	.LVL19:
 377:../../Common/Src/system_stm32h7xx_dualcore_boot_cm4_cm7.c **** 
 378:../../Common/Src/system_stm32h7xx_dualcore_boot_cm4_cm7.c ****         break;
ARM GAS  /var/folders/2r/mdtt8xvd351gdc398t28_m2m0000gn/T//ccVGuQSD.s 			page 11


 196              		.loc 1 378 9 is_stmt 1 view .LVU47
 197              	.L13:
 379:../../Common/Src/system_stm32h7xx_dualcore_boot_cm4_cm7.c **** 
 380:../../Common/Src/system_stm32h7xx_dualcore_boot_cm4_cm7.c ****         case RCC_PLLCKSELR_PLLSRC_CSI:  /* CSI used as PLL clock source */
 381:../../Common/Src/system_stm32h7xx_dualcore_boot_cm4_cm7.c ****           pllvco = ((float_t)CSI_VALUE / (float_t)pllm) * ((float_t)(uint32_t)(RCC->PLL1DIVR & RCC_
 382:../../Common/Src/system_stm32h7xx_dualcore_boot_cm4_cm7.c ****         break;
 383:../../Common/Src/system_stm32h7xx_dualcore_boot_cm4_cm7.c **** 
 384:../../Common/Src/system_stm32h7xx_dualcore_boot_cm4_cm7.c ****         case RCC_PLLCKSELR_PLLSRC_HSE:  /* HSE used as PLL clock source */
 385:../../Common/Src/system_stm32h7xx_dualcore_boot_cm4_cm7.c ****           pllvco = ((float_t)HSE_VALUE / (float_t)pllm) * ((float_t)(uint32_t)(RCC->PLL1DIVR & RCC_
 386:../../Common/Src/system_stm32h7xx_dualcore_boot_cm4_cm7.c ****         break;
 387:../../Common/Src/system_stm32h7xx_dualcore_boot_cm4_cm7.c **** 
 388:../../Common/Src/system_stm32h7xx_dualcore_boot_cm4_cm7.c ****       default:
 389:../../Common/Src/system_stm32h7xx_dualcore_boot_cm4_cm7.c ****           hsivalue = (HSI_VALUE >> ((RCC->CR & RCC_CR_HSIDIV)>> 3)) ;
 390:../../Common/Src/system_stm32h7xx_dualcore_boot_cm4_cm7.c ****           pllvco = ((float_t)hsivalue / (float_t)pllm) * ((float_t)(uint32_t)(RCC->PLL1DIVR & RCC_P
 391:../../Common/Src/system_stm32h7xx_dualcore_boot_cm4_cm7.c ****         break;
 392:../../Common/Src/system_stm32h7xx_dualcore_boot_cm4_cm7.c ****       }
 393:../../Common/Src/system_stm32h7xx_dualcore_boot_cm4_cm7.c ****       pllp = (((RCC->PLL1DIVR & RCC_PLL1DIVR_P1) >>9) + 1U ) ;
 198              		.loc 1 393 7 view .LVU48
 199              		.loc 1 393 20 is_stmt 0 view .LVU49
 200 00b0 4F4B     		ldr	r3, .L17
 201 00b2 186B     		ldr	r0, [r3, #48]
 202              	.LVL20:
 203              		.loc 1 393 50 view .LVU50
 204 00b4 C0F34620 		ubfx	r0, r0, #9, #7
 205              	.LVL21:
 394:../../Common/Src/system_stm32h7xx_dualcore_boot_cm4_cm7.c ****       common_system_clock =  (uint32_t)(float_t)(pllvco/(float_t)pllp);
 206              		.loc 1 394 7 is_stmt 1 view .LVU51
 207              		.loc 1 394 57 is_stmt 0 view .LVU52
 208 00b8 0130     		adds	r0, r0, #1
 209              	.LVL22:
 210              		.loc 1 394 57 view .LVU53
 211 00ba FFF7FEFF 		bl	__aeabi_ui2f
 212              	.LVL23:
 213              		.loc 1 394 57 view .LVU54
 214 00be 0146     		mov	r1, r0
 215              		.loc 1 394 40 view .LVU55
 216 00c0 2046     		mov	r0, r4
 217 00c2 FFF7FEFF 		bl	__aeabi_fdiv
 218              	.LVL24:
 219              		.loc 1 394 27 view .LVU56
 220 00c6 FFF7FEFF 		bl	__aeabi_f2uiz
 221              	.LVL25:
 222 00ca 0446     		mov	r4, r0
 223              	.LVL26:
 224              		.loc 1 394 27 view .LVU57
 225 00cc 05E0     		b	.L5
 226              	.LVL27:
 227              	.L7:
 348:../../Common/Src/system_stm32h7xx_dualcore_boot_cm4_cm7.c ****     break;
 228              		.loc 1 348 5 is_stmt 1 view .LVU58
 348:../../Common/Src/system_stm32h7xx_dualcore_boot_cm4_cm7.c ****     break;
 229              		.loc 1 348 57 is_stmt 0 view .LVU59
 230 00ce 484B     		ldr	r3, .L17
 231 00d0 1B68     		ldr	r3, [r3]
 348:../../Common/Src/system_stm32h7xx_dualcore_boot_cm4_cm7.c ****     break;
 232              		.loc 1 348 78 view .LVU60
 233 00d2 C3F3C103 		ubfx	r3, r3, #3, #2
ARM GAS  /var/folders/2r/mdtt8xvd351gdc398t28_m2m0000gn/T//ccVGuQSD.s 			page 12


 348:../../Common/Src/system_stm32h7xx_dualcore_boot_cm4_cm7.c ****     break;
 234              		.loc 1 348 25 view .LVU61
 235 00d6 484C     		ldr	r4, .L17+8
 236 00d8 DC40     		lsrs	r4, r4, r3
 237              	.LVL28:
 349:../../Common/Src/system_stm32h7xx_dualcore_boot_cm4_cm7.c **** 
 238              		.loc 1 349 5 is_stmt 1 view .LVU62
 239              	.L5:
 395:../../Common/Src/system_stm32h7xx_dualcore_boot_cm4_cm7.c ****     }
 396:../../Common/Src/system_stm32h7xx_dualcore_boot_cm4_cm7.c ****     else
 397:../../Common/Src/system_stm32h7xx_dualcore_boot_cm4_cm7.c ****     {
 398:../../Common/Src/system_stm32h7xx_dualcore_boot_cm4_cm7.c ****       common_system_clock = 0U;
 399:../../Common/Src/system_stm32h7xx_dualcore_boot_cm4_cm7.c ****     }
 400:../../Common/Src/system_stm32h7xx_dualcore_boot_cm4_cm7.c ****     break;
 401:../../Common/Src/system_stm32h7xx_dualcore_boot_cm4_cm7.c **** 
 402:../../Common/Src/system_stm32h7xx_dualcore_boot_cm4_cm7.c ****   default:
 403:../../Common/Src/system_stm32h7xx_dualcore_boot_cm4_cm7.c ****     common_system_clock = (uint32_t) (HSI_VALUE >> ((RCC->CR & RCC_CR_HSIDIV)>> 3));
 404:../../Common/Src/system_stm32h7xx_dualcore_boot_cm4_cm7.c ****     break;
 405:../../Common/Src/system_stm32h7xx_dualcore_boot_cm4_cm7.c ****   }
 406:../../Common/Src/system_stm32h7xx_dualcore_boot_cm4_cm7.c **** 
 407:../../Common/Src/system_stm32h7xx_dualcore_boot_cm4_cm7.c ****   /* Compute SystemClock frequency --------------------------------------------------*/
 408:../../Common/Src/system_stm32h7xx_dualcore_boot_cm4_cm7.c ****   tmp = D1CorePrescTable[(RCC->D1CFGR & RCC_D1CFGR_D1CPRE)>> RCC_D1CFGR_D1CPRE_Pos];
 240              		.loc 1 408 3 view .LVU63
 241              		.loc 1 408 30 is_stmt 0 view .LVU64
 242 00da 4549     		ldr	r1, .L17
 243 00dc 8B69     		ldr	r3, [r1, #24]
 244              		.loc 1 408 59 view .LVU65
 245 00de C3F30323 		ubfx	r3, r3, #8, #4
 246              		.loc 1 408 25 view .LVU66
 247 00e2 464A     		ldr	r2, .L17+12
 248 00e4 D35C     		ldrb	r3, [r2, r3]	@ zero_extendqisi2
 249              	.LVL29:
 409:../../Common/Src/system_stm32h7xx_dualcore_boot_cm4_cm7.c **** 
 410:../../Common/Src/system_stm32h7xx_dualcore_boot_cm4_cm7.c ****   /* common_system_clock frequency : CM7 CPU frequency  */
 411:../../Common/Src/system_stm32h7xx_dualcore_boot_cm4_cm7.c ****   common_system_clock >>= tmp;
 250              		.loc 1 411 3 is_stmt 1 view .LVU67
 251              		.loc 1 411 23 is_stmt 0 view .LVU68
 252 00e6 24FA03F0 		lsr	r0, r4, r3
 253              	.LVL30:
 412:../../Common/Src/system_stm32h7xx_dualcore_boot_cm4_cm7.c **** 
 413:../../Common/Src/system_stm32h7xx_dualcore_boot_cm4_cm7.c ****   /* SystemD2Clock frequency : CM4 CPU, AXI and AHBs Clock frequency  */
 414:../../Common/Src/system_stm32h7xx_dualcore_boot_cm4_cm7.c ****   SystemD2Clock = (common_system_clock >> ((D1CorePrescTable[(RCC->D1CFGR & RCC_D1CFGR_HPRE)>> RCC_
 254              		.loc 1 414 3 is_stmt 1 view .LVU69
 255              		.loc 1 414 66 is_stmt 0 view .LVU70
 256 00ea 8B69     		ldr	r3, [r1, #24]
 257              	.LVL31:
 258              		.loc 1 414 93 view .LVU71
 259 00ec 03F00F03 		and	r3, r3, #15
 260              		.loc 1 414 61 view .LVU72
 261 00f0 D35C     		ldrb	r3, [r2, r3]	@ zero_extendqisi2
 262              		.loc 1 414 118 view .LVU73
 263 00f2 03F01F03 		and	r3, r3, #31
 264              		.loc 1 414 40 view .LVU74
 265 00f6 D840     		lsrs	r0, r0, r3
 266              	.LVL32:
 267              		.loc 1 414 17 view .LVU75
 268 00f8 414B     		ldr	r3, .L17+16
ARM GAS  /var/folders/2r/mdtt8xvd351gdc398t28_m2m0000gn/T//ccVGuQSD.s 			page 13


 269 00fa 1860     		str	r0, [r3]
 415:../../Common/Src/system_stm32h7xx_dualcore_boot_cm4_cm7.c **** 
 416:../../Common/Src/system_stm32h7xx_dualcore_boot_cm4_cm7.c **** #if defined(CORE_CM4)
 417:../../Common/Src/system_stm32h7xx_dualcore_boot_cm4_cm7.c ****   SystemCoreClock = SystemD2Clock;
 270              		.loc 1 417 3 is_stmt 1 view .LVU76
 271              		.loc 1 417 19 is_stmt 0 view .LVU77
 272 00fc 414B     		ldr	r3, .L17+20
 273 00fe 1860     		str	r0, [r3]
 418:../../Common/Src/system_stm32h7xx_dualcore_boot_cm4_cm7.c **** #else
 419:../../Common/Src/system_stm32h7xx_dualcore_boot_cm4_cm7.c ****   SystemCoreClock = common_system_clock;
 420:../../Common/Src/system_stm32h7xx_dualcore_boot_cm4_cm7.c **** #endif /* CORE_CM4 */
 421:../../Common/Src/system_stm32h7xx_dualcore_boot_cm4_cm7.c **** }
 274              		.loc 1 421 1 view .LVU78
 275 0100 F8BD     		pop	{r3, r4, r5, r6, r7, pc}
 276              	.LVL33:
 277              	.L10:
 381:../../Common/Src/system_stm32h7xx_dualcore_boot_cm4_cm7.c ****         break;
 278              		.loc 1 381 11 is_stmt 1 view .LVU79
 381:../../Common/Src/system_stm32h7xx_dualcore_boot_cm4_cm7.c ****         break;
 279              		.loc 1 381 42 is_stmt 0 view .LVU80
 280 0102 2046     		mov	r0, r4
 281              	.LVL34:
 381:../../Common/Src/system_stm32h7xx_dualcore_boot_cm4_cm7.c ****         break;
 282              		.loc 1 381 42 view .LVU81
 283 0104 FFF7FEFF 		bl	__aeabi_ui2f
 284              	.LVL35:
 285 0108 0146     		mov	r1, r0
 381:../../Common/Src/system_stm32h7xx_dualcore_boot_cm4_cm7.c ****         break;
 286              		.loc 1 381 40 view .LVU82
 287 010a 3F48     		ldr	r0, .L17+24
 288 010c FFF7FEFF 		bl	__aeabi_fdiv
 289              	.LVL36:
 290 0110 0446     		mov	r4, r0
 291              	.LVL37:
 381:../../Common/Src/system_stm32h7xx_dualcore_boot_cm4_cm7.c ****         break;
 292              		.loc 1 381 83 view .LVU83
 293 0112 374B     		ldr	r3, .L17
 294 0114 186B     		ldr	r0, [r3, #48]
 381:../../Common/Src/system_stm32h7xx_dualcore_boot_cm4_cm7.c ****         break;
 295              		.loc 1 381 60 view .LVU84
 296 0116 C0F30800 		ubfx	r0, r0, #0, #9
 297 011a FFF7FEFF 		bl	__aeabi_ui2f
 298              	.LVL38:
 299 011e 0546     		mov	r5, r0
 300              	.LVL39:
 381:../../Common/Src/system_stm32h7xx_dualcore_boot_cm4_cm7.c ****         break;
 301              		.loc 1 381 122 view .LVU85
 302 0120 4FF06451 		mov	r1, #956301312
 303 0124 3846     		mov	r0, r7
 304 0126 FFF7FEFF 		bl	__aeabi_fmul
 305              	.LVL40:
 306 012a 0146     		mov	r1, r0
 381:../../Common/Src/system_stm32h7xx_dualcore_boot_cm4_cm7.c ****         break;
 307              		.loc 1 381 113 view .LVU86
 308 012c 2846     		mov	r0, r5
 309 012e FFF7FEFF 		bl	__aeabi_fadd
 310              	.LVL41:
ARM GAS  /var/folders/2r/mdtt8xvd351gdc398t28_m2m0000gn/T//ccVGuQSD.s 			page 14


 381:../../Common/Src/system_stm32h7xx_dualcore_boot_cm4_cm7.c ****         break;
 311              		.loc 1 381 140 view .LVU87
 312 0132 4FF07E51 		mov	r1, #1065353216
 313 0136 FFF7FEFF 		bl	__aeabi_fadd
 314              	.LVL42:
 315 013a 0146     		mov	r1, r0
 381:../../Common/Src/system_stm32h7xx_dualcore_boot_cm4_cm7.c ****         break;
 316              		.loc 1 381 18 view .LVU88
 317 013c 2046     		mov	r0, r4
 318 013e FFF7FEFF 		bl	__aeabi_fmul
 319              	.LVL43:
 320 0142 0446     		mov	r4, r0
 321              	.LVL44:
 382:../../Common/Src/system_stm32h7xx_dualcore_boot_cm4_cm7.c **** 
 322              		.loc 1 382 9 is_stmt 1 view .LVU89
 323 0144 B4E7     		b	.L13
 324              	.LVL45:
 325              	.L11:
 385:../../Common/Src/system_stm32h7xx_dualcore_boot_cm4_cm7.c ****         break;
 326              		.loc 1 385 11 view .LVU90
 385:../../Common/Src/system_stm32h7xx_dualcore_boot_cm4_cm7.c ****         break;
 327              		.loc 1 385 42 is_stmt 0 view .LVU91
 328 0146 2046     		mov	r0, r4
 329              	.LVL46:
 385:../../Common/Src/system_stm32h7xx_dualcore_boot_cm4_cm7.c ****         break;
 330              		.loc 1 385 42 view .LVU92
 331 0148 FFF7FEFF 		bl	__aeabi_ui2f
 332              	.LVL47:
 333 014c 0146     		mov	r1, r0
 385:../../Common/Src/system_stm32h7xx_dualcore_boot_cm4_cm7.c ****         break;
 334              		.loc 1 385 40 view .LVU93
 335 014e 2F48     		ldr	r0, .L17+28
 336 0150 FFF7FEFF 		bl	__aeabi_fdiv
 337              	.LVL48:
 338 0154 0446     		mov	r4, r0
 339              	.LVL49:
 385:../../Common/Src/system_stm32h7xx_dualcore_boot_cm4_cm7.c ****         break;
 340              		.loc 1 385 83 view .LVU94
 341 0156 264B     		ldr	r3, .L17
 342 0158 186B     		ldr	r0, [r3, #48]
 385:../../Common/Src/system_stm32h7xx_dualcore_boot_cm4_cm7.c ****         break;
 343              		.loc 1 385 60 view .LVU95
 344 015a C0F30800 		ubfx	r0, r0, #0, #9
 345 015e FFF7FEFF 		bl	__aeabi_ui2f
 346              	.LVL50:
 347 0162 0546     		mov	r5, r0
 348              	.LVL51:
 385:../../Common/Src/system_stm32h7xx_dualcore_boot_cm4_cm7.c ****         break;
 349              		.loc 1 385 122 view .LVU96
 350 0164 4FF06451 		mov	r1, #956301312
 351 0168 3846     		mov	r0, r7
 352 016a FFF7FEFF 		bl	__aeabi_fmul
 353              	.LVL52:
 354 016e 0146     		mov	r1, r0
 385:../../Common/Src/system_stm32h7xx_dualcore_boot_cm4_cm7.c ****         break;
 355              		.loc 1 385 113 view .LVU97
 356 0170 2846     		mov	r0, r5
ARM GAS  /var/folders/2r/mdtt8xvd351gdc398t28_m2m0000gn/T//ccVGuQSD.s 			page 15


 357 0172 FFF7FEFF 		bl	__aeabi_fadd
 358              	.LVL53:
 385:../../Common/Src/system_stm32h7xx_dualcore_boot_cm4_cm7.c ****         break;
 359              		.loc 1 385 140 view .LVU98
 360 0176 4FF07E51 		mov	r1, #1065353216
 361 017a FFF7FEFF 		bl	__aeabi_fadd
 362              	.LVL54:
 363 017e 0146     		mov	r1, r0
 385:../../Common/Src/system_stm32h7xx_dualcore_boot_cm4_cm7.c ****         break;
 364              		.loc 1 385 18 view .LVU99
 365 0180 2046     		mov	r0, r4
 366 0182 FFF7FEFF 		bl	__aeabi_fmul
 367              	.LVL55:
 368 0186 0446     		mov	r4, r0
 369              	.LVL56:
 386:../../Common/Src/system_stm32h7xx_dualcore_boot_cm4_cm7.c **** 
 370              		.loc 1 386 9 is_stmt 1 view .LVU100
 371 0188 92E7     		b	.L13
 372              	.LVL57:
 373              	.L12:
 389:../../Common/Src/system_stm32h7xx_dualcore_boot_cm4_cm7.c ****           pllvco = ((float_t)hsivalue / (float_t)pllm) * ((float_t)(uint32_t)(RCC->PLL1DIVR & RCC_P
 374              		.loc 1 389 11 view .LVU101
 389:../../Common/Src/system_stm32h7xx_dualcore_boot_cm4_cm7.c ****           pllvco = ((float_t)hsivalue / (float_t)pllm) * ((float_t)(uint32_t)(RCC->PLL1DIVR & RCC_P
 375              		.loc 1 389 41 is_stmt 0 view .LVU102
 376 018a 194D     		ldr	r5, .L17
 377 018c 2B68     		ldr	r3, [r5]
 389:../../Common/Src/system_stm32h7xx_dualcore_boot_cm4_cm7.c ****           pllvco = ((float_t)hsivalue / (float_t)pllm) * ((float_t)(uint32_t)(RCC->PLL1DIVR & RCC_P
 378              		.loc 1 389 62 view .LVU103
 379 018e C3F3C103 		ubfx	r3, r3, #3, #2
 380              	.LVL58:
 390:../../Common/Src/system_stm32h7xx_dualcore_boot_cm4_cm7.c ****         break;
 381              		.loc 1 390 11 is_stmt 1 view .LVU104
 390:../../Common/Src/system_stm32h7xx_dualcore_boot_cm4_cm7.c ****         break;
 382              		.loc 1 390 21 is_stmt 0 view .LVU105
 383 0192 1948     		ldr	r0, .L17+8
 384              	.LVL59:
 390:../../Common/Src/system_stm32h7xx_dualcore_boot_cm4_cm7.c ****         break;
 385              		.loc 1 390 21 view .LVU106
 386 0194 D840     		lsrs	r0, r0, r3
 387              	.LVL60:
 390:../../Common/Src/system_stm32h7xx_dualcore_boot_cm4_cm7.c ****         break;
 388              		.loc 1 390 21 view .LVU107
 389 0196 FFF7FEFF 		bl	__aeabi_ui2f
 390              	.LVL61:
 390:../../Common/Src/system_stm32h7xx_dualcore_boot_cm4_cm7.c ****         break;
 391              		.loc 1 390 21 view .LVU108
 392 019a 0646     		mov	r6, r0
 393              	.LVL62:
 390:../../Common/Src/system_stm32h7xx_dualcore_boot_cm4_cm7.c ****         break;
 394              		.loc 1 390 41 view .LVU109
 395 019c 2046     		mov	r0, r4
 396 019e FFF7FEFF 		bl	__aeabi_ui2f
 397              	.LVL63:
 398 01a2 0146     		mov	r1, r0
 390:../../Common/Src/system_stm32h7xx_dualcore_boot_cm4_cm7.c ****         break;
 399              		.loc 1 390 39 view .LVU110
 400 01a4 3046     		mov	r0, r6
ARM GAS  /var/folders/2r/mdtt8xvd351gdc398t28_m2m0000gn/T//ccVGuQSD.s 			page 16


 401 01a6 FFF7FEFF 		bl	__aeabi_fdiv
 402              	.LVL64:
 403 01aa 0446     		mov	r4, r0
 404              	.LVL65:
 390:../../Common/Src/system_stm32h7xx_dualcore_boot_cm4_cm7.c ****         break;
 405              		.loc 1 390 82 view .LVU111
 406 01ac 286B     		ldr	r0, [r5, #48]
 390:../../Common/Src/system_stm32h7xx_dualcore_boot_cm4_cm7.c ****         break;
 407              		.loc 1 390 59 view .LVU112
 408 01ae C0F30800 		ubfx	r0, r0, #0, #9
 409 01b2 FFF7FEFF 		bl	__aeabi_ui2f
 410              	.LVL66:
 411 01b6 0546     		mov	r5, r0
 390:../../Common/Src/system_stm32h7xx_dualcore_boot_cm4_cm7.c ****         break;
 412              		.loc 1 390 121 view .LVU113
 413 01b8 4FF06451 		mov	r1, #956301312
 414 01bc 3846     		mov	r0, r7
 415 01be FFF7FEFF 		bl	__aeabi_fmul
 416              	.LVL67:
 417 01c2 0146     		mov	r1, r0
 390:../../Common/Src/system_stm32h7xx_dualcore_boot_cm4_cm7.c ****         break;
 418              		.loc 1 390 112 view .LVU114
 419 01c4 2846     		mov	r0, r5
 420 01c6 FFF7FEFF 		bl	__aeabi_fadd
 421              	.LVL68:
 390:../../Common/Src/system_stm32h7xx_dualcore_boot_cm4_cm7.c ****         break;
 422              		.loc 1 390 139 view .LVU115
 423 01ca 4FF07E51 		mov	r1, #1065353216
 424 01ce FFF7FEFF 		bl	__aeabi_fadd
 425              	.LVL69:
 426 01d2 0146     		mov	r1, r0
 390:../../Common/Src/system_stm32h7xx_dualcore_boot_cm4_cm7.c ****         break;
 427              		.loc 1 390 18 view .LVU116
 428 01d4 2046     		mov	r0, r4
 429 01d6 FFF7FEFF 		bl	__aeabi_fmul
 430              	.LVL70:
 431 01da 0446     		mov	r4, r0
 432              	.LVL71:
 391:../../Common/Src/system_stm32h7xx_dualcore_boot_cm4_cm7.c ****       }
 433              		.loc 1 391 9 is_stmt 1 view .LVU117
 434 01dc 68E7     		b	.L13
 435              	.LVL72:
 436              	.L8:
 403:../../Common/Src/system_stm32h7xx_dualcore_boot_cm4_cm7.c ****     break;
 437              		.loc 1 403 5 view .LVU118
 403:../../Common/Src/system_stm32h7xx_dualcore_boot_cm4_cm7.c ****     break;
 438              		.loc 1 403 57 is_stmt 0 view .LVU119
 439 01de 044B     		ldr	r3, .L17
 440 01e0 1B68     		ldr	r3, [r3]
 403:../../Common/Src/system_stm32h7xx_dualcore_boot_cm4_cm7.c ****     break;
 441              		.loc 1 403 78 view .LVU120
 442 01e2 C3F3C103 		ubfx	r3, r3, #3, #2
 403:../../Common/Src/system_stm32h7xx_dualcore_boot_cm4_cm7.c ****     break;
 443              		.loc 1 403 25 view .LVU121
 444 01e6 044C     		ldr	r4, .L17+8
 445 01e8 DC40     		lsrs	r4, r4, r3
 446              	.LVL73:
ARM GAS  /var/folders/2r/mdtt8xvd351gdc398t28_m2m0000gn/T//ccVGuQSD.s 			page 17


 404:../../Common/Src/system_stm32h7xx_dualcore_boot_cm4_cm7.c ****   }
 447              		.loc 1 404 5 is_stmt 1 view .LVU122
 448 01ea 76E7     		b	.L5
 449              	.LVL74:
 450              	.L14:
 356:../../Common/Src/system_stm32h7xx_dualcore_boot_cm4_cm7.c ****     break;
 451              		.loc 1 356 25 is_stmt 0 view .LVU123
 452 01ec 084C     		ldr	r4, .L17+32
 453 01ee 74E7     		b	.L5
 454              	.L18:
 455              		.align	2
 456              	.L17:
 457 01f0 00440258 		.word	1476543488
 458 01f4 00093D00 		.word	4000000
 459 01f8 0090D003 		.word	64000000
 460 01fc 00000000 		.word	D1CorePrescTable
 461 0200 00000000 		.word	SystemD2Clock
 462 0204 00000000 		.word	SystemCoreClock
 463 0208 0024744A 		.word	1249125376
 464 020c 20BCBE4B 		.word	1270791200
 465 0210 40787D01 		.word	25000000
 466              		.cfi_endproc
 467              	.LFE133:
 469              		.section	.text.ExitRun0Mode,"ax",%progbits
 470              		.align	1
 471              		.global	ExitRun0Mode
 472              		.syntax unified
 473              		.thumb
 474              		.thumb_func
 476              	ExitRun0Mode:
 477              	.LFB134:
 422:../../Common/Src/system_stm32h7xx_dualcore_boot_cm4_cm7.c **** 
 423:../../Common/Src/system_stm32h7xx_dualcore_boot_cm4_cm7.c **** /**
 424:../../Common/Src/system_stm32h7xx_dualcore_boot_cm4_cm7.c ****   * @brief  Exit Run* mode and Configure the system Power Supply
 425:../../Common/Src/system_stm32h7xx_dualcore_boot_cm4_cm7.c ****   *
 426:../../Common/Src/system_stm32h7xx_dualcore_boot_cm4_cm7.c ****   * @note   This function exits the Run* mode and configures the system power supply
 427:../../Common/Src/system_stm32h7xx_dualcore_boot_cm4_cm7.c ****   *         according to the definition to be used at compilation preprocessing level.
 428:../../Common/Src/system_stm32h7xx_dualcore_boot_cm4_cm7.c ****   *         The application shall set one of the following configuration option:
 429:../../Common/Src/system_stm32h7xx_dualcore_boot_cm4_cm7.c ****   *           - PWR_LDO_SUPPLY
 430:../../Common/Src/system_stm32h7xx_dualcore_boot_cm4_cm7.c ****   *           - PWR_DIRECT_SMPS_SUPPLY
 431:../../Common/Src/system_stm32h7xx_dualcore_boot_cm4_cm7.c ****   *           - PWR_EXTERNAL_SOURCE_SUPPLY
 432:../../Common/Src/system_stm32h7xx_dualcore_boot_cm4_cm7.c ****   *           - PWR_SMPS_1V8_SUPPLIES_LDO
 433:../../Common/Src/system_stm32h7xx_dualcore_boot_cm4_cm7.c ****   *           - PWR_SMPS_2V5_SUPPLIES_LDO
 434:../../Common/Src/system_stm32h7xx_dualcore_boot_cm4_cm7.c ****   *           - PWR_SMPS_1V8_SUPPLIES_EXT_AND_LDO
 435:../../Common/Src/system_stm32h7xx_dualcore_boot_cm4_cm7.c ****   *           - PWR_SMPS_2V5_SUPPLIES_EXT_AND_LDO
 436:../../Common/Src/system_stm32h7xx_dualcore_boot_cm4_cm7.c ****   *           - PWR_SMPS_1V8_SUPPLIES_EXT
 437:../../Common/Src/system_stm32h7xx_dualcore_boot_cm4_cm7.c ****   *           - PWR_SMPS_2V5_SUPPLIES_EXT
 438:../../Common/Src/system_stm32h7xx_dualcore_boot_cm4_cm7.c ****   *
 439:../../Common/Src/system_stm32h7xx_dualcore_boot_cm4_cm7.c ****   * @note   The function modifies the PWR->CR3 register to enable or disable specific
 440:../../Common/Src/system_stm32h7xx_dualcore_boot_cm4_cm7.c ****   *         power supply modes and waits until the voltage level flag is set, indicating
 441:../../Common/Src/system_stm32h7xx_dualcore_boot_cm4_cm7.c ****   *         that the power supply configuration is stable.
 442:../../Common/Src/system_stm32h7xx_dualcore_boot_cm4_cm7.c ****   *
 443:../../Common/Src/system_stm32h7xx_dualcore_boot_cm4_cm7.c ****   * @param  None
 444:../../Common/Src/system_stm32h7xx_dualcore_boot_cm4_cm7.c ****   * @retval None
 445:../../Common/Src/system_stm32h7xx_dualcore_boot_cm4_cm7.c ****   */
 446:../../Common/Src/system_stm32h7xx_dualcore_boot_cm4_cm7.c **** void ExitRun0Mode(void)
 447:../../Common/Src/system_stm32h7xx_dualcore_boot_cm4_cm7.c **** {
ARM GAS  /var/folders/2r/mdtt8xvd351gdc398t28_m2m0000gn/T//ccVGuQSD.s 			page 18


 478              		.loc 1 447 1 is_stmt 1 view -0
 479              		.cfi_startproc
 480              		@ args = 0, pretend = 0, frame = 0
 481              		@ frame_needed = 0, uses_anonymous_args = 0
 482              		@ link register save eliminated.
 448:../../Common/Src/system_stm32h7xx_dualcore_boot_cm4_cm7.c **** #if defined(USE_PWR_LDO_SUPPLY)
 449:../../Common/Src/system_stm32h7xx_dualcore_boot_cm4_cm7.c ****   #if defined(SMPS)
 450:../../Common/Src/system_stm32h7xx_dualcore_boot_cm4_cm7.c ****     /* Exit Run* mode by disabling SMPS and enabling LDO */
 451:../../Common/Src/system_stm32h7xx_dualcore_boot_cm4_cm7.c ****     PWR->CR3 = (PWR->CR3 & ~PWR_CR3_SMPSEN) | PWR_CR3_LDOEN;
 452:../../Common/Src/system_stm32h7xx_dualcore_boot_cm4_cm7.c ****   #else
 453:../../Common/Src/system_stm32h7xx_dualcore_boot_cm4_cm7.c ****     /* Enable LDO mode */
 454:../../Common/Src/system_stm32h7xx_dualcore_boot_cm4_cm7.c ****     PWR->CR3 |= PWR_CR3_LDOEN;
 455:../../Common/Src/system_stm32h7xx_dualcore_boot_cm4_cm7.c ****   #endif /* SMPS */
 456:../../Common/Src/system_stm32h7xx_dualcore_boot_cm4_cm7.c ****   /* Wait till voltage level flag is set */
 457:../../Common/Src/system_stm32h7xx_dualcore_boot_cm4_cm7.c ****   while ((PWR->CSR1 & PWR_CSR1_ACTVOSRDY) == 0U)
 458:../../Common/Src/system_stm32h7xx_dualcore_boot_cm4_cm7.c ****   {}
 459:../../Common/Src/system_stm32h7xx_dualcore_boot_cm4_cm7.c **** #elif defined(USE_PWR_EXTERNAL_SOURCE_SUPPLY)
 460:../../Common/Src/system_stm32h7xx_dualcore_boot_cm4_cm7.c ****   #if defined(SMPS)
 461:../../Common/Src/system_stm32h7xx_dualcore_boot_cm4_cm7.c ****     /* Exit Run* mode */
 462:../../Common/Src/system_stm32h7xx_dualcore_boot_cm4_cm7.c ****     PWR->CR3 = (PWR->CR3 & ~(PWR_CR3_SMPSEN | PWR_CR3_LDOEN)) | PWR_CR3_BYPASS;
 463:../../Common/Src/system_stm32h7xx_dualcore_boot_cm4_cm7.c ****   #else
 464:../../Common/Src/system_stm32h7xx_dualcore_boot_cm4_cm7.c ****     PWR->CR3 = (PWR->CR3 & ~(PWR_CR3_LDOEN)) | PWR_CR3_BYPASS;
 465:../../Common/Src/system_stm32h7xx_dualcore_boot_cm4_cm7.c ****   #endif /* SMPS */
 466:../../Common/Src/system_stm32h7xx_dualcore_boot_cm4_cm7.c ****   /* Wait till voltage level flag is set */
 467:../../Common/Src/system_stm32h7xx_dualcore_boot_cm4_cm7.c ****   while ((PWR->CSR1 & PWR_CSR1_ACTVOSRDY) == 0U)
 468:../../Common/Src/system_stm32h7xx_dualcore_boot_cm4_cm7.c ****   {}
 469:../../Common/Src/system_stm32h7xx_dualcore_boot_cm4_cm7.c **** #elif defined(USE_PWR_DIRECT_SMPS_SUPPLY) && defined(SMPS)
 470:../../Common/Src/system_stm32h7xx_dualcore_boot_cm4_cm7.c ****   /* Exit Run* mode */
 471:../../Common/Src/system_stm32h7xx_dualcore_boot_cm4_cm7.c ****   PWR->CR3 &= ~(PWR_CR3_LDOEN);
 483              		.loc 1 471 3 view .LVU125
 484              		.loc 1 471 6 is_stmt 0 view .LVU126
 485 0000 054A     		ldr	r2, .L21
 486 0002 D368     		ldr	r3, [r2, #12]
 487              		.loc 1 471 12 view .LVU127
 488 0004 23F00203 		bic	r3, r3, #2
 489 0008 D360     		str	r3, [r2, #12]
 472:../../Common/Src/system_stm32h7xx_dualcore_boot_cm4_cm7.c ****   /* Wait till voltage level flag is set */
 473:../../Common/Src/system_stm32h7xx_dualcore_boot_cm4_cm7.c ****   while ((PWR->CSR1 & PWR_CSR1_ACTVOSRDY) == 0U)
 490              		.loc 1 473 3 is_stmt 1 view .LVU128
 491              	.L20:
 474:../../Common/Src/system_stm32h7xx_dualcore_boot_cm4_cm7.c ****   {}
 492              		.loc 1 474 4 view .LVU129
 473:../../Common/Src/system_stm32h7xx_dualcore_boot_cm4_cm7.c ****   {}
 493              		.loc 1 473 43 discriminator 1 view .LVU130
 473:../../Common/Src/system_stm32h7xx_dualcore_boot_cm4_cm7.c ****   {}
 494              		.loc 1 473 14 is_stmt 0 discriminator 1 view .LVU131
 495 000a 034B     		ldr	r3, .L21
 496 000c 5B68     		ldr	r3, [r3, #4]
 473:../../Common/Src/system_stm32h7xx_dualcore_boot_cm4_cm7.c ****   {}
 497              		.loc 1 473 43 discriminator 1 view .LVU132
 498 000e 13F4005F 		tst	r3, #8192
 499 0012 FAD0     		beq	.L20
 475:../../Common/Src/system_stm32h7xx_dualcore_boot_cm4_cm7.c **** #elif defined(USE_PWR_SMPS_1V8_SUPPLIES_LDO) && defined(SMPS)
 476:../../Common/Src/system_stm32h7xx_dualcore_boot_cm4_cm7.c ****   /* Exit Run* mode */
 477:../../Common/Src/system_stm32h7xx_dualcore_boot_cm4_cm7.c ****   PWR->CR3 |= PWR_CR3_SMPSLEVEL_0 | PWR_CR3_SMPSEN | PWR_CR3_LDOEN;
 478:../../Common/Src/system_stm32h7xx_dualcore_boot_cm4_cm7.c ****   /* Wait till voltage level flag is set */
 479:../../Common/Src/system_stm32h7xx_dualcore_boot_cm4_cm7.c ****   while ((PWR->CSR1 & PWR_CSR1_ACTVOSRDY) == 0U)
ARM GAS  /var/folders/2r/mdtt8xvd351gdc398t28_m2m0000gn/T//ccVGuQSD.s 			page 19


 480:../../Common/Src/system_stm32h7xx_dualcore_boot_cm4_cm7.c ****   {}
 481:../../Common/Src/system_stm32h7xx_dualcore_boot_cm4_cm7.c **** #elif defined(USE_PWR_SMPS_2V5_SUPPLIES_LDO) && defined(SMPS)
 482:../../Common/Src/system_stm32h7xx_dualcore_boot_cm4_cm7.c ****   /* Exit Run* mode */
 483:../../Common/Src/system_stm32h7xx_dualcore_boot_cm4_cm7.c ****   PWR->CR3 |= PWR_CR3_SMPSLEVEL_1 | PWR_CR3_SMPSEN | PWR_CR3_LDOEN;
 484:../../Common/Src/system_stm32h7xx_dualcore_boot_cm4_cm7.c ****   /* Wait till voltage level flag is set */
 485:../../Common/Src/system_stm32h7xx_dualcore_boot_cm4_cm7.c ****   while ((PWR->CSR1 & PWR_CSR1_ACTVOSRDY) == 0U)
 486:../../Common/Src/system_stm32h7xx_dualcore_boot_cm4_cm7.c ****   {}
 487:../../Common/Src/system_stm32h7xx_dualcore_boot_cm4_cm7.c **** #elif defined(USE_PWR_SMPS_1V8_SUPPLIES_EXT_AND_LDO) && defined(SMPS)
 488:../../Common/Src/system_stm32h7xx_dualcore_boot_cm4_cm7.c ****   /* Exit Run* mode */
 489:../../Common/Src/system_stm32h7xx_dualcore_boot_cm4_cm7.c ****   PWR->CR3 |= PWR_CR3_SMPSLEVEL_0 | PWR_CR3_SMPSEXTHP | PWR_CR3_SMPSEN | PWR_CR3_LDOEN;
 490:../../Common/Src/system_stm32h7xx_dualcore_boot_cm4_cm7.c ****   /* Wait till voltage level flag is set */
 491:../../Common/Src/system_stm32h7xx_dualcore_boot_cm4_cm7.c ****   while ((PWR->CSR1 & PWR_CSR1_ACTVOSRDY) == 0U)
 492:../../Common/Src/system_stm32h7xx_dualcore_boot_cm4_cm7.c ****   {}
 493:../../Common/Src/system_stm32h7xx_dualcore_boot_cm4_cm7.c **** #elif defined(USE_PWR_SMPS_2V5_SUPPLIES_EXT_AND_LDO) && defined(SMPS)
 494:../../Common/Src/system_stm32h7xx_dualcore_boot_cm4_cm7.c ****   /* Exit Run* mode */
 495:../../Common/Src/system_stm32h7xx_dualcore_boot_cm4_cm7.c ****   PWR->CR3 |= PWR_CR3_SMPSLEVEL_1 | PWR_CR3_SMPSEXTHP | PWR_CR3_SMPSEN | PWR_CR3_LDOEN;
 496:../../Common/Src/system_stm32h7xx_dualcore_boot_cm4_cm7.c ****   /* Wait till voltage level flag is set */
 497:../../Common/Src/system_stm32h7xx_dualcore_boot_cm4_cm7.c ****   while ((PWR->CSR1 & PWR_CSR1_ACTVOSRDY) == 0U)
 498:../../Common/Src/system_stm32h7xx_dualcore_boot_cm4_cm7.c ****   {}
 499:../../Common/Src/system_stm32h7xx_dualcore_boot_cm4_cm7.c **** #elif defined(USE_PWR_SMPS_1V8_SUPPLIES_EXT) && defined(SMPS)
 500:../../Common/Src/system_stm32h7xx_dualcore_boot_cm4_cm7.c ****   /* Exit Run* mode */
 501:../../Common/Src/system_stm32h7xx_dualcore_boot_cm4_cm7.c ****   PWR->CR3 = (PWR->CR3 & ~(PWR_CR3_LDOEN)) | PWR_CR3_SMPSLEVEL_0 | PWR_CR3_SMPSEXTHP | PWR_CR3_SMPS
 502:../../Common/Src/system_stm32h7xx_dualcore_boot_cm4_cm7.c ****   /* Wait till voltage level flag is set */
 503:../../Common/Src/system_stm32h7xx_dualcore_boot_cm4_cm7.c ****   while ((PWR->CSR1 & PWR_CSR1_ACTVOSRDY) == 0U)
 504:../../Common/Src/system_stm32h7xx_dualcore_boot_cm4_cm7.c ****   {}
 505:../../Common/Src/system_stm32h7xx_dualcore_boot_cm4_cm7.c **** #elif defined(USE_PWR_SMPS_2V5_SUPPLIES_EXT) && defined(SMPS)
 506:../../Common/Src/system_stm32h7xx_dualcore_boot_cm4_cm7.c ****   /* Exit Run* mode */
 507:../../Common/Src/system_stm32h7xx_dualcore_boot_cm4_cm7.c ****   PWR->CR3 = (PWR->CR3 & ~(PWR_CR3_LDOEN)) | PWR_CR3_SMPSLEVEL_1 | PWR_CR3_SMPSEXTHP | PWR_CR3_SMPS
 508:../../Common/Src/system_stm32h7xx_dualcore_boot_cm4_cm7.c ****   /* Wait till voltage level flag is set */
 509:../../Common/Src/system_stm32h7xx_dualcore_boot_cm4_cm7.c ****   while ((PWR->CSR1 & PWR_CSR1_ACTVOSRDY) == 0U)
 510:../../Common/Src/system_stm32h7xx_dualcore_boot_cm4_cm7.c ****   {}
 511:../../Common/Src/system_stm32h7xx_dualcore_boot_cm4_cm7.c **** #else
 512:../../Common/Src/system_stm32h7xx_dualcore_boot_cm4_cm7.c ****   /* No system power supply configuration is selected at exit Run* mode */
 513:../../Common/Src/system_stm32h7xx_dualcore_boot_cm4_cm7.c **** #endif /* USE_PWR_LDO_SUPPLY */
 514:../../Common/Src/system_stm32h7xx_dualcore_boot_cm4_cm7.c **** }
 500              		.loc 1 514 1 view .LVU133
 501 0014 7047     		bx	lr
 502              	.L22:
 503 0016 00BF     		.align	2
 504              	.L21:
 505 0018 00480258 		.word	1476544512
 506              		.cfi_endproc
 507              	.LFE134:
 509              		.global	D1CorePrescTable
 510              		.section	.rodata.D1CorePrescTable,"a"
 511              		.align	2
 514              	D1CorePrescTable:
 515 0000 00000000 		.ascii	"\000\000\000\000\001\002\003\004\001\002\003\004\006"
 515      01020304 
 515      01020304 
 515      06
 516 000d 070809   		.ascii	"\007\010\011"
 517              		.global	SystemD2Clock
 518              		.section	.data.SystemD2Clock,"aw"
 519              		.align	2
 522              	SystemD2Clock:
 523 0000 0090D003 		.word	64000000
ARM GAS  /var/folders/2r/mdtt8xvd351gdc398t28_m2m0000gn/T//ccVGuQSD.s 			page 20


 524              		.global	SystemCoreClock
 525              		.section	.data.SystemCoreClock,"aw"
 526              		.align	2
 529              	SystemCoreClock:
 530 0000 0090D003 		.word	64000000
 531              		.text
 532              	.Letext0:
 533              		.file 2 "/Applications/ArmGNUToolchain/15.2.rel1/arm-none-eabi/arm-none-eabi/include/machine/_defa
 534              		.file 3 "/Applications/ArmGNUToolchain/15.2.rel1/arm-none-eabi/arm-none-eabi/include/sys/_stdint.h
 535              		.file 4 "../../Drivers/CMSIS/Include/core_cm4.h"
 536              		.file 5 "../../Drivers/CMSIS/Device/ST/STM32H7xx/Include/system_stm32h7xx.h"
 537              		.file 6 "../../Drivers/CMSIS/Device/ST/STM32H7xx/Include/stm32h755xx.h"
 538              		.file 7 "/Applications/ArmGNUToolchain/15.2.rel1/arm-none-eabi/arm-none-eabi/include/math.h"
ARM GAS  /var/folders/2r/mdtt8xvd351gdc398t28_m2m0000gn/T//ccVGuQSD.s 			page 21


DEFINED SYMBOLS
                            *ABS*:00000000 system_stm32h7xx_dualcore_boot_cm4_cm7.c
/var/folders/2r/mdtt8xvd351gdc398t28_m2m0000gn/T//ccVGuQSD.s:19     .text.SystemInit:00000000 $t
/var/folders/2r/mdtt8xvd351gdc398t28_m2m0000gn/T//ccVGuQSD.s:25     .text.SystemInit:00000000 SystemInit
/var/folders/2r/mdtt8xvd351gdc398t28_m2m0000gn/T//ccVGuQSD.s:44     .text.SystemInit:0000000c $d
/var/folders/2r/mdtt8xvd351gdc398t28_m2m0000gn/T//ccVGuQSD.s:49     .text.SystemCoreClockUpdate:00000000 $t
/var/folders/2r/mdtt8xvd351gdc398t28_m2m0000gn/T//ccVGuQSD.s:55     .text.SystemCoreClockUpdate:00000000 SystemCoreClockUpdate
/var/folders/2r/mdtt8xvd351gdc398t28_m2m0000gn/T//ccVGuQSD.s:457    .text.SystemCoreClockUpdate:000001f0 $d
/var/folders/2r/mdtt8xvd351gdc398t28_m2m0000gn/T//ccVGuQSD.s:514    .rodata.D1CorePrescTable:00000000 D1CorePrescTable
/var/folders/2r/mdtt8xvd351gdc398t28_m2m0000gn/T//ccVGuQSD.s:522    .data.SystemD2Clock:00000000 SystemD2Clock
/var/folders/2r/mdtt8xvd351gdc398t28_m2m0000gn/T//ccVGuQSD.s:529    .data.SystemCoreClock:00000000 SystemCoreClock
/var/folders/2r/mdtt8xvd351gdc398t28_m2m0000gn/T//ccVGuQSD.s:470    .text.ExitRun0Mode:00000000 $t
/var/folders/2r/mdtt8xvd351gdc398t28_m2m0000gn/T//ccVGuQSD.s:476    .text.ExitRun0Mode:00000000 ExitRun0Mode
/var/folders/2r/mdtt8xvd351gdc398t28_m2m0000gn/T//ccVGuQSD.s:505    .text.ExitRun0Mode:00000018 $d
/var/folders/2r/mdtt8xvd351gdc398t28_m2m0000gn/T//ccVGuQSD.s:511    .rodata.D1CorePrescTable:00000000 $d
/var/folders/2r/mdtt8xvd351gdc398t28_m2m0000gn/T//ccVGuQSD.s:519    .data.SystemD2Clock:00000000 $d
/var/folders/2r/mdtt8xvd351gdc398t28_m2m0000gn/T//ccVGuQSD.s:526    .data.SystemCoreClock:00000000 $d

UNDEFINED SYMBOLS
__aeabi_ui2f
__aeabi_fdiv
__aeabi_fmul
__aeabi_fadd
__aeabi_f2uiz
