ARM GAS  /var/folders/2r/mdtt8xvd351gdc398t28_m2m0000gn/T//ccqvQ1gZ.s 			page 1


   1              		.cpu cortex-m7
   2              		.arch armv7e-m
   3              		.fpu fpv5-d16
   4              		.eabi_attribute 20, 1
   5              		.eabi_attribute 21, 1
   6              		.eabi_attribute 23, 3
   7              		.eabi_attribute 24, 1
   8              		.eabi_attribute 25, 1
   9              		.eabi_attribute 26, 1
  10              		.eabi_attribute 30, 1
  11              		.eabi_attribute 34, 1
  12              		.eabi_attribute 18, 4
  13              		.file	"main.c"
  14              		.text
  15              	.Ltext0:
  16              		.cfi_sections	.debug_frame
  17              		.file 1 "../../CM7/Core/Src/main.c"
  18              		.section	.text.MPU_Config,"ax",%progbits
  19              		.align	1
  20              		.syntax unified
  21              		.thumb
  22              		.thumb_func
  24              	MPU_Config:
  25              	.LFB177:
   1:../../CM7/Core/Src/main.c **** /* USER CODE BEGIN Header */
   2:../../CM7/Core/Src/main.c **** /**
   3:../../CM7/Core/Src/main.c ****   ******************************************************************************
   4:../../CM7/Core/Src/main.c ****   * @file           : main.c
   5:../../CM7/Core/Src/main.c ****   * @brief          : Main program body
   6:../../CM7/Core/Src/main.c ****   ******************************************************************************
   7:../../CM7/Core/Src/main.c ****   * @attention
   8:../../CM7/Core/Src/main.c ****   *
   9:../../CM7/Core/Src/main.c ****   * Copyright (c) 2025 STMicroelectronics.
  10:../../CM7/Core/Src/main.c ****   * All rights reserved.
  11:../../CM7/Core/Src/main.c ****   *
  12:../../CM7/Core/Src/main.c ****   * This software is licensed under terms that can be found in the LICENSE file
  13:../../CM7/Core/Src/main.c ****   * in the root directory of this software component.
  14:../../CM7/Core/Src/main.c ****   * If no LICENSE file comes with this software, it is provided AS-IS.
  15:../../CM7/Core/Src/main.c ****   *
  16:../../CM7/Core/Src/main.c ****   ******************************************************************************
  17:../../CM7/Core/Src/main.c ****   */
  18:../../CM7/Core/Src/main.c **** /* USER CODE END Header */
  19:../../CM7/Core/Src/main.c **** /* Includes ------------------------------------------------------------------*/
  20:../../CM7/Core/Src/main.c **** #include "main.h"
  21:../../CM7/Core/Src/main.c **** #include "cmsis_os.h"
  22:../../CM7/Core/Src/main.c **** #include "lwip.h"
  23:../../CM7/Core/Src/main.c **** #include "gpio.h"
  24:../../CM7/Core/Src/main.c **** 
  25:../../CM7/Core/Src/main.c **** /* Private includes ----------------------------------------------------------*/
  26:../../CM7/Core/Src/main.c **** /* USER CODE BEGIN Includes */
  27:../../CM7/Core/Src/main.c **** #include <rcl/rcl.h>
  28:../../CM7/Core/Src/main.c **** #include <rcl/error_handling.h>
  29:../../CM7/Core/Src/main.c **** #include <rclc/rclc.h>
  30:../../CM7/Core/Src/main.c **** #include <rclc/executor.h>
  31:../../CM7/Core/Src/main.c **** #include <uxr/client/transport.h>
  32:../../CM7/Core/Src/main.c **** #include <rmw_microxrcedds_c/config.h>
  33:../../CM7/Core/Src/main.c **** #include <rmw_microros/rmw_microros.h>
ARM GAS  /var/folders/2r/mdtt8xvd351gdc398t28_m2m0000gn/T//ccqvQ1gZ.s 			page 2


  34:../../CM7/Core/Src/main.c **** 
  35:../../CM7/Core/Src/main.c **** #include <std_msgs/msg/int32.h>
  36:../../CM7/Core/Src/main.c **** /* USER CODE END Includes */
  37:../../CM7/Core/Src/main.c **** 
  38:../../CM7/Core/Src/main.c **** /* Private typedef -----------------------------------------------------------*/
  39:../../CM7/Core/Src/main.c **** /* USER CODE BEGIN PTD */
  40:../../CM7/Core/Src/main.c **** 
  41:../../CM7/Core/Src/main.c **** /* USER CODE END PTD */
  42:../../CM7/Core/Src/main.c **** 
  43:../../CM7/Core/Src/main.c **** /* Private define ------------------------------------------------------------*/
  44:../../CM7/Core/Src/main.c **** /* USER CODE BEGIN PD */
  45:../../CM7/Core/Src/main.c **** 
  46:../../CM7/Core/Src/main.c **** /* DUAL_CORE_BOOT_SYNC_SEQUENCE: Define for dual core boot synchronization    */
  47:../../CM7/Core/Src/main.c **** /*                             demonstration code based on hardware semaphore */
  48:../../CM7/Core/Src/main.c **** /* This define is present in both CM7/CM4 projects                            */
  49:../../CM7/Core/Src/main.c **** /* To comment when developping/debugging on a single core                     */
  50:../../CM7/Core/Src/main.c **** #define DUAL_CORE_BOOT_SYNC_SEQUENCE
  51:../../CM7/Core/Src/main.c **** 
  52:../../CM7/Core/Src/main.c **** #if defined(DUAL_CORE_BOOT_SYNC_SEQUENCE)
  53:../../CM7/Core/Src/main.c **** #ifndef HSEM_ID_0
  54:../../CM7/Core/Src/main.c **** #define HSEM_ID_0 (0U) /* HW semaphore 0*/
  55:../../CM7/Core/Src/main.c **** #endif
  56:../../CM7/Core/Src/main.c **** #endif /* DUAL_CORE_BOOT_SYNC_SEQUENCE */
  57:../../CM7/Core/Src/main.c **** 
  58:../../CM7/Core/Src/main.c **** /* USER CODE END PD */
  59:../../CM7/Core/Src/main.c **** 
  60:../../CM7/Core/Src/main.c **** /* Private macro -------------------------------------------------------------*/
  61:../../CM7/Core/Src/main.c **** /* USER CODE BEGIN PM */
  62:../../CM7/Core/Src/main.c **** 
  63:../../CM7/Core/Src/main.c **** /* USER CODE END PM */
  64:../../CM7/Core/Src/main.c **** 
  65:../../CM7/Core/Src/main.c **** /* Private variables ---------------------------------------------------------*/
  66:../../CM7/Core/Src/main.c **** 
  67:../../CM7/Core/Src/main.c **** COM_InitTypeDef BspCOMInit;
  68:../../CM7/Core/Src/main.c **** 
  69:../../CM7/Core/Src/main.c **** /* USER CODE BEGIN PV */
  70:../../CM7/Core/Src/main.c **** 
  71:../../CM7/Core/Src/main.c **** /* USER CODE END PV */
  72:../../CM7/Core/Src/main.c **** 
  73:../../CM7/Core/Src/main.c **** /* Private function prototypes -----------------------------------------------*/
  74:../../CM7/Core/Src/main.c **** void SystemClock_Config(void);
  75:../../CM7/Core/Src/main.c **** static void MPU_Config(void);
  76:../../CM7/Core/Src/main.c **** void MX_FREERTOS_Init(void);
  77:../../CM7/Core/Src/main.c **** /* USER CODE BEGIN PFP */
  78:../../CM7/Core/Src/main.c **** 
  79:../../CM7/Core/Src/main.c **** /* USER CODE END PFP */
  80:../../CM7/Core/Src/main.c **** 
  81:../../CM7/Core/Src/main.c **** /* Private user code ---------------------------------------------------------*/
  82:../../CM7/Core/Src/main.c **** /* USER CODE BEGIN 0 */
  83:../../CM7/Core/Src/main.c **** 
  84:../../CM7/Core/Src/main.c **** /* USER CODE END 0 */
  85:../../CM7/Core/Src/main.c **** 
  86:../../CM7/Core/Src/main.c **** /**
  87:../../CM7/Core/Src/main.c ****   * @brief  The application entry point.
  88:../../CM7/Core/Src/main.c ****   * @retval int
  89:../../CM7/Core/Src/main.c ****   */
  90:../../CM7/Core/Src/main.c **** int main(void)
ARM GAS  /var/folders/2r/mdtt8xvd351gdc398t28_m2m0000gn/T//ccqvQ1gZ.s 			page 3


  91:../../CM7/Core/Src/main.c **** {
  92:../../CM7/Core/Src/main.c **** 
  93:../../CM7/Core/Src/main.c ****   /* USER CODE BEGIN 1 */
  94:../../CM7/Core/Src/main.c **** 
  95:../../CM7/Core/Src/main.c ****   /* USER CODE END 1 */
  96:../../CM7/Core/Src/main.c **** /* USER CODE BEGIN Boot_Mode_Sequence_0 */
  97:../../CM7/Core/Src/main.c **** #if defined(DUAL_CORE_BOOT_SYNC_SEQUENCE)
  98:../../CM7/Core/Src/main.c ****   int32_t timeout;
  99:../../CM7/Core/Src/main.c **** #endif /* DUAL_CORE_BOOT_SYNC_SEQUENCE */
 100:../../CM7/Core/Src/main.c **** /* USER CODE END Boot_Mode_Sequence_0 */
 101:../../CM7/Core/Src/main.c **** 
 102:../../CM7/Core/Src/main.c ****   /* MPU Configuration--------------------------------------------------------*/
 103:../../CM7/Core/Src/main.c ****   MPU_Config();
 104:../../CM7/Core/Src/main.c **** 
 105:../../CM7/Core/Src/main.c **** /* USER CODE BEGIN Boot_Mode_Sequence_1 */
 106:../../CM7/Core/Src/main.c **** #if defined(DUAL_CORE_BOOT_SYNC_SEQUENCE)
 107:../../CM7/Core/Src/main.c ****   /* Wait until CPU2 boots and enters in stop mode or timeout*/
 108:../../CM7/Core/Src/main.c ****   timeout = 0xFFFF;
 109:../../CM7/Core/Src/main.c ****   while((__HAL_RCC_GET_FLAG(RCC_FLAG_D2CKRDY) != RESET) && (timeout-- > 0));
 110:../../CM7/Core/Src/main.c ****   if ( timeout < 0 )
 111:../../CM7/Core/Src/main.c ****   {
 112:../../CM7/Core/Src/main.c ****   Error_Handler();
 113:../../CM7/Core/Src/main.c ****   }
 114:../../CM7/Core/Src/main.c **** #endif /* DUAL_CORE_BOOT_SYNC_SEQUENCE */
 115:../../CM7/Core/Src/main.c **** /* USER CODE END Boot_Mode_Sequence_1 */
 116:../../CM7/Core/Src/main.c ****   /* MCU Configuration--------------------------------------------------------*/
 117:../../CM7/Core/Src/main.c **** 
 118:../../CM7/Core/Src/main.c ****   /* Reset of all peripherals, Initializes the Flash interface and the Systick. */
 119:../../CM7/Core/Src/main.c ****   HAL_Init();
 120:../../CM7/Core/Src/main.c **** 
 121:../../CM7/Core/Src/main.c ****   /* USER CODE BEGIN Init */
 122:../../CM7/Core/Src/main.c **** 
 123:../../CM7/Core/Src/main.c ****   /* USER CODE END Init */
 124:../../CM7/Core/Src/main.c **** 
 125:../../CM7/Core/Src/main.c ****   /* Configure the system clock */
 126:../../CM7/Core/Src/main.c ****   SystemClock_Config();
 127:../../CM7/Core/Src/main.c **** /* USER CODE BEGIN Boot_Mode_Sequence_2 */
 128:../../CM7/Core/Src/main.c **** #if defined(DUAL_CORE_BOOT_SYNC_SEQUENCE)
 129:../../CM7/Core/Src/main.c **** /* When system initialization is finished, Cortex-M7 will release Cortex-M4 by means of
 130:../../CM7/Core/Src/main.c **** HSEM notification */
 131:../../CM7/Core/Src/main.c **** /*HW semaphore Clock enable*/
 132:../../CM7/Core/Src/main.c **** __HAL_RCC_HSEM_CLK_ENABLE();
 133:../../CM7/Core/Src/main.c **** /*Take HSEM */
 134:../../CM7/Core/Src/main.c **** HAL_HSEM_FastTake(HSEM_ID_0);
 135:../../CM7/Core/Src/main.c **** /*Release HSEM in order to notify the CPU2(CM4)*/
 136:../../CM7/Core/Src/main.c **** HAL_HSEM_Release(HSEM_ID_0,0);
 137:../../CM7/Core/Src/main.c **** /* wait until CPU2 wakes up from stop mode */
 138:../../CM7/Core/Src/main.c **** timeout = 0xFFFF;
 139:../../CM7/Core/Src/main.c **** while((__HAL_RCC_GET_FLAG(RCC_FLAG_D2CKRDY) == RESET) && (timeout-- > 0));
 140:../../CM7/Core/Src/main.c **** if ( timeout < 0 )
 141:../../CM7/Core/Src/main.c **** {
 142:../../CM7/Core/Src/main.c **** Error_Handler();
 143:../../CM7/Core/Src/main.c **** }
 144:../../CM7/Core/Src/main.c **** #endif /* DUAL_CORE_BOOT_SYNC_SEQUENCE */
 145:../../CM7/Core/Src/main.c **** /* USER CODE END Boot_Mode_Sequence_2 */
 146:../../CM7/Core/Src/main.c **** 
 147:../../CM7/Core/Src/main.c ****   /* USER CODE BEGIN SysInit */
ARM GAS  /var/folders/2r/mdtt8xvd351gdc398t28_m2m0000gn/T//ccqvQ1gZ.s 			page 4


 148:../../CM7/Core/Src/main.c **** 
 149:../../CM7/Core/Src/main.c ****   /* USER CODE END SysInit */
 150:../../CM7/Core/Src/main.c **** 
 151:../../CM7/Core/Src/main.c ****   /* Initialize all configured peripherals */
 152:../../CM7/Core/Src/main.c ****   MX_GPIO_Init();
 153:../../CM7/Core/Src/main.c ****   /* USER CODE BEGIN 2 */
 154:../../CM7/Core/Src/main.c **** 
 155:../../CM7/Core/Src/main.c ****   /* USER CODE END 2 */
 156:../../CM7/Core/Src/main.c **** 
 157:../../CM7/Core/Src/main.c ****   /* Init scheduler */
 158:../../CM7/Core/Src/main.c ****   osKernelInitialize();  /* Call init function for freertos objects (in cmsis_os2.c) */
 159:../../CM7/Core/Src/main.c ****   MX_FREERTOS_Init();
 160:../../CM7/Core/Src/main.c **** 
 161:../../CM7/Core/Src/main.c ****   /* Initialize leds */
 162:../../CM7/Core/Src/main.c ****   BSP_LED_Init(LED_GREEN);
 163:../../CM7/Core/Src/main.c ****   BSP_LED_Init(LED_YELLOW);
 164:../../CM7/Core/Src/main.c ****   BSP_LED_Init(LED_RED);
 165:../../CM7/Core/Src/main.c **** 
 166:../../CM7/Core/Src/main.c ****   /* Initialize USER push-button, will be used to trigger an interrupt each time it's pressed.*/
 167:../../CM7/Core/Src/main.c ****   BSP_PB_Init(BUTTON_USER, BUTTON_MODE_EXTI);
 168:../../CM7/Core/Src/main.c **** 
 169:../../CM7/Core/Src/main.c ****   /* Initialize COM1 port (115200, 8 bits (7-bit data + 1 stop bit), no parity */
 170:../../CM7/Core/Src/main.c ****   BspCOMInit.BaudRate   = 115200;
 171:../../CM7/Core/Src/main.c ****   BspCOMInit.WordLength = COM_WORDLENGTH_8B;
 172:../../CM7/Core/Src/main.c ****   BspCOMInit.StopBits   = COM_STOPBITS_1;
 173:../../CM7/Core/Src/main.c ****   BspCOMInit.Parity     = COM_PARITY_NONE;
 174:../../CM7/Core/Src/main.c ****   BspCOMInit.HwFlowCtl  = COM_HWCONTROL_NONE;
 175:../../CM7/Core/Src/main.c ****   if (BSP_COM_Init(COM1, &BspCOMInit) != BSP_ERROR_NONE)
 176:../../CM7/Core/Src/main.c ****   {
 177:../../CM7/Core/Src/main.c ****     Error_Handler();
 178:../../CM7/Core/Src/main.c ****   }
 179:../../CM7/Core/Src/main.c **** 
 180:../../CM7/Core/Src/main.c ****   /* Start scheduler */
 181:../../CM7/Core/Src/main.c ****   osKernelStart();
 182:../../CM7/Core/Src/main.c **** 
 183:../../CM7/Core/Src/main.c ****   /* We should never get here as control is now taken by the scheduler */
 184:../../CM7/Core/Src/main.c **** 
 185:../../CM7/Core/Src/main.c ****   /* Infinite loop */
 186:../../CM7/Core/Src/main.c ****   /* USER CODE BEGIN WHILE */
 187:../../CM7/Core/Src/main.c ****   while (1)
 188:../../CM7/Core/Src/main.c ****   {
 189:../../CM7/Core/Src/main.c **** 
 190:../../CM7/Core/Src/main.c ****     /* USER CODE END WHILE */
 191:../../CM7/Core/Src/main.c **** 
 192:../../CM7/Core/Src/main.c ****     /* USER CODE BEGIN 3 */
 193:../../CM7/Core/Src/main.c ****   }
 194:../../CM7/Core/Src/main.c ****   /* USER CODE END 3 */
 195:../../CM7/Core/Src/main.c **** }
 196:../../CM7/Core/Src/main.c **** 
 197:../../CM7/Core/Src/main.c **** /**
 198:../../CM7/Core/Src/main.c ****   * @brief System Clock Configuration
 199:../../CM7/Core/Src/main.c ****   * @retval None
 200:../../CM7/Core/Src/main.c ****   */
 201:../../CM7/Core/Src/main.c **** void SystemClock_Config(void)
 202:../../CM7/Core/Src/main.c **** {
 203:../../CM7/Core/Src/main.c ****   RCC_OscInitTypeDef RCC_OscInitStruct = {0};
 204:../../CM7/Core/Src/main.c ****   RCC_ClkInitTypeDef RCC_ClkInitStruct = {0};
ARM GAS  /var/folders/2r/mdtt8xvd351gdc398t28_m2m0000gn/T//ccqvQ1gZ.s 			page 5


 205:../../CM7/Core/Src/main.c **** 
 206:../../CM7/Core/Src/main.c ****   /** Supply configuration update enable
 207:../../CM7/Core/Src/main.c ****   */
 208:../../CM7/Core/Src/main.c ****   HAL_PWREx_ConfigSupply(PWR_DIRECT_SMPS_SUPPLY);
 209:../../CM7/Core/Src/main.c **** 
 210:../../CM7/Core/Src/main.c ****   /** Configure the main internal regulator output voltage
 211:../../CM7/Core/Src/main.c ****   */
 212:../../CM7/Core/Src/main.c ****   __HAL_PWR_VOLTAGESCALING_CONFIG(PWR_REGULATOR_VOLTAGE_SCALE2);
 213:../../CM7/Core/Src/main.c **** 
 214:../../CM7/Core/Src/main.c ****   while(!__HAL_PWR_GET_FLAG(PWR_FLAG_VOSRDY)) {}
 215:../../CM7/Core/Src/main.c **** 
 216:../../CM7/Core/Src/main.c ****   /** Initializes the RCC Oscillators according to the specified parameters
 217:../../CM7/Core/Src/main.c ****   * in the RCC_OscInitTypeDef structure.
 218:../../CM7/Core/Src/main.c ****   */
 219:../../CM7/Core/Src/main.c ****   RCC_OscInitStruct.OscillatorType = RCC_OSCILLATORTYPE_HSI;
 220:../../CM7/Core/Src/main.c ****   RCC_OscInitStruct.HSIState = RCC_HSI_DIV1;
 221:../../CM7/Core/Src/main.c ****   RCC_OscInitStruct.HSICalibrationValue = RCC_HSICALIBRATION_DEFAULT;
 222:../../CM7/Core/Src/main.c ****   RCC_OscInitStruct.PLL.PLLState = RCC_PLL_ON;
 223:../../CM7/Core/Src/main.c ****   RCC_OscInitStruct.PLL.PLLSource = RCC_PLLSOURCE_HSI;
 224:../../CM7/Core/Src/main.c ****   RCC_OscInitStruct.PLL.PLLM = 4;
 225:../../CM7/Core/Src/main.c ****   RCC_OscInitStruct.PLL.PLLN = 28;
 226:../../CM7/Core/Src/main.c ****   RCC_OscInitStruct.PLL.PLLP = 2;
 227:../../CM7/Core/Src/main.c ****   RCC_OscInitStruct.PLL.PLLQ = 5;
 228:../../CM7/Core/Src/main.c ****   RCC_OscInitStruct.PLL.PLLR = 2;
 229:../../CM7/Core/Src/main.c ****   RCC_OscInitStruct.PLL.PLLRGE = RCC_PLL1VCIRANGE_3;
 230:../../CM7/Core/Src/main.c ****   RCC_OscInitStruct.PLL.PLLVCOSEL = RCC_PLL1VCOWIDE;
 231:../../CM7/Core/Src/main.c ****   RCC_OscInitStruct.PLL.PLLFRACN = 1024;
 232:../../CM7/Core/Src/main.c ****   if (HAL_RCC_OscConfig(&RCC_OscInitStruct) != HAL_OK)
 233:../../CM7/Core/Src/main.c ****   {
 234:../../CM7/Core/Src/main.c ****     Error_Handler();
 235:../../CM7/Core/Src/main.c ****   }
 236:../../CM7/Core/Src/main.c **** 
 237:../../CM7/Core/Src/main.c ****   /** Initializes the CPU, AHB and APB buses clocks
 238:../../CM7/Core/Src/main.c ****   */
 239:../../CM7/Core/Src/main.c ****   RCC_ClkInitStruct.ClockType = RCC_CLOCKTYPE_HCLK|RCC_CLOCKTYPE_SYSCLK
 240:../../CM7/Core/Src/main.c ****                               |RCC_CLOCKTYPE_PCLK1|RCC_CLOCKTYPE_PCLK2
 241:../../CM7/Core/Src/main.c ****                               |RCC_CLOCKTYPE_D3PCLK1|RCC_CLOCKTYPE_D1PCLK1;
 242:../../CM7/Core/Src/main.c ****   RCC_ClkInitStruct.SYSCLKSource = RCC_SYSCLKSOURCE_PLLCLK;
 243:../../CM7/Core/Src/main.c ****   RCC_ClkInitStruct.SYSCLKDivider = RCC_SYSCLK_DIV1;
 244:../../CM7/Core/Src/main.c ****   RCC_ClkInitStruct.AHBCLKDivider = RCC_HCLK_DIV1;
 245:../../CM7/Core/Src/main.c ****   RCC_ClkInitStruct.APB3CLKDivider = RCC_APB3_DIV2;
 246:../../CM7/Core/Src/main.c ****   RCC_ClkInitStruct.APB1CLKDivider = RCC_APB1_DIV2;
 247:../../CM7/Core/Src/main.c ****   RCC_ClkInitStruct.APB2CLKDivider = RCC_APB2_DIV2;
 248:../../CM7/Core/Src/main.c ****   RCC_ClkInitStruct.APB4CLKDivider = RCC_APB4_DIV2;
 249:../../CM7/Core/Src/main.c **** 
 250:../../CM7/Core/Src/main.c ****   if (HAL_RCC_ClockConfig(&RCC_ClkInitStruct, FLASH_LATENCY_4) != HAL_OK)
 251:../../CM7/Core/Src/main.c ****   {
 252:../../CM7/Core/Src/main.c ****     Error_Handler();
 253:../../CM7/Core/Src/main.c ****   }
 254:../../CM7/Core/Src/main.c **** }
 255:../../CM7/Core/Src/main.c **** 
 256:../../CM7/Core/Src/main.c **** /* USER CODE BEGIN 4 */
 257:../../CM7/Core/Src/main.c **** // REMOVED: cubemx_transport_* declarations (not used for UDP)
 258:../../CM7/Core/Src/main.c **** 
 259:../../CM7/Core/Src/main.c **** void * microros_allocate(size_t size, void * state);
 260:../../CM7/Core/Src/main.c **** void microros_deallocate(void * pointer, void * state);
 261:../../CM7/Core/Src/main.c **** void * microros_reallocate(void * pointer, size_t size, void * state);
ARM GAS  /var/folders/2r/mdtt8xvd351gdc398t28_m2m0000gn/T//ccqvQ1gZ.s 			page 6


 262:../../CM7/Core/Src/main.c **** void * microros_zero_allocate(size_t number_of_elements, size_t size_of_element, void * state);
 263:../../CM7/Core/Src/main.c **** /* USER CODE END 4 */
 264:../../CM7/Core/Src/main.c **** 
 265:../../CM7/Core/Src/main.c ****  /* MPU Configuration */
 266:../../CM7/Core/Src/main.c **** 
 267:../../CM7/Core/Src/main.c **** void MPU_Config(void)
 268:../../CM7/Core/Src/main.c **** {
  26              		.loc 1 268 1 view -0
  27              		.cfi_startproc
  28              		@ args = 0, pretend = 0, frame = 16
  29              		@ frame_needed = 0, uses_anonymous_args = 0
  30 0000 30B5     		push	{r4, r5, lr}
  31              	.LCFI0:
  32              		.cfi_def_cfa_offset 12
  33              		.cfi_offset 4, -12
  34              		.cfi_offset 5, -8
  35              		.cfi_offset 14, -4
  36 0002 85B0     		sub	sp, sp, #20
  37              	.LCFI1:
  38              		.cfi_def_cfa_offset 32
 269:../../CM7/Core/Src/main.c ****   MPU_Region_InitTypeDef MPU_InitStruct = {0};
  39              		.loc 1 269 3 view .LVU1
  40              		.loc 1 269 26 is_stmt 0 view .LVU2
  41 0004 0024     		movs	r4, #0
  42 0006 0094     		str	r4, [sp]
  43 0008 0194     		str	r4, [sp, #4]
  44 000a 0294     		str	r4, [sp, #8]
  45 000c 0394     		str	r4, [sp, #12]
 270:../../CM7/Core/Src/main.c **** 
 271:../../CM7/Core/Src/main.c ****   /* Disables the MPU */
 272:../../CM7/Core/Src/main.c ****   HAL_MPU_Disable();
  46              		.loc 1 272 3 is_stmt 1 view .LVU3
  47 000e FFF7FEFF 		bl	HAL_MPU_Disable
  48              	.LVL0:
 273:../../CM7/Core/Src/main.c **** 
 274:../../CM7/Core/Src/main.c ****   /** Initializes and configures the Region and the memory to be protected
 275:../../CM7/Core/Src/main.c ****   */
 276:../../CM7/Core/Src/main.c ****   MPU_InitStruct.Enable = MPU_REGION_ENABLE;
  49              		.loc 1 276 3 view .LVU4
  50              		.loc 1 276 25 is_stmt 0 view .LVU5
  51 0012 0123     		movs	r3, #1
  52 0014 8DF80030 		strb	r3, [sp]
 277:../../CM7/Core/Src/main.c ****   MPU_InitStruct.Number = MPU_REGION_NUMBER0;
  53              		.loc 1 277 3 is_stmt 1 view .LVU6
  54              		.loc 1 277 25 is_stmt 0 view .LVU7
  55 0018 8DF80140 		strb	r4, [sp, #1]
 278:../../CM7/Core/Src/main.c ****   MPU_InitStruct.BaseAddress = 0x30040000;
  56              		.loc 1 278 3 is_stmt 1 view .LVU8
  57              		.loc 1 278 30 is_stmt 0 view .LVU9
  58 001c 0D4A     		ldr	r2, .L3
  59 001e 0192     		str	r2, [sp, #4]
 279:../../CM7/Core/Src/main.c ****   MPU_InitStruct.Size = MPU_REGION_SIZE_32KB;
  60              		.loc 1 279 3 is_stmt 1 view .LVU10
  61              		.loc 1 279 23 is_stmt 0 view .LVU11
  62 0020 0E22     		movs	r2, #14
  63 0022 8DF80820 		strb	r2, [sp, #8]
 280:../../CM7/Core/Src/main.c ****   MPU_InitStruct.SubRegionDisable = 0x0;
ARM GAS  /var/folders/2r/mdtt8xvd351gdc398t28_m2m0000gn/T//ccqvQ1gZ.s 			page 7


  64              		.loc 1 280 3 is_stmt 1 view .LVU12
  65              		.loc 1 280 35 is_stmt 0 view .LVU13
  66 0026 8DF80940 		strb	r4, [sp, #9]
 281:../../CM7/Core/Src/main.c ****   MPU_InitStruct.TypeExtField = MPU_TEX_LEVEL0;
  67              		.loc 1 281 3 is_stmt 1 view .LVU14
  68              		.loc 1 281 31 is_stmt 0 view .LVU15
  69 002a 8DF80A40 		strb	r4, [sp, #10]
 282:../../CM7/Core/Src/main.c ****   MPU_InitStruct.AccessPermission = MPU_REGION_FULL_ACCESS;
  70              		.loc 1 282 3 is_stmt 1 view .LVU16
  71              		.loc 1 282 35 is_stmt 0 view .LVU17
  72 002e 0322     		movs	r2, #3
  73 0030 8DF80B20 		strb	r2, [sp, #11]
 283:../../CM7/Core/Src/main.c ****   MPU_InitStruct.DisableExec = MPU_INSTRUCTION_ACCESS_ENABLE;
  74              		.loc 1 283 3 is_stmt 1 view .LVU18
  75              		.loc 1 283 30 is_stmt 0 view .LVU19
  76 0034 8DF80C40 		strb	r4, [sp, #12]
 284:../../CM7/Core/Src/main.c ****   MPU_InitStruct.IsShareable = MPU_ACCESS_SHAREABLE;
  77              		.loc 1 284 3 is_stmt 1 view .LVU20
  78              		.loc 1 284 30 is_stmt 0 view .LVU21
  79 0038 8DF80D30 		strb	r3, [sp, #13]
 285:../../CM7/Core/Src/main.c ****   MPU_InitStruct.IsCacheable = MPU_ACCESS_NOT_CACHEABLE;
  80              		.loc 1 285 3 is_stmt 1 view .LVU22
  81              		.loc 1 285 30 is_stmt 0 view .LVU23
  82 003c 8DF80E40 		strb	r4, [sp, #14]
 286:../../CM7/Core/Src/main.c ****   MPU_InitStruct.IsBufferable = MPU_ACCESS_NOT_BUFFERABLE;
  83              		.loc 1 286 3 is_stmt 1 view .LVU24
  84              		.loc 1 286 31 is_stmt 0 view .LVU25
  85 0040 8DF80F40 		strb	r4, [sp, #15]
 287:../../CM7/Core/Src/main.c **** 
 288:../../CM7/Core/Src/main.c ****   HAL_MPU_ConfigRegion(&MPU_InitStruct);
  86              		.loc 1 288 3 is_stmt 1 view .LVU26
  87 0044 6846     		mov	r0, sp
  88 0046 FFF7FEFF 		bl	HAL_MPU_ConfigRegion
  89              	.LVL1:
 289:../../CM7/Core/Src/main.c ****   /* Enables the MPU */
 290:../../CM7/Core/Src/main.c ****   HAL_MPU_Enable(MPU_HFNMI_PRIVDEF);
  90              		.loc 1 290 3 view .LVU27
  91 004a 0620     		movs	r0, #6
  92 004c FFF7FEFF 		bl	HAL_MPU_Enable
  93              	.LVL2:
 291:../../CM7/Core/Src/main.c **** 
 292:../../CM7/Core/Src/main.c **** }
  94              		.loc 1 292 1 is_stmt 0 view .LVU28
  95 0050 05B0     		add	sp, sp, #20
  96              	.LCFI2:
  97              		.cfi_def_cfa_offset 12
  98              		@ sp needed
  99 0052 30BD     		pop	{r4, r5, pc}
 100              	.L4:
 101              		.align	2
 102              	.L3:
 103 0054 00000430 		.word	805568512
 104              		.cfi_endproc
 105              	.LFE177:
 107              		.section	.text.HAL_TIM_PeriodElapsedCallback,"ax",%progbits
 108              		.align	1
 109              		.global	HAL_TIM_PeriodElapsedCallback
ARM GAS  /var/folders/2r/mdtt8xvd351gdc398t28_m2m0000gn/T//ccqvQ1gZ.s 			page 8


 110              		.syntax unified
 111              		.thumb
 112              		.thumb_func
 114              	HAL_TIM_PeriodElapsedCallback:
 115              	.LVL3:
 116              	.LFB178:
 293:../../CM7/Core/Src/main.c **** 
 294:../../CM7/Core/Src/main.c **** /**
 295:../../CM7/Core/Src/main.c ****   * @brief  Period elapsed callback in non blocking mode
 296:../../CM7/Core/Src/main.c ****   * @note   This function is called  when TIM1 interrupt took place, inside
 297:../../CM7/Core/Src/main.c ****   * HAL_TIM_IRQHandler(). It makes a direct call to HAL_IncTick() to increment
 298:../../CM7/Core/Src/main.c ****   * a global variable "uwTick" used as application time base.
 299:../../CM7/Core/Src/main.c ****   * @param  htim : TIM handle
 300:../../CM7/Core/Src/main.c ****   * @retval None
 301:../../CM7/Core/Src/main.c ****   */
 302:../../CM7/Core/Src/main.c **** void HAL_TIM_PeriodElapsedCallback(TIM_HandleTypeDef *htim)
 303:../../CM7/Core/Src/main.c **** {
 117              		.loc 1 303 1 is_stmt 1 view -0
 118              		.cfi_startproc
 119              		@ args = 0, pretend = 0, frame = 0
 120              		@ frame_needed = 0, uses_anonymous_args = 0
 121              		.loc 1 303 1 is_stmt 0 view .LVU30
 122 0000 08B5     		push	{r3, lr}
 123              	.LCFI3:
 124              		.cfi_def_cfa_offset 8
 125              		.cfi_offset 3, -8
 126              		.cfi_offset 14, -4
 304:../../CM7/Core/Src/main.c ****   /* USER CODE BEGIN Callback 0 */
 305:../../CM7/Core/Src/main.c **** 
 306:../../CM7/Core/Src/main.c ****   /* USER CODE END Callback 0 */
 307:../../CM7/Core/Src/main.c ****   if (htim->Instance == TIM1)
 127              		.loc 1 307 3 is_stmt 1 view .LVU31
 128              		.loc 1 307 11 is_stmt 0 view .LVU32
 129 0002 0268     		ldr	r2, [r0]
 130              		.loc 1 307 6 view .LVU33
 131 0004 034B     		ldr	r3, .L9
 132 0006 9A42     		cmp	r2, r3
 133 0008 00D0     		beq	.L8
 134              	.LVL4:
 135              	.L5:
 308:../../CM7/Core/Src/main.c ****   {
 309:../../CM7/Core/Src/main.c ****     HAL_IncTick();
 310:../../CM7/Core/Src/main.c ****   }
 311:../../CM7/Core/Src/main.c ****   /* USER CODE BEGIN Callback 1 */
 312:../../CM7/Core/Src/main.c **** 
 313:../../CM7/Core/Src/main.c ****   /* USER CODE END Callback 1 */
 314:../../CM7/Core/Src/main.c **** }
 136              		.loc 1 314 1 view .LVU34
 137 000a 08BD     		pop	{r3, pc}
 138              	.LVL5:
 139              	.L8:
 309:../../CM7/Core/Src/main.c ****   }
 140              		.loc 1 309 5 is_stmt 1 view .LVU35
 141 000c FFF7FEFF 		bl	HAL_IncTick
 142              	.LVL6:
 143              		.loc 1 314 1 is_stmt 0 view .LVU36
 144 0010 FBE7     		b	.L5
ARM GAS  /var/folders/2r/mdtt8xvd351gdc398t28_m2m0000gn/T//ccqvQ1gZ.s 			page 9


 145              	.L10:
 146 0012 00BF     		.align	2
 147              	.L9:
 148 0014 00000140 		.word	1073807360
 149              		.cfi_endproc
 150              	.LFE178:
 152              		.section	.text.Error_Handler,"ax",%progbits
 153              		.align	1
 154              		.global	Error_Handler
 155              		.syntax unified
 156              		.thumb
 157              		.thumb_func
 159              	Error_Handler:
 160              	.LFB179:
 315:../../CM7/Core/Src/main.c **** 
 316:../../CM7/Core/Src/main.c **** /**
 317:../../CM7/Core/Src/main.c ****   * @brief  This function is executed in case of error occurrence.
 318:../../CM7/Core/Src/main.c ****   * @retval None
 319:../../CM7/Core/Src/main.c ****   */
 320:../../CM7/Core/Src/main.c **** void Error_Handler(void)
 321:../../CM7/Core/Src/main.c **** {
 161              		.loc 1 321 1 is_stmt 1 view -0
 162              		.cfi_startproc
 163              		@ Volatile: function does not return.
 164              		@ args = 0, pretend = 0, frame = 0
 165              		@ frame_needed = 0, uses_anonymous_args = 0
 166              		@ link register save eliminated.
 322:../../CM7/Core/Src/main.c ****   /* USER CODE BEGIN Error_Handler_Debug */
 323:../../CM7/Core/Src/main.c ****   /* User can add his own implementation to report the HAL error return state */
 324:../../CM7/Core/Src/main.c ****   __disable_irq();
 167              		.loc 1 324 3 view .LVU38
 168              	.LBB4:
 169              	.LBI4:
 170              		.file 2 "../../Drivers/CMSIS/Include/cmsis_gcc.h"
   1:../../Drivers/CMSIS/Include/cmsis_gcc.h **** /**************************************************************************//**
   2:../../Drivers/CMSIS/Include/cmsis_gcc.h ****  * @file     cmsis_gcc.h
   3:../../Drivers/CMSIS/Include/cmsis_gcc.h ****  * @brief    CMSIS compiler GCC header file
   4:../../Drivers/CMSIS/Include/cmsis_gcc.h ****  * @version  V5.2.0
   5:../../Drivers/CMSIS/Include/cmsis_gcc.h ****  * @date     08. May 2019
   6:../../Drivers/CMSIS/Include/cmsis_gcc.h ****  ******************************************************************************/
   7:../../Drivers/CMSIS/Include/cmsis_gcc.h **** /*
   8:../../Drivers/CMSIS/Include/cmsis_gcc.h ****  * Copyright (c) 2009-2019 Arm Limited. All rights reserved.
   9:../../Drivers/CMSIS/Include/cmsis_gcc.h ****  *
  10:../../Drivers/CMSIS/Include/cmsis_gcc.h ****  * SPDX-License-Identifier: Apache-2.0
  11:../../Drivers/CMSIS/Include/cmsis_gcc.h ****  *
  12:../../Drivers/CMSIS/Include/cmsis_gcc.h ****  * Licensed under the Apache License, Version 2.0 (the License); you may
  13:../../Drivers/CMSIS/Include/cmsis_gcc.h ****  * not use this file except in compliance with the License.
  14:../../Drivers/CMSIS/Include/cmsis_gcc.h ****  * You may obtain a copy of the License at
  15:../../Drivers/CMSIS/Include/cmsis_gcc.h ****  *
  16:../../Drivers/CMSIS/Include/cmsis_gcc.h ****  * www.apache.org/licenses/LICENSE-2.0
  17:../../Drivers/CMSIS/Include/cmsis_gcc.h ****  *
  18:../../Drivers/CMSIS/Include/cmsis_gcc.h ****  * Unless required by applicable law or agreed to in writing, software
  19:../../Drivers/CMSIS/Include/cmsis_gcc.h ****  * distributed under the License is distributed on an AS IS BASIS, WITHOUT
  20:../../Drivers/CMSIS/Include/cmsis_gcc.h ****  * WARRANTIES OR CONDITIONS OF ANY KIND, either express or implied.
  21:../../Drivers/CMSIS/Include/cmsis_gcc.h ****  * See the License for the specific language governing permissions and
  22:../../Drivers/CMSIS/Include/cmsis_gcc.h ****  * limitations under the License.
  23:../../Drivers/CMSIS/Include/cmsis_gcc.h ****  */
ARM GAS  /var/folders/2r/mdtt8xvd351gdc398t28_m2m0000gn/T//ccqvQ1gZ.s 			page 10


  24:../../Drivers/CMSIS/Include/cmsis_gcc.h **** 
  25:../../Drivers/CMSIS/Include/cmsis_gcc.h **** #ifndef __CMSIS_GCC_H
  26:../../Drivers/CMSIS/Include/cmsis_gcc.h **** #define __CMSIS_GCC_H
  27:../../Drivers/CMSIS/Include/cmsis_gcc.h **** 
  28:../../Drivers/CMSIS/Include/cmsis_gcc.h **** /* ignore some GCC warnings */
  29:../../Drivers/CMSIS/Include/cmsis_gcc.h **** #pragma GCC diagnostic push
  30:../../Drivers/CMSIS/Include/cmsis_gcc.h **** #pragma GCC diagnostic ignored "-Wsign-conversion"
  31:../../Drivers/CMSIS/Include/cmsis_gcc.h **** #pragma GCC diagnostic ignored "-Wconversion"
  32:../../Drivers/CMSIS/Include/cmsis_gcc.h **** #pragma GCC diagnostic ignored "-Wunused-parameter"
  33:../../Drivers/CMSIS/Include/cmsis_gcc.h **** 
  34:../../Drivers/CMSIS/Include/cmsis_gcc.h **** /* Fallback for __has_builtin */
  35:../../Drivers/CMSIS/Include/cmsis_gcc.h **** #ifndef __has_builtin
  36:../../Drivers/CMSIS/Include/cmsis_gcc.h ****   #define __has_builtin(x) (0)
  37:../../Drivers/CMSIS/Include/cmsis_gcc.h **** #endif
  38:../../Drivers/CMSIS/Include/cmsis_gcc.h **** 
  39:../../Drivers/CMSIS/Include/cmsis_gcc.h **** /* CMSIS compiler specific defines */
  40:../../Drivers/CMSIS/Include/cmsis_gcc.h **** #ifndef   __ASM
  41:../../Drivers/CMSIS/Include/cmsis_gcc.h ****   #define __ASM                                  __asm
  42:../../Drivers/CMSIS/Include/cmsis_gcc.h **** #endif
  43:../../Drivers/CMSIS/Include/cmsis_gcc.h **** #ifndef   __INLINE
  44:../../Drivers/CMSIS/Include/cmsis_gcc.h ****   #define __INLINE                               inline
  45:../../Drivers/CMSIS/Include/cmsis_gcc.h **** #endif
  46:../../Drivers/CMSIS/Include/cmsis_gcc.h **** #ifndef   __STATIC_INLINE
  47:../../Drivers/CMSIS/Include/cmsis_gcc.h ****   #define __STATIC_INLINE                        static inline
  48:../../Drivers/CMSIS/Include/cmsis_gcc.h **** #endif
  49:../../Drivers/CMSIS/Include/cmsis_gcc.h **** #ifndef   __STATIC_FORCEINLINE                 
  50:../../Drivers/CMSIS/Include/cmsis_gcc.h ****   #define __STATIC_FORCEINLINE                   __attribute__((always_inline)) static inline
  51:../../Drivers/CMSIS/Include/cmsis_gcc.h **** #endif                                           
  52:../../Drivers/CMSIS/Include/cmsis_gcc.h **** #ifndef   __NO_RETURN
  53:../../Drivers/CMSIS/Include/cmsis_gcc.h ****   #define __NO_RETURN                            __attribute__((__noreturn__))
  54:../../Drivers/CMSIS/Include/cmsis_gcc.h **** #endif
  55:../../Drivers/CMSIS/Include/cmsis_gcc.h **** #ifndef   __USED
  56:../../Drivers/CMSIS/Include/cmsis_gcc.h ****   #define __USED                                 __attribute__((used))
  57:../../Drivers/CMSIS/Include/cmsis_gcc.h **** #endif
  58:../../Drivers/CMSIS/Include/cmsis_gcc.h **** #ifndef   __WEAK
  59:../../Drivers/CMSIS/Include/cmsis_gcc.h ****   #define __WEAK                                 __attribute__((weak))
  60:../../Drivers/CMSIS/Include/cmsis_gcc.h **** #endif
  61:../../Drivers/CMSIS/Include/cmsis_gcc.h **** #ifndef   __PACKED
  62:../../Drivers/CMSIS/Include/cmsis_gcc.h ****   #define __PACKED                               __attribute__((packed, aligned(1)))
  63:../../Drivers/CMSIS/Include/cmsis_gcc.h **** #endif
  64:../../Drivers/CMSIS/Include/cmsis_gcc.h **** #ifndef   __PACKED_STRUCT
  65:../../Drivers/CMSIS/Include/cmsis_gcc.h ****   #define __PACKED_STRUCT                        struct __attribute__((packed, aligned(1)))
  66:../../Drivers/CMSIS/Include/cmsis_gcc.h **** #endif
  67:../../Drivers/CMSIS/Include/cmsis_gcc.h **** #ifndef   __PACKED_UNION
  68:../../Drivers/CMSIS/Include/cmsis_gcc.h ****   #define __PACKED_UNION                         union __attribute__((packed, aligned(1)))
  69:../../Drivers/CMSIS/Include/cmsis_gcc.h **** #endif
  70:../../Drivers/CMSIS/Include/cmsis_gcc.h **** #ifndef   __UNALIGNED_UINT32        /* deprecated */
  71:../../Drivers/CMSIS/Include/cmsis_gcc.h ****   #pragma GCC diagnostic push
  72:../../Drivers/CMSIS/Include/cmsis_gcc.h ****   #pragma GCC diagnostic ignored "-Wpacked"
  73:../../Drivers/CMSIS/Include/cmsis_gcc.h ****   #pragma GCC diagnostic ignored "-Wattributes"
  74:../../Drivers/CMSIS/Include/cmsis_gcc.h ****   struct __attribute__((packed)) T_UINT32 { uint32_t v; };
  75:../../Drivers/CMSIS/Include/cmsis_gcc.h ****   #pragma GCC diagnostic pop
  76:../../Drivers/CMSIS/Include/cmsis_gcc.h ****   #define __UNALIGNED_UINT32(x)                  (((struct T_UINT32 *)(x))->v)
  77:../../Drivers/CMSIS/Include/cmsis_gcc.h **** #endif
  78:../../Drivers/CMSIS/Include/cmsis_gcc.h **** #ifndef   __UNALIGNED_UINT16_WRITE
  79:../../Drivers/CMSIS/Include/cmsis_gcc.h ****   #pragma GCC diagnostic push
  80:../../Drivers/CMSIS/Include/cmsis_gcc.h ****   #pragma GCC diagnostic ignored "-Wpacked"
ARM GAS  /var/folders/2r/mdtt8xvd351gdc398t28_m2m0000gn/T//ccqvQ1gZ.s 			page 11


  81:../../Drivers/CMSIS/Include/cmsis_gcc.h ****   #pragma GCC diagnostic ignored "-Wattributes"
  82:../../Drivers/CMSIS/Include/cmsis_gcc.h ****   __PACKED_STRUCT T_UINT16_WRITE { uint16_t v; };
  83:../../Drivers/CMSIS/Include/cmsis_gcc.h ****   #pragma GCC diagnostic pop
  84:../../Drivers/CMSIS/Include/cmsis_gcc.h ****   #define __UNALIGNED_UINT16_WRITE(addr, val)    (void)((((struct T_UINT16_WRITE *)(void *)(addr))-
  85:../../Drivers/CMSIS/Include/cmsis_gcc.h **** #endif
  86:../../Drivers/CMSIS/Include/cmsis_gcc.h **** #ifndef   __UNALIGNED_UINT16_READ
  87:../../Drivers/CMSIS/Include/cmsis_gcc.h ****   #pragma GCC diagnostic push
  88:../../Drivers/CMSIS/Include/cmsis_gcc.h ****   #pragma GCC diagnostic ignored "-Wpacked"
  89:../../Drivers/CMSIS/Include/cmsis_gcc.h ****   #pragma GCC diagnostic ignored "-Wattributes"
  90:../../Drivers/CMSIS/Include/cmsis_gcc.h ****   __PACKED_STRUCT T_UINT16_READ { uint16_t v; };
  91:../../Drivers/CMSIS/Include/cmsis_gcc.h ****   #pragma GCC diagnostic pop
  92:../../Drivers/CMSIS/Include/cmsis_gcc.h ****   #define __UNALIGNED_UINT16_READ(addr)          (((const struct T_UINT16_READ *)(const void *)(add
  93:../../Drivers/CMSIS/Include/cmsis_gcc.h **** #endif
  94:../../Drivers/CMSIS/Include/cmsis_gcc.h **** #ifndef   __UNALIGNED_UINT32_WRITE
  95:../../Drivers/CMSIS/Include/cmsis_gcc.h ****   #pragma GCC diagnostic push
  96:../../Drivers/CMSIS/Include/cmsis_gcc.h ****   #pragma GCC diagnostic ignored "-Wpacked"
  97:../../Drivers/CMSIS/Include/cmsis_gcc.h ****   #pragma GCC diagnostic ignored "-Wattributes"
  98:../../Drivers/CMSIS/Include/cmsis_gcc.h ****   __PACKED_STRUCT T_UINT32_WRITE { uint32_t v; };
  99:../../Drivers/CMSIS/Include/cmsis_gcc.h ****   #pragma GCC diagnostic pop
 100:../../Drivers/CMSIS/Include/cmsis_gcc.h ****   #define __UNALIGNED_UINT32_WRITE(addr, val)    (void)((((struct T_UINT32_WRITE *)(void *)(addr))-
 101:../../Drivers/CMSIS/Include/cmsis_gcc.h **** #endif
 102:../../Drivers/CMSIS/Include/cmsis_gcc.h **** #ifndef   __UNALIGNED_UINT32_READ
 103:../../Drivers/CMSIS/Include/cmsis_gcc.h ****   #pragma GCC diagnostic push
 104:../../Drivers/CMSIS/Include/cmsis_gcc.h ****   #pragma GCC diagnostic ignored "-Wpacked"
 105:../../Drivers/CMSIS/Include/cmsis_gcc.h ****   #pragma GCC diagnostic ignored "-Wattributes"
 106:../../Drivers/CMSIS/Include/cmsis_gcc.h ****   __PACKED_STRUCT T_UINT32_READ { uint32_t v; };
 107:../../Drivers/CMSIS/Include/cmsis_gcc.h ****   #pragma GCC diagnostic pop
 108:../../Drivers/CMSIS/Include/cmsis_gcc.h ****   #define __UNALIGNED_UINT32_READ(addr)          (((const struct T_UINT32_READ *)(const void *)(add
 109:../../Drivers/CMSIS/Include/cmsis_gcc.h **** #endif
 110:../../Drivers/CMSIS/Include/cmsis_gcc.h **** #ifndef   __ALIGNED
 111:../../Drivers/CMSIS/Include/cmsis_gcc.h ****   #define __ALIGNED(x)                           __attribute__((aligned(x)))
 112:../../Drivers/CMSIS/Include/cmsis_gcc.h **** #endif
 113:../../Drivers/CMSIS/Include/cmsis_gcc.h **** #ifndef   __RESTRICT
 114:../../Drivers/CMSIS/Include/cmsis_gcc.h ****   #define __RESTRICT                             __restrict
 115:../../Drivers/CMSIS/Include/cmsis_gcc.h **** #endif
 116:../../Drivers/CMSIS/Include/cmsis_gcc.h **** #ifndef   __COMPILER_BARRIER
 117:../../Drivers/CMSIS/Include/cmsis_gcc.h ****   #define __COMPILER_BARRIER()                   __ASM volatile("":::"memory")
 118:../../Drivers/CMSIS/Include/cmsis_gcc.h **** #endif
 119:../../Drivers/CMSIS/Include/cmsis_gcc.h **** 
 120:../../Drivers/CMSIS/Include/cmsis_gcc.h **** /* #########################  Startup and Lowlevel Init  ######################## */
 121:../../Drivers/CMSIS/Include/cmsis_gcc.h **** 
 122:../../Drivers/CMSIS/Include/cmsis_gcc.h **** #ifndef __PROGRAM_START
 123:../../Drivers/CMSIS/Include/cmsis_gcc.h **** 
 124:../../Drivers/CMSIS/Include/cmsis_gcc.h **** /**
 125:../../Drivers/CMSIS/Include/cmsis_gcc.h ****   \brief   Initializes data and bss sections
 126:../../Drivers/CMSIS/Include/cmsis_gcc.h ****   \details This default implementations initialized all data and additional bss
 127:../../Drivers/CMSIS/Include/cmsis_gcc.h ****            sections relying on .copy.table and .zero.table specified properly
 128:../../Drivers/CMSIS/Include/cmsis_gcc.h ****            in the used linker script.
 129:../../Drivers/CMSIS/Include/cmsis_gcc.h ****   
 130:../../Drivers/CMSIS/Include/cmsis_gcc.h ****  */
 131:../../Drivers/CMSIS/Include/cmsis_gcc.h **** __STATIC_FORCEINLINE __NO_RETURN void __cmsis_start(void)
 132:../../Drivers/CMSIS/Include/cmsis_gcc.h **** {
 133:../../Drivers/CMSIS/Include/cmsis_gcc.h ****   extern void _start(void) __NO_RETURN;
 134:../../Drivers/CMSIS/Include/cmsis_gcc.h ****   
 135:../../Drivers/CMSIS/Include/cmsis_gcc.h ****   typedef struct {
 136:../../Drivers/CMSIS/Include/cmsis_gcc.h ****     uint32_t const* src;
 137:../../Drivers/CMSIS/Include/cmsis_gcc.h ****     uint32_t* dest;
ARM GAS  /var/folders/2r/mdtt8xvd351gdc398t28_m2m0000gn/T//ccqvQ1gZ.s 			page 12


 138:../../Drivers/CMSIS/Include/cmsis_gcc.h ****     uint32_t  wlen;
 139:../../Drivers/CMSIS/Include/cmsis_gcc.h ****   } __copy_table_t;
 140:../../Drivers/CMSIS/Include/cmsis_gcc.h ****   
 141:../../Drivers/CMSIS/Include/cmsis_gcc.h ****   typedef struct {
 142:../../Drivers/CMSIS/Include/cmsis_gcc.h ****     uint32_t* dest;
 143:../../Drivers/CMSIS/Include/cmsis_gcc.h ****     uint32_t  wlen;
 144:../../Drivers/CMSIS/Include/cmsis_gcc.h ****   } __zero_table_t;
 145:../../Drivers/CMSIS/Include/cmsis_gcc.h ****   
 146:../../Drivers/CMSIS/Include/cmsis_gcc.h ****   extern const __copy_table_t __copy_table_start__;
 147:../../Drivers/CMSIS/Include/cmsis_gcc.h ****   extern const __copy_table_t __copy_table_end__;
 148:../../Drivers/CMSIS/Include/cmsis_gcc.h ****   extern const __zero_table_t __zero_table_start__;
 149:../../Drivers/CMSIS/Include/cmsis_gcc.h ****   extern const __zero_table_t __zero_table_end__;
 150:../../Drivers/CMSIS/Include/cmsis_gcc.h **** 
 151:../../Drivers/CMSIS/Include/cmsis_gcc.h ****   for (__copy_table_t const* pTable = &__copy_table_start__; pTable < &__copy_table_end__; ++pTable
 152:../../Drivers/CMSIS/Include/cmsis_gcc.h ****     for(uint32_t i=0u; i<pTable->wlen; ++i) {
 153:../../Drivers/CMSIS/Include/cmsis_gcc.h ****       pTable->dest[i] = pTable->src[i];
 154:../../Drivers/CMSIS/Include/cmsis_gcc.h ****     }
 155:../../Drivers/CMSIS/Include/cmsis_gcc.h ****   }
 156:../../Drivers/CMSIS/Include/cmsis_gcc.h ****  
 157:../../Drivers/CMSIS/Include/cmsis_gcc.h ****   for (__zero_table_t const* pTable = &__zero_table_start__; pTable < &__zero_table_end__; ++pTable
 158:../../Drivers/CMSIS/Include/cmsis_gcc.h ****     for(uint32_t i=0u; i<pTable->wlen; ++i) {
 159:../../Drivers/CMSIS/Include/cmsis_gcc.h ****       pTable->dest[i] = 0u;
 160:../../Drivers/CMSIS/Include/cmsis_gcc.h ****     }
 161:../../Drivers/CMSIS/Include/cmsis_gcc.h ****   }
 162:../../Drivers/CMSIS/Include/cmsis_gcc.h ****  
 163:../../Drivers/CMSIS/Include/cmsis_gcc.h ****   _start();
 164:../../Drivers/CMSIS/Include/cmsis_gcc.h **** }
 165:../../Drivers/CMSIS/Include/cmsis_gcc.h ****   
 166:../../Drivers/CMSIS/Include/cmsis_gcc.h **** #define __PROGRAM_START           __cmsis_start
 167:../../Drivers/CMSIS/Include/cmsis_gcc.h **** #endif
 168:../../Drivers/CMSIS/Include/cmsis_gcc.h **** 
 169:../../Drivers/CMSIS/Include/cmsis_gcc.h **** #ifndef __INITIAL_SP
 170:../../Drivers/CMSIS/Include/cmsis_gcc.h **** #define __INITIAL_SP              __StackTop
 171:../../Drivers/CMSIS/Include/cmsis_gcc.h **** #endif
 172:../../Drivers/CMSIS/Include/cmsis_gcc.h **** 
 173:../../Drivers/CMSIS/Include/cmsis_gcc.h **** #ifndef __STACK_LIMIT
 174:../../Drivers/CMSIS/Include/cmsis_gcc.h **** #define __STACK_LIMIT             __StackLimit
 175:../../Drivers/CMSIS/Include/cmsis_gcc.h **** #endif
 176:../../Drivers/CMSIS/Include/cmsis_gcc.h **** 
 177:../../Drivers/CMSIS/Include/cmsis_gcc.h **** #ifndef __VECTOR_TABLE
 178:../../Drivers/CMSIS/Include/cmsis_gcc.h **** #define __VECTOR_TABLE            __Vectors
 179:../../Drivers/CMSIS/Include/cmsis_gcc.h **** #endif
 180:../../Drivers/CMSIS/Include/cmsis_gcc.h **** 
 181:../../Drivers/CMSIS/Include/cmsis_gcc.h **** #ifndef __VECTOR_TABLE_ATTRIBUTE
 182:../../Drivers/CMSIS/Include/cmsis_gcc.h **** #define __VECTOR_TABLE_ATTRIBUTE  __attribute((used, section(".vectors")))
 183:../../Drivers/CMSIS/Include/cmsis_gcc.h **** #endif
 184:../../Drivers/CMSIS/Include/cmsis_gcc.h **** 
 185:../../Drivers/CMSIS/Include/cmsis_gcc.h **** /* ###########################  Core Function Access  ########################### */
 186:../../Drivers/CMSIS/Include/cmsis_gcc.h **** /** \ingroup  CMSIS_Core_FunctionInterface
 187:../../Drivers/CMSIS/Include/cmsis_gcc.h ****     \defgroup CMSIS_Core_RegAccFunctions CMSIS Core Register Access Functions
 188:../../Drivers/CMSIS/Include/cmsis_gcc.h ****   @{
 189:../../Drivers/CMSIS/Include/cmsis_gcc.h ****  */
 190:../../Drivers/CMSIS/Include/cmsis_gcc.h **** 
 191:../../Drivers/CMSIS/Include/cmsis_gcc.h **** /**
 192:../../Drivers/CMSIS/Include/cmsis_gcc.h ****   \brief   Enable IRQ Interrupts
 193:../../Drivers/CMSIS/Include/cmsis_gcc.h ****   \details Enables IRQ interrupts by clearing the I-bit in the CPSR.
 194:../../Drivers/CMSIS/Include/cmsis_gcc.h ****            Can only be executed in Privileged modes.
ARM GAS  /var/folders/2r/mdtt8xvd351gdc398t28_m2m0000gn/T//ccqvQ1gZ.s 			page 13


 195:../../Drivers/CMSIS/Include/cmsis_gcc.h ****  */
 196:../../Drivers/CMSIS/Include/cmsis_gcc.h **** __STATIC_FORCEINLINE void __enable_irq(void)
 197:../../Drivers/CMSIS/Include/cmsis_gcc.h **** {
 198:../../Drivers/CMSIS/Include/cmsis_gcc.h ****   __ASM volatile ("cpsie i" : : : "memory");
 199:../../Drivers/CMSIS/Include/cmsis_gcc.h **** }
 200:../../Drivers/CMSIS/Include/cmsis_gcc.h **** 
 201:../../Drivers/CMSIS/Include/cmsis_gcc.h **** 
 202:../../Drivers/CMSIS/Include/cmsis_gcc.h **** /**
 203:../../Drivers/CMSIS/Include/cmsis_gcc.h ****   \brief   Disable IRQ Interrupts
 204:../../Drivers/CMSIS/Include/cmsis_gcc.h ****   \details Disables IRQ interrupts by setting the I-bit in the CPSR.
 205:../../Drivers/CMSIS/Include/cmsis_gcc.h ****            Can only be executed in Privileged modes.
 206:../../Drivers/CMSIS/Include/cmsis_gcc.h ****  */
 207:../../Drivers/CMSIS/Include/cmsis_gcc.h **** __STATIC_FORCEINLINE void __disable_irq(void)
 171              		.loc 2 207 27 view .LVU39
 172              	.LBB5:
 208:../../Drivers/CMSIS/Include/cmsis_gcc.h **** {
 209:../../Drivers/CMSIS/Include/cmsis_gcc.h ****   __ASM volatile ("cpsid i" : : : "memory");
 173              		.loc 2 209 3 view .LVU40
 174              		.syntax unified
 175              	@ 209 "../../Drivers/CMSIS/Include/cmsis_gcc.h" 1
 176 0000 72B6     		cpsid i
 177              	@ 0 "" 2
 178              		.thumb
 179              		.syntax unified
 180              	.L12:
 181              	.LBE5:
 182              	.LBE4:
 325:../../CM7/Core/Src/main.c ****   while (1)
 183              		.loc 1 325 3 view .LVU41
 326:../../CM7/Core/Src/main.c ****   {
 327:../../CM7/Core/Src/main.c ****   }
 184              		.loc 1 327 3 view .LVU42
 325:../../CM7/Core/Src/main.c ****   while (1)
 185              		.loc 1 325 9 view .LVU43
 186 0002 FEE7     		b	.L12
 187              		.cfi_endproc
 188              	.LFE179:
 190              		.section	.text.SystemClock_Config,"ax",%progbits
 191              		.align	1
 192              		.global	SystemClock_Config
 193              		.syntax unified
 194              		.thumb
 195              		.thumb_func
 197              	SystemClock_Config:
 198              	.LFB176:
 202:../../CM7/Core/Src/main.c ****   RCC_OscInitTypeDef RCC_OscInitStruct = {0};
 199              		.loc 1 202 1 view -0
 200              		.cfi_startproc
 201              		@ args = 0, pretend = 0, frame = 112
 202              		@ frame_needed = 0, uses_anonymous_args = 0
 203 0000 00B5     		push	{lr}
 204              	.LCFI4:
 205              		.cfi_def_cfa_offset 4
 206              		.cfi_offset 14, -4
 207 0002 9DB0     		sub	sp, sp, #116
 208              	.LCFI5:
 209              		.cfi_def_cfa_offset 120
ARM GAS  /var/folders/2r/mdtt8xvd351gdc398t28_m2m0000gn/T//ccqvQ1gZ.s 			page 14


 203:../../CM7/Core/Src/main.c ****   RCC_ClkInitTypeDef RCC_ClkInitStruct = {0};
 210              		.loc 1 203 3 view .LVU45
 203:../../CM7/Core/Src/main.c ****   RCC_ClkInitTypeDef RCC_ClkInitStruct = {0};
 211              		.loc 1 203 22 is_stmt 0 view .LVU46
 212 0004 4C22     		movs	r2, #76
 213 0006 0021     		movs	r1, #0
 214 0008 09A8     		add	r0, sp, #36
 215 000a FFF7FEFF 		bl	memset
 216              	.LVL7:
 204:../../CM7/Core/Src/main.c **** 
 217              		.loc 1 204 3 is_stmt 1 view .LVU47
 204:../../CM7/Core/Src/main.c **** 
 218              		.loc 1 204 22 is_stmt 0 view .LVU48
 219 000e 2022     		movs	r2, #32
 220 0010 0021     		movs	r1, #0
 221 0012 01A8     		add	r0, sp, #4
 222 0014 FFF7FEFF 		bl	memset
 223              	.LVL8:
 208:../../CM7/Core/Src/main.c **** 
 224              		.loc 1 208 3 is_stmt 1 view .LVU49
 225 0018 0420     		movs	r0, #4
 226 001a FFF7FEFF 		bl	HAL_PWREx_ConfigSupply
 227              	.LVL9:
 212:../../CM7/Core/Src/main.c **** 
 228              		.loc 1 212 3 view .LVU50
 229              	.LBB6:
 212:../../CM7/Core/Src/main.c **** 
 230              		.loc 1 212 3 view .LVU51
 231 001e 0023     		movs	r3, #0
 232 0020 0093     		str	r3, [sp]
 212:../../CM7/Core/Src/main.c **** 
 233              		.loc 1 212 3 view .LVU52
 212:../../CM7/Core/Src/main.c **** 
 234              		.loc 1 212 3 discriminator 2 view .LVU53
 235 0022 284B     		ldr	r3, .L20
 236 0024 DA6A     		ldr	r2, [r3, #44]
 237 0026 22F00102 		bic	r2, r2, #1
 238 002a DA62     		str	r2, [r3, #44]
 212:../../CM7/Core/Src/main.c **** 
 239              		.loc 1 212 3 view .LVU54
 212:../../CM7/Core/Src/main.c **** 
 240              		.loc 1 212 3 is_stmt 0 discriminator 2 view .LVU55
 241 002c DB6A     		ldr	r3, [r3, #44]
 242 002e 03F00103 		and	r3, r3, #1
 243 0032 0093     		str	r3, [sp]
 212:../../CM7/Core/Src/main.c **** 
 244              		.loc 1 212 3 is_stmt 1 view .LVU56
 212:../../CM7/Core/Src/main.c **** 
 245              		.loc 1 212 3 is_stmt 0 discriminator 2 view .LVU57
 246 0034 244A     		ldr	r2, .L20+4
 247 0036 9369     		ldr	r3, [r2, #24]
 248 0038 23F44043 		bic	r3, r3, #49152
 249 003c 43F40043 		orr	r3, r3, #32768
 250 0040 9361     		str	r3, [r2, #24]
 212:../../CM7/Core/Src/main.c **** 
 251              		.loc 1 212 3 is_stmt 1 view .LVU58
 212:../../CM7/Core/Src/main.c **** 
ARM GAS  /var/folders/2r/mdtt8xvd351gdc398t28_m2m0000gn/T//ccqvQ1gZ.s 			page 15


 252              		.loc 1 212 3 is_stmt 0 discriminator 2 view .LVU59
 253 0042 9369     		ldr	r3, [r2, #24]
 254 0044 03F44043 		and	r3, r3, #49152
 255 0048 0093     		str	r3, [sp]
 212:../../CM7/Core/Src/main.c **** 
 256              		.loc 1 212 3 is_stmt 1 discriminator 4 view .LVU60
 257 004a 009B     		ldr	r3, [sp]
 258              	.LBE6:
 212:../../CM7/Core/Src/main.c **** 
 259              		.loc 1 212 3 view .LVU61
 214:../../CM7/Core/Src/main.c **** 
 260              		.loc 1 214 3 view .LVU62
 261              	.L14:
 214:../../CM7/Core/Src/main.c **** 
 262              		.loc 1 214 48 discriminator 1 view .LVU63
 214:../../CM7/Core/Src/main.c **** 
 263              		.loc 1 214 9 discriminator 1 view .LVU64
 214:../../CM7/Core/Src/main.c **** 
 264              		.loc 1 214 10 is_stmt 0 discriminator 1 view .LVU65
 265 004c 1E4B     		ldr	r3, .L20+4
 266 004e 9B69     		ldr	r3, [r3, #24]
 214:../../CM7/Core/Src/main.c **** 
 267              		.loc 1 214 9 discriminator 1 view .LVU66
 268 0050 13F4005F 		tst	r3, #8192
 269 0054 FAD0     		beq	.L14
 219:../../CM7/Core/Src/main.c ****   RCC_OscInitStruct.HSIState = RCC_HSI_DIV1;
 270              		.loc 1 219 3 is_stmt 1 view .LVU67
 219:../../CM7/Core/Src/main.c ****   RCC_OscInitStruct.HSIState = RCC_HSI_DIV1;
 271              		.loc 1 219 36 is_stmt 0 view .LVU68
 272 0056 0223     		movs	r3, #2
 273 0058 0993     		str	r3, [sp, #36]
 220:../../CM7/Core/Src/main.c ****   RCC_OscInitStruct.HSICalibrationValue = RCC_HSICALIBRATION_DEFAULT;
 274              		.loc 1 220 3 is_stmt 1 view .LVU69
 220:../../CM7/Core/Src/main.c ****   RCC_OscInitStruct.HSICalibrationValue = RCC_HSICALIBRATION_DEFAULT;
 275              		.loc 1 220 30 is_stmt 0 view .LVU70
 276 005a 0122     		movs	r2, #1
 277 005c 0C92     		str	r2, [sp, #48]
 221:../../CM7/Core/Src/main.c ****   RCC_OscInitStruct.PLL.PLLState = RCC_PLL_ON;
 278              		.loc 1 221 3 is_stmt 1 view .LVU71
 221:../../CM7/Core/Src/main.c ****   RCC_OscInitStruct.PLL.PLLState = RCC_PLL_ON;
 279              		.loc 1 221 41 is_stmt 0 view .LVU72
 280 005e 4022     		movs	r2, #64
 281 0060 0D92     		str	r2, [sp, #52]
 222:../../CM7/Core/Src/main.c ****   RCC_OscInitStruct.PLL.PLLSource = RCC_PLLSOURCE_HSI;
 282              		.loc 1 222 3 is_stmt 1 view .LVU73
 222:../../CM7/Core/Src/main.c ****   RCC_OscInitStruct.PLL.PLLSource = RCC_PLLSOURCE_HSI;
 283              		.loc 1 222 34 is_stmt 0 view .LVU74
 284 0062 1293     		str	r3, [sp, #72]
 223:../../CM7/Core/Src/main.c ****   RCC_OscInitStruct.PLL.PLLM = 4;
 285              		.loc 1 223 3 is_stmt 1 view .LVU75
 223:../../CM7/Core/Src/main.c ****   RCC_OscInitStruct.PLL.PLLM = 4;
 286              		.loc 1 223 35 is_stmt 0 view .LVU76
 287 0064 0022     		movs	r2, #0
 288 0066 1392     		str	r2, [sp, #76]
 224:../../CM7/Core/Src/main.c ****   RCC_OscInitStruct.PLL.PLLN = 28;
 289              		.loc 1 224 3 is_stmt 1 view .LVU77
 224:../../CM7/Core/Src/main.c ****   RCC_OscInitStruct.PLL.PLLN = 28;
ARM GAS  /var/folders/2r/mdtt8xvd351gdc398t28_m2m0000gn/T//ccqvQ1gZ.s 			page 16


 290              		.loc 1 224 30 is_stmt 0 view .LVU78
 291 0068 0421     		movs	r1, #4
 292 006a 1491     		str	r1, [sp, #80]
 225:../../CM7/Core/Src/main.c ****   RCC_OscInitStruct.PLL.PLLP = 2;
 293              		.loc 1 225 3 is_stmt 1 view .LVU79
 225:../../CM7/Core/Src/main.c ****   RCC_OscInitStruct.PLL.PLLP = 2;
 294              		.loc 1 225 30 is_stmt 0 view .LVU80
 295 006c 1C21     		movs	r1, #28
 296 006e 1591     		str	r1, [sp, #84]
 226:../../CM7/Core/Src/main.c ****   RCC_OscInitStruct.PLL.PLLQ = 5;
 297              		.loc 1 226 3 is_stmt 1 view .LVU81
 226:../../CM7/Core/Src/main.c ****   RCC_OscInitStruct.PLL.PLLQ = 5;
 298              		.loc 1 226 30 is_stmt 0 view .LVU82
 299 0070 1693     		str	r3, [sp, #88]
 227:../../CM7/Core/Src/main.c ****   RCC_OscInitStruct.PLL.PLLR = 2;
 300              		.loc 1 227 3 is_stmt 1 view .LVU83
 227:../../CM7/Core/Src/main.c ****   RCC_OscInitStruct.PLL.PLLR = 2;
 301              		.loc 1 227 30 is_stmt 0 view .LVU84
 302 0072 0521     		movs	r1, #5
 303 0074 1791     		str	r1, [sp, #92]
 228:../../CM7/Core/Src/main.c ****   RCC_OscInitStruct.PLL.PLLRGE = RCC_PLL1VCIRANGE_3;
 304              		.loc 1 228 3 is_stmt 1 view .LVU85
 228:../../CM7/Core/Src/main.c ****   RCC_OscInitStruct.PLL.PLLRGE = RCC_PLL1VCIRANGE_3;
 305              		.loc 1 228 30 is_stmt 0 view .LVU86
 306 0076 1893     		str	r3, [sp, #96]
 229:../../CM7/Core/Src/main.c ****   RCC_OscInitStruct.PLL.PLLVCOSEL = RCC_PLL1VCOWIDE;
 307              		.loc 1 229 3 is_stmt 1 view .LVU87
 229:../../CM7/Core/Src/main.c ****   RCC_OscInitStruct.PLL.PLLVCOSEL = RCC_PLL1VCOWIDE;
 308              		.loc 1 229 32 is_stmt 0 view .LVU88
 309 0078 0C23     		movs	r3, #12
 310 007a 1993     		str	r3, [sp, #100]
 230:../../CM7/Core/Src/main.c ****   RCC_OscInitStruct.PLL.PLLFRACN = 1024;
 311              		.loc 1 230 3 is_stmt 1 view .LVU89
 230:../../CM7/Core/Src/main.c ****   RCC_OscInitStruct.PLL.PLLFRACN = 1024;
 312              		.loc 1 230 35 is_stmt 0 view .LVU90
 313 007c 1A92     		str	r2, [sp, #104]
 231:../../CM7/Core/Src/main.c ****   if (HAL_RCC_OscConfig(&RCC_OscInitStruct) != HAL_OK)
 314              		.loc 1 231 3 is_stmt 1 view .LVU91
 231:../../CM7/Core/Src/main.c ****   if (HAL_RCC_OscConfig(&RCC_OscInitStruct) != HAL_OK)
 315              		.loc 1 231 34 is_stmt 0 view .LVU92
 316 007e 4FF48063 		mov	r3, #1024
 317 0082 1B93     		str	r3, [sp, #108]
 232:../../CM7/Core/Src/main.c ****   {
 318              		.loc 1 232 3 is_stmt 1 view .LVU93
 232:../../CM7/Core/Src/main.c ****   {
 319              		.loc 1 232 7 is_stmt 0 view .LVU94
 320 0084 09A8     		add	r0, sp, #36
 321 0086 FFF7FEFF 		bl	HAL_RCC_OscConfig
 322              	.LVL10:
 232:../../CM7/Core/Src/main.c ****   {
 323              		.loc 1 232 6 discriminator 1 view .LVU95
 324 008a B0B9     		cbnz	r0, .L18
 239:../../CM7/Core/Src/main.c ****                               |RCC_CLOCKTYPE_PCLK1|RCC_CLOCKTYPE_PCLK2
 325              		.loc 1 239 3 is_stmt 1 view .LVU96
 239:../../CM7/Core/Src/main.c ****                               |RCC_CLOCKTYPE_PCLK1|RCC_CLOCKTYPE_PCLK2
 326              		.loc 1 239 31 is_stmt 0 view .LVU97
 327 008c 3F23     		movs	r3, #63
ARM GAS  /var/folders/2r/mdtt8xvd351gdc398t28_m2m0000gn/T//ccqvQ1gZ.s 			page 17


 328 008e 0193     		str	r3, [sp, #4]
 242:../../CM7/Core/Src/main.c ****   RCC_ClkInitStruct.SYSCLKDivider = RCC_SYSCLK_DIV1;
 329              		.loc 1 242 3 is_stmt 1 view .LVU98
 242:../../CM7/Core/Src/main.c ****   RCC_ClkInitStruct.SYSCLKDivider = RCC_SYSCLK_DIV1;
 330              		.loc 1 242 34 is_stmt 0 view .LVU99
 331 0090 0323     		movs	r3, #3
 332 0092 0293     		str	r3, [sp, #8]
 243:../../CM7/Core/Src/main.c ****   RCC_ClkInitStruct.AHBCLKDivider = RCC_HCLK_DIV1;
 333              		.loc 1 243 3 is_stmt 1 view .LVU100
 243:../../CM7/Core/Src/main.c ****   RCC_ClkInitStruct.AHBCLKDivider = RCC_HCLK_DIV1;
 334              		.loc 1 243 35 is_stmt 0 view .LVU101
 335 0094 0023     		movs	r3, #0
 336 0096 0393     		str	r3, [sp, #12]
 244:../../CM7/Core/Src/main.c ****   RCC_ClkInitStruct.APB3CLKDivider = RCC_APB3_DIV2;
 337              		.loc 1 244 3 is_stmt 1 view .LVU102
 244:../../CM7/Core/Src/main.c ****   RCC_ClkInitStruct.APB3CLKDivider = RCC_APB3_DIV2;
 338              		.loc 1 244 35 is_stmt 0 view .LVU103
 339 0098 0493     		str	r3, [sp, #16]
 245:../../CM7/Core/Src/main.c ****   RCC_ClkInitStruct.APB1CLKDivider = RCC_APB1_DIV2;
 340              		.loc 1 245 3 is_stmt 1 view .LVU104
 245:../../CM7/Core/Src/main.c ****   RCC_ClkInitStruct.APB1CLKDivider = RCC_APB1_DIV2;
 341              		.loc 1 245 36 is_stmt 0 view .LVU105
 342 009a 4023     		movs	r3, #64
 343 009c 0593     		str	r3, [sp, #20]
 246:../../CM7/Core/Src/main.c ****   RCC_ClkInitStruct.APB2CLKDivider = RCC_APB2_DIV2;
 344              		.loc 1 246 3 is_stmt 1 view .LVU106
 246:../../CM7/Core/Src/main.c ****   RCC_ClkInitStruct.APB2CLKDivider = RCC_APB2_DIV2;
 345              		.loc 1 246 36 is_stmt 0 view .LVU107
 346 009e 0693     		str	r3, [sp, #24]
 247:../../CM7/Core/Src/main.c ****   RCC_ClkInitStruct.APB4CLKDivider = RCC_APB4_DIV2;
 347              		.loc 1 247 3 is_stmt 1 view .LVU108
 247:../../CM7/Core/Src/main.c ****   RCC_ClkInitStruct.APB4CLKDivider = RCC_APB4_DIV2;
 348              		.loc 1 247 36 is_stmt 0 view .LVU109
 349 00a0 4FF48062 		mov	r2, #1024
 350 00a4 0792     		str	r2, [sp, #28]
 248:../../CM7/Core/Src/main.c **** 
 351              		.loc 1 248 3 is_stmt 1 view .LVU110
 248:../../CM7/Core/Src/main.c **** 
 352              		.loc 1 248 36 is_stmt 0 view .LVU111
 353 00a6 0893     		str	r3, [sp, #32]
 250:../../CM7/Core/Src/main.c ****   {
 354              		.loc 1 250 3 is_stmt 1 view .LVU112
 250:../../CM7/Core/Src/main.c ****   {
 355              		.loc 1 250 7 is_stmt 0 view .LVU113
 356 00a8 0421     		movs	r1, #4
 357 00aa 0DEB0100 		add	r0, sp, r1
 358 00ae FFF7FEFF 		bl	HAL_RCC_ClockConfig
 359              	.LVL11:
 250:../../CM7/Core/Src/main.c ****   {
 360              		.loc 1 250 6 discriminator 1 view .LVU114
 361 00b2 20B9     		cbnz	r0, .L19
 254:../../CM7/Core/Src/main.c **** 
 362              		.loc 1 254 1 view .LVU115
 363 00b4 1DB0     		add	sp, sp, #116
 364              	.LCFI6:
 365              		.cfi_remember_state
 366              		.cfi_def_cfa_offset 4
ARM GAS  /var/folders/2r/mdtt8xvd351gdc398t28_m2m0000gn/T//ccqvQ1gZ.s 			page 18


 367              		@ sp needed
 368 00b6 5DF804FB 		ldr	pc, [sp], #4
 369              	.L18:
 370              	.LCFI7:
 371              		.cfi_restore_state
 234:../../CM7/Core/Src/main.c ****   }
 372              		.loc 1 234 5 is_stmt 1 view .LVU116
 373 00ba FFF7FEFF 		bl	Error_Handler
 374              	.LVL12:
 375              	.L19:
 252:../../CM7/Core/Src/main.c ****   }
 376              		.loc 1 252 5 view .LVU117
 377 00be FFF7FEFF 		bl	Error_Handler
 378              	.LVL13:
 379              	.L21:
 380 00c2 00BF     		.align	2
 381              	.L20:
 382 00c4 00040058 		.word	1476396032
 383 00c8 00480258 		.word	1476544512
 384              		.cfi_endproc
 385              	.LFE176:
 387              		.section	.text.main,"ax",%progbits
 388              		.align	1
 389              		.global	main
 390              		.syntax unified
 391              		.thumb
 392              		.thumb_func
 394              	main:
 395              	.LFB175:
  91:../../CM7/Core/Src/main.c **** 
 396              		.loc 1 91 1 view -0
 397              		.cfi_startproc
 398              		@ args = 0, pretend = 0, frame = 8
 399              		@ frame_needed = 0, uses_anonymous_args = 0
 400 0000 00B5     		push	{lr}
 401              	.LCFI8:
 402              		.cfi_def_cfa_offset 4
 403              		.cfi_offset 14, -4
 404 0002 83B0     		sub	sp, sp, #12
 405              	.LCFI9:
 406              		.cfi_def_cfa_offset 16
  98:../../CM7/Core/Src/main.c **** #endif /* DUAL_CORE_BOOT_SYNC_SEQUENCE */
 407              		.loc 1 98 3 view .LVU119
 103:../../CM7/Core/Src/main.c **** 
 408              		.loc 1 103 3 view .LVU120
 409 0004 FFF7FEFF 		bl	MPU_Config
 410              	.LVL14:
 108:../../CM7/Core/Src/main.c ****   while((__HAL_RCC_GET_FLAG(RCC_FLAG_D2CKRDY) != RESET) && (timeout-- > 0));
 411              		.loc 1 108 3 view .LVU121
 109:../../CM7/Core/Src/main.c ****   if ( timeout < 0 )
 412              		.loc 1 109 3 view .LVU122
 108:../../CM7/Core/Src/main.c ****   while((__HAL_RCC_GET_FLAG(RCC_FLAG_D2CKRDY) != RESET) && (timeout-- > 0));
 413              		.loc 1 108 11 is_stmt 0 view .LVU123
 414 0008 4FF6FF73 		movw	r3, #65535
 109:../../CM7/Core/Src/main.c ****   if ( timeout < 0 )
 415              		.loc 1 109 8 view .LVU124
 416 000c 00E0     		b	.L24
ARM GAS  /var/folders/2r/mdtt8xvd351gdc398t28_m2m0000gn/T//ccqvQ1gZ.s 			page 19


 417              	.LVL15:
 418              	.L31:
 109:../../CM7/Core/Src/main.c ****   if ( timeout < 0 )
 419              		.loc 1 109 68 discriminator 1 view .LVU125
 420 000e 1346     		mov	r3, r2
 421              	.LVL16:
 422              	.L24:
 109:../../CM7/Core/Src/main.c ****   if ( timeout < 0 )
 423              		.loc 1 109 57 is_stmt 1 discriminator 2 view .LVU126
 109:../../CM7/Core/Src/main.c ****   if ( timeout < 0 )
 424              		.loc 1 109 10 is_stmt 0 discriminator 2 view .LVU127
 425 0010 2C4A     		ldr	r2, .L36
 426 0012 1268     		ldr	r2, [r2]
 109:../../CM7/Core/Src/main.c ****   if ( timeout < 0 )
 427              		.loc 1 109 57 discriminator 2 view .LVU128
 428 0014 12F4004F 		tst	r2, #32768
 429 0018 03D0     		beq	.L23
 109:../../CM7/Core/Src/main.c ****   if ( timeout < 0 )
 430              		.loc 1 109 68 discriminator 1 view .LVU129
 431 001a 5A1E     		subs	r2, r3, #1
 432              	.LVL17:
 109:../../CM7/Core/Src/main.c ****   if ( timeout < 0 )
 433              		.loc 1 109 57 discriminator 1 view .LVU130
 434 001c 002B     		cmp	r3, #0
 435 001e F6DC     		bgt	.L31
 109:../../CM7/Core/Src/main.c ****   if ( timeout < 0 )
 436              		.loc 1 109 68 discriminator 1 view .LVU131
 437 0020 1346     		mov	r3, r2
 438              	.LVL18:
 439              	.L23:
 110:../../CM7/Core/Src/main.c ****   {
 440              		.loc 1 110 3 is_stmt 1 view .LVU132
 110:../../CM7/Core/Src/main.c ****   {
 441              		.loc 1 110 6 is_stmt 0 view .LVU133
 442 0022 002B     		cmp	r3, #0
 443 0024 1ADB     		blt	.L34
 119:../../CM7/Core/Src/main.c **** 
 444              		.loc 1 119 3 is_stmt 1 view .LVU134
 445 0026 FFF7FEFF 		bl	HAL_Init
 446              	.LVL19:
 126:../../CM7/Core/Src/main.c **** /* USER CODE BEGIN Boot_Mode_Sequence_2 */
 447              		.loc 1 126 3 view .LVU135
 448 002a FFF7FEFF 		bl	SystemClock_Config
 449              	.LVL20:
 132:../../CM7/Core/Src/main.c **** /*Take HSEM */
 450              		.loc 1 132 1 view .LVU136
 451              	.LBB7:
 132:../../CM7/Core/Src/main.c **** /*Take HSEM */
 452              		.loc 1 132 1 view .LVU137
 132:../../CM7/Core/Src/main.c **** /*Take HSEM */
 453              		.loc 1 132 1 view .LVU138
 454 002e 254B     		ldr	r3, .L36
 455 0030 D3F8E020 		ldr	r2, [r3, #224]
 456 0034 42F00072 		orr	r2, r2, #33554432
 457 0038 C3F8E020 		str	r2, [r3, #224]
 132:../../CM7/Core/Src/main.c **** /*Take HSEM */
 458              		.loc 1 132 1 view .LVU139
ARM GAS  /var/folders/2r/mdtt8xvd351gdc398t28_m2m0000gn/T//ccqvQ1gZ.s 			page 20


 459 003c D3F8E030 		ldr	r3, [r3, #224]
 460 0040 03F00073 		and	r3, r3, #33554432
 461 0044 0193     		str	r3, [sp, #4]
 132:../../CM7/Core/Src/main.c **** /*Take HSEM */
 462              		.loc 1 132 1 view .LVU140
 463 0046 019B     		ldr	r3, [sp, #4]
 464              	.LBE7:
 132:../../CM7/Core/Src/main.c **** /*Take HSEM */
 465              		.loc 1 132 1 view .LVU141
 134:../../CM7/Core/Src/main.c **** /*Release HSEM in order to notify the CPU2(CM4)*/
 466              		.loc 1 134 1 view .LVU142
 467 0048 0020     		movs	r0, #0
 468 004a FFF7FEFF 		bl	HAL_HSEM_FastTake
 469              	.LVL21:
 136:../../CM7/Core/Src/main.c **** /* wait until CPU2 wakes up from stop mode */
 470              		.loc 1 136 1 view .LVU143
 471 004e 0021     		movs	r1, #0
 472 0050 0846     		mov	r0, r1
 473 0052 FFF7FEFF 		bl	HAL_HSEM_Release
 474              	.LVL22:
 138:../../CM7/Core/Src/main.c **** while((__HAL_RCC_GET_FLAG(RCC_FLAG_D2CKRDY) == RESET) && (timeout-- > 0));
 475              		.loc 1 138 1 view .LVU144
 139:../../CM7/Core/Src/main.c **** if ( timeout < 0 )
 476              		.loc 1 139 1 view .LVU145
 138:../../CM7/Core/Src/main.c **** while((__HAL_RCC_GET_FLAG(RCC_FLAG_D2CKRDY) == RESET) && (timeout-- > 0));
 477              		.loc 1 138 9 is_stmt 0 view .LVU146
 478 0056 4FF6FF73 		movw	r3, #65535
 139:../../CM7/Core/Src/main.c **** if ( timeout < 0 )
 479              		.loc 1 139 6 view .LVU147
 480 005a 02E0     		b	.L27
 481              	.LVL23:
 482              	.L34:
 112:../../CM7/Core/Src/main.c ****   }
 483              		.loc 1 112 3 is_stmt 1 view .LVU148
 484 005c FFF7FEFF 		bl	Error_Handler
 485              	.LVL24:
 486              	.L32:
 139:../../CM7/Core/Src/main.c **** if ( timeout < 0 )
 487              		.loc 1 139 66 is_stmt 0 discriminator 1 view .LVU149
 488 0060 1346     		mov	r3, r2
 489              	.LVL25:
 490              	.L27:
 139:../../CM7/Core/Src/main.c **** if ( timeout < 0 )
 491              		.loc 1 139 55 is_stmt 1 discriminator 2 view .LVU150
 139:../../CM7/Core/Src/main.c **** if ( timeout < 0 )
 492              		.loc 1 139 8 is_stmt 0 discriminator 2 view .LVU151
 493 0062 184A     		ldr	r2, .L36
 494 0064 1268     		ldr	r2, [r2]
 139:../../CM7/Core/Src/main.c **** if ( timeout < 0 )
 495              		.loc 1 139 55 discriminator 2 view .LVU152
 496 0066 12F4004F 		tst	r2, #32768
 497 006a 03D1     		bne	.L26
 139:../../CM7/Core/Src/main.c **** if ( timeout < 0 )
 498              		.loc 1 139 66 discriminator 1 view .LVU153
 499 006c 5A1E     		subs	r2, r3, #1
 500              	.LVL26:
 139:../../CM7/Core/Src/main.c **** if ( timeout < 0 )
ARM GAS  /var/folders/2r/mdtt8xvd351gdc398t28_m2m0000gn/T//ccqvQ1gZ.s 			page 21


 501              		.loc 1 139 55 discriminator 1 view .LVU154
 502 006e 002B     		cmp	r3, #0
 503 0070 F6DC     		bgt	.L32
 139:../../CM7/Core/Src/main.c **** if ( timeout < 0 )
 504              		.loc 1 139 66 discriminator 1 view .LVU155
 505 0072 1346     		mov	r3, r2
 506              	.LVL27:
 507              	.L26:
 140:../../CM7/Core/Src/main.c **** {
 508              		.loc 1 140 1 is_stmt 1 view .LVU156
 140:../../CM7/Core/Src/main.c **** {
 509              		.loc 1 140 4 is_stmt 0 view .LVU157
 510 0074 002B     		cmp	r3, #0
 511 0076 20DB     		blt	.L35
 152:../../CM7/Core/Src/main.c ****   /* USER CODE BEGIN 2 */
 512              		.loc 1 152 3 is_stmt 1 view .LVU158
 513 0078 FFF7FEFF 		bl	MX_GPIO_Init
 514              	.LVL28:
 158:../../CM7/Core/Src/main.c ****   MX_FREERTOS_Init();
 515              		.loc 1 158 3 view .LVU159
 516 007c FFF7FEFF 		bl	osKernelInitialize
 517              	.LVL29:
 159:../../CM7/Core/Src/main.c **** 
 518              		.loc 1 159 3 view .LVU160
 519 0080 FFF7FEFF 		bl	MX_FREERTOS_Init
 520              	.LVL30:
 162:../../CM7/Core/Src/main.c ****   BSP_LED_Init(LED_YELLOW);
 521              		.loc 1 162 3 view .LVU161
 522 0084 0020     		movs	r0, #0
 523 0086 FFF7FEFF 		bl	BSP_LED_Init
 524              	.LVL31:
 163:../../CM7/Core/Src/main.c ****   BSP_LED_Init(LED_RED);
 525              		.loc 1 163 3 view .LVU162
 526 008a 0120     		movs	r0, #1
 527 008c FFF7FEFF 		bl	BSP_LED_Init
 528              	.LVL32:
 164:../../CM7/Core/Src/main.c **** 
 529              		.loc 1 164 3 view .LVU163
 530 0090 0220     		movs	r0, #2
 531 0092 FFF7FEFF 		bl	BSP_LED_Init
 532              	.LVL33:
 167:../../CM7/Core/Src/main.c **** 
 533              		.loc 1 167 3 view .LVU164
 534 0096 0121     		movs	r1, #1
 535 0098 0020     		movs	r0, #0
 536 009a FFF7FEFF 		bl	BSP_PB_Init
 537              	.LVL34:
 170:../../CM7/Core/Src/main.c ****   BspCOMInit.WordLength = COM_WORDLENGTH_8B;
 538              		.loc 1 170 3 view .LVU165
 170:../../CM7/Core/Src/main.c ****   BspCOMInit.WordLength = COM_WORDLENGTH_8B;
 539              		.loc 1 170 25 is_stmt 0 view .LVU166
 540 009e 0A49     		ldr	r1, .L36+4
 541 00a0 4FF4E133 		mov	r3, #115200
 542 00a4 0B60     		str	r3, [r1]
 171:../../CM7/Core/Src/main.c ****   BspCOMInit.StopBits   = COM_STOPBITS_1;
 543              		.loc 1 171 3 is_stmt 1 view .LVU167
 171:../../CM7/Core/Src/main.c ****   BspCOMInit.StopBits   = COM_STOPBITS_1;
ARM GAS  /var/folders/2r/mdtt8xvd351gdc398t28_m2m0000gn/T//ccqvQ1gZ.s 			page 22


 544              		.loc 1 171 25 is_stmt 0 view .LVU168
 545 00a6 0020     		movs	r0, #0
 546 00a8 4860     		str	r0, [r1, #4]
 172:../../CM7/Core/Src/main.c ****   BspCOMInit.Parity     = COM_PARITY_NONE;
 547              		.loc 1 172 3 is_stmt 1 view .LVU169
 172:../../CM7/Core/Src/main.c ****   BspCOMInit.Parity     = COM_PARITY_NONE;
 548              		.loc 1 172 25 is_stmt 0 view .LVU170
 549 00aa 0881     		strh	r0, [r1, #8]	@ movhi
 173:../../CM7/Core/Src/main.c ****   BspCOMInit.HwFlowCtl  = COM_HWCONTROL_NONE;
 550              		.loc 1 173 3 is_stmt 1 view .LVU171
 173:../../CM7/Core/Src/main.c ****   BspCOMInit.HwFlowCtl  = COM_HWCONTROL_NONE;
 551              		.loc 1 173 25 is_stmt 0 view .LVU172
 552 00ac 4881     		strh	r0, [r1, #10]	@ movhi
 174:../../CM7/Core/Src/main.c ****   if (BSP_COM_Init(COM1, &BspCOMInit) != BSP_ERROR_NONE)
 553              		.loc 1 174 3 is_stmt 1 view .LVU173
 174:../../CM7/Core/Src/main.c ****   if (BSP_COM_Init(COM1, &BspCOMInit) != BSP_ERROR_NONE)
 554              		.loc 1 174 25 is_stmt 0 view .LVU174
 555 00ae 8881     		strh	r0, [r1, #12]	@ movhi
 175:../../CM7/Core/Src/main.c ****   {
 556              		.loc 1 175 3 is_stmt 1 view .LVU175
 175:../../CM7/Core/Src/main.c ****   {
 557              		.loc 1 175 7 is_stmt 0 view .LVU176
 558 00b0 FFF7FEFF 		bl	BSP_COM_Init
 559              	.LVL35:
 175:../../CM7/Core/Src/main.c ****   {
 560              		.loc 1 175 6 discriminator 1 view .LVU177
 561 00b4 18B1     		cbz	r0, .L29
 177:../../CM7/Core/Src/main.c ****   }
 562              		.loc 1 177 5 is_stmt 1 view .LVU178
 563 00b6 FFF7FEFF 		bl	Error_Handler
 564              	.LVL36:
 565              	.L35:
 142:../../CM7/Core/Src/main.c **** }
 566              		.loc 1 142 1 view .LVU179
 567 00ba FFF7FEFF 		bl	Error_Handler
 568              	.LVL37:
 569              	.L29:
 181:../../CM7/Core/Src/main.c **** 
 570              		.loc 1 181 3 view .LVU180
 571 00be FFF7FEFF 		bl	osKernelStart
 572              	.LVL38:
 573              	.L30:
 187:../../CM7/Core/Src/main.c ****   {
 574              		.loc 1 187 3 view .LVU181
 193:../../CM7/Core/Src/main.c ****   /* USER CODE END 3 */
 575              		.loc 1 193 3 view .LVU182
 187:../../CM7/Core/Src/main.c ****   {
 576              		.loc 1 187 9 view .LVU183
 577 00c2 FEE7     		b	.L30
 578              	.L37:
 579              		.align	2
 580              	.L36:
 581 00c4 00440258 		.word	1476543488
 582 00c8 00000000 		.word	BspCOMInit
 583              		.cfi_endproc
 584              	.LFE175:
 586              		.global	BspCOMInit
ARM GAS  /var/folders/2r/mdtt8xvd351gdc398t28_m2m0000gn/T//ccqvQ1gZ.s 			page 23


 587              		.section	.bss.BspCOMInit,"aw",%nobits
 588              		.align	2
 591              	BspCOMInit:
 592 0000 00000000 		.space	16
 592      00000000 
 592      00000000 
 592      00000000 
 593              		.text
 594              	.Letext0:
 595              		.file 3 "/Applications/ArmGNUToolchain/14.3.rel1/arm-none-eabi/arm-none-eabi/include/machine/_defa
 596              		.file 4 "/Applications/ArmGNUToolchain/14.3.rel1/arm-none-eabi/arm-none-eabi/include/sys/_stdint.h
 597              		.file 5 "../../Drivers/CMSIS/Device/ST/STM32H7xx/Include/stm32h755xx.h"
 598              		.file 6 "/Applications/ArmGNUToolchain/14.3.rel1/arm-none-eabi/lib/gcc/arm-none-eabi/14.3.1/includ
 599              		.file 7 "../../Drivers/CMSIS/Device/ST/STM32H7xx/Include/stm32h7xx.h"
 600              		.file 8 "../../Drivers/STM32H7xx_HAL_Driver/Inc/stm32h7xx_hal_def.h"
 601              		.file 9 "../../Drivers/STM32H7xx_HAL_Driver/Inc/stm32h7xx_hal_rcc.h"
 602              		.file 10 "../../Drivers/STM32H7xx_HAL_Driver/Inc/stm32h7xx_hal_dma.h"
 603              		.file 11 "../../Drivers/STM32H7xx_HAL_Driver/Inc/stm32h7xx_hal_cortex.h"
 604              		.file 12 "../../Drivers/STM32H7xx_HAL_Driver/Inc/stm32h7xx_hal_tim.h"
 605              		.file 13 "../../Drivers/BSP/STM32H7xx_Nucleo/stm32h7xx_nucleo.h"
 606              		.file 14 "../../Middlewares/Third_Party/FreeRTOS/Source/CMSIS_RTOS_V2/cmsis_os2.h"
 607              		.file 15 "../../micro_ros_stm32cubemx_utils/microros_static_library/libmicroros/microros_include/r
 608              		.file 16 "../../micro_ros_stm32cubemx_utils/microros_static_library/libmicroros/microros_include/r
 609              		.file 17 "../../micro_ros_stm32cubemx_utils/microros_static_library/libmicroros/microros_include/r
 610              		.file 18 "../../micro_ros_stm32cubemx_utils/microros_static_library/libmicroros/microros_include/r
 611              		.file 19 "../../Drivers/STM32H7xx_HAL_Driver/Inc/stm32h7xx_hal_pwr_ex.h"
 612              		.file 20 "../../Drivers/STM32H7xx_HAL_Driver/Inc/stm32h7xx_hal.h"
 613              		.file 21 "../../CM7/Core/Inc/gpio.h"
 614              		.file 22 "../../Drivers/STM32H7xx_HAL_Driver/Inc/stm32h7xx_hal_hsem.h"
 615              		.file 23 "<built-in>"
ARM GAS  /var/folders/2r/mdtt8xvd351gdc398t28_m2m0000gn/T//ccqvQ1gZ.s 			page 24


DEFINED SYMBOLS
                            *ABS*:00000000 main.c
/var/folders/2r/mdtt8xvd351gdc398t28_m2m0000gn/T//ccqvQ1gZ.s:19     .text.MPU_Config:00000000 $t
/var/folders/2r/mdtt8xvd351gdc398t28_m2m0000gn/T//ccqvQ1gZ.s:24     .text.MPU_Config:00000000 MPU_Config
/var/folders/2r/mdtt8xvd351gdc398t28_m2m0000gn/T//ccqvQ1gZ.s:103    .text.MPU_Config:00000054 $d
/var/folders/2r/mdtt8xvd351gdc398t28_m2m0000gn/T//ccqvQ1gZ.s:108    .text.HAL_TIM_PeriodElapsedCallback:00000000 $t
/var/folders/2r/mdtt8xvd351gdc398t28_m2m0000gn/T//ccqvQ1gZ.s:114    .text.HAL_TIM_PeriodElapsedCallback:00000000 HAL_TIM_PeriodElapsedCallback
/var/folders/2r/mdtt8xvd351gdc398t28_m2m0000gn/T//ccqvQ1gZ.s:148    .text.HAL_TIM_PeriodElapsedCallback:00000014 $d
/var/folders/2r/mdtt8xvd351gdc398t28_m2m0000gn/T//ccqvQ1gZ.s:153    .text.Error_Handler:00000000 $t
/var/folders/2r/mdtt8xvd351gdc398t28_m2m0000gn/T//ccqvQ1gZ.s:159    .text.Error_Handler:00000000 Error_Handler
/var/folders/2r/mdtt8xvd351gdc398t28_m2m0000gn/T//ccqvQ1gZ.s:191    .text.SystemClock_Config:00000000 $t
/var/folders/2r/mdtt8xvd351gdc398t28_m2m0000gn/T//ccqvQ1gZ.s:197    .text.SystemClock_Config:00000000 SystemClock_Config
/var/folders/2r/mdtt8xvd351gdc398t28_m2m0000gn/T//ccqvQ1gZ.s:382    .text.SystemClock_Config:000000c4 $d
/var/folders/2r/mdtt8xvd351gdc398t28_m2m0000gn/T//ccqvQ1gZ.s:388    .text.main:00000000 $t
/var/folders/2r/mdtt8xvd351gdc398t28_m2m0000gn/T//ccqvQ1gZ.s:394    .text.main:00000000 main
/var/folders/2r/mdtt8xvd351gdc398t28_m2m0000gn/T//ccqvQ1gZ.s:581    .text.main:000000c4 $d
/var/folders/2r/mdtt8xvd351gdc398t28_m2m0000gn/T//ccqvQ1gZ.s:591    .bss.BspCOMInit:00000000 BspCOMInit
/var/folders/2r/mdtt8xvd351gdc398t28_m2m0000gn/T//ccqvQ1gZ.s:588    .bss.BspCOMInit:00000000 $d

UNDEFINED SYMBOLS
HAL_MPU_Disable
HAL_MPU_ConfigRegion
HAL_MPU_Enable
HAL_IncTick
memset
HAL_PWREx_ConfigSupply
HAL_RCC_OscConfig
HAL_RCC_ClockConfig
HAL_Init
HAL_HSEM_FastTake
HAL_HSEM_Release
MX_GPIO_Init
osKernelInitialize
MX_FREERTOS_Init
BSP_LED_Init
BSP_PB_Init
BSP_COM_Init
osKernelStart
