ARM GAS  /var/folders/2r/mdtt8xvd351gdc398t28_m2m0000gn/T//ccRunwSh.s 			page 1


   1              		.cpu cortex-m7
   2              		.arch armv7e-m
   3              		.fpu fpv5-d16
   4              		.eabi_attribute 20, 1
   5              		.eabi_attribute 21, 1
   6              		.eabi_attribute 23, 3
   7              		.eabi_attribute 24, 1
   8              		.eabi_attribute 25, 1
   9              		.eabi_attribute 26, 1
  10              		.eabi_attribute 30, 1
  11              		.eabi_attribute 34, 1
  12              		.eabi_attribute 18, 4
  13              		.file	"microros_allocators.c"
  14              		.text
  15              	.Ltext0:
  16              		.cfi_sections	.debug_frame
  17              		.file 1 "../../micro_ros_stm32cubemx_utils/extra_sources/microros_allocators.c"
  18              		.section	.text.microros_allocate,"ax",%progbits
  19              		.align	1
  20              		.global	microros_allocate
  21              		.syntax unified
  22              		.thumb
  23              		.thumb_func
  25              	microros_allocate:
  26              	.LVL0:
  27              	.LFB4:
   1:../../micro_ros_stm32cubemx_utils/extra_sources/microros_allocators.c **** 
   2:../../micro_ros_stm32cubemx_utils/extra_sources/microros_allocators.c **** #include <unistd.h>
   3:../../micro_ros_stm32cubemx_utils/extra_sources/microros_allocators.c **** #include "cmsis_os.h"
   4:../../micro_ros_stm32cubemx_utils/extra_sources/microros_allocators.c **** 
   5:../../micro_ros_stm32cubemx_utils/extra_sources/microros_allocators.c **** int absoluteUsedMemory = 0;
   6:../../micro_ros_stm32cubemx_utils/extra_sources/microros_allocators.c **** int usedMemory = 0;
   7:../../micro_ros_stm32cubemx_utils/extra_sources/microros_allocators.c **** 
   8:../../micro_ros_stm32cubemx_utils/extra_sources/microros_allocators.c **** void *pvPortMallocMicroROS( size_t xWantedSize );
   9:../../micro_ros_stm32cubemx_utils/extra_sources/microros_allocators.c **** void vPortFreeMicroROS( void *pv );
  10:../../micro_ros_stm32cubemx_utils/extra_sources/microros_allocators.c **** void *pvPortReallocMicroROS( void *pv, size_t xWantedSize );
  11:../../micro_ros_stm32cubemx_utils/extra_sources/microros_allocators.c **** size_t getBlockSize( void *pv );
  12:../../micro_ros_stm32cubemx_utils/extra_sources/microros_allocators.c **** void *pvPortCallocMicroROS( size_t num, size_t xWantedSize );
  13:../../micro_ros_stm32cubemx_utils/extra_sources/microros_allocators.c **** 
  14:../../micro_ros_stm32cubemx_utils/extra_sources/microros_allocators.c **** void * microros_allocate(size_t size, void * state){
  28              		.loc 1 14 52 view -0
  29              		.cfi_startproc
  30              		@ args = 0, pretend = 0, frame = 0
  31              		@ frame_needed = 0, uses_anonymous_args = 0
  32              		.loc 1 14 52 is_stmt 0 view .LVU1
  33 0000 08B5     		push	{r3, lr}
  34              	.LCFI0:
  35              		.cfi_def_cfa_offset 8
  36              		.cfi_offset 3, -8
  37              		.cfi_offset 14, -4
  15:../../micro_ros_stm32cubemx_utils/extra_sources/microros_allocators.c ****   (void) state;
  38              		.loc 1 15 3 is_stmt 1 view .LVU2
  16:../../micro_ros_stm32cubemx_utils/extra_sources/microros_allocators.c ****   // printf("-- Alloc %d (prev: %d B)\n",size, xPortGetFreeHeapSize());
  17:../../micro_ros_stm32cubemx_utils/extra_sources/microros_allocators.c ****   absoluteUsedMemory += size;
  39              		.loc 1 17 3 view .LVU3
  40              		.loc 1 17 22 is_stmt 0 view .LVU4
  41 0002 0549     		ldr	r1, .L3
ARM GAS  /var/folders/2r/mdtt8xvd351gdc398t28_m2m0000gn/T//ccRunwSh.s 			page 2


  42              	.LVL1:
  43              		.loc 1 17 22 view .LVU5
  44 0004 0A68     		ldr	r2, [r1]
  45 0006 0244     		add	r2, r2, r0
  46 0008 0A60     		str	r2, [r1]
  18:../../micro_ros_stm32cubemx_utils/extra_sources/microros_allocators.c ****   usedMemory += size;
  47              		.loc 1 18 3 is_stmt 1 view .LVU6
  48              		.loc 1 18 14 is_stmt 0 view .LVU7
  49 000a 0449     		ldr	r1, .L3+4
  50 000c 0A68     		ldr	r2, [r1]
  51 000e 0244     		add	r2, r2, r0
  52 0010 0A60     		str	r2, [r1]
  19:../../micro_ros_stm32cubemx_utils/extra_sources/microros_allocators.c ****   return pvPortMallocMicroROS(size);
  53              		.loc 1 19 3 is_stmt 1 view .LVU8
  54              		.loc 1 19 10 is_stmt 0 view .LVU9
  55 0012 FFF7FEFF 		bl	pvPortMallocMicroROS
  56              	.LVL2:
  20:../../micro_ros_stm32cubemx_utils/extra_sources/microros_allocators.c **** }
  57              		.loc 1 20 1 view .LVU10
  58 0016 08BD     		pop	{r3, pc}
  59              	.L4:
  60              		.align	2
  61              	.L3:
  62 0018 00000000 		.word	absoluteUsedMemory
  63 001c 00000000 		.word	usedMemory
  64              		.cfi_endproc
  65              	.LFE4:
  67              		.section	.text.microros_deallocate,"ax",%progbits
  68              		.align	1
  69              		.global	microros_deallocate
  70              		.syntax unified
  71              		.thumb
  72              		.thumb_func
  74              	microros_deallocate:
  75              	.LVL3:
  76              	.LFB5:
  21:../../micro_ros_stm32cubemx_utils/extra_sources/microros_allocators.c **** 
  22:../../micro_ros_stm32cubemx_utils/extra_sources/microros_allocators.c **** void microros_deallocate(void * pointer, void * state){
  77              		.loc 1 22 55 is_stmt 1 view -0
  78              		.cfi_startproc
  79              		@ args = 0, pretend = 0, frame = 0
  80              		@ frame_needed = 0, uses_anonymous_args = 0
  23:../../micro_ros_stm32cubemx_utils/extra_sources/microros_allocators.c ****   (void) state;
  81              		.loc 1 23 3 view .LVU12
  24:../../micro_ros_stm32cubemx_utils/extra_sources/microros_allocators.c ****   // printf("-- Free %d (prev: %d B)\n",getBlockSize(pointer), xPortGetFreeHeapSize());
  25:../../micro_ros_stm32cubemx_utils/extra_sources/microros_allocators.c ****   if (NULL != pointer){
  82              		.loc 1 25 3 view .LVU13
  83              		.loc 1 25 6 is_stmt 0 view .LVU14
  84 0000 58B1     		cbz	r0, .L8
  22:../../micro_ros_stm32cubemx_utils/extra_sources/microros_allocators.c ****   (void) state;
  85              		.loc 1 22 55 view .LVU15
  86 0002 10B5     		push	{r4, lr}
  87              	.LCFI1:
  88              		.cfi_def_cfa_offset 8
  89              		.cfi_offset 4, -8
  90              		.cfi_offset 14, -4
  91 0004 0446     		mov	r4, r0
ARM GAS  /var/folders/2r/mdtt8xvd351gdc398t28_m2m0000gn/T//ccRunwSh.s 			page 3


  26:../../micro_ros_stm32cubemx_utils/extra_sources/microros_allocators.c ****     usedMemory -= getBlockSize(pointer);
  92              		.loc 1 26 5 is_stmt 1 view .LVU16
  93              		.loc 1 26 19 is_stmt 0 view .LVU17
  94 0006 FFF7FEFF 		bl	getBlockSize
  95              	.LVL4:
  96              		.loc 1 26 16 discriminator 1 view .LVU18
  97 000a 044A     		ldr	r2, .L11
  98 000c 1368     		ldr	r3, [r2]
  99 000e 1B1A     		subs	r3, r3, r0
 100 0010 1360     		str	r3, [r2]
  27:../../micro_ros_stm32cubemx_utils/extra_sources/microros_allocators.c ****     vPortFreeMicroROS(pointer);
 101              		.loc 1 27 5 is_stmt 1 view .LVU19
 102 0012 2046     		mov	r0, r4
 103 0014 FFF7FEFF 		bl	vPortFreeMicroROS
 104              	.LVL5:
  28:../../micro_ros_stm32cubemx_utils/extra_sources/microros_allocators.c ****   }
  29:../../micro_ros_stm32cubemx_utils/extra_sources/microros_allocators.c **** }
 105              		.loc 1 29 1 is_stmt 0 view .LVU20
 106 0018 10BD     		pop	{r4, pc}
 107              	.LVL6:
 108              	.L8:
 109              	.LCFI2:
 110              		.cfi_def_cfa_offset 0
 111              		.cfi_restore 4
 112              		.cfi_restore 14
 113              		.loc 1 29 1 view .LVU21
 114 001a 7047     		bx	lr
 115              	.L12:
 116              		.align	2
 117              	.L11:
 118 001c 00000000 		.word	usedMemory
 119              		.cfi_endproc
 120              	.LFE5:
 122              		.section	.text.microros_reallocate,"ax",%progbits
 123              		.align	1
 124              		.global	microros_reallocate
 125              		.syntax unified
 126              		.thumb
 127              		.thumb_func
 129              	microros_reallocate:
 130              	.LVL7:
 131              	.LFB6:
  30:../../micro_ros_stm32cubemx_utils/extra_sources/microros_allocators.c **** 
  31:../../micro_ros_stm32cubemx_utils/extra_sources/microros_allocators.c **** void * microros_reallocate(void * pointer, size_t size, void * state){
 132              		.loc 1 31 70 is_stmt 1 view -0
 133              		.cfi_startproc
 134              		@ args = 0, pretend = 0, frame = 0
 135              		@ frame_needed = 0, uses_anonymous_args = 0
 136              		.loc 1 31 70 is_stmt 0 view .LVU23
 137 0000 38B5     		push	{r3, r4, r5, lr}
 138              	.LCFI3:
 139              		.cfi_def_cfa_offset 16
 140              		.cfi_offset 3, -16
 141              		.cfi_offset 4, -12
 142              		.cfi_offset 5, -8
 143              		.cfi_offset 14, -4
 144 0002 0C46     		mov	r4, r1
ARM GAS  /var/folders/2r/mdtt8xvd351gdc398t28_m2m0000gn/T//ccRunwSh.s 			page 4


  32:../../micro_ros_stm32cubemx_utils/extra_sources/microros_allocators.c ****   (void) state;
 145              		.loc 1 32 3 is_stmt 1 view .LVU24
  33:../../micro_ros_stm32cubemx_utils/extra_sources/microros_allocators.c ****   // printf("-- Realloc %d -> %d (prev: %d B)\n",getBlockSize(pointer),size, xPortGetFreeHeapSize()
  34:../../micro_ros_stm32cubemx_utils/extra_sources/microros_allocators.c ****   absoluteUsedMemory += size;
 146              		.loc 1 34 3 view .LVU25
 147              		.loc 1 34 22 is_stmt 0 view .LVU26
 148 0004 0C4A     		ldr	r2, .L18
 149              	.LVL8:
 150              		.loc 1 34 22 view .LVU27
 151 0006 1368     		ldr	r3, [r2]
 152 0008 0B44     		add	r3, r3, r1
 153 000a 1360     		str	r3, [r2]
  35:../../micro_ros_stm32cubemx_utils/extra_sources/microros_allocators.c ****   usedMemory += size;
 154              		.loc 1 35 3 is_stmt 1 view .LVU28
 155              		.loc 1 35 14 is_stmt 0 view .LVU29
 156 000c 0B4A     		ldr	r2, .L18+4
 157 000e 1368     		ldr	r3, [r2]
 158 0010 0B44     		add	r3, r3, r1
 159 0012 1360     		str	r3, [r2]
  36:../../micro_ros_stm32cubemx_utils/extra_sources/microros_allocators.c ****   if (NULL == pointer){
 160              		.loc 1 36 3 is_stmt 1 view .LVU30
 161              		.loc 1 36 6 is_stmt 0 view .LVU31
 162 0014 58B1     		cbz	r0, .L17
 163 0016 0546     		mov	r5, r0
  37:../../micro_ros_stm32cubemx_utils/extra_sources/microros_allocators.c ****     return pvPortMallocMicroROS(size);
  38:../../micro_ros_stm32cubemx_utils/extra_sources/microros_allocators.c ****   } else {
  39:../../micro_ros_stm32cubemx_utils/extra_sources/microros_allocators.c ****     usedMemory -= getBlockSize(pointer);
 164              		.loc 1 39 5 is_stmt 1 view .LVU32
 165              		.loc 1 39 19 is_stmt 0 view .LVU33
 166 0018 FFF7FEFF 		bl	getBlockSize
 167              	.LVL9:
 168              		.loc 1 39 16 discriminator 1 view .LVU34
 169 001c 074A     		ldr	r2, .L18+4
 170 001e 1368     		ldr	r3, [r2]
 171 0020 1B1A     		subs	r3, r3, r0
 172 0022 1360     		str	r3, [r2]
  40:../../micro_ros_stm32cubemx_utils/extra_sources/microros_allocators.c ****     return pvPortReallocMicroROS(pointer,size);
 173              		.loc 1 40 5 is_stmt 1 view .LVU35
 174              		.loc 1 40 12 is_stmt 0 view .LVU36
 175 0024 2146     		mov	r1, r4
 176 0026 2846     		mov	r0, r5
 177 0028 FFF7FEFF 		bl	pvPortReallocMicroROS
 178              	.LVL10:
 179              	.L13:
  41:../../micro_ros_stm32cubemx_utils/extra_sources/microros_allocators.c ****   }
  42:../../micro_ros_stm32cubemx_utils/extra_sources/microros_allocators.c **** }
 180              		.loc 1 42 1 view .LVU37
 181 002c 38BD     		pop	{r3, r4, r5, pc}
 182              	.LVL11:
 183              	.L17:
  37:../../micro_ros_stm32cubemx_utils/extra_sources/microros_allocators.c ****   } else {
 184              		.loc 1 37 5 is_stmt 1 view .LVU38
  37:../../micro_ros_stm32cubemx_utils/extra_sources/microros_allocators.c ****   } else {
 185              		.loc 1 37 12 is_stmt 0 view .LVU39
 186 002e 0846     		mov	r0, r1
 187              	.LVL12:
  37:../../micro_ros_stm32cubemx_utils/extra_sources/microros_allocators.c ****   } else {
ARM GAS  /var/folders/2r/mdtt8xvd351gdc398t28_m2m0000gn/T//ccRunwSh.s 			page 5


 188              		.loc 1 37 12 view .LVU40
 189 0030 FFF7FEFF 		bl	pvPortMallocMicroROS
 190              	.LVL13:
  37:../../micro_ros_stm32cubemx_utils/extra_sources/microros_allocators.c ****   } else {
 191              		.loc 1 37 12 view .LVU41
 192 0034 FAE7     		b	.L13
 193              	.L19:
 194 0036 00BF     		.align	2
 195              	.L18:
 196 0038 00000000 		.word	absoluteUsedMemory
 197 003c 00000000 		.word	usedMemory
 198              		.cfi_endproc
 199              	.LFE6:
 201              		.section	.text.microros_zero_allocate,"ax",%progbits
 202              		.align	1
 203              		.global	microros_zero_allocate
 204              		.syntax unified
 205              		.thumb
 206              		.thumb_func
 208              	microros_zero_allocate:
 209              	.LVL14:
 210              	.LFB7:
  43:../../micro_ros_stm32cubemx_utils/extra_sources/microros_allocators.c **** 
  44:../../micro_ros_stm32cubemx_utils/extra_sources/microros_allocators.c **** void * microros_zero_allocate(size_t number_of_elements, size_t size_of_element, void * state){
 211              		.loc 1 44 95 is_stmt 1 view -0
 212              		.cfi_startproc
 213              		@ args = 0, pretend = 0, frame = 0
 214              		@ frame_needed = 0, uses_anonymous_args = 0
 215              		.loc 1 44 95 is_stmt 0 view .LVU43
 216 0000 10B5     		push	{r4, lr}
 217              	.LCFI4:
 218              		.cfi_def_cfa_offset 8
 219              		.cfi_offset 4, -8
 220              		.cfi_offset 14, -4
  45:../../micro_ros_stm32cubemx_utils/extra_sources/microros_allocators.c ****   (void) state;
 221              		.loc 1 45 3 is_stmt 1 view .LVU44
  46:../../micro_ros_stm32cubemx_utils/extra_sources/microros_allocators.c ****   // printf("-- Calloc %d x %d = %d -> (prev: %d B)\n",number_of_elements,size_of_element, number_o
  47:../../micro_ros_stm32cubemx_utils/extra_sources/microros_allocators.c ****   absoluteUsedMemory += number_of_elements*size_of_element;
 222              		.loc 1 47 3 view .LVU45
 223              		.loc 1 47 43 is_stmt 0 view .LVU46
 224 0002 01FB00F3 		mul	r3, r1, r0
 225              		.loc 1 47 22 view .LVU47
 226 0006 054C     		ldr	r4, .L22
 227 0008 2268     		ldr	r2, [r4]
 228              	.LVL15:
 229              		.loc 1 47 22 view .LVU48
 230 000a 1A44     		add	r2, r2, r3
 231 000c 2260     		str	r2, [r4]
  48:../../micro_ros_stm32cubemx_utils/extra_sources/microros_allocators.c ****   usedMemory += number_of_elements*size_of_element;
 232              		.loc 1 48 3 is_stmt 1 view .LVU49
 233              		.loc 1 48 14 is_stmt 0 view .LVU50
 234 000e 044C     		ldr	r4, .L22+4
 235 0010 2268     		ldr	r2, [r4]
 236 0012 1A44     		add	r2, r2, r3
 237 0014 2260     		str	r2, [r4]
  49:../../micro_ros_stm32cubemx_utils/extra_sources/microros_allocators.c ****   return pvPortCallocMicroROS(number_of_elements,size_of_element);
 238              		.loc 1 49 3 is_stmt 1 view .LVU51
ARM GAS  /var/folders/2r/mdtt8xvd351gdc398t28_m2m0000gn/T//ccRunwSh.s 			page 6


 239              		.loc 1 49 10 is_stmt 0 view .LVU52
 240 0016 FFF7FEFF 		bl	pvPortCallocMicroROS
 241              	.LVL16:
  50:../../micro_ros_stm32cubemx_utils/extra_sources/microros_allocators.c **** }...
 242              		.loc 1 50 1 view .LVU53
 243 001a 10BD     		pop	{r4, pc}
 244              	.L23:
 245              		.align	2
 246              	.L22:
 247 001c 00000000 		.word	absoluteUsedMemory
 248 0020 00000000 		.word	usedMemory
 249              		.cfi_endproc
 250              	.LFE7:
 252              		.global	usedMemory
 253              		.section	.bss.usedMemory,"aw",%nobits
 254              		.align	2
 257              	usedMemory:
 258 0000 00000000 		.space	4
 259              		.global	absoluteUsedMemory
 260              		.section	.bss.absoluteUsedMemory,"aw",%nobits
 261              		.align	2
 264              	absoluteUsedMemory:
 265 0000 00000000 		.space	4
 266              		.text
 267              	.Letext0:
 268              		.file 2 "/Applications/ArmGNUToolchain/14.3.rel1/arm-none-eabi/lib/gcc/arm-none-eabi/14.3.1/includ
ARM GAS  /var/folders/2r/mdtt8xvd351gdc398t28_m2m0000gn/T//ccRunwSh.s 			page 7


DEFINED SYMBOLS
                            *ABS*:00000000 microros_allocators.c
/var/folders/2r/mdtt8xvd351gdc398t28_m2m0000gn/T//ccRunwSh.s:19     .text.microros_allocate:00000000 $t
/var/folders/2r/mdtt8xvd351gdc398t28_m2m0000gn/T//ccRunwSh.s:25     .text.microros_allocate:00000000 microros_allocate
/var/folders/2r/mdtt8xvd351gdc398t28_m2m0000gn/T//ccRunwSh.s:62     .text.microros_allocate:00000018 $d
/var/folders/2r/mdtt8xvd351gdc398t28_m2m0000gn/T//ccRunwSh.s:264    .bss.absoluteUsedMemory:00000000 absoluteUsedMemory
/var/folders/2r/mdtt8xvd351gdc398t28_m2m0000gn/T//ccRunwSh.s:257    .bss.usedMemory:00000000 usedMemory
/var/folders/2r/mdtt8xvd351gdc398t28_m2m0000gn/T//ccRunwSh.s:68     .text.microros_deallocate:00000000 $t
/var/folders/2r/mdtt8xvd351gdc398t28_m2m0000gn/T//ccRunwSh.s:74     .text.microros_deallocate:00000000 microros_deallocate
/var/folders/2r/mdtt8xvd351gdc398t28_m2m0000gn/T//ccRunwSh.s:118    .text.microros_deallocate:0000001c $d
/var/folders/2r/mdtt8xvd351gdc398t28_m2m0000gn/T//ccRunwSh.s:123    .text.microros_reallocate:00000000 $t
/var/folders/2r/mdtt8xvd351gdc398t28_m2m0000gn/T//ccRunwSh.s:129    .text.microros_reallocate:00000000 microros_reallocate
/var/folders/2r/mdtt8xvd351gdc398t28_m2m0000gn/T//ccRunwSh.s:196    .text.microros_reallocate:00000038 $d
/var/folders/2r/mdtt8xvd351gdc398t28_m2m0000gn/T//ccRunwSh.s:202    .text.microros_zero_allocate:00000000 $t
/var/folders/2r/mdtt8xvd351gdc398t28_m2m0000gn/T//ccRunwSh.s:208    .text.microros_zero_allocate:00000000 microros_zero_allocate
/var/folders/2r/mdtt8xvd351gdc398t28_m2m0000gn/T//ccRunwSh.s:247    .text.microros_zero_allocate:0000001c $d
/var/folders/2r/mdtt8xvd351gdc398t28_m2m0000gn/T//ccRunwSh.s:254    .bss.usedMemory:00000000 $d
/var/folders/2r/mdtt8xvd351gdc398t28_m2m0000gn/T//ccRunwSh.s:261    .bss.absoluteUsedMemory:00000000 $d

UNDEFINED SYMBOLS
pvPortMallocMicroROS
getBlockSize
vPortFreeMicroROS
pvPortReallocMicroROS
pvPortCallocMicroROS
