ARM GAS  /var/folders/2r/mdtt8xvd351gdc398t28_m2m0000gn/T//cctR0q4P.s 			page 1


   1              		.cpu cortex-m7
   2              		.arch armv7e-m
   3              		.fpu fpv5-d16
   4              		.eabi_attribute 20, 1
   5              		.eabi_attribute 21, 1
   6              		.eabi_attribute 23, 3
   7              		.eabi_attribute 24, 1
   8              		.eabi_attribute 25, 1
   9              		.eabi_attribute 26, 1
  10              		.eabi_attribute 30, 1
  11              		.eabi_attribute 34, 1
  12              		.eabi_attribute 18, 4
  13              		.file	"udp_transport.c"
  14              		.text
  15              	.Ltext0:
  16              		.cfi_sections	.debug_frame
  17              		.file 1 "../../micro_ros_stm32cubemx_utils/extra_sources/microros_transports/udp_transport.c"
  18              		.section	.text.cubemx_transport_open,"ax",%progbits
  19              		.align	1
  20              		.global	cubemx_transport_open
  21              		.syntax unified
  22              		.thumb
  23              		.thumb_func
  25              	cubemx_transport_open:
  26              	.LVL0:
  27              	.LFB174:
   1:../../micro_ros_stm32cubemx_utils/extra_sources/microros_transports/udp_transport.c **** #include <uxr/client/transport.h>
   2:../../micro_ros_stm32cubemx_utils/extra_sources/microros_transports/udp_transport.c **** 
   3:../../micro_ros_stm32cubemx_utils/extra_sources/microros_transports/udp_transport.c **** #include <rmw_microxrcedds_c/config.h>
   4:../../micro_ros_stm32cubemx_utils/extra_sources/microros_transports/udp_transport.c **** 
   5:../../micro_ros_stm32cubemx_utils/extra_sources/microros_transports/udp_transport.c **** #include "main.h"
   6:../../micro_ros_stm32cubemx_utils/extra_sources/microros_transports/udp_transport.c **** #include "cmsis_os.h"
   7:../../micro_ros_stm32cubemx_utils/extra_sources/microros_transports/udp_transport.c **** 
   8:../../micro_ros_stm32cubemx_utils/extra_sources/microros_transports/udp_transport.c **** #include <unistd.h>
   9:../../micro_ros_stm32cubemx_utils/extra_sources/microros_transports/udp_transport.c **** #include <stdio.h>
  10:../../micro_ros_stm32cubemx_utils/extra_sources/microros_transports/udp_transport.c **** #include <string.h>
  11:../../micro_ros_stm32cubemx_utils/extra_sources/microros_transports/udp_transport.c **** #include <stdbool.h>
  12:../../micro_ros_stm32cubemx_utils/extra_sources/microros_transports/udp_transport.c **** 
  13:../../micro_ros_stm32cubemx_utils/extra_sources/microros_transports/udp_transport.c **** // --- LWIP ---
  14:../../micro_ros_stm32cubemx_utils/extra_sources/microros_transports/udp_transport.c **** #include "lwip/opt.h"
  15:../../micro_ros_stm32cubemx_utils/extra_sources/microros_transports/udp_transport.c **** #include "lwip/sys.h"
  16:../../micro_ros_stm32cubemx_utils/extra_sources/microros_transports/udp_transport.c **** #include "lwip/api.h"
  17:../../micro_ros_stm32cubemx_utils/extra_sources/microros_transports/udp_transport.c **** #include <lwip/sockets.h>
  18:../../micro_ros_stm32cubemx_utils/extra_sources/microros_transports/udp_transport.c **** 
  19:../../micro_ros_stm32cubemx_utils/extra_sources/microros_transports/udp_transport.c **** #ifdef RMW_UXRCE_TRANSPORT_CUSTOM
  20:../../micro_ros_stm32cubemx_utils/extra_sources/microros_transports/udp_transport.c **** 
  21:../../micro_ros_stm32cubemx_utils/extra_sources/microros_transports/udp_transport.c **** // --- micro-ROS Transports ---
  22:../../micro_ros_stm32cubemx_utils/extra_sources/microros_transports/udp_transport.c **** #define UDP_PORT        8888
  23:../../micro_ros_stm32cubemx_utils/extra_sources/microros_transports/udp_transport.c **** static int sock_fd = -1;
  24:../../micro_ros_stm32cubemx_utils/extra_sources/microros_transports/udp_transport.c **** 
  25:../../micro_ros_stm32cubemx_utils/extra_sources/microros_transports/udp_transport.c **** bool cubemx_transport_open(struct uxrCustomTransport * transport){
  28              		.loc 1 25 66 view -0
  29              		.cfi_startproc
  30              		@ args = 0, pretend = 0, frame = 16
  31              		@ frame_needed = 0, uses_anonymous_args = 0
  32              		.loc 1 25 66 is_stmt 0 view .LVU1
  33 0000 10B5     		push	{r4, lr}
ARM GAS  /var/folders/2r/mdtt8xvd351gdc398t28_m2m0000gn/T//cctR0q4P.s 			page 2


  34              	.LCFI0:
  35              		.cfi_def_cfa_offset 8
  36              		.cfi_offset 4, -8
  37              		.cfi_offset 14, -4
  38 0002 84B0     		sub	sp, sp, #16
  39              	.LCFI1:
  40              		.cfi_def_cfa_offset 24
  26:../../micro_ros_stm32cubemx_utils/extra_sources/microros_transports/udp_transport.c ****     sock_fd = socket(AF_INET, SOCK_DGRAM, 0);
  41              		.loc 1 26 5 is_stmt 1 view .LVU2
  42              		.loc 1 26 15 is_stmt 0 view .LVU3
  43 0004 0022     		movs	r2, #0
  44 0006 0221     		movs	r1, #2
  45 0008 0846     		mov	r0, r1
  46              	.LVL1:
  47              		.loc 1 26 15 view .LVU4
  48 000a FFF7FEFF 		bl	lwip_socket
  49              	.LVL2:
  50              		.loc 1 26 13 discriminator 1 view .LVU5
  51 000e 0E4C     		ldr	r4, .L5
  52 0010 2060     		str	r0, [r4]
  27:../../micro_ros_stm32cubemx_utils/extra_sources/microros_transports/udp_transport.c ****     struct sockaddr_in addr;
  53              		.loc 1 27 5 is_stmt 1 view .LVU6
  28:../../micro_ros_stm32cubemx_utils/extra_sources/microros_transports/udp_transport.c ****     addr.sin_family = AF_INET;
  54              		.loc 1 28 5 view .LVU7
  55              		.loc 1 28 21 is_stmt 0 view .LVU8
  56 0012 0223     		movs	r3, #2
  57 0014 8DF80130 		strb	r3, [sp, #1]
  29:../../micro_ros_stm32cubemx_utils/extra_sources/microros_transports/udp_transport.c ****     addr.sin_port = htons(UDP_PORT);
  58              		.loc 1 29 5 is_stmt 1 view .LVU9
  59              		.loc 1 29 21 is_stmt 0 view .LVU10
  60 0018 42F2B820 		movw	r0, #8888
  61 001c FFF7FEFF 		bl	lwip_htons
  62              	.LVL3:
  63              		.loc 1 29 19 discriminator 1 view .LVU11
  64 0020 ADF80200 		strh	r0, [sp, #2]	@ movhi
  30:../../micro_ros_stm32cubemx_utils/extra_sources/microros_transports/udp_transport.c ****     addr.sin_addr.s_addr = htonl(INADDR_ANY);
  65              		.loc 1 30 5 is_stmt 1 view .LVU12
  66              		.loc 1 30 28 is_stmt 0 view .LVU13
  67 0024 0020     		movs	r0, #0
  68 0026 FFF7FEFF 		bl	lwip_htonl
  69              	.LVL4:
  70              		.loc 1 30 26 discriminator 1 view .LVU14
  71 002a 0190     		str	r0, [sp, #4]
  31:../../micro_ros_stm32cubemx_utils/extra_sources/microros_transports/udp_transport.c ****     
  32:../../micro_ros_stm32cubemx_utils/extra_sources/microros_transports/udp_transport.c ****     if (bind(sock_fd, (struct sockaddr *)&addr, sizeof(addr)) == -1)
  72              		.loc 1 32 5 is_stmt 1 view .LVU15
  73              		.loc 1 32 9 is_stmt 0 view .LVU16
  74 002c 1022     		movs	r2, #16
  75 002e 6946     		mov	r1, sp
  76 0030 2068     		ldr	r0, [r4]
  77 0032 FFF7FEFF 		bl	lwip_bind
  78              	.LVL5:
  79              		.loc 1 32 8 discriminator 1 view .LVU17
  80 0036 B0F1FF3F 		cmp	r0, #-1
  81 003a 02D0     		beq	.L3
  33:../../micro_ros_stm32cubemx_utils/extra_sources/microros_transports/udp_transport.c ****     {
  34:../../micro_ros_stm32cubemx_utils/extra_sources/microros_transports/udp_transport.c ****         return false;
ARM GAS  /var/folders/2r/mdtt8xvd351gdc398t28_m2m0000gn/T//cctR0q4P.s 			page 3


  35:../../micro_ros_stm32cubemx_utils/extra_sources/microros_transports/udp_transport.c ****     }
  36:../../micro_ros_stm32cubemx_utils/extra_sources/microros_transports/udp_transport.c **** 
  37:../../micro_ros_stm32cubemx_utils/extra_sources/microros_transports/udp_transport.c ****     return true;
  82              		.loc 1 37 12 view .LVU18
  83 003c 0120     		movs	r0, #1
  84              	.L2:
  38:../../micro_ros_stm32cubemx_utils/extra_sources/microros_transports/udp_transport.c **** }
  85              		.loc 1 38 1 view .LVU19
  86 003e 04B0     		add	sp, sp, #16
  87              	.LCFI2:
  88              		.cfi_remember_state
  89              		.cfi_def_cfa_offset 8
  90              		@ sp needed
  91 0040 10BD     		pop	{r4, pc}
  92              	.L3:
  93              	.LCFI3:
  94              		.cfi_restore_state
  34:../../micro_ros_stm32cubemx_utils/extra_sources/microros_transports/udp_transport.c ****     }
  95              		.loc 1 34 16 view .LVU20
  96 0042 0020     		movs	r0, #0
  97 0044 FBE7     		b	.L2
  98              	.L6:
  99 0046 00BF     		.align	2
 100              	.L5:
 101 0048 00000000 		.word	sock_fd
 102              		.cfi_endproc
 103              	.LFE174:
 105              		.section	.text.cubemx_transport_close,"ax",%progbits
 106              		.align	1
 107              		.global	cubemx_transport_close
 108              		.syntax unified
 109              		.thumb
 110              		.thumb_func
 112              	cubemx_transport_close:
 113              	.LVL6:
 114              	.LFB175:
  39:../../micro_ros_stm32cubemx_utils/extra_sources/microros_transports/udp_transport.c **** 
  40:../../micro_ros_stm32cubemx_utils/extra_sources/microros_transports/udp_transport.c **** bool cubemx_transport_close(struct uxrCustomTransport * transport){
 115              		.loc 1 40 67 is_stmt 1 view -0
 116              		.cfi_startproc
 117              		@ args = 0, pretend = 0, frame = 0
 118              		@ frame_needed = 0, uses_anonymous_args = 0
 119              		.loc 1 40 67 is_stmt 0 view .LVU22
 120 0000 08B5     		push	{r3, lr}
 121              	.LCFI4:
 122              		.cfi_def_cfa_offset 8
 123              		.cfi_offset 3, -8
 124              		.cfi_offset 14, -4
  41:../../micro_ros_stm32cubemx_utils/extra_sources/microros_transports/udp_transport.c ****     if (sock_fd != -1)
 125              		.loc 1 41 5 is_stmt 1 view .LVU23
 126              		.loc 1 41 17 is_stmt 0 view .LVU24
 127 0002 074B     		ldr	r3, .L11
 128 0004 1868     		ldr	r0, [r3]
 129              	.LVL7:
 130              		.loc 1 41 8 view .LVU25
 131 0006 B0F1FF3F 		cmp	r0, #-1
 132 000a 01D1     		bne	.L10
ARM GAS  /var/folders/2r/mdtt8xvd351gdc398t28_m2m0000gn/T//cctR0q4P.s 			page 4


 133              	.L8:
  42:../../micro_ros_stm32cubemx_utils/extra_sources/microros_transports/udp_transport.c ****     {
  43:../../micro_ros_stm32cubemx_utils/extra_sources/microros_transports/udp_transport.c ****         closesocket(sock_fd);
  44:../../micro_ros_stm32cubemx_utils/extra_sources/microros_transports/udp_transport.c ****         sock_fd = -1;
  45:../../micro_ros_stm32cubemx_utils/extra_sources/microros_transports/udp_transport.c ****     }
  46:../../micro_ros_stm32cubemx_utils/extra_sources/microros_transports/udp_transport.c ****     return true;
 134              		.loc 1 46 5 is_stmt 1 view .LVU26
  47:../../micro_ros_stm32cubemx_utils/extra_sources/microros_transports/udp_transport.c **** }
 135              		.loc 1 47 1 is_stmt 0 view .LVU27
 136 000c 0120     		movs	r0, #1
 137 000e 08BD     		pop	{r3, pc}
 138              	.L10:
  43:../../micro_ros_stm32cubemx_utils/extra_sources/microros_transports/udp_transport.c ****         sock_fd = -1;
 139              		.loc 1 43 9 is_stmt 1 view .LVU28
 140 0010 FFF7FEFF 		bl	lwip_close
 141              	.LVL8:
  44:../../micro_ros_stm32cubemx_utils/extra_sources/microros_transports/udp_transport.c ****     }
 142              		.loc 1 44 9 view .LVU29
  44:../../micro_ros_stm32cubemx_utils/extra_sources/microros_transports/udp_transport.c ****     }
 143              		.loc 1 44 17 is_stmt 0 view .LVU30
 144 0014 024B     		ldr	r3, .L11
 145 0016 4FF0FF32 		mov	r2, #-1
 146 001a 1A60     		str	r2, [r3]
 147 001c F6E7     		b	.L8
 148              	.L12:
 149 001e 00BF     		.align	2
 150              	.L11:
 151 0020 00000000 		.word	sock_fd
 152              		.cfi_endproc
 153              	.LFE175:
 155              		.section	.text.cubemx_transport_write,"ax",%progbits
 156              		.align	1
 157              		.global	cubemx_transport_write
 158              		.syntax unified
 159              		.thumb
 160              		.thumb_func
 162              	cubemx_transport_write:
 163              	.LVL9:
 164              	.LFB176:
  48:../../micro_ros_stm32cubemx_utils/extra_sources/microros_transports/udp_transport.c **** 
  49:../../micro_ros_stm32cubemx_utils/extra_sources/microros_transports/udp_transport.c **** size_t cubemx_transport_write(struct uxrCustomTransport* transport, uint8_t * buf, size_t len, uint
 165              		.loc 1 49 110 is_stmt 1 view -0
 166              		.cfi_startproc
 167              		@ args = 0, pretend = 0, frame = 16
 168              		@ frame_needed = 0, uses_anonymous_args = 0
  50:../../micro_ros_stm32cubemx_utils/extra_sources/microros_transports/udp_transport.c ****     if (sock_fd == -1)
 169              		.loc 1 50 5 view .LVU32
 170              		.loc 1 50 17 is_stmt 0 view .LVU33
 171 0000 144B     		ldr	r3, .L20
 172              	.LVL10:
 173              		.loc 1 50 17 view .LVU34
 174 0002 1B68     		ldr	r3, [r3]
 175              		.loc 1 50 8 view .LVU35
 176 0004 B3F1FF3F 		cmp	r3, #-1
 177 0008 21D0     		beq	.L15
  49:../../micro_ros_stm32cubemx_utils/extra_sources/microros_transports/udp_transport.c ****     if (sock_fd == -1)
 178              		.loc 1 49 110 view .LVU36
ARM GAS  /var/folders/2r/mdtt8xvd351gdc398t28_m2m0000gn/T//cctR0q4P.s 			page 5


 179 000a 70B5     		push	{r4, r5, r6, lr}
 180              	.LCFI5:
 181              		.cfi_def_cfa_offset 16
 182              		.cfi_offset 4, -16
 183              		.cfi_offset 5, -12
 184              		.cfi_offset 6, -8
 185              		.cfi_offset 14, -4
 186 000c 86B0     		sub	sp, sp, #24
 187              	.LCFI6:
 188              		.cfi_def_cfa_offset 40
 189 000e 0D46     		mov	r5, r1
 190 0010 1446     		mov	r4, r2
  51:../../micro_ros_stm32cubemx_utils/extra_sources/microros_transports/udp_transport.c ****     {
  52:../../micro_ros_stm32cubemx_utils/extra_sources/microros_transports/udp_transport.c ****         return 0;
  53:../../micro_ros_stm32cubemx_utils/extra_sources/microros_transports/udp_transport.c ****     }
  54:../../micro_ros_stm32cubemx_utils/extra_sources/microros_transports/udp_transport.c ****     const char * ip_addr = (const char*) transport->args;
 191              		.loc 1 54 5 is_stmt 1 view .LVU37
 192              		.loc 1 54 18 is_stmt 0 view .LVU38
 193 0012 D0F88C62 		ldr	r6, [r0, #652]
 194              	.LVL11:
  55:../../micro_ros_stm32cubemx_utils/extra_sources/microros_transports/udp_transport.c ****     struct sockaddr_in addr;
 195              		.loc 1 55 5 is_stmt 1 view .LVU39
  56:../../micro_ros_stm32cubemx_utils/extra_sources/microros_transports/udp_transport.c ****     addr.sin_family = AF_INET;
 196              		.loc 1 56 5 view .LVU40
 197              		.loc 1 56 21 is_stmt 0 view .LVU41
 198 0016 0223     		movs	r3, #2
 199 0018 8DF80930 		strb	r3, [sp, #9]
  57:../../micro_ros_stm32cubemx_utils/extra_sources/microros_transports/udp_transport.c ****     addr.sin_port = htons(UDP_PORT);
 200              		.loc 1 57 5 is_stmt 1 view .LVU42
 201              		.loc 1 57 21 is_stmt 0 view .LVU43
 202 001c 42F2B820 		movw	r0, #8888
 203              	.LVL12:
 204              		.loc 1 57 21 view .LVU44
 205 0020 FFF7FEFF 		bl	lwip_htons
 206              	.LVL13:
 207              		.loc 1 57 19 discriminator 1 view .LVU45
 208 0024 ADF80A00 		strh	r0, [sp, #10]	@ movhi
  58:../../micro_ros_stm32cubemx_utils/extra_sources/microros_transports/udp_transport.c ****     addr.sin_addr.s_addr = inet_addr(ip_addr);
 209              		.loc 1 58 5 is_stmt 1 view .LVU46
 210              		.loc 1 58 28 is_stmt 0 view .LVU47
 211 0028 3046     		mov	r0, r6
 212 002a FFF7FEFF 		bl	ipaddr_addr
 213              	.LVL14:
 214              		.loc 1 58 26 discriminator 1 view .LVU48
 215 002e 0390     		str	r0, [sp, #12]
  59:../../micro_ros_stm32cubemx_utils/extra_sources/microros_transports/udp_transport.c ****     int ret = 0;
 216              		.loc 1 59 5 is_stmt 1 view .LVU49
 217              	.LVL15:
  60:../../micro_ros_stm32cubemx_utils/extra_sources/microros_transports/udp_transport.c ****     ret = sendto(sock_fd, buf, len, 0, (struct sockaddr *)&addr, sizeof(addr));
 218              		.loc 1 60 5 view .LVU50
 219              		.loc 1 60 11 is_stmt 0 view .LVU51
 220 0030 1023     		movs	r3, #16
 221 0032 0193     		str	r3, [sp, #4]
 222 0034 02AB     		add	r3, sp, #8
 223 0036 0093     		str	r3, [sp]
 224 0038 0023     		movs	r3, #0
 225 003a 2246     		mov	r2, r4
ARM GAS  /var/folders/2r/mdtt8xvd351gdc398t28_m2m0000gn/T//cctR0q4P.s 			page 6


 226 003c 2946     		mov	r1, r5
 227 003e 0548     		ldr	r0, .L20
 228 0040 0068     		ldr	r0, [r0]
 229 0042 FFF7FEFF 		bl	lwip_sendto
 230              	.LVL16:
  61:../../micro_ros_stm32cubemx_utils/extra_sources/microros_transports/udp_transport.c ****     size_t writed = ret>0? ret:0;
 231              		.loc 1 61 5 is_stmt 1 view .LVU52
 232              		.loc 1 61 31 is_stmt 0 view .LVU53
 233 0046 20EAE070 		bic	r0, r0, r0, asr #31
 234              	.LVL17:
  62:../../micro_ros_stm32cubemx_utils/extra_sources/microros_transports/udp_transport.c **** 
  63:../../micro_ros_stm32cubemx_utils/extra_sources/microros_transports/udp_transport.c ****     return writed;
 235              		.loc 1 63 5 is_stmt 1 view .LVU54
  64:../../micro_ros_stm32cubemx_utils/extra_sources/microros_transports/udp_transport.c **** }
 236              		.loc 1 64 1 is_stmt 0 view .LVU55
 237 004a 06B0     		add	sp, sp, #24
 238              	.LCFI7:
 239              		.cfi_def_cfa_offset 16
 240              		@ sp needed
 241 004c 70BD     		pop	{r4, r5, r6, pc}
 242              	.LVL18:
 243              	.L15:
 244              	.LCFI8:
 245              		.cfi_def_cfa_offset 0
 246              		.cfi_restore 4
 247              		.cfi_restore 5
 248              		.cfi_restore 6
 249              		.cfi_restore 14
  52:../../micro_ros_stm32cubemx_utils/extra_sources/microros_transports/udp_transport.c ****     }
 250              		.loc 1 52 16 view .LVU56
 251 004e 0020     		movs	r0, #0
 252              	.LVL19:
 253              		.loc 1 64 1 view .LVU57
 254 0050 7047     		bx	lr
 255              	.L21:
 256 0052 00BF     		.align	2
 257              	.L20:
 258 0054 00000000 		.word	sock_fd
 259              		.cfi_endproc
 260              	.LFE176:
 262              		.section	.text.cubemx_transport_read,"ax",%progbits
 263              		.align	1
 264              		.global	cubemx_transport_read
 265              		.syntax unified
 266              		.thumb
 267              		.thumb_func
 269              	cubemx_transport_read:
 270              	.LVL20:
 271              	.LFB177:
  65:../../micro_ros_stm32cubemx_utils/extra_sources/microros_transports/udp_transport.c **** 
  66:../../micro_ros_stm32cubemx_utils/extra_sources/microros_transports/udp_transport.c **** size_t cubemx_transport_read(struct uxrCustomTransport* transport, uint8_t* buf, size_t len, int ti
 272              		.loc 1 66 120 is_stmt 1 view -0
 273              		.cfi_startproc
 274              		@ args = 4, pretend = 0, frame = 16
 275              		@ frame_needed = 0, uses_anonymous_args = 0
 276              		.loc 1 66 120 is_stmt 0 view .LVU59
 277 0000 70B5     		push	{r4, r5, r6, lr}
ARM GAS  /var/folders/2r/mdtt8xvd351gdc398t28_m2m0000gn/T//cctR0q4P.s 			page 7


 278              	.LCFI9:
 279              		.cfi_def_cfa_offset 16
 280              		.cfi_offset 4, -16
 281              		.cfi_offset 5, -12
 282              		.cfi_offset 6, -8
 283              		.cfi_offset 14, -4
 284 0002 86B0     		sub	sp, sp, #24
 285              	.LCFI10:
 286              		.cfi_def_cfa_offset 40
 287 0004 0C46     		mov	r4, r1
 288 0006 1546     		mov	r5, r2
  67:../../micro_ros_stm32cubemx_utils/extra_sources/microros_transports/udp_transport.c **** 
  68:../../micro_ros_stm32cubemx_utils/extra_sources/microros_transports/udp_transport.c ****     int ret = 0;
 289              		.loc 1 68 5 is_stmt 1 view .LVU60
 290              	.LVL21:
  69:../../micro_ros_stm32cubemx_utils/extra_sources/microros_transports/udp_transport.c ****     //set timeout
  70:../../micro_ros_stm32cubemx_utils/extra_sources/microros_transports/udp_transport.c ****     struct timeval tv_out;
 291              		.loc 1 70 5 view .LVU61
  71:../../micro_ros_stm32cubemx_utils/extra_sources/microros_transports/udp_transport.c ****     tv_out.tv_sec = timeout / 1000;
 292              		.loc 1 71 5 view .LVU62
 293              		.loc 1 71 29 is_stmt 0 view .LVU63
 294 0008 124A     		ldr	r2, .L24
 295              	.LVL22:
 296              		.loc 1 71 29 view .LVU64
 297 000a 82FB0312 		smull	r1, r2, r2, r3
 298              	.LVL23:
 299              		.loc 1 71 29 view .LVU65
 300 000e D817     		asrs	r0, r3, #31
 301              	.LVL24:
 302              		.loc 1 71 29 view .LVU66
 303 0010 C0EBA210 		rsb	r0, r0, r2, asr #6
 304 0014 C217     		asrs	r2, r0, #31
 305              		.loc 1 71 19 view .LVU67
 306 0016 0290     		str	r0, [sp, #8]
 307 0018 0392     		str	r2, [sp, #12]
  72:../../micro_ros_stm32cubemx_utils/extra_sources/microros_transports/udp_transport.c ****     tv_out.tv_usec = (timeout % 1000) * 1000;
 308              		.loc 1 72 5 is_stmt 1 view .LVU68
 309              		.loc 1 72 31 is_stmt 0 view .LVU69
 310 001a 4FF47A72 		mov	r2, #1000
 311 001e 02FB1033 		mls	r3, r2, r0, r3
 312              	.LVL25:
 313              		.loc 1 72 39 view .LVU70
 314 0022 02FB03F3 		mul	r3, r2, r3
 315              		.loc 1 72 20 view .LVU71
 316 0026 0493     		str	r3, [sp, #16]
  73:../../micro_ros_stm32cubemx_utils/extra_sources/microros_transports/udp_transport.c ****     setsockopt(sock_fd, SOL_SOCKET, SO_RCVTIMEO,&tv_out, sizeof(tv_out));
 317              		.loc 1 73 5 is_stmt 1 view .LVU72
 318 0028 0B4E     		ldr	r6, .L24+4
 319 002a 1023     		movs	r3, #16
 320 002c 0093     		str	r3, [sp]
 321 002e 02AB     		add	r3, sp, #8
 322 0030 41F20602 		movw	r2, #4102
 323 0034 40F6FF71 		movw	r1, #4095
 324 0038 3068     		ldr	r0, [r6]
 325 003a FFF7FEFF 		bl	lwip_setsockopt
 326              	.LVL26:
  74:../../micro_ros_stm32cubemx_utils/extra_sources/microros_transports/udp_transport.c ****     ret = recv(sock_fd, buf, len, MSG_WAITALL);
ARM GAS  /var/folders/2r/mdtt8xvd351gdc398t28_m2m0000gn/T//cctR0q4P.s 			page 8


 327              		.loc 1 74 5 view .LVU73
 328              		.loc 1 74 11 is_stmt 0 view .LVU74
 329 003e 0223     		movs	r3, #2
 330 0040 2A46     		mov	r2, r5
 331 0042 2146     		mov	r1, r4
 332 0044 3068     		ldr	r0, [r6]
 333 0046 FFF7FEFF 		bl	lwip_recv
 334              	.LVL27:
  75:../../micro_ros_stm32cubemx_utils/extra_sources/microros_transports/udp_transport.c ****     size_t readed = ret > 0 ? ret : 0;
 335              		.loc 1 75 5 is_stmt 1 view .LVU75
  76:../../micro_ros_stm32cubemx_utils/extra_sources/microros_transports/udp_transport.c ****     return readed;
 336              		.loc 1 76 5 view .LVU76
  77:../../micro_ros_stm32cubemx_utils/extra_sources/microros_transports/udp_transport.c **** }
 337              		.loc 1 77 1 is_stmt 0 view .LVU77
 338 004a 20EAE070 		bic	r0, r0, r0, asr #31
 339              	.LVL28:
 340              		.loc 1 77 1 view .LVU78
 341 004e 06B0     		add	sp, sp, #24
 342              	.LCFI11:
 343              		.cfi_def_cfa_offset 16
 344              		@ sp needed
 345 0050 70BD     		pop	{r4, r5, r6, pc}
 346              	.LVL29:
 347              	.L25:
 348              		.loc 1 77 1 view .LVU79
 349 0052 00BF     		.align	2
 350              	.L24:
 351 0054 D34D6210 		.word	274877907
 352 0058 00000000 		.word	sock_fd
 353              		.cfi_endproc
 354              	.LFE177:
 356              		.section	.data.sock_fd,"aw"
 357              		.align	2
 360              	sock_fd:
 361 0000 FFFFFFFF 		.word	-1
 362              		.text
 363              	.Letext0:
 364              		.file 2 "/Applications/ArmGNUToolchain/14.3.rel1/arm-none-eabi/arm-none-eabi/include/machine/_defa
 365              		.file 3 "/Applications/ArmGNUToolchain/14.3.rel1/arm-none-eabi/arm-none-eabi/include/sys/_stdint.h
 366              		.file 4 "/Applications/ArmGNUToolchain/14.3.rel1/arm-none-eabi/lib/gcc/arm-none-eabi/14.3.1/includ
 367              		.file 5 "../../micro_ros_stm32cubemx_utils/microros_static_library/libmicroros/microros_include/ux
 368              		.file 6 "../../micro_ros_stm32cubemx_utils/microros_static_library/libmicroros/microros_include/ux
 369              		.file 7 "../../micro_ros_stm32cubemx_utils/microros_static_library/libmicroros/microros_include/ux
 370              		.file 8 "/Applications/ArmGNUToolchain/14.3.rel1/arm-none-eabi/arm-none-eabi/include/sys/_types.h"
 371              		.file 9 "/Applications/ArmGNUToolchain/14.3.rel1/arm-none-eabi/arm-none-eabi/include/stdio.h"
 372              		.file 10 "/Applications/ArmGNUToolchain/14.3.rel1/arm-none-eabi/arm-none-eabi/include/sys/_timeval
 373              		.file 11 "/Applications/ArmGNUToolchain/14.3.rel1/arm-none-eabi/arm-none-eabi/include/sys/types.h"
 374              		.file 12 "../../Middlewares/Third_Party/LwIP/src/include/lwip/arch.h"
 375              		.file 13 "../../Middlewares/Third_Party/LwIP/src/include/lwip/inet.h"
 376              		.file 14 "../../Middlewares/Third_Party/LwIP/src/include/lwip/sockets.h"
 377              		.file 15 "../../Middlewares/Third_Party/LwIP/src/include/lwip/ip4_addr.h"
 378              		.file 16 "../../Middlewares/Third_Party/LwIP/src/include/lwip/def.h"
 379              		.file 17 "../../Middlewares/Third_Party/LwIP/src/include/lwip/memp.h"
ARM GAS  /var/folders/2r/mdtt8xvd351gdc398t28_m2m0000gn/T//cctR0q4P.s 			page 9


DEFINED SYMBOLS
                            *ABS*:00000000 udp_transport.c
/var/folders/2r/mdtt8xvd351gdc398t28_m2m0000gn/T//cctR0q4P.s:19     .text.cubemx_transport_open:00000000 $t
/var/folders/2r/mdtt8xvd351gdc398t28_m2m0000gn/T//cctR0q4P.s:25     .text.cubemx_transport_open:00000000 cubemx_transport_open
/var/folders/2r/mdtt8xvd351gdc398t28_m2m0000gn/T//cctR0q4P.s:101    .text.cubemx_transport_open:00000048 $d
/var/folders/2r/mdtt8xvd351gdc398t28_m2m0000gn/T//cctR0q4P.s:360    .data.sock_fd:00000000 sock_fd
/var/folders/2r/mdtt8xvd351gdc398t28_m2m0000gn/T//cctR0q4P.s:106    .text.cubemx_transport_close:00000000 $t
/var/folders/2r/mdtt8xvd351gdc398t28_m2m0000gn/T//cctR0q4P.s:112    .text.cubemx_transport_close:00000000 cubemx_transport_close
/var/folders/2r/mdtt8xvd351gdc398t28_m2m0000gn/T//cctR0q4P.s:151    .text.cubemx_transport_close:00000020 $d
/var/folders/2r/mdtt8xvd351gdc398t28_m2m0000gn/T//cctR0q4P.s:156    .text.cubemx_transport_write:00000000 $t
/var/folders/2r/mdtt8xvd351gdc398t28_m2m0000gn/T//cctR0q4P.s:162    .text.cubemx_transport_write:00000000 cubemx_transport_write
/var/folders/2r/mdtt8xvd351gdc398t28_m2m0000gn/T//cctR0q4P.s:258    .text.cubemx_transport_write:00000054 $d
/var/folders/2r/mdtt8xvd351gdc398t28_m2m0000gn/T//cctR0q4P.s:263    .text.cubemx_transport_read:00000000 $t
/var/folders/2r/mdtt8xvd351gdc398t28_m2m0000gn/T//cctR0q4P.s:269    .text.cubemx_transport_read:00000000 cubemx_transport_read
/var/folders/2r/mdtt8xvd351gdc398t28_m2m0000gn/T//cctR0q4P.s:351    .text.cubemx_transport_read:00000054 $d
/var/folders/2r/mdtt8xvd351gdc398t28_m2m0000gn/T//cctR0q4P.s:357    .data.sock_fd:00000000 $d

UNDEFINED SYMBOLS
lwip_socket
lwip_htons
lwip_htonl
lwip_bind
lwip_close
ipaddr_addr
lwip_sendto
lwip_setsockopt
lwip_recv
